Tiingo vs yfinance comparison — 2026-10-09
Threshold: >10% for all metrics
150 flagged diffs above threshold

============================================================
KNOWN EXPECTED DIFFERENCES (not bugs)
============================================================

EPS / PE — hardcoded adjustments (our side intentional):
  BRK-B   EDGAR EPS ÷ 1500  (Class A→B conversion)
  BKNG    EDGAR EPS ÷ 25    (25-for-1 split Apr 2026; auto-disables after Q2 2026 10-Q)
  CVNA    EDGAR EPS ÷ 5     (5-for-1 split May 2026; auto-disables after Q2 2026 10-Q)
  KLAC    EDGAR EPS ÷ 10    (10-for-1 split Jun 2026; auto-disables after Q2 2026 10-Q)
  DD      EDGAR EPS × 3     (1-for-3 reverse split Jun 2026; pre-split EPS ~-0.07; auto-disables when EDGAR EPS abs > 0.20 after Q2 2026 10-Q)
  HON     EDGAR EPS × 2     (1-for-2 reverse split Jun 29 2026; pre-split EPS ~$3.21; auto-disables when EDGAR EPS abs > 4.0 after Q2/Q3 2026 10-Q)

EPS / PE — inline XBRL fallback (company_facts has no data; we parse filing HTML):
  V ERIE KKR STZ HSY BRK-B   US 10-Q/10-K  USD   TTM = quarters since last 10-K
                                                  + Q4 derived (annual − 9M YTD).
                                                  Fixed 2026-06-30 (commit 973b985):
                                                  naive 4-quarter sum used to run
                                                  before the Q4-derivation path and
                                                  silently skipped the real Q4 (never
                                                  filed as its own 10-Q), substituting
                                                  a stale year-ago quarter instead.
                                                  KKR 1.56→2.93, BRK-B 26.83→33.59,
                                                  V 11.18→11.47, ERIE 12.37→10.93,
                                                  STZ 11.82→9.61, HSY 4.90→5.37 — all
                                                  now match yfinance.
  ARM ASML CCEP FER PDD      20-F          —      annual only (no 10-Q filed; not
                                                  affected by the bug above). ASML/
                                                  CCEP/FER convert EUR→USD via daily
                                                  ECB rate; PDD uses
                                                  EarningsPerShareBasicAndDiluted.
  NBIS                       6-K           USD    annual only (foreign private issuer,
                                                  furnishes 6-K instead of 10-Q).
  Diffs vs YF expected: foreign EPS is annual-only (no TTM); FX rate differs by fetch time.

EPS / PE — null (still unavailable):
  ARES TRI    Filed Form 25-NSE May 2026 — being removed from exchange listing.
              Will drop out of S&P 500 / Nasdaq-100 universe on next rebalance.
  FDXF        FedEx Freight spinoff (2026-06); only 8-K/Form 4 filed so far, no
              10-Q/10-K yet — EPS unavailable until first quarterly filing.

EPS / PE — TTM window vs YF annual anchor:
  Large diffs (e.g. CI 23.61 vs YF 113.71) often mean YF is anchored to an older
  annual 10-K that included a one-time gain/charge now outside our rolling TTM.
  Our TTM = sum of 4 most recent quarters from EDGAR 10-Q/10-K filings.
  YF trailingEps sources from data vendors and may reflect a different period.

MKTCAP — shares outstanding overrides (SHARES_OUTSTANDING_OVERRIDE, our side intentional):
  IBKR   1,697,000,000  (Class A 445M + IBG LLC membership units; EDGAR under-reports)
  BX     1,222,000,000  (Class A 742M + Blackstone Holdings LP units)
  DVN    1,153,000,000  (Coterra merger May 2026 doubled shares; EDGAR XBRL lags until Q2 2026 10-Q ~Aug 2026)
  CVNA   shares × 5    (5-for-1 split May 2026; EDGAR pre-split ~219M Class A; heals after Q2 2026 10-Q ~Aug 2026)
  KLAC   shares × 10   (10-for-1 split Jun 2026; EDGAR pre-split ~130.6M; heals after Q2 2026 10-Q ~Aug 2026)
  DD     shares ÷ 3    (1-for-3 reverse split Jun 2026; EDGAR pre-split ~410M; heals after Q2 2026 10-Q ~Aug 2026)

VOLUME — systematic offset:
  Tiingo EOD volume includes extended-hours (pre/after market).
  YF typically reports regular-session only. Expect ours ~1.5-2x YF across the board.
============================================================

------------------------------------------------------------
PRICE  -- 0 flagged (>10%)
  TOP 10 LARGEST DIFF:
    SMCI     ours=41.86  yf=41.85  diff=0.0%
    XEL      ours=73.78  yf=73.78  diff=0.0%
    UAL      ours=107.46  yf=107.45  diff=0.0%
    LITE     ours=1103.36  yf=1103.35  diff=0.0%
    A        ours=170.54  yf=170.54  diff=0.0%
    AAPL     ours=336.64  yf=336.64  diff=0.0%
    ABBV     ours=276.47  yf=276.47  diff=0.0%
    ABNB     ours=165.87  yf=165.87  diff=0.0%
    ABT      ours=99.60  yf=99.60  diff=0.0%
    ACGL     ours=95.57  yf=95.57  diff=0.0%

------------------------------------------------------------
VOLUME  -- 24 flagged (>10%)
  FLAGGED (top 20 of 24):
    DLR      ours=2.00  yf=1.29  diff=55.3% ***
    BDX      ours=1.62  yf=1.20  diff=34.7% ***
    ADP      ours=1.42  yf=1.10  diff=29.4% ***
    AMGN     ours=2.55  yf=2.01  diff=26.9% ***
    FER      ours=2.15  yf=1.71  diff=25.7% ***
    SNPS     ours=2.09  yf=1.67  diff=25.5% ***
    DHR      ours=3.93  yf=3.19  diff=23.4% ***
    CARR     ours=4.32  yf=3.58  diff=20.8% ***
    CHD      ours=2.05  yf=1.71  diff=19.9% ***
    CAT      ours=1.82  yf=1.53  diff=19.1% ***
    VYLR     ours=5.14  yf=4.34  diff=18.3% ***
    NVR      ours=0.03  yf=0.03  diff=18.2% ***
    KVUE     ours=28.47  yf=24.21  diff=17.6% ***
    ED       ours=1.54  yf=1.31  diff=17.2% ***
    MRK      ours=9.29  yf=8.00  diff=16.2% ***
    HD       ours=5.29  yf=4.56  diff=16.0% ***
    CCEP     ours=2.90  yf=2.52  diff=15.0% ***
    CTAS     ours=1.33  yf=1.16  diff=14.6% ***
    AFL      ours=1.48  yf=1.29  diff=14.4% ***
    ALNY     ours=0.96  yf=0.86  diff=11.6% ***
  TOP 10 LARGEST DIFF:
    DLR      ours=2.00  yf=1.29  diff=55.3% ***
    BDX      ours=1.62  yf=1.20  diff=34.7% ***
    ADP      ours=1.42  yf=1.10  diff=29.4% ***
    AMGN     ours=2.55  yf=2.01  diff=26.9% ***
    FER      ours=2.15  yf=1.71  diff=25.7% ***
    SNPS     ours=2.09  yf=1.67  diff=25.5% ***
    DHR      ours=3.93  yf=3.19  diff=23.4% ***
    CARR     ours=4.32  yf=3.58  diff=20.8% ***
    CHD      ours=2.05  yf=1.71  diff=19.9% ***
    CAT      ours=1.82  yf=1.53  diff=19.1% ***

------------------------------------------------------------
MKTCAP  -- 13 flagged (>10%)
  FLAGGED (top 13 of 13):
    SKYD     ours=$9.82B  yf=$46.19B  diff=78.7% ***
    VMRK     ours=$22.93B  yf=$47.32B  diff=51.5% ***
    APH      ours=$107.57B  yf=$215.13B  diff=50.0% ***
    MNST     ours=$42.75B  yf=$85.49B  diff=50.0% ***
    SWKS     ours=$11.49B  yf=$17.95B  diff=36.0% ***
    MLM      ours=$28.73B  yf=$33.97B  diff=15.4% ***
    SPG      ours=$64.52B  yf=$75.70B  diff=14.8% ***
    CPT      ours=$9.81B  yf=$11.29B  diff=13.1% ***
    BXP      ours=$9.43B  yf=$10.68B  diff=11.7% ***
    ERIE     ours=$10.26B  yf=$11.61B  diff=11.6% ***
    UDR      ours=$11.09B  yf=$12.53B  diff=11.5% ***
    PCG      ours=$35.19B  yf=$39.42B  diff=10.7% ***
    WDAY     ours=$49.75B  yf=$44.97B  diff=10.6% ***
  TOP 10 LARGEST DIFF:
    SKYD     ours=$9.82B  yf=$46.19B  diff=78.7% ***
    VMRK     ours=$22.93B  yf=$47.32B  diff=51.5% ***
    APH      ours=$107.57B  yf=$215.13B  diff=50.0% ***
    MNST     ours=$42.75B  yf=$85.49B  diff=50.0% ***
    SWKS     ours=$11.49B  yf=$17.95B  diff=36.0% ***
    MLM      ours=$28.73B  yf=$33.97B  diff=15.4% ***
    SPG      ours=$64.52B  yf=$75.70B  diff=14.8% ***
    CPT      ours=$9.81B  yf=$11.29B  diff=13.1% ***
    BXP      ours=$9.43B  yf=$10.68B  diff=11.7% ***
    ERIE     ours=$10.26B  yf=$11.61B  diff=11.6% ***

------------------------------------------------------------
PE  -- 53 flagged (>10%)
  FLAGGED (top 20 of 53):
    TPL      ours=368.350  yf=45.636  diff=707.1% ***
    DD       ours=152.940  yf=34.946  diff=337.6% ***
    NBIS     ours=669.910  yf=172.711  diff=287.9% ***
    CRWD     ours=1250.180  yf=4584.001  diff=72.7% ***
    BKNG     ours=30.260  yf=17.737  diff=70.6% ***
    MU       ours=23.290  yf=13.936  diff=67.1% ***
    MLM      ours=11.750  yf=31.102  diff=62.2% ***
    ALNY     ours=59.970  yf=37.834  diff=58.5% ***
    MNST     ours=20.200  yf=40.407  diff=50.0% ***
    APH      ours=21.860  yf=42.765  diff=48.9% ***
    OXY      ours=9.300  yf=17.125  diff=45.7% ***
    DLR      ours=47.420  yf=85.531  diff=44.6% ***
    BIIB     ours=24.270  yf=40.091  diff=39.5% ***
    TXT      ours=8.420  yf=13.784  diff=38.9% ***
    JCI      ours=28.470  yf=43.492  diff=34.5% ***
    MDLZ     ours=29.910  yf=22.292  diff=34.2% ***
    C        ours=18.550  yf=13.836  diff=34.1% ***
    FER      ours=36.150  yf=27.555  diff=31.2% ***
    BDX      ours=55.350  yf=42.535  diff=30.1% ***
    LEN      ours=10.350  yf=14.525  diff=28.7% ***
  TOP 10 LARGEST DIFF:
    TPL      ours=368.350  yf=45.636  diff=707.1% ***
    DD       ours=152.940  yf=34.946  diff=337.6% ***
    NBIS     ours=669.910  yf=172.711  diff=287.9% ***
    CRWD     ours=1250.180  yf=4584.001  diff=72.7% ***
    BKNG     ours=30.260  yf=17.737  diff=70.6% ***
    MU       ours=23.290  yf=13.936  diff=67.1% ***
    MLM      ours=11.750  yf=31.102  diff=62.2% ***
    ALNY     ours=59.970  yf=37.834  diff=58.5% ***
    MNST     ours=20.200  yf=40.407  diff=50.0% ***
    APH      ours=21.860  yf=42.765  diff=48.9% ***

------------------------------------------------------------
EPS  -- 60 flagged (>10%)
  FLAGGED (top 20 of 60):
    SKYD     ours=-0.300  yf=-0.020  diff=1400.0% ***
    NFLX     ours=-9.240  yf=3.120  diff=396.2% ***
    CRWD     ours=0.220  yf=0.060  diff=266.7% ***
    GPN      ours=-2.970  yf=2.120  diff=240.1% ***
    NOW      ours=-1.620  yf=1.600  diff=201.3% ***
    OMC      ours=-0.370  yf=0.380  diff=197.4% ***
    MLM      ours=40.700  yf=15.380  diff=164.6% ***
    DOW      ours=-4.000  yf=-1.840  diff=117.4% ***
    BE       ours=-0.040  yf=0.760  diff=105.3% ***
    MNST     ours=2.160  yf=1.080  diff=100.0% ***
    APH      ours=3.990  yf=2.040  diff=95.6% ***
    TPL      ours=0.980  yf=7.910  diff=87.6% ***
    OXY      ours=6.460  yf=3.510  diff=84.0% ***
    DLR      ours=3.770  yf=2.090  diff=80.4% ***
    DD       ours=0.850  yf=3.720  diff=77.2% ***
    NBIS     ours=0.330  yf=1.280  diff=74.2% ***
    BIIB     ours=9.300  yf=5.630  diff=65.2% ***
    TXT      ours=8.810  yf=5.380  diff=63.8% ***
    JCI      ours=5.530  yf=3.620  diff=52.8% ***
    BKNG     ours=5.299  yf=9.040  diff=41.4% ***
  TOP 10 LARGEST DIFF:
    SKYD     ours=-0.300  yf=-0.020  diff=1400.0% ***
    NFLX     ours=-9.240  yf=3.120  diff=396.2% ***
    CRWD     ours=0.220  yf=0.060  diff=266.7% ***
    GPN      ours=-2.970  yf=2.120  diff=240.1% ***
    NOW      ours=-1.620  yf=1.600  diff=201.3% ***
    OMC      ours=-0.370  yf=0.380  diff=197.4% ***
    MLM      ours=40.700  yf=15.380  diff=164.6% ***
    DOW      ours=-4.000  yf=-1.840  diff=117.4% ***
    BE       ours=-0.040  yf=0.760  diff=105.3% ***
    MNST     ours=2.160  yf=1.080  diff=100.0% ***
