Tiingo vs yfinance comparison — 2026-10-01
Threshold: >10% for all metrics
459 flagged diffs above threshold

============================================================
KNOWN EXPECTED DIFFERENCES (not bugs)
============================================================

EPS / PE — hardcoded adjustments (our side intentional):
  BRK-B   EDGAR EPS ÷ 1500  (Class A→B conversion)
  BKNG    EDGAR EPS ÷ 25    (25-for-1 split Apr 2026; auto-disables after Q2 2026 10-Q)
  CVNA    EDGAR EPS ÷ 5     (5-for-1 split May 2026; auto-disables after Q2 2026 10-Q)
  KLAC    EDGAR EPS ÷ 10    (10-for-1 split Jun 2026; auto-disables after Q2 2026 10-Q)
  DD      EDGAR EPS × 3     (1-for-3 reverse split Jun 2026; pre-split EPS ~-0.07; auto-disables when EDGAR EPS abs > 0.20 after Q2 2026 10-Q)
  HON     EDGAR EPS × 2     (1-for-2 reverse split Jun 29 2026; pre-split EPS ~$3.21; auto-disables when EDGAR EPS abs > 4.0 after Q2/Q3 2026 10-Q)

EPS / PE — inline XBRL fallback (company_facts has no data; we parse filing HTML):
  V ERIE KKR STZ HSY BRK-B   US 10-Q/10-K  USD   TTM = quarters since last 10-K
                                                  + Q4 derived (annual − 9M YTD).
                                                  Fixed 2026-06-30 (commit 973b985):
                                                  naive 4-quarter sum used to run
                                                  before the Q4-derivation path and
                                                  silently skipped the real Q4 (never
                                                  filed as its own 10-Q), substituting
                                                  a stale year-ago quarter instead.
                                                  KKR 1.56→2.93, BRK-B 26.83→33.59,
                                                  V 11.18→11.47, ERIE 12.37→10.93,
                                                  STZ 11.82→9.61, HSY 4.90→5.37 — all
                                                  now match yfinance.
  ARM ASML CCEP FER PDD      20-F          —      annual only (no 10-Q filed; not
                                                  affected by the bug above). ASML/
                                                  CCEP/FER convert EUR→USD via daily
                                                  ECB rate; PDD uses
                                                  EarningsPerShareBasicAndDiluted.
  NBIS                       6-K           USD    annual only (foreign private issuer,
                                                  furnishes 6-K instead of 10-Q).
  Diffs vs YF expected: foreign EPS is annual-only (no TTM); FX rate differs by fetch time.

EPS / PE — null (still unavailable):
  ARES TRI    Filed Form 25-NSE May 2026 — being removed from exchange listing.
              Will drop out of S&P 500 / Nasdaq-100 universe on next rebalance.
  FDXF        FedEx Freight spinoff (2026-06); only 8-K/Form 4 filed so far, no
              10-Q/10-K yet — EPS unavailable until first quarterly filing.

EPS / PE — TTM window vs YF annual anchor:
  Large diffs (e.g. CI 23.61 vs YF 113.71) often mean YF is anchored to an older
  annual 10-K that included a one-time gain/charge now outside our rolling TTM.
  Our TTM = sum of 4 most recent quarters from EDGAR 10-Q/10-K filings.
  YF trailingEps sources from data vendors and may reflect a different period.

MKTCAP — shares outstanding overrides (SHARES_OUTSTANDING_OVERRIDE, our side intentional):
  IBKR   1,697,000,000  (Class A 445M + IBG LLC membership units; EDGAR under-reports)
  BX     1,222,000,000  (Class A 742M + Blackstone Holdings LP units)
  DVN    1,153,000,000  (Coterra merger May 2026 doubled shares; EDGAR XBRL lags until Q2 2026 10-Q ~Aug 2026)
  CVNA   shares × 5    (5-for-1 split May 2026; EDGAR pre-split ~219M Class A; heals after Q2 2026 10-Q ~Aug 2026)
  KLAC   shares × 10   (10-for-1 split Jun 2026; EDGAR pre-split ~130.6M; heals after Q2 2026 10-Q ~Aug 2026)
  DD     shares ÷ 3    (1-for-3 reverse split Jun 2026; EDGAR pre-split ~410M; heals after Q2 2026 10-Q ~Aug 2026)

VOLUME — systematic offset:
  Tiingo EOD volume includes extended-hours (pre/after market).
  YF typically reports regular-session only. Expect ours ~1.5-2x YF across the board.
============================================================

------------------------------------------------------------
PRICE  -- 0 flagged (>10%)
  TOP 10 LARGEST DIFF:
    GRMN     ours=282.44  yf=281.86  diff=0.2%
    NVR      ours=6135.16  yf=6126.38  diff=0.1%
    NKE      ours=35.10  yf=35.15  diff=0.1%
    ESS      ours=270.16  yf=269.80  diff=0.1%
    KVUE     ours=17.24  yf=17.22  diff=0.1%
    ACN      ours=212.54  yf=212.30  diff=0.1%
    TT       ours=459.41  yf=458.94  diff=0.1%
    HRL      ours=19.98  yf=19.96  diff=0.1%
    ROL      ours=30.60  yf=30.57  diff=0.1%
    HAL      ours=31.91  yf=31.88  diff=0.1%

------------------------------------------------------------
VOLUME  -- 341 flagged (>10%)
  FLAGGED (top 20 of 341):
    PODD     ours=1.12  yf=2.43  diff=54.0% ***
    NSC      ours=0.52  yf=0.93  diff=44.0% ***
    EXC      ours=7.12  yf=12.54  diff=43.2% ***
    FOX      ours=0.93  yf=1.63  diff=42.8% ***
    TGT      ours=2.65  yf=4.57  diff=42.0% ***
    VTR      ours=1.66  yf=2.81  diff=40.9% ***
    GRMN     ours=0.38  yf=0.63  diff=39.9% ***
    ECL      ours=1.02  yf=1.67  diff=38.9% ***
    FDXF     ours=1.58  yf=2.56  diff=38.2% ***
    STZ      ours=1.28  yf=2.03  diff=36.8% ***
    MMM      ours=2.04  yf=3.21  diff=36.5% ***
    CHD      ours=1.64  yf=2.49  diff=34.1% ***
    GL       ours=0.53  yf=0.80  diff=33.9% ***
    OTIS     ours=3.90  yf=5.90  diff=33.9% ***
    V        ours=3.46  yf=5.22  diff=33.7% ***
    SYY      ours=2.74  yf=4.10  diff=33.2% ***
    PM       ours=2.39  yf=3.56  diff=32.9% ***
    PPG      ours=1.23  yf=1.83  diff=32.7% ***
    BAX      ours=4.98  yf=7.38  diff=32.5% ***
    VZ       ours=14.33  yf=21.20  diff=32.4% ***
  TOP 10 LARGEST DIFF:
    PODD     ours=1.12  yf=2.43  diff=54.0% ***
    NSC      ours=0.52  yf=0.93  diff=44.0% ***
    EXC      ours=7.12  yf=12.54  diff=43.2% ***
    FOX      ours=0.93  yf=1.63  diff=42.8% ***
    TGT      ours=2.65  yf=4.57  diff=42.0% ***
    VTR      ours=1.66  yf=2.81  diff=40.9% ***
    GRMN     ours=0.38  yf=0.63  diff=39.9% ***
    ECL      ours=1.02  yf=1.67  diff=38.9% ***
    FDXF     ours=1.58  yf=2.56  diff=38.2% ***
    STZ      ours=1.28  yf=2.03  diff=36.8% ***

------------------------------------------------------------
MKTCAP  -- 10 flagged (>10%)
  FLAGGED (top 10 of 10):
    VMRK     ours=$22.56B  yf=$46.56B  diff=51.5% ***
    MNST     ours=$41.28B  yf=$82.55B  diff=50.0% ***
    APH      ours=$105.70B  yf=$211.26B  diff=50.0% ***
    MLM      ours=$28.79B  yf=$34.04B  diff=15.4% ***
    SPG      ours=$64.97B  yf=$76.23B  diff=14.8% ***
    UDR      ours=$10.95B  yf=$12.48B  diff=12.3% ***
    BXP      ours=$9.61B  yf=$10.90B  diff=11.8% ***
    ERIE     ours=$10.26B  yf=$11.61B  diff=11.7% ***
    PCG      ours=$32.63B  yf=$36.54B  diff=10.7% ***
    WDAY     ours=$49.80B  yf=$45.01B  diff=10.7% ***
  TOP 10 LARGEST DIFF:
    VMRK     ours=$22.56B  yf=$46.56B  diff=51.5% ***
    MNST     ours=$41.28B  yf=$82.55B  diff=50.0% ***
    APH      ours=$105.70B  yf=$211.26B  diff=50.0% ***
    MLM      ours=$28.79B  yf=$34.04B  diff=15.4% ***
    SPG      ours=$64.97B  yf=$76.23B  diff=14.8% ***
    UDR      ours=$10.95B  yf=$12.48B  diff=12.3% ***
    BXP      ours=$9.61B  yf=$10.90B  diff=11.8% ***
    ERIE     ours=$10.26B  yf=$11.61B  diff=11.7% ***
    PCG      ours=$32.63B  yf=$36.54B  diff=10.7% ***
    WDAY     ours=$49.80B  yf=$45.01B  diff=10.7% ***

------------------------------------------------------------
PE  -- 49 flagged (>10%)
  FLAGGED (top 20 of 49):
    TPL      ours=343.480  yf=42.861  diff=701.4% ***
    DD       ours=151.990  yf=55.451  diff=174.1% ***
    APTV     ours=41.900  yf=19.896  diff=110.6% ***
    CRWD     ours=1209.500  yf=8869.667  diff=86.4% ***
    BDX      ours=53.640  yf=30.808  diff=74.1% ***
    BKNG     ours=30.250  yf=17.789  diff=70.0% ***
    MU       ours=24.840  yf=14.762  diff=68.3% ***
    MLM      ours=11.780  yf=31.123  diff=62.2% ***
    MNST     ours=19.510  yf=39.019  diff=50.0% ***
    APH      ours=21.490  yf=42.835  diff=49.8% ***
    ALNY     ours=59.580  yf=40.205  diff=48.2% ***
    OXY      ours=8.950  yf=17.062  diff=47.5% ***
    DLR      ours=46.810  yf=86.093  diff=45.6% ***
    TXT      ours=8.760  yf=14.533  diff=39.7% ***
    BIIB     ours=23.960  yf=39.648  diff=39.6% ***
    LEN      ours=9.650  yf=15.551  diff=37.9% ***
    JCI      ours=27.440  yf=42.752  diff=35.8% ***
    MDLZ     ours=28.590  yf=21.158  diff=35.1% ***
    C        ours=18.170  yf=13.685  diff=32.8% ***
    FER      ours=37.600  yf=55.726  diff=32.5% ***
  TOP 10 LARGEST DIFF:
    TPL      ours=343.480  yf=42.861  diff=701.4% ***
    DD       ours=151.990  yf=55.451  diff=174.1% ***
    APTV     ours=41.900  yf=19.896  diff=110.6% ***
    CRWD     ours=1209.500  yf=8869.667  diff=86.4% ***
    BDX      ours=53.640  yf=30.808  diff=74.1% ***
    BKNG     ours=30.250  yf=17.789  diff=70.0% ***
    MU       ours=24.840  yf=14.762  diff=68.3% ***
    MLM      ours=11.780  yf=31.123  diff=62.2% ***
    MNST     ours=19.510  yf=39.019  diff=50.0% ***
    APH      ours=21.490  yf=42.835  diff=49.8% ***

------------------------------------------------------------
EPS  -- 59 flagged (>10%)
  FLAGGED (top 20 of 59):
    PSKY     ours=-0.300  yf=0.030  diff=1100.0% ***
    CRWD     ours=0.220  yf=0.030  diff=633.3% ***
    NBIS     ours=0.330  yf=-0.070  diff=571.4% ***
    NFLX     ours=-9.240  yf=3.180  diff=390.6% ***
    GPN      ours=-2.970  yf=2.070  diff=243.5% ***
    NOW      ours=-1.620  yf=1.600  diff=201.3% ***
    OMC      ours=-0.370  yf=0.370  diff=200.0% ***
    MLM      ours=40.700  yf=15.400  diff=164.3% ***
    IFF      ours=1.140  yf=-3.090  diff=136.9% ***
    DOW      ours=-4.000  yf=-1.830  diff=118.6% ***
    BE       ours=-0.040  yf=0.780  diff=105.1% ***
    MNST     ours=2.160  yf=1.080  diff=100.0% ***
    APH      ours=3.990  yf=2.000  diff=99.5% ***
    OXY      ours=6.460  yf=3.390  diff=90.6% ***
    TPL      ours=0.980  yf=7.850  diff=87.5% ***
    DLR      ours=3.770  yf=2.050  diff=83.9% ***
    TXT      ours=8.810  yf=5.310  diff=65.9% ***
    BIIB     ours=9.300  yf=5.620  diff=65.5% ***
    DD       ours=0.850  yf=2.330  diff=63.5% ***
    LEN      ours=8.510  yf=5.280  diff=61.2% ***
  TOP 10 LARGEST DIFF:
    PSKY     ours=-0.300  yf=0.030  diff=1100.0% ***
    CRWD     ours=0.220  yf=0.030  diff=633.3% ***
    NBIS     ours=0.330  yf=-0.070  diff=571.4% ***
    NFLX     ours=-9.240  yf=3.180  diff=390.6% ***
    GPN      ours=-2.970  yf=2.070  diff=243.5% ***
    NOW      ours=-1.620  yf=1.600  diff=201.3% ***
    OMC      ours=-0.370  yf=0.370  diff=200.0% ***
    MLM      ours=40.700  yf=15.400  diff=164.3% ***
    IFF      ours=1.140  yf=-3.090  diff=136.9% ***
    DOW      ours=-4.000  yf=-1.830  diff=118.6% ***
