Tiingo vs yfinance comparison — 2026-10-07
Threshold: >10% for all metrics
125 flagged diffs above threshold

============================================================
KNOWN EXPECTED DIFFERENCES (not bugs)
============================================================

EPS / PE — hardcoded adjustments (our side intentional):
  BRK-B   EDGAR EPS ÷ 1500  (Class A→B conversion)
  BKNG    EDGAR EPS ÷ 25    (25-for-1 split Apr 2026; auto-disables after Q2 2026 10-Q)
  CVNA    EDGAR EPS ÷ 5     (5-for-1 split May 2026; auto-disables after Q2 2026 10-Q)
  KLAC    EDGAR EPS ÷ 10    (10-for-1 split Jun 2026; auto-disables after Q2 2026 10-Q)
  DD      EDGAR EPS × 3     (1-for-3 reverse split Jun 2026; pre-split EPS ~-0.07; auto-disables when EDGAR EPS abs > 0.20 after Q2 2026 10-Q)
  HON     EDGAR EPS × 2     (1-for-2 reverse split Jun 29 2026; pre-split EPS ~$3.21; auto-disables when EDGAR EPS abs > 4.0 after Q2/Q3 2026 10-Q)

EPS / PE — inline XBRL fallback (company_facts has no data; we parse filing HTML):
  V ERIE KKR STZ HSY BRK-B   US 10-Q/10-K  USD   TTM = quarters since last 10-K
                                                  + Q4 derived (annual − 9M YTD).
                                                  Fixed 2026-06-30 (commit 973b985):
                                                  naive 4-quarter sum used to run
                                                  before the Q4-derivation path and
                                                  silently skipped the real Q4 (never
                                                  filed as its own 10-Q), substituting
                                                  a stale year-ago quarter instead.
                                                  KKR 1.56→2.93, BRK-B 26.83→33.59,
                                                  V 11.18→11.47, ERIE 12.37→10.93,
                                                  STZ 11.82→9.61, HSY 4.90→5.37 — all
                                                  now match yfinance.
  ARM ASML CCEP FER PDD      20-F          —      annual only (no 10-Q filed; not
                                                  affected by the bug above). ASML/
                                                  CCEP/FER convert EUR→USD via daily
                                                  ECB rate; PDD uses
                                                  EarningsPerShareBasicAndDiluted.
  NBIS                       6-K           USD    annual only (foreign private issuer,
                                                  furnishes 6-K instead of 10-Q).
  Diffs vs YF expected: foreign EPS is annual-only (no TTM); FX rate differs by fetch time.

EPS / PE — null (still unavailable):
  ARES TRI    Filed Form 25-NSE May 2026 — being removed from exchange listing.
              Will drop out of S&P 500 / Nasdaq-100 universe on next rebalance.
  FDXF        FedEx Freight spinoff (2026-06); only 8-K/Form 4 filed so far, no
              10-Q/10-K yet — EPS unavailable until first quarterly filing.

EPS / PE — TTM window vs YF annual anchor:
  Large diffs (e.g. CI 23.61 vs YF 113.71) often mean YF is anchored to an older
  annual 10-K that included a one-time gain/charge now outside our rolling TTM.
  Our TTM = sum of 4 most recent quarters from EDGAR 10-Q/10-K filings.
  YF trailingEps sources from data vendors and may reflect a different period.

MKTCAP — shares outstanding overrides (SHARES_OUTSTANDING_OVERRIDE, our side intentional):
  IBKR   1,697,000,000  (Class A 445M + IBG LLC membership units; EDGAR under-reports)
  BX     1,222,000,000  (Class A 742M + Blackstone Holdings LP units)
  DVN    1,153,000,000  (Coterra merger May 2026 doubled shares; EDGAR XBRL lags until Q2 2026 10-Q ~Aug 2026)
  CVNA   shares × 5    (5-for-1 split May 2026; EDGAR pre-split ~219M Class A; heals after Q2 2026 10-Q ~Aug 2026)
  KLAC   shares × 10   (10-for-1 split Jun 2026; EDGAR pre-split ~130.6M; heals after Q2 2026 10-Q ~Aug 2026)
  DD     shares ÷ 3    (1-for-3 reverse split Jun 2026; EDGAR pre-split ~410M; heals after Q2 2026 10-Q ~Aug 2026)

VOLUME — systematic offset:
  Tiingo EOD volume includes extended-hours (pre/after market).
  YF typically reports regular-session only. Expect ours ~1.5-2x YF across the board.
============================================================

------------------------------------------------------------
PRICE  -- 0 flagged (>10%)
  TOP 10 LARGEST DIFF:
    NRG      ours=107.72  yf=108.66  diff=0.9%
    NCLH     ours=15.16  yf=15.24  diff=0.6%
    EXPE     ours=256.24  yf=257.67  diff=0.6%
    RCL      ours=286.15  yf=287.58  diff=0.5%
    ALAB     ours=375.63  yf=377.49  diff=0.5%
    BKNG     ours=155.79  yf=156.52  diff=0.5%
    WY       ours=18.47  yf=18.55  diff=0.4%
    COHR     ours=326.51  yf=327.79  diff=0.4%
    MRVL     ours=281.19  yf=282.26  diff=0.4%
    DASH     ours=189.66  yf=190.36  diff=0.4%

------------------------------------------------------------
VOLUME  -- 3 flagged (>10%)
  FLAGGED (top 3 of 3):
    PPL      ours=1.35  yf=1.78  diff=24.3% ***
    ERIE     ours=0.04  yf=0.05  diff=13.1% ***
    AZO      ours=0.04  yf=0.05  diff=12.2% ***
  TOP 10 LARGEST DIFF:
    PPL      ours=1.35  yf=1.78  diff=24.3% ***
    ERIE     ours=0.04  yf=0.05  diff=13.1% ***
    AZO      ours=0.04  yf=0.05  diff=12.2% ***
    SRE      ours=0.69  yf=0.76  diff=9.5%
    ATO      ours=0.22  yf=0.24  diff=8.0%
    PODD     ours=0.34  yf=0.37  diff=7.6%
    NVR      ours=0.02  yf=0.02  diff=7.4%
    LII      ours=0.09  yf=0.10  diff=7.1%
    GWW      ours=0.07  yf=0.08  diff=6.9%
    LDOS     ours=0.41  yf=0.44  diff=6.4%

------------------------------------------------------------
MKTCAP  -- 12 flagged (>10%)
  FLAGGED (top 12 of 12):
    VMRK     ours=$22.38B  yf=$46.21B  diff=51.6% ***
    MNST     ours=$42.00B  yf=$84.08B  diff=50.0% ***
    APH      ours=$108.05B  yf=$216.17B  diff=50.0% ***
    SWKS     ours=$12.58B  yf=$19.67B  diff=36.0% ***
    MLM      ours=$28.72B  yf=$34.01B  diff=15.6% ***
    SPG      ours=$64.37B  yf=$75.56B  diff=14.8% ***
    CPT      ours=$9.67B  yf=$11.14B  diff=13.2% ***
    ERIE     ours=$10.26B  yf=$11.65B  diff=11.9% ***
    BXP      ours=$9.52B  yf=$10.77B  diff=11.6% ***
    UDR      ours=$10.86B  yf=$12.29B  diff=11.6% ***
    PCG      ours=$34.21B  yf=$38.45B  diff=11.0% ***
    WDAY     ours=$49.78B  yf=$45.03B  diff=10.6% ***
  TOP 10 LARGEST DIFF:
    VMRK     ours=$22.38B  yf=$46.21B  diff=51.6% ***
    MNST     ours=$42.00B  yf=$84.08B  diff=50.0% ***
    APH      ours=$108.05B  yf=$216.17B  diff=50.0% ***
    SWKS     ours=$12.58B  yf=$19.67B  diff=36.0% ***
    MLM      ours=$28.72B  yf=$34.01B  diff=15.6% ***
    SPG      ours=$64.37B  yf=$75.56B  diff=14.8% ***
    CPT      ours=$9.67B  yf=$11.14B  diff=13.2% ***
    ERIE     ours=$10.26B  yf=$11.65B  diff=11.9% ***
    BXP      ours=$9.52B  yf=$10.77B  diff=11.6% ***
    UDR      ours=$10.86B  yf=$12.29B  diff=11.6% ***

------------------------------------------------------------
PE  -- 51 flagged (>10%)
  FLAGGED (top 20 of 51):
    TPL      ours=350.680  yf=43.902  diff=698.8% ***
    DD       ours=153.900  yf=34.530  diff=345.7% ***
    NBIS     ours=711.480  yf=183.672  diff=287.4% ***
    CRWD     ours=1214.000  yf=5343.700  diff=77.3% ***
    BKNG     ours=29.400  yf=17.353  diff=69.4% ***
    MU       ours=24.640  yf=14.647  diff=68.2% ***
    MLM      ours=11.750  yf=31.140  diff=62.3% ***
    ALNY     ours=58.760  yf=38.449  diff=52.8% ***
    MNST     ours=19.850  yf=39.741  diff=50.1% ***
    APH      ours=21.960  yf=43.831  diff=49.9% ***
    OXY      ours=8.980  yf=16.469  diff=45.5% ***
    DLR      ours=48.350  yf=88.575  diff=45.4% ***
    TXT      ours=8.320  yf=13.831  diff=39.8% ***
    BIIB     ours=24.160  yf=40.074  diff=39.7% ***
    JCI      ours=28.190  yf=44.085  diff=36.1% ***
    MDLZ     ours=29.460  yf=21.897  diff=34.5% ***
    BG       ours=27.710  yf=20.825  diff=33.1% ***
    C        ours=18.060  yf=13.639  diff=32.4% ***
    FER      ours=36.210  yf=27.824  diff=30.1% ***
    BDX      ours=54.700  yf=42.223  diff=29.5% ***
  TOP 10 LARGEST DIFF:
    TPL      ours=350.680  yf=43.902  diff=698.8% ***
    DD       ours=153.900  yf=34.530  diff=345.7% ***
    NBIS     ours=711.480  yf=183.672  diff=287.4% ***
    CRWD     ours=1214.000  yf=5343.700  diff=77.3% ***
    BKNG     ours=29.400  yf=17.353  diff=69.4% ***
    MU       ours=24.640  yf=14.647  diff=68.2% ***
    MLM      ours=11.750  yf=31.140  diff=62.3% ***
    ALNY     ours=58.760  yf=38.449  diff=52.8% ***
    MNST     ours=19.850  yf=39.741  diff=50.1% ***
    APH      ours=21.960  yf=43.831  diff=49.9% ***

------------------------------------------------------------
EPS  -- 59 flagged (>10%)
  FLAGGED (top 20 of 59):
    NFLX     ours=-9.240  yf=3.180  diff=390.6% ***
    CRWD     ours=0.220  yf=0.050  diff=340.0% ***
    GPN      ours=-2.970  yf=2.130  diff=239.4% ***
    NOW      ours=-1.620  yf=1.600  diff=201.3% ***
    OMC      ours=-0.370  yf=0.380  diff=197.4% ***
    MLM      ours=40.700  yf=15.380  diff=164.6% ***
    DOW      ours=-4.000  yf=-1.840  diff=117.4% ***
    BE       ours=-0.040  yf=0.760  diff=105.3% ***
    MNST     ours=2.160  yf=1.080  diff=100.0% ***
    APH      ours=3.990  yf=2.000  diff=99.5% ***
    TPL      ours=0.980  yf=7.840  diff=87.5% ***
    OXY      ours=6.460  yf=3.520  diff=83.5% ***
    DLR      ours=3.770  yf=2.060  diff=83.0% ***
    DD       ours=0.850  yf=3.790  diff=77.6% ***
    NBIS     ours=0.330  yf=1.280  diff=74.2% ***
    TXT      ours=8.810  yf=5.310  diff=65.9% ***
    BIIB     ours=9.300  yf=5.610  diff=65.8% ***
    JCI      ours=5.530  yf=3.540  diff=56.2% ***
    BKNG     ours=5.299  yf=9.020  diff=41.3% ***
    MU       ours=44.180  yf=74.330  diff=40.6% ***
  TOP 10 LARGEST DIFF:
    NFLX     ours=-9.240  yf=3.180  diff=390.6% ***
    CRWD     ours=0.220  yf=0.050  diff=340.0% ***
    GPN      ours=-2.970  yf=2.130  diff=239.4% ***
    NOW      ours=-1.620  yf=1.600  diff=201.3% ***
    OMC      ours=-0.370  yf=0.380  diff=197.4% ***
    MLM      ours=40.700  yf=15.380  diff=164.6% ***
    DOW      ours=-4.000  yf=-1.840  diff=117.4% ***
    BE       ours=-0.040  yf=0.760  diff=105.3% ***
    MNST     ours=2.160  yf=1.080  diff=100.0% ***
    APH      ours=3.990  yf=2.000  diff=99.5% ***
