Tiingo vs yfinance comparison — 2026-10-06
Threshold: >10% for all metrics
101 flagged diffs above threshold

============================================================
KNOWN EXPECTED DIFFERENCES (not bugs)
============================================================

EPS / PE — hardcoded adjustments (our side intentional):
  BRK-B   EDGAR EPS ÷ 1500  (Class A→B conversion)
  BKNG    EDGAR EPS ÷ 25    (25-for-1 split Apr 2026; auto-disables after Q2 2026 10-Q)
  CVNA    EDGAR EPS ÷ 5     (5-for-1 split May 2026; auto-disables after Q2 2026 10-Q)
  KLAC    EDGAR EPS ÷ 10    (10-for-1 split Jun 2026; auto-disables after Q2 2026 10-Q)
  DD      EDGAR EPS × 3     (1-for-3 reverse split Jun 2026; pre-split EPS ~-0.07; auto-disables when EDGAR EPS abs > 0.20 after Q2 2026 10-Q)
  HON     EDGAR EPS × 2     (1-for-2 reverse split Jun 29 2026; pre-split EPS ~$3.21; auto-disables when EDGAR EPS abs > 4.0 after Q2/Q3 2026 10-Q)

EPS / PE — inline XBRL fallback (company_facts has no data; we parse filing HTML):
  V ERIE KKR STZ HSY BRK-B   US 10-Q/10-K  USD   TTM = quarters since last 10-K
                                                  + Q4 derived (annual − 9M YTD).
                                                  Fixed 2026-06-30 (commit 973b985):
                                                  naive 4-quarter sum used to run
                                                  before the Q4-derivation path and
                                                  silently skipped the real Q4 (never
                                                  filed as its own 10-Q), substituting
                                                  a stale year-ago quarter instead.
                                                  KKR 1.56→2.93, BRK-B 26.83→33.59,
                                                  V 11.18→11.47, ERIE 12.37→10.93,
                                                  STZ 11.82→9.61, HSY 4.90→5.37 — all
                                                  now match yfinance.
  ARM ASML CCEP FER PDD      20-F          —      annual only (no 10-Q filed; not
                                                  affected by the bug above). ASML/
                                                  CCEP/FER convert EUR→USD via daily
                                                  ECB rate; PDD uses
                                                  EarningsPerShareBasicAndDiluted.
  NBIS                       6-K           USD    annual only (foreign private issuer,
                                                  furnishes 6-K instead of 10-Q).
  Diffs vs YF expected: foreign EPS is annual-only (no TTM); FX rate differs by fetch time.

EPS / PE — null (still unavailable):
  ARES TRI    Filed Form 25-NSE May 2026 — being removed from exchange listing.
              Will drop out of S&P 500 / Nasdaq-100 universe on next rebalance.
  FDXF        FedEx Freight spinoff (2026-06); only 8-K/Form 4 filed so far, no
              10-Q/10-K yet — EPS unavailable until first quarterly filing.

EPS / PE — TTM window vs YF annual anchor:
  Large diffs (e.g. CI 23.61 vs YF 113.71) often mean YF is anchored to an older
  annual 10-K that included a one-time gain/charge now outside our rolling TTM.
  Our TTM = sum of 4 most recent quarters from EDGAR 10-Q/10-K filings.
  YF trailingEps sources from data vendors and may reflect a different period.

MKTCAP — shares outstanding overrides (SHARES_OUTSTANDING_OVERRIDE, our side intentional):
  IBKR   1,697,000,000  (Class A 445M + IBG LLC membership units; EDGAR under-reports)
  BX     1,222,000,000  (Class A 742M + Blackstone Holdings LP units)
  DVN    1,153,000,000  (Coterra merger May 2026 doubled shares; EDGAR XBRL lags until Q2 2026 10-Q ~Aug 2026)
  CVNA   shares × 5    (5-for-1 split May 2026; EDGAR pre-split ~219M Class A; heals after Q2 2026 10-Q ~Aug 2026)
  KLAC   shares × 10   (10-for-1 split Jun 2026; EDGAR pre-split ~130.6M; heals after Q2 2026 10-Q ~Aug 2026)
  DD     shares ÷ 3    (1-for-3 reverse split Jun 2026; EDGAR pre-split ~410M; heals after Q2 2026 10-Q ~Aug 2026)

VOLUME — systematic offset:
  Tiingo EOD volume includes extended-hours (pre/after market).
  YF typically reports regular-session only. Expect ours ~1.5-2x YF across the board.
============================================================

------------------------------------------------------------
PRICE  -- 0 flagged (>10%)
  TOP 10 LARGEST DIFF:
    PSKY     ours=9.53  yf=9.78  diff=2.5%
    A        ours=169.33  yf=169.33  diff=0.0%
    AAPL     ours=333.63  yf=333.63  diff=0.0%
    ABT      ours=98.16  yf=98.16  diff=0.0%
    ACGL     ours=94.82  yf=94.82  diff=0.0%
    ACN      ours=193.40  yf=193.40  diff=0.0%
    ADBE     ours=238.12  yf=238.12  diff=0.0%
    ADI      ours=420.55  yf=420.55  diff=0.0%
    ADM      ours=82.21  yf=82.21  diff=0.0%
    ADP      ours=262.36  yf=262.36  diff=0.0%

------------------------------------------------------------
VOLUME  -- 1 flagged (>10%)
  FLAGGED (top 1 of 1):
    PSKY     ours=25.27  yf=31.66  diff=20.2% ***
  TOP 10 LARGEST DIFF:
    PSKY     ours=25.27  yf=31.66  diff=20.2% ***
    NVR      ours=0.03  yf=0.03  diff=7.4%
    ERIE     ours=0.12  yf=0.12  diff=2.4%
    MTD      ours=0.20  yf=0.20  diff=2.0%
    GOOGL    ours=18.39  yf=18.70  diff=1.7%
    NDSN     ours=0.28  yf=0.28  diff=1.6%
    MPWR     ours=0.37  yf=0.38  diff=1.3%
    BKNG     ours=6.97  yf=7.06  diff=1.3%
    DVA      ours=0.37  yf=0.37  diff=1.2%
    EQIX     ours=0.39  yf=0.39  diff=1.1%

------------------------------------------------------------
MKTCAP  -- 11 flagged (>10%)
  FLAGGED (top 11 of 11):
    VMRK     ours=$22.64B  yf=$46.71B  diff=51.5% ***
    MNST     ours=$42.36B  yf=$84.73B  diff=50.0% ***
    APH      ours=$109.27B  yf=$218.53B  diff=50.0% ***
    SWKS     ours=$12.46B  yf=$19.47B  diff=36.0% ***
    MLM      ours=$29.37B  yf=$34.73B  diff=15.4% ***
    SPG      ours=$65.27B  yf=$76.59B  diff=14.8% ***
    CPT      ours=$9.82B  yf=$11.30B  diff=13.1% ***
    BXP      ours=$9.55B  yf=$10.81B  diff=11.7% ***
    ERIE     ours=$10.31B  yf=$11.67B  diff=11.7% ***
    UDR      ours=$11.02B  yf=$12.46B  diff=11.5% ***
    PCG      ours=$33.50B  yf=$37.53B  diff=10.7% ***
  TOP 10 LARGEST DIFF:
    VMRK     ours=$22.64B  yf=$46.71B  diff=51.5% ***
    MNST     ours=$42.36B  yf=$84.73B  diff=50.0% ***
    APH      ours=$109.27B  yf=$218.53B  diff=50.0% ***
    SWKS     ours=$12.46B  yf=$19.47B  diff=36.0% ***
    MLM      ours=$29.37B  yf=$34.73B  diff=15.4% ***
    SPG      ours=$65.27B  yf=$76.59B  diff=14.8% ***
    CPT      ours=$9.82B  yf=$11.30B  diff=13.1% ***
    BXP      ours=$9.55B  yf=$10.81B  diff=11.7% ***
    ERIE     ours=$10.31B  yf=$11.67B  diff=11.7% ***
    UDR      ours=$11.02B  yf=$12.46B  diff=11.5% ***

------------------------------------------------------------
PE  -- 42 flagged (>10%)
  FLAGGED (top 20 of 42):
    TPL      ours=362.410  yf=45.301  diff=700.0% ***
    DD       ours=156.800  yf=35.828  diff=337.6% ***
    BKNG     ours=29.750  yf=17.476  diff=70.2% ***
    MU       ours=23.670  yf=14.315  diff=65.4% ***
    MLM      ours=12.010  yf=31.795  diff=62.2% ***
    ALNY     ours=57.720  yf=37.076  diff=55.7% ***
    MNST     ours=20.020  yf=40.046  diff=50.0% ***
    APH      ours=22.210  yf=43.655  diff=49.1% ***
    OXY      ours=9.030  yf=16.571  diff=45.5% ***
    DLR      ours=48.980  yf=87.512  diff=44.0% ***
    TXT      ours=8.570  yf=14.224  diff=39.8% ***
    BIIB     ours=23.970  yf=39.590  diff=39.5% ***
    JCI      ours=28.710  yf=44.346  diff=35.3% ***
    MDLZ     ours=29.510  yf=21.919  diff=34.6% ***
    BG       ours=28.390  yf=21.380  diff=32.8% ***
    C        ours=18.390  yf=13.879  diff=32.5% ***
    LEN      ours=10.450  yf=15.090  diff=30.7% ***
    BDX      ours=54.310  yf=41.930  diff=29.5% ***
    JBL      ours=38.650  yf=30.857  diff=25.3% ***
    CCI      ours=34.660  yf=27.756  diff=24.9% ***
  TOP 10 LARGEST DIFF:
    TPL      ours=362.410  yf=45.301  diff=700.0% ***
    DD       ours=156.800  yf=35.828  diff=337.6% ***
    BKNG     ours=29.750  yf=17.476  diff=70.2% ***
    MU       ours=23.670  yf=14.315  diff=65.4% ***
    MLM      ours=12.010  yf=31.795  diff=62.2% ***
    ALNY     ours=57.720  yf=37.076  diff=55.7% ***
    MNST     ours=20.020  yf=40.046  diff=50.0% ***
    APH      ours=22.210  yf=43.655  diff=49.1% ***
    OXY      ours=9.030  yf=16.571  diff=45.5% ***
    DLR      ours=48.980  yf=87.512  diff=44.0% ***

------------------------------------------------------------
EPS  -- 47 flagged (>10%)
  FLAGGED (top 20 of 47):
    PSKY     ours=-0.300  yf=-0.020  diff=1400.0% ***
    NFLX     ours=-9.240  yf=3.180  diff=390.6% ***
    GPN      ours=-2.970  yf=2.130  diff=239.4% ***
    OMC      ours=-0.370  yf=0.380  diff=197.4% ***
    MLM      ours=40.700  yf=15.380  diff=164.6% ***
    MNST     ours=2.160  yf=1.080  diff=100.0% ***
    APH      ours=3.990  yf=2.030  diff=96.6% ***
    TPL      ours=0.980  yf=7.840  diff=87.5% ***
    OXY      ours=6.460  yf=3.520  diff=83.5% ***
    DLR      ours=3.770  yf=2.110  diff=78.7% ***
    DD       ours=0.850  yf=3.720  diff=77.2% ***
    TXT      ours=8.810  yf=5.310  diff=65.9% ***
    BIIB     ours=9.300  yf=5.630  diff=65.2% ***
    JCI      ours=5.530  yf=3.580  diff=54.5% ***
    LEN      ours=7.410  yf=5.130  diff=44.4% ***
    BKNG     ours=5.299  yf=9.020  diff=41.3% ***
    MU       ours=44.180  yf=73.040  diff=39.5% ***
    LYB      ours=-1.130  yf=-0.830  diff=36.1% ***
    ALNY     ours=3.880  yf=6.040  diff=35.8% ***
    IP       ours=-6.680  yf=-5.170  diff=29.2% ***
  TOP 10 LARGEST DIFF:
    PSKY     ours=-0.300  yf=-0.020  diff=1400.0% ***
    NFLX     ours=-9.240  yf=3.180  diff=390.6% ***
    GPN      ours=-2.970  yf=2.130  diff=239.4% ***
    OMC      ours=-0.370  yf=0.380  diff=197.4% ***
    MLM      ours=40.700  yf=15.380  diff=164.6% ***
    MNST     ours=2.160  yf=1.080  diff=100.0% ***
    APH      ours=3.990  yf=2.030  diff=96.6% ***
    TPL      ours=0.980  yf=7.840  diff=87.5% ***
    OXY      ours=6.460  yf=3.520  diff=83.5% ***
    DLR      ours=3.770  yf=2.110  diff=78.7% ***
