Tiingo vs yfinance comparison — 2026-10-08
Threshold: >10% for all metrics
128 flagged diffs above threshold

============================================================
KNOWN EXPECTED DIFFERENCES (not bugs)
============================================================

EPS / PE — hardcoded adjustments (our side intentional):
  BRK-B   EDGAR EPS ÷ 1500  (Class A→B conversion)
  BKNG    EDGAR EPS ÷ 25    (25-for-1 split Apr 2026; auto-disables after Q2 2026 10-Q)
  CVNA    EDGAR EPS ÷ 5     (5-for-1 split May 2026; auto-disables after Q2 2026 10-Q)
  KLAC    EDGAR EPS ÷ 10    (10-for-1 split Jun 2026; auto-disables after Q2 2026 10-Q)
  DD      EDGAR EPS × 3     (1-for-3 reverse split Jun 2026; pre-split EPS ~-0.07; auto-disables when EDGAR EPS abs > 0.20 after Q2 2026 10-Q)
  HON     EDGAR EPS × 2     (1-for-2 reverse split Jun 29 2026; pre-split EPS ~$3.21; auto-disables when EDGAR EPS abs > 4.0 after Q2/Q3 2026 10-Q)

EPS / PE — inline XBRL fallback (company_facts has no data; we parse filing HTML):
  V ERIE KKR STZ HSY BRK-B   US 10-Q/10-K  USD   TTM = quarters since last 10-K
                                                  + Q4 derived (annual − 9M YTD).
                                                  Fixed 2026-06-30 (commit 973b985):
                                                  naive 4-quarter sum used to run
                                                  before the Q4-derivation path and
                                                  silently skipped the real Q4 (never
                                                  filed as its own 10-Q), substituting
                                                  a stale year-ago quarter instead.
                                                  KKR 1.56→2.93, BRK-B 26.83→33.59,
                                                  V 11.18→11.47, ERIE 12.37→10.93,
                                                  STZ 11.82→9.61, HSY 4.90→5.37 — all
                                                  now match yfinance.
  ARM ASML CCEP FER PDD      20-F          —      annual only (no 10-Q filed; not
                                                  affected by the bug above). ASML/
                                                  CCEP/FER convert EUR→USD via daily
                                                  ECB rate; PDD uses
                                                  EarningsPerShareBasicAndDiluted.
  NBIS                       6-K           USD    annual only (foreign private issuer,
                                                  furnishes 6-K instead of 10-Q).
  Diffs vs YF expected: foreign EPS is annual-only (no TTM); FX rate differs by fetch time.

EPS / PE — null (still unavailable):
  ARES TRI    Filed Form 25-NSE May 2026 — being removed from exchange listing.
              Will drop out of S&P 500 / Nasdaq-100 universe on next rebalance.
  FDXF        FedEx Freight spinoff (2026-06); only 8-K/Form 4 filed so far, no
              10-Q/10-K yet — EPS unavailable until first quarterly filing.

EPS / PE — TTM window vs YF annual anchor:
  Large diffs (e.g. CI 23.61 vs YF 113.71) often mean YF is anchored to an older
  annual 10-K that included a one-time gain/charge now outside our rolling TTM.
  Our TTM = sum of 4 most recent quarters from EDGAR 10-Q/10-K filings.
  YF trailingEps sources from data vendors and may reflect a different period.

MKTCAP — shares outstanding overrides (SHARES_OUTSTANDING_OVERRIDE, our side intentional):
  IBKR   1,697,000,000  (Class A 445M + IBG LLC membership units; EDGAR under-reports)
  BX     1,222,000,000  (Class A 742M + Blackstone Holdings LP units)
  DVN    1,153,000,000  (Coterra merger May 2026 doubled shares; EDGAR XBRL lags until Q2 2026 10-Q ~Aug 2026)
  CVNA   shares × 5    (5-for-1 split May 2026; EDGAR pre-split ~219M Class A; heals after Q2 2026 10-Q ~Aug 2026)
  KLAC   shares × 10   (10-for-1 split Jun 2026; EDGAR pre-split ~130.6M; heals after Q2 2026 10-Q ~Aug 2026)
  DD     shares ÷ 3    (1-for-3 reverse split Jun 2026; EDGAR pre-split ~410M; heals after Q2 2026 10-Q ~Aug 2026)

VOLUME — systematic offset:
  Tiingo EOD volume includes extended-hours (pre/after market).
  YF typically reports regular-session only. Expect ours ~1.5-2x YF across the board.
============================================================

------------------------------------------------------------
PRICE  -- 0 flagged (>10%)
  TOP 10 LARGEST DIFF:
    NBIS     ours=225.20  yf=220.30  diff=2.2%
    ALAB     ours=363.75  yf=356.08  diff=2.2%
    FIX      ours=1728.41  yf=1696.64  diff=1.9%
    CRWV     ours=82.57  yf=81.08  diff=1.8%
    BE       ours=275.74  yf=272.04  diff=1.4%
    GEV      ours=1009.23  yf=995.72  diff=1.4%
    SNDK     ours=1624.92  yf=1603.32  diff=1.3%
    ARM      ours=280.00  yf=276.40  diff=1.3%
    ETN      ours=433.85  yf=428.31  diff=1.3%
    LRCX     ours=327.29  yf=323.27  diff=1.2%

------------------------------------------------------------
VOLUME  -- 7 flagged (>10%)
  FLAGGED (top 7 of 7):
    TYL      ours=0.18  yf=0.22  diff=19.3% ***
    NTRS     ours=0.35  yf=0.42  diff=17.3% ***
    NVR      ours=0.01  yf=0.01  diff=15.4% ***
    ORCL     ours=11.67  yf=13.74  diff=15.1% ***
    IRM      ours=0.55  yf=0.64  diff=14.5% ***
    FIX      ours=0.10  yf=0.11  diff=11.9% ***
    ETR      ours=0.85  yf=0.95  diff=10.8% ***
  TOP 10 LARGEST DIFF:
    TYL      ours=0.18  yf=0.22  diff=19.3% ***
    NTRS     ours=0.35  yf=0.42  diff=17.3% ***
    NVR      ours=0.01  yf=0.01  diff=15.4% ***
    ORCL     ours=11.67  yf=13.74  diff=15.1% ***
    IRM      ours=0.55  yf=0.64  diff=14.5% ***
    FIX      ours=0.10  yf=0.11  diff=11.9% ***
    ETR      ours=0.85  yf=0.95  diff=10.8% ***
    CRWV     ours=16.29  yf=18.09  diff=10.0%
    EQIX     ours=0.14  yf=0.15  diff=9.4%
    WEC      ours=0.38  yf=0.42  diff=9.2%

------------------------------------------------------------
MKTCAP  -- 11 flagged (>10%)
  FLAGGED (top 11 of 11):
    VMRK     ours=$22.37B  yf=$46.23B  diff=51.6% ***
    MNST     ours=$42.74B  yf=$85.81B  diff=50.2% ***
    APH      ours=$106.12B  yf=$210.30B  diff=49.5% ***
    SWKS     ours=$11.95B  yf=$18.67B  diff=36.0% ***
    MLM      ours=$28.62B  yf=$33.88B  diff=15.5% ***
    SPG      ours=$63.96B  yf=$75.09B  diff=14.8% ***
    UDR      ours=$10.85B  yf=$12.39B  diff=12.4% ***
    ERIE     ours=$10.25B  yf=$11.62B  diff=11.8% ***
    BXP      ours=$9.40B  yf=$10.64B  diff=11.7% ***
    PCG      ours=$33.82B  yf=$37.87B  diff=10.7% ***
    WDAY     ours=$49.36B  yf=$44.76B  diff=10.3% ***
  TOP 10 LARGEST DIFF:
    VMRK     ours=$22.37B  yf=$46.23B  diff=51.6% ***
    MNST     ours=$42.74B  yf=$85.81B  diff=50.2% ***
    APH      ours=$106.12B  yf=$210.30B  diff=49.5% ***
    SWKS     ours=$11.95B  yf=$18.67B  diff=36.0% ***
    MLM      ours=$28.62B  yf=$33.88B  diff=15.5% ***
    SPG      ours=$63.96B  yf=$75.09B  diff=14.8% ***
    UDR      ours=$10.85B  yf=$12.39B  diff=12.4% ***
    ERIE     ours=$10.25B  yf=$11.62B  diff=11.8% ***
    BXP      ours=$9.40B  yf=$10.64B  diff=11.7% ***
    PCG      ours=$33.82B  yf=$37.87B  diff=10.7% ***

------------------------------------------------------------
PE  -- 51 flagged (>10%)
  FLAGGED (top 20 of 51):
    TPL      ours=364.410  yf=45.465  diff=701.5% ***
    DD       ours=153.240  yf=35.046  diff=337.3% ***
    NBIS     ours=682.420  yf=172.063  diff=296.6% ***
    CRWD     ours=1206.260  yf=5279.800  diff=77.2% ***
    BKNG     ours=29.450  yf=17.310  diff=70.1% ***
    MU       ours=24.060  yf=14.165  diff=69.9% ***
    MLM      ours=11.710  yf=31.017  diff=62.2% ***
    ALNY     ours=56.680  yf=37.022  diff=53.1% ***
    MNST     ours=20.200  yf=40.556  diff=50.2% ***
    APH      ours=21.570  yf=42.640  diff=49.4% ***
    OXY      ours=9.220  yf=16.876  diff=45.4% ***
    DLR      ours=46.700  yf=84.845  diff=45.0% ***
    TXT      ours=8.290  yf=13.753  diff=39.7% ***
    BIIB     ours=23.310  yf=38.657  diff=39.7% ***
    JCI      ours=27.970  yf=43.427  diff=35.6% ***
    MDLZ     ours=29.650  yf=22.107  diff=34.1% ***
    BG       ours=28.330  yf=21.311  diff=32.9% ***
    C        ours=18.080  yf=13.658  diff=32.4% ***
    FER      ours=36.150  yf=27.527  diff=31.3% ***
    LEN      ours=10.310  yf=14.969  diff=31.1% ***
  TOP 10 LARGEST DIFF:
    TPL      ours=364.410  yf=45.465  diff=701.5% ***
    DD       ours=153.240  yf=35.046  diff=337.3% ***
    NBIS     ours=682.420  yf=172.063  diff=296.6% ***
    CRWD     ours=1206.260  yf=5279.800  diff=77.2% ***
    BKNG     ours=29.450  yf=17.310  diff=70.1% ***
    MU       ours=24.060  yf=14.165  diff=69.9% ***
    MLM      ours=11.710  yf=31.017  diff=62.2% ***
    ALNY     ours=56.680  yf=37.022  diff=53.1% ***
    MNST     ours=20.200  yf=40.556  diff=50.2% ***
    APH      ours=21.570  yf=42.640  diff=49.4% ***

------------------------------------------------------------
EPS  -- 59 flagged (>10%)
  FLAGGED (top 20 of 59):
    NFLX     ours=-9.240  yf=3.180  diff=390.6% ***
    CRWD     ours=0.220  yf=0.050  diff=340.0% ***
    GPN      ours=-2.970  yf=2.130  diff=239.4% ***
    NOW      ours=-1.620  yf=1.600  diff=201.3% ***
    OMC      ours=-0.370  yf=0.380  diff=197.4% ***
    MLM      ours=40.700  yf=15.380  diff=164.6% ***
    DOW      ours=-4.000  yf=-1.840  diff=117.4% ***
    BE       ours=-0.040  yf=0.760  diff=105.3% ***
    MNST     ours=2.160  yf=1.080  diff=100.0% ***
    APH      ours=3.990  yf=2.000  diff=99.5% ***
    TPL      ours=0.980  yf=7.840  diff=87.5% ***
    OXY      ours=6.460  yf=3.520  diff=83.5% ***
    DLR      ours=3.770  yf=2.060  diff=83.0% ***
    DD       ours=0.850  yf=3.720  diff=77.2% ***
    NBIS     ours=0.330  yf=1.280  diff=74.2% ***
    TXT      ours=8.810  yf=5.310  diff=65.9% ***
    BIIB     ours=9.300  yf=5.630  diff=65.2% ***
    JCI      ours=5.530  yf=3.540  diff=56.2% ***
    LEN      ours=7.410  yf=5.130  diff=44.4% ***
    BKNG     ours=5.299  yf=9.020  diff=41.3% ***
  TOP 10 LARGEST DIFF:
    NFLX     ours=-9.240  yf=3.180  diff=390.6% ***
    CRWD     ours=0.220  yf=0.050  diff=340.0% ***
    GPN      ours=-2.970  yf=2.130  diff=239.4% ***
    NOW      ours=-1.620  yf=1.600  diff=201.3% ***
    OMC      ours=-0.370  yf=0.380  diff=197.4% ***
    MLM      ours=40.700  yf=15.380  diff=164.6% ***
    DOW      ours=-4.000  yf=-1.840  diff=117.4% ***
    BE       ours=-0.040  yf=0.760  diff=105.3% ***
    MNST     ours=2.160  yf=1.080  diff=100.0% ***
    APH      ours=3.990  yf=2.000  diff=99.5% ***
