Tiingo vs yfinance comparison — 2026-10-02
Threshold: >10% for all metrics
118 flagged diffs above threshold

============================================================
KNOWN EXPECTED DIFFERENCES (not bugs)
============================================================

EPS / PE — hardcoded adjustments (our side intentional):
  BRK-B   EDGAR EPS ÷ 1500  (Class A→B conversion)
  BKNG    EDGAR EPS ÷ 25    (25-for-1 split Apr 2026; auto-disables after Q2 2026 10-Q)
  CVNA    EDGAR EPS ÷ 5     (5-for-1 split May 2026; auto-disables after Q2 2026 10-Q)
  KLAC    EDGAR EPS ÷ 10    (10-for-1 split Jun 2026; auto-disables after Q2 2026 10-Q)
  DD      EDGAR EPS × 3     (1-for-3 reverse split Jun 2026; pre-split EPS ~-0.07; auto-disables when EDGAR EPS abs > 0.20 after Q2 2026 10-Q)
  HON     EDGAR EPS × 2     (1-for-2 reverse split Jun 29 2026; pre-split EPS ~$3.21; auto-disables when EDGAR EPS abs > 4.0 after Q2/Q3 2026 10-Q)

EPS / PE — inline XBRL fallback (company_facts has no data; we parse filing HTML):
  V ERIE KKR STZ HSY BRK-B   US 10-Q/10-K  USD   TTM = quarters since last 10-K
                                                  + Q4 derived (annual − 9M YTD).
                                                  Fixed 2026-06-30 (commit 973b985):
                                                  naive 4-quarter sum used to run
                                                  before the Q4-derivation path and
                                                  silently skipped the real Q4 (never
                                                  filed as its own 10-Q), substituting
                                                  a stale year-ago quarter instead.
                                                  KKR 1.56→2.93, BRK-B 26.83→33.59,
                                                  V 11.18→11.47, ERIE 12.37→10.93,
                                                  STZ 11.82→9.61, HSY 4.90→5.37 — all
                                                  now match yfinance.
  ARM ASML CCEP FER PDD      20-F          —      annual only (no 10-Q filed; not
                                                  affected by the bug above). ASML/
                                                  CCEP/FER convert EUR→USD via daily
                                                  ECB rate; PDD uses
                                                  EarningsPerShareBasicAndDiluted.
  NBIS                       6-K           USD    annual only (foreign private issuer,
                                                  furnishes 6-K instead of 10-Q).
  Diffs vs YF expected: foreign EPS is annual-only (no TTM); FX rate differs by fetch time.

EPS / PE — null (still unavailable):
  ARES TRI    Filed Form 25-NSE May 2026 — being removed from exchange listing.
              Will drop out of S&P 500 / Nasdaq-100 universe on next rebalance.
  FDXF        FedEx Freight spinoff (2026-06); only 8-K/Form 4 filed so far, no
              10-Q/10-K yet — EPS unavailable until first quarterly filing.

EPS / PE — TTM window vs YF annual anchor:
  Large diffs (e.g. CI 23.61 vs YF 113.71) often mean YF is anchored to an older
  annual 10-K that included a one-time gain/charge now outside our rolling TTM.
  Our TTM = sum of 4 most recent quarters from EDGAR 10-Q/10-K filings.
  YF trailingEps sources from data vendors and may reflect a different period.

MKTCAP — shares outstanding overrides (SHARES_OUTSTANDING_OVERRIDE, our side intentional):
  IBKR   1,697,000,000  (Class A 445M + IBG LLC membership units; EDGAR under-reports)
  BX     1,222,000,000  (Class A 742M + Blackstone Holdings LP units)
  DVN    1,153,000,000  (Coterra merger May 2026 doubled shares; EDGAR XBRL lags until Q2 2026 10-Q ~Aug 2026)
  CVNA   shares × 5    (5-for-1 split May 2026; EDGAR pre-split ~219M Class A; heals after Q2 2026 10-Q ~Aug 2026)
  KLAC   shares × 10   (10-for-1 split Jun 2026; EDGAR pre-split ~130.6M; heals after Q2 2026 10-Q ~Aug 2026)
  DD     shares ÷ 3    (1-for-3 reverse split Jun 2026; EDGAR pre-split ~410M; heals after Q2 2026 10-Q ~Aug 2026)

VOLUME — systematic offset:
  Tiingo EOD volume includes extended-hours (pre/after market).
  YF typically reports regular-session only. Expect ours ~1.5-2x YF across the board.
============================================================

------------------------------------------------------------
PRICE  -- 0 flagged (>10%)
  TOP 10 LARGEST DIFF:
    DPZ      ours=297.62  yf=297.62  diff=0.0%
    A        ours=167.78  yf=167.78  diff=0.0%
    AAPL     ours=333.69  yf=333.69  diff=0.0%
    ABBV     ours=262.82  yf=262.82  diff=0.0%
    ABNB     ours=162.43  yf=162.43  diff=0.0%
    ABT      ours=97.50  yf=97.50  diff=0.0%
    ACGL     ours=93.60  yf=93.60  diff=0.0%
    ACN      ours=198.90  yf=198.90  diff=0.0%
    ADBE     ours=237.69  yf=237.69  diff=0.0%
    ADI      ours=417.15  yf=417.15  diff=0.0%

------------------------------------------------------------
VOLUME  -- 0 flagged (>10%)
  TOP 10 LARGEST DIFF:
    MTD      ours=0.13  yf=0.13  diff=3.6%
    ERIE     ours=0.14  yf=0.14  diff=2.4%
    NVR      ours=0.04  yf=0.04  diff=1.8%
    NDSN     ours=0.32  yf=0.32  diff=1.5%
    FIX      ours=0.28  yf=0.28  diff=1.4%
    GL       ours=0.30  yf=0.30  diff=1.4%
    MELI     ours=0.38  yf=0.38  diff=1.1%
    LII      ours=0.50  yf=0.50  diff=1.0%
    MSCI     ours=0.48  yf=0.48  diff=0.9%
    PH       ours=0.34  yf=0.34  diff=0.9%

------------------------------------------------------------
MKTCAP  -- 10 flagged (>10%)
  FLAGGED (top 10 of 10):
    VMRK     ours=$22.42B  yf=$46.26B  diff=51.5% ***
    MNST     ours=$42.06B  yf=$84.12B  diff=50.0% ***
    APH      ours=$107.22B  yf=$214.44B  diff=50.0% ***
    MLM      ours=$28.97B  yf=$34.25B  diff=15.4% ***
    SPG      ours=$65.02B  yf=$76.29B  diff=14.8% ***
    UDR      ours=$10.81B  yf=$12.33B  diff=12.3% ***
    BXP      ours=$9.65B  yf=$10.93B  diff=11.7% ***
    ERIE     ours=$10.21B  yf=$11.56B  diff=11.7% ***
    PCG      ours=$33.02B  yf=$36.99B  diff=10.7% ***
    WDAY     ours=$49.63B  yf=$44.86B  diff=10.6% ***
  TOP 10 LARGEST DIFF:
    VMRK     ours=$22.42B  yf=$46.26B  diff=51.5% ***
    MNST     ours=$42.06B  yf=$84.12B  diff=50.0% ***
    APH      ours=$107.22B  yf=$214.44B  diff=50.0% ***
    MLM      ours=$28.97B  yf=$34.25B  diff=15.4% ***
    SPG      ours=$65.02B  yf=$76.29B  diff=14.8% ***
    UDR      ours=$10.81B  yf=$12.33B  diff=12.3% ***
    BXP      ours=$9.65B  yf=$10.93B  diff=11.7% ***
    ERIE     ours=$10.21B  yf=$11.56B  diff=11.7% ***
    PCG      ours=$33.02B  yf=$36.99B  diff=10.7% ***
    WDAY     ours=$49.63B  yf=$44.86B  diff=10.6% ***

------------------------------------------------------------
PE  -- 49 flagged (>10%)
  FLAGGED (top 20 of 49):
    TPL      ours=347.130  yf=43.392  diff=700.0% ***
    DD       ours=152.920  yf=55.785  diff=174.1% ***
    APTV     ours=41.470  yf=19.701  diff=110.5% ***
    CRWD     ours=1227.450  yf=9001.334  diff=86.4% ***
    BDX      ours=53.250  yf=30.535  diff=74.4% ***
    BKNG     ours=30.010  yf=17.649  diff=70.0% ***
    MU       ours=24.330  yf=14.469  diff=68.2% ***
    MLM      ours=11.850  yf=31.357  diff=62.2% ***
    MNST     ours=19.880  yf=39.759  diff=50.0% ***
    APH      ours=21.790  yf=43.480  diff=49.9% ***
    ALNY     ours=56.630  yf=38.346  diff=47.7% ***
    OXY      ours=8.990  yf=17.133  diff=47.5% ***
    DLR      ours=47.360  yf=87.098  diff=45.6% ***
    TXT      ours=8.770  yf=14.550  diff=39.7% ***
    BIIB     ours=23.640  yf=39.125  diff=39.6% ***
    JCI      ours=28.250  yf=44.011  diff=35.8% ***
    MDLZ     ours=28.810  yf=21.315  diff=35.2% ***
    C        ours=18.380  yf=13.847  diff=32.7% ***
    FER      ours=38.540  yf=56.463  diff=31.7% ***
    LEN      ours=10.770  yf=15.030  diff=28.3% ***
  TOP 10 LARGEST DIFF:
    TPL      ours=347.130  yf=43.392  diff=700.0% ***
    DD       ours=152.920  yf=55.785  diff=174.1% ***
    APTV     ours=41.470  yf=19.701  diff=110.5% ***
    CRWD     ours=1227.450  yf=9001.334  diff=86.4% ***
    BDX      ours=53.250  yf=30.535  diff=74.4% ***
    BKNG     ours=30.010  yf=17.649  diff=70.0% ***
    MU       ours=24.330  yf=14.469  diff=68.2% ***
    MLM      ours=11.850  yf=31.357  diff=62.2% ***
    MNST     ours=19.880  yf=39.759  diff=50.0% ***
    APH      ours=21.790  yf=43.480  diff=49.9% ***

------------------------------------------------------------
EPS  -- 59 flagged (>10%)
  FLAGGED (top 20 of 59):
    PSKY     ours=-0.300  yf=0.030  diff=1100.0% ***
    CRWD     ours=0.220  yf=0.030  diff=633.3% ***
    NBIS     ours=0.330  yf=-0.070  diff=571.4% ***
    NFLX     ours=-9.240  yf=3.180  diff=390.6% ***
    GPN      ours=-2.970  yf=2.070  diff=243.5% ***
    NOW      ours=-1.620  yf=1.600  diff=201.3% ***
    OMC      ours=-0.370  yf=0.370  diff=200.0% ***
    MLM      ours=40.700  yf=15.380  diff=164.6% ***
    IFF      ours=1.140  yf=-3.090  diff=136.9% ***
    DOW      ours=-4.000  yf=-1.830  diff=118.6% ***
    BE       ours=-0.040  yf=0.780  diff=105.1% ***
    MNST     ours=2.160  yf=1.080  diff=100.0% ***
    APH      ours=3.990  yf=2.000  diff=99.5% ***
    OXY      ours=6.460  yf=3.390  diff=90.6% ***
    TPL      ours=0.980  yf=7.840  diff=87.5% ***
    DLR      ours=3.770  yf=2.050  diff=83.9% ***
    TXT      ours=8.810  yf=5.310  diff=65.9% ***
    BIIB     ours=9.300  yf=5.620  diff=65.5% ***
    DD       ours=0.850  yf=2.330  diff=63.5% ***
    JCI      ours=5.530  yf=3.550  diff=55.8% ***
  TOP 10 LARGEST DIFF:
    PSKY     ours=-0.300  yf=0.030  diff=1100.0% ***
    CRWD     ours=0.220  yf=0.030  diff=633.3% ***
    NBIS     ours=0.330  yf=-0.070  diff=571.4% ***
    NFLX     ours=-9.240  yf=3.180  diff=390.6% ***
    GPN      ours=-2.970  yf=2.070  diff=243.5% ***
    NOW      ours=-1.620  yf=1.600  diff=201.3% ***
    OMC      ours=-0.370  yf=0.370  diff=200.0% ***
    MLM      ours=40.700  yf=15.380  diff=164.6% ***
    IFF      ours=1.140  yf=-3.090  diff=136.9% ***
    DOW      ours=-4.000  yf=-1.830  diff=118.6% ***
