Tiingo vs yfinance comparison — 2026-06-10
Threshold: >10% for all metrics
296 flagged diffs above threshold

============================================================
KNOWN EXPECTED DIFFERENCES (not bugs)
============================================================

EPS / PE — hardcoded adjustments (our side intentional):
  BRK-B   EDGAR EPS ÷ 1500  (Class A→B conversion)
  BKNG    EDGAR EPS ÷ 25    (25-for-1 split Apr 2026; auto-disables after Q2 2026 10-Q)
  CVNA    EDGAR EPS ÷ 5     (5-for-1 split May 2026; auto-disables after Q2 2026 10-Q)

EPS / PE — inline XBRL fallback (company_facts has no data; we parse filing HTML):
  V                    US 10-Q/10-K  USD        EPS ~11.18
  ERIE KKR STZ ARM     US 10-Q/10-K  USD        populated via fallback
  ASML CCEP FER        20-F          EUR→USD    converted via daily ECB rate
  PDD                  20-F          CNY→USD    converted via daily ECB rate
  Diffs vs YF expected: foreign EPS is annual-only (no TTM); FX rate differs by fetch time.

EPS / PE — null (still unavailable):
  ARES TRI    Filed Form 25-NSE May 2026 — being removed from exchange listing.
              Will drop out of S&P 500 / Nasdaq-100 universe on next rebalance.

EPS / PE — TTM window vs YF annual anchor:
  Large diffs (e.g. CI 23.61 vs YF 113.71) often mean YF is anchored to an older
  annual 10-K that included a one-time gain/charge now outside our rolling TTM.
  Our TTM = sum of 4 most recent quarters from EDGAR 10-Q/10-K filings.
  YF trailingEps sources from data vendors and may reflect a different period.

MKTCAP — shares outstanding overrides (our side intentional):
  BX     1,222,000,000  (Class A 742M + Holdings LP units; EDGAR under-reports)
  IBKR   1,697,000,000  (public Class A + IBG LLC membership units ~75%)
  DD       405,000,000  (post-restructuring; verify against IR)
  DVN    1,153,000,000  (~2x EDGAR reported; verify against IR)

VOLUME — systematic offset:
  Tiingo EOD volume includes extended-hours (pre/after market).
  YF typically reports regular-session only. Expect ours ~1.5-2x YF across the board.
============================================================

------------------------------------------------------------
PRICE  -- 0 flagged (>10%)
  TOP 10 LARGEST DIFF:
    CHRW     ours=185.00  yf=185.00  diff=0.0%
    A        ours=131.62  yf=131.62  diff=0.0%
    AAPL     ours=291.58  yf=291.58  diff=0.0%
    ABBV     ours=224.95  yf=224.95  diff=0.0%
    ABNB     ours=129.10  yf=129.10  diff=0.0%
    ABT      ours=89.17  yf=89.17  diff=0.0%
    ACGL     ours=91.31  yf=91.31  diff=0.0%
    ACN      ours=170.50  yf=170.50  diff=0.0%
    ADBE     ours=233.38  yf=233.38  diff=0.0%
    ADI      ours=392.67  yf=392.67  diff=0.0%

------------------------------------------------------------
VOLUME  -- 224 flagged (>10%)
  FLAGGED (top 20 of 224):
    RJF      ours=1.24  yf=0.60  diff=106.5% ***
    PNW      ours=1.30  yf=0.71  diff=83.0% ***
    BBY      ours=4.74  yf=2.71  diff=75.0% ***
    OTIS     ours=4.35  yf=2.64  diff=64.6% ***
    SRE      ours=3.11  yf=1.92  diff=61.8% ***
    PPL      ours=9.27  yf=5.86  diff=58.3% ***
    ES       ours=3.98  yf=2.53  diff=57.1% ***
    LVS      ours=3.27  yf=2.09  diff=56.3% ***
    NSC      ours=0.77  yf=0.49  diff=56.0% ***
    JBL      ours=0.90  yf=0.59  diff=53.5% ***
    ICE      ours=3.06  yf=2.01  diff=52.0% ***
    L        ours=0.52  yf=0.34  diff=51.4% ***
    ED       ours=2.36  yf=1.57  diff=50.8% ***
    AVY      ours=1.02  yf=0.68  diff=50.0% ***
    INVH     ours=5.43  yf=3.63  diff=49.7% ***
    EIX      ours=1.89  yf=1.27  diff=49.2% ***
    J        ours=1.66  yf=1.11  diff=49.1% ***
    GDDY     ours=1.77  yf=1.19  diff=48.8% ***
    CTVA     ours=4.35  yf=2.93  diff=48.7% ***
    HII      ours=0.30  yf=0.20  diff=47.0% ***
  TOP 10 LARGEST DIFF:
    RJF      ours=1.24  yf=0.60  diff=106.5% ***
    PNW      ours=1.30  yf=0.71  diff=83.0% ***
    BBY      ours=4.74  yf=2.71  diff=75.0% ***
    OTIS     ours=4.35  yf=2.64  diff=64.6% ***
    SRE      ours=3.11  yf=1.92  diff=61.8% ***
    PPL      ours=9.27  yf=5.86  diff=58.3% ***
    ES       ours=3.98  yf=2.53  diff=57.1% ***
    LVS      ours=3.27  yf=2.09  diff=56.3% ***
    NSC      ours=0.77  yf=0.49  diff=56.0% ***
    JBL      ours=0.90  yf=0.59  diff=53.5% ***

------------------------------------------------------------
MKTCAP  -- 8 flagged (>10%)
  FLAGGED (top 8 of 8):
    FDX      ours=$94.53B  yf=$76.18B  diff=24.1% ***
    PCG      ours=$44.81B  yf=$36.82B  diff=21.7% ***
    CHTR     ours=$16.95B  yf=$21.59B  diff=21.5% ***
    SPG      ours=$69.01B  yf=$80.87B  diff=14.7% ***
    UDR      ours=$12.78B  yf=$14.57B  diff=12.3% ***
    ERIE     ours=$10.71B  yf=$12.13B  diff=11.7% ***
    BXP      ours=$10.44B  yf=$11.68B  diff=10.6% ***
    CCL      ours=$32.20B  yf=$36.00B  diff=10.6% ***
  TOP 10 LARGEST DIFF:
    FDX      ours=$94.53B  yf=$76.18B  diff=24.1% ***
    PCG      ours=$44.81B  yf=$36.82B  diff=21.7% ***
    CHTR     ours=$16.95B  yf=$21.59B  diff=21.5% ***
    SPG      ours=$69.01B  yf=$80.87B  diff=14.7% ***
    UDR      ours=$12.78B  yf=$14.57B  diff=12.3% ***
    ERIE     ours=$10.71B  yf=$12.13B  diff=11.7% ***
    BXP      ours=$10.44B  yf=$11.68B  diff=10.6% ***
    CCL      ours=$32.20B  yf=$36.00B  diff=10.6% ***
    ACN      ours=$113.41B  yf=$104.93B  diff=8.1%
    WDAY     ours=$36.64B  yf=$33.95B  diff=7.9%

------------------------------------------------------------
PE  -- 27 flagged (>10%)
  FLAGGED (top 20 of 27):
    PDD      ours=53.840  yf=8.577  diff=527.8% ***
    CI       ours=12.530  yf=2.601  diff=381.7% ***
    TPL      ours=98.730  yf=51.395  diff=92.1% ***
    KKR      ours=60.910  yf=32.320  diff=88.5% ***
    OXY      ours=14.380  yf=77.162  diff=81.4% ***
    ALNY     ours=128.290  yf=72.987  diff=75.8% ***
    MLM      ours=13.180  yf=34.619  diff=61.9% ***
    NWSA     ours=13.480  yf=34.139  diff=60.5% ***
    NWS      ours=15.450  yf=39.114  diff=60.5% ***
    BDX      ours=37.420  yf=25.792  diff=45.1% ***
    JCI      ours=25.200  yf=42.618  diff=40.9% ***
    TXT      ours=11.140  yf=17.429  diff=36.1% ***
    HAL      ours=29.210  yf=21.950  diff=33.1% ***
    ASML     ours=75.340  yf=58.058  diff=29.8% ***
    BRK-B    ours=18.030  yf=14.391  diff=25.3% ***
    LEN      ours=9.900  yf=12.928  diff=23.4% ***
    AMCR     ours=36.950  yf=30.536  diff=21.0% ***
    WEC      ours=18.070  yf=22.848  diff=20.9% ***
    BKNG     ours=25.520  yf=21.193  diff=20.4% ***
    KMB      ours=15.950  yf=19.648  diff=18.8% ***
  TOP 10 LARGEST DIFF:
    PDD      ours=53.840  yf=8.577  diff=527.8% ***
    CI       ours=12.530  yf=2.601  diff=381.7% ***
    TPL      ours=98.730  yf=51.395  diff=92.1% ***
    KKR      ours=60.910  yf=32.320  diff=88.5% ***
    OXY      ours=14.380  yf=77.162  diff=81.4% ***
    ALNY     ours=128.290  yf=72.987  diff=75.8% ***
    MLM      ours=13.180  yf=34.619  diff=61.9% ***
    NWSA     ours=13.480  yf=34.139  diff=60.5% ***
    NWS      ours=15.450  yf=39.114  diff=60.5% ***
    BDX      ours=37.420  yf=25.792  diff=45.1% ***

------------------------------------------------------------
EPS  -- 37 flagged (>10%)
  FLAGGED (top 20 of 37):
    PSKY     ours=-0.700  yf=0.030  diff=2433.3% ***
    OXY      ours=3.970  yf=0.740  diff=436.5% ***
    NFLX     ours=-2.850  yf=3.100  diff=191.9% ***
    GPN      ours=-2.030  yf=2.720  diff=174.6% ***
    MLM      ours=41.960  yf=15.970  diff=162.7% ***
    NWS      ours=2.000  yf=0.790  diff=153.2% ***
    NWSA     ours=2.000  yf=0.790  diff=153.2% ***
    DD       ours=-0.060  yf=0.380  diff=115.8% ***
    NOW      ours=-0.070  yf=1.680  diff=104.2% ***
    SJM      ours=-1.300  yf=-11.790  diff=89.0% ***
    PDD      ours=1.520  yf=9.540  diff=84.1% ***
    CI       ours=23.610  yf=113.720  diff=79.2% ***
    JCI      ours=5.530  yf=3.270  diff=69.1% ***
    TXT      ours=8.200  yf=5.240  diff=56.5% ***
    TPL      ours=3.800  yf=7.300  diff=47.9% ***
    KKR      ours=1.560  yf=2.940  diff=46.9% ***
    ALNY     ours=2.270  yf=3.990  diff=43.1% ***
    BDX      ours=3.950  yf=5.730  diff=31.1% ***
    LEN      ours=9.080  yf=6.950  diff=30.6% ***
    WEC      ours=6.310  yf=4.990  diff=26.5% ***
  TOP 10 LARGEST DIFF:
    PSKY     ours=-0.700  yf=0.030  diff=2433.3% ***
    OXY      ours=3.970  yf=0.740  diff=436.5% ***
    NFLX     ours=-2.850  yf=3.100  diff=191.9% ***
    GPN      ours=-2.030  yf=2.720  diff=174.6% ***
    MLM      ours=41.960  yf=15.970  diff=162.7% ***
    NWS      ours=2.000  yf=0.790  diff=153.2% ***
    NWSA     ours=2.000  yf=0.790  diff=153.2% ***
    DD       ours=-0.060  yf=0.380  diff=115.8% ***
    NOW      ours=-0.070  yf=1.680  diff=104.2% ***
    SJM      ours=-1.300  yf=-11.790  diff=89.0% ***
