Tiingo vs yfinance comparison — 2026-09-23
Threshold: >10% for all metrics
111 flagged diffs above threshold

============================================================
KNOWN EXPECTED DIFFERENCES (not bugs)
============================================================

EPS / PE — hardcoded adjustments (our side intentional):
  BRK-B   EDGAR EPS ÷ 1500  (Class A→B conversion)
  BKNG    EDGAR EPS ÷ 25    (25-for-1 split Apr 2026; auto-disables after Q2 2026 10-Q)
  CVNA    EDGAR EPS ÷ 5     (5-for-1 split May 2026; auto-disables after Q2 2026 10-Q)
  KLAC    EDGAR EPS ÷ 10    (10-for-1 split Jun 2026; auto-disables after Q2 2026 10-Q)
  DD      EDGAR EPS × 3     (1-for-3 reverse split Jun 2026; pre-split EPS ~-0.07; auto-disables when EDGAR EPS abs > 0.20 after Q2 2026 10-Q)
  HON     EDGAR EPS × 2     (1-for-2 reverse split Jun 29 2026; pre-split EPS ~$3.21; auto-disables when EDGAR EPS abs > 4.0 after Q2/Q3 2026 10-Q)

EPS / PE — inline XBRL fallback (company_facts has no data; we parse filing HTML):
  V ERIE KKR STZ HSY BRK-B   US 10-Q/10-K  USD   TTM = quarters since last 10-K
                                                  + Q4 derived (annual − 9M YTD).
                                                  Fixed 2026-06-30 (commit 973b985):
                                                  naive 4-quarter sum used to run
                                                  before the Q4-derivation path and
                                                  silently skipped the real Q4 (never
                                                  filed as its own 10-Q), substituting
                                                  a stale year-ago quarter instead.
                                                  KKR 1.56→2.93, BRK-B 26.83→33.59,
                                                  V 11.18→11.47, ERIE 12.37→10.93,
                                                  STZ 11.82→9.61, HSY 4.90→5.37 — all
                                                  now match yfinance.
  ARM ASML CCEP FER PDD      20-F          —      annual only (no 10-Q filed; not
                                                  affected by the bug above). ASML/
                                                  CCEP/FER convert EUR→USD via daily
                                                  ECB rate; PDD uses
                                                  EarningsPerShareBasicAndDiluted.
  NBIS                       6-K           USD    annual only (foreign private issuer,
                                                  furnishes 6-K instead of 10-Q).
  Diffs vs YF expected: foreign EPS is annual-only (no TTM); FX rate differs by fetch time.

EPS / PE — null (still unavailable):
  ARES TRI    Filed Form 25-NSE May 2026 — being removed from exchange listing.
              Will drop out of S&P 500 / Nasdaq-100 universe on next rebalance.
  FDXF        FedEx Freight spinoff (2026-06); only 8-K/Form 4 filed so far, no
              10-Q/10-K yet — EPS unavailable until first quarterly filing.

EPS / PE — TTM window vs YF annual anchor:
  Large diffs (e.g. CI 23.61 vs YF 113.71) often mean YF is anchored to an older
  annual 10-K that included a one-time gain/charge now outside our rolling TTM.
  Our TTM = sum of 4 most recent quarters from EDGAR 10-Q/10-K filings.
  YF trailingEps sources from data vendors and may reflect a different period.

MKTCAP — shares outstanding overrides (SHARES_OUTSTANDING_OVERRIDE, our side intentional):
  IBKR   1,697,000,000  (Class A 445M + IBG LLC membership units; EDGAR under-reports)
  BX     1,222,000,000  (Class A 742M + Blackstone Holdings LP units)
  DVN    1,153,000,000  (Coterra merger May 2026 doubled shares; EDGAR XBRL lags until Q2 2026 10-Q ~Aug 2026)
  CVNA   shares × 5    (5-for-1 split May 2026; EDGAR pre-split ~219M Class A; heals after Q2 2026 10-Q ~Aug 2026)
  KLAC   shares × 10   (10-for-1 split Jun 2026; EDGAR pre-split ~130.6M; heals after Q2 2026 10-Q ~Aug 2026)
  DD     shares ÷ 3    (1-for-3 reverse split Jun 2026; EDGAR pre-split ~410M; heals after Q2 2026 10-Q ~Aug 2026)

VOLUME — systematic offset:
  Tiingo EOD volume includes extended-hours (pre/after market).
  YF typically reports regular-session only. Expect ours ~1.5-2x YF across the board.
============================================================

------------------------------------------------------------
PRICE  -- 0 flagged (>10%)
  TOP 10 LARGEST DIFF:
    CPRT     ours=28.86  yf=28.86  diff=0.0%
    A        ours=165.32  yf=165.32  diff=0.0%
    AAPL     ours=337.02  yf=337.02  diff=0.0%
    ABBV     ours=265.08  yf=265.08  diff=0.0%
    ABNB     ours=149.58  yf=149.58  diff=0.0%
    ABT      ours=103.49  yf=103.49  diff=0.0%
    ACGL     ours=95.16  yf=95.16  diff=0.0%
    ACN      ours=183.52  yf=183.52  diff=0.0%
    ADBE     ours=240.69  yf=240.69  diff=0.0%
    ADI      ours=385.23  yf=385.23  diff=0.0%

------------------------------------------------------------
VOLUME  -- 0 flagged (>10%)
  TOP 10 LARGEST DIFF:
    NVR      ours=0.03  yf=0.03  diff=7.9%
    SNA      ours=0.21  yf=0.21  diff=2.3%
    FIX      ours=0.23  yf=0.23  diff=1.7%
    EG       ours=0.29  yf=0.29  diff=1.5%
    ERIE     ours=0.20  yf=0.20  diff=1.4%
    IDXX     ours=0.35  yf=0.35  diff=1.3%
    TDG      ours=0.29  yf=0.29  diff=1.2%
    GL       ours=0.45  yf=0.45  diff=1.0%
    URI      ours=0.41  yf=0.41  diff=1.0%
    GWW      ours=0.31  yf=0.31  diff=0.9%

------------------------------------------------------------
MKTCAP  -- 10 flagged (>10%)
  FLAGGED (top 10 of 10):
    VMRK     ours=$22.98B  yf=$47.42B  diff=51.5% ***
    MNST     ours=$43.01B  yf=$86.02B  diff=50.0% ***
    APH      ours=$101.34B  yf=$202.68B  diff=50.0% ***
    MLM      ours=$29.46B  yf=$34.83B  diff=15.4% ***
    SPG      ours=$66.06B  yf=$77.50B  diff=14.8% ***
    UDR      ours=$10.98B  yf=$12.52B  diff=12.3% ***
    BXP      ours=$9.96B  yf=$11.28B  diff=11.7% ***
    ERIE     ours=$10.43B  yf=$11.81B  diff=11.7% ***
    PCG      ours=$33.26B  yf=$37.26B  diff=10.7% ***
    WDAY     ours=$51.30B  yf=$46.36B  diff=10.6% ***
  TOP 10 LARGEST DIFF:
    VMRK     ours=$22.98B  yf=$47.42B  diff=51.5% ***
    MNST     ours=$43.01B  yf=$86.02B  diff=50.0% ***
    APH      ours=$101.34B  yf=$202.68B  diff=50.0% ***
    MLM      ours=$29.46B  yf=$34.83B  diff=15.4% ***
    SPG      ours=$66.06B  yf=$77.50B  diff=14.8% ***
    UDR      ours=$10.98B  yf=$12.52B  diff=12.3% ***
    BXP      ours=$9.96B  yf=$11.28B  diff=11.7% ***
    ERIE     ours=$10.43B  yf=$11.81B  diff=11.7% ***
    PCG      ours=$33.26B  yf=$37.26B  diff=10.7% ***
    WDAY     ours=$51.30B  yf=$46.36B  diff=10.6% ***

------------------------------------------------------------
PE  -- 46 flagged (>10%)
  FLAGGED (top 20 of 46):
    TPL      ours=342.590  yf=42.769  diff=701.0% ***
    DD       ours=153.980  yf=56.172  diff=174.1% ***
    APTV     ours=43.020  yf=19.987  diff=115.2% ***
    CRWD     ours=1193.140  yf=8749.667  diff=86.4% ***
    BDX      ours=54.980  yf=31.578  diff=74.1% ***
    BKNG     ours=29.420  yf=17.322  diff=69.8% ***
    MLM      ours=12.050  yf=31.889  diff=62.2% ***
    MNST     ours=20.330  yf=40.657  diff=50.0% ***
    APH      ours=20.600  yf=41.095  diff=49.9% ***
    ALNY     ours=63.530  yf=42.946  diff=47.9% ***
    OXY      ours=8.880  yf=16.920  diff=47.5% ***
    DLR      ours=48.130  yf=88.946  diff=45.9% ***
    TXT      ours=8.720  yf=14.465  diff=39.7% ***
    BIIB     ours=24.470  yf=39.297  diff=37.7% ***
    JCI      ours=26.380  yf=41.215  diff=36.0% ***
    MDLZ     ours=30.420  yf=22.505  diff=35.2% ***
    LEN      ours=9.580  yf=14.531  diff=34.1% ***
    C        ours=18.870  yf=14.201  diff=32.9% ***
    FER      ours=39.070  yf=57.583  diff=32.2% ***
    CCI      ours=35.650  yf=28.665  diff=24.4% ***
  TOP 10 LARGEST DIFF:
    TPL      ours=342.590  yf=42.769  diff=701.0% ***
    DD       ours=153.980  yf=56.172  diff=174.1% ***
    APTV     ours=43.020  yf=19.987  diff=115.2% ***
    CRWD     ours=1193.140  yf=8749.667  diff=86.4% ***
    BDX      ours=54.980  yf=31.578  diff=74.1% ***
    BKNG     ours=29.420  yf=17.322  diff=69.8% ***
    MLM      ours=12.050  yf=31.889  diff=62.2% ***
    MNST     ours=20.330  yf=40.657  diff=50.0% ***
    APH      ours=20.600  yf=41.095  diff=49.9% ***
    ALNY     ours=63.530  yf=42.946  diff=47.9% ***

------------------------------------------------------------
EPS  -- 55 flagged (>10%)
  FLAGGED (top 20 of 55):
    PSKY     ours=-0.300  yf=0.030  diff=1100.0% ***
    GIS      ours=-1.640  yf=-0.160  diff=925.0% ***
    CRWD     ours=0.220  yf=0.030  diff=633.3% ***
    NBIS     ours=0.330  yf=-0.070  diff=571.4% ***
    NFLX     ours=-9.240  yf=3.180  diff=390.6% ***
    GPN      ours=-2.970  yf=2.090  diff=242.1% ***
    NOW      ours=-1.620  yf=1.590  diff=201.9% ***
    OMC      ours=-0.370  yf=0.370  diff=200.0% ***
    MLM      ours=40.700  yf=15.380  diff=164.6% ***
    IFF      ours=1.140  yf=-3.170  diff=136.0% ***
    DOW      ours=-4.000  yf=-1.820  diff=119.8% ***
    BE       ours=-0.040  yf=0.760  diff=105.3% ***
    MNST     ours=2.160  yf=1.080  diff=100.0% ***
    APH      ours=3.990  yf=2.000  diff=99.5% ***
    OXY      ours=6.460  yf=3.390  diff=90.6% ***
    TPL      ours=0.980  yf=7.850  diff=87.5% ***
    DLR      ours=3.770  yf=2.040  diff=84.8% ***
    TXT      ours=8.810  yf=5.310  diff=65.9% ***
    DD       ours=0.850  yf=2.330  diff=63.5% ***
    BIIB     ours=9.300  yf=5.790  diff=60.6% ***
  TOP 10 LARGEST DIFF:
    PSKY     ours=-0.300  yf=0.030  diff=1100.0% ***
    GIS      ours=-1.640  yf=-0.160  diff=925.0% ***
    CRWD     ours=0.220  yf=0.030  diff=633.3% ***
    NBIS     ours=0.330  yf=-0.070  diff=571.4% ***
    NFLX     ours=-9.240  yf=3.180  diff=390.6% ***
    GPN      ours=-2.970  yf=2.090  diff=242.1% ***
    NOW      ours=-1.620  yf=1.590  diff=201.9% ***
    OMC      ours=-0.370  yf=0.370  diff=200.0% ***
    MLM      ours=40.700  yf=15.380  diff=164.6% ***
    IFF      ours=1.140  yf=-3.170  diff=136.0% ***
