Tiingo vs yfinance comparison — 2026-06-11
Threshold: >10% for all metrics
585 flagged diffs above threshold

============================================================
KNOWN EXPECTED DIFFERENCES (not bugs)
============================================================

EPS / PE — hardcoded adjustments (our side intentional):
  BRK-B   EDGAR EPS ÷ 1500  (Class A→B conversion)
  BKNG    EDGAR EPS ÷ 25    (25-for-1 split Apr 2026; auto-disables after Q2 2026 10-Q)
  CVNA    EDGAR EPS ÷ 5     (5-for-1 split May 2026; auto-disables after Q2 2026 10-Q)

EPS / PE — inline XBRL fallback (company_facts has no data; we parse filing HTML):
  V                    US 10-Q/10-K  USD        EPS ~11.18
  ERIE KKR STZ ARM     US 10-Q/10-K  USD        populated via fallback
  ASML CCEP FER        20-F          EUR→USD    converted via daily ECB rate
  PDD                  20-F          USD        EarningsPerShareBasicAndDiluted
  Diffs vs YF expected: foreign EPS is annual-only (no TTM); FX rate differs by fetch time.

EPS / PE — null (still unavailable):
  ARES TRI    Filed Form 25-NSE May 2026 — being removed from exchange listing.
              Will drop out of S&P 500 / Nasdaq-100 universe on next rebalance.

EPS / PE — TTM window vs YF annual anchor:
  Large diffs (e.g. CI 23.61 vs YF 113.71) often mean YF is anchored to an older
  annual 10-K that included a one-time gain/charge now outside our rolling TTM.
  Our TTM = sum of 4 most recent quarters from EDGAR 10-Q/10-K filings.
  YF trailingEps sources from data vendors and may reflect a different period.

MKTCAP — shares outstanding overrides (SHARES_OUTSTANDING_OVERRIDE, our side intentional):
  IBKR   1,697,000,000  (Class A 445M + IBG LLC membership units; EDGAR under-reports)
  BX     1,222,000,000  (Class A 742M + Blackstone Holdings LP units)
  DVN    1,153,000,000  (Coterra merger May 2026 doubled shares; EDGAR XBRL lags until Q2 2026 10-Q ~Aug 2026)
  CVNA   shares × 5    (5-for-1 split May 2026; EDGAR pre-split ~32M; heals after Q2 2026 10-Q ~Aug 2026)

VOLUME — systematic offset:
  Tiingo EOD volume includes extended-hours (pre/after market).
  YF typically reports regular-session only. Expect ours ~1.5-2x YF across the board.
============================================================

------------------------------------------------------------
PRICE  -- 1 flagged (>10%)
  FLAGGED (top 1 of 1):
    ORCL     ours=201.26  yf=176.06  diff=14.3% ***
  TOP 10 LARGEST DIFF:
    ORCL     ours=201.26  yf=176.06  diff=14.3% ***
    PTC      ours=135.08  yf=125.23  diff=7.9%
    SATS     ours=115.24  yf=124.80  diff=7.7%
    SNDK     ours=1643.23  yf=1769.41  diff=7.1%
    KLAC     ours=2135.64  yf=2288.43  diff=6.7%
    ALB      ours=147.22  yf=157.10  diff=6.3%
    LRCX     ours=321.80  yf=342.76  diff=6.1%
    GDDY     ours=80.28  yf=75.84  diff=5.9%
    EFX      ours=166.06  yf=157.34  diff=5.5%
    CSGP     ours=34.23  yf=32.46  diff=5.5%

------------------------------------------------------------
VOLUME  -- 512 flagged (>10%)
  FLAGGED (top 20 of 512):
    MTD      ours=0.19  yf=0.03  diff=610.8% ***
    RL       ours=0.90  yf=0.13  diff=609.8% ***
    MAA      ours=1.19  yf=0.18  diff=572.0% ***
    AOS      ours=1.94  yf=0.30  diff=557.1% ***
    BBY      ours=4.79  yf=0.74  diff=546.0% ***
    LDOS     ours=1.29  yf=0.21  diff=529.0% ***
    PFG      ours=1.57  yf=0.26  diff=506.9% ***
    JCI      ours=5.72  yf=0.95  diff=500.2% ***
    JBHT     ours=1.20  yf=0.20  diff=496.2% ***
    TDG      ours=0.31  yf=0.05  diff=484.1% ***
    FOX      ours=0.98  yf=0.17  diff=473.6% ***
    CRL      ours=0.79  yf=0.14  diff=469.9% ***
    WST      ours=0.94  yf=0.17  diff=467.0% ***
    GM       ours=11.37  yf=2.05  diff=455.7% ***
    VTR      ours=4.56  yf=0.82  diff=453.5% ***
    GRMN     ours=0.65  yf=0.12  diff=450.5% ***
    SJM      ours=2.81  yf=0.51  diff=448.8% ***
    MMM      ours=7.86  yf=1.44  diff=446.4% ***
    ODFL     ours=3.21  yf=0.59  diff=445.8% ***
    ES       ours=4.05  yf=0.74  diff=444.1% ***
  TOP 10 LARGEST DIFF:
    MTD      ours=0.19  yf=0.03  diff=610.8% ***
    RL       ours=0.90  yf=0.13  diff=609.8% ***
    MAA      ours=1.19  yf=0.18  diff=572.0% ***
    AOS      ours=1.94  yf=0.30  diff=557.1% ***
    BBY      ours=4.79  yf=0.74  diff=546.0% ***
    LDOS     ours=1.29  yf=0.21  diff=529.0% ***
    PFG      ours=1.57  yf=0.26  diff=506.9% ***
    JCI      ours=5.72  yf=0.95  diff=500.2% ***
    JBHT     ours=1.20  yf=0.20  diff=496.2% ***
    TDG      ours=0.31  yf=0.05  diff=484.1% ***

------------------------------------------------------------
MKTCAP  -- 10 flagged (>10%)
  FLAGGED (top 10 of 10):
    CVNA     ours=$14.75B  yf=$71.79B  diff=79.5% ***
    CHTR     ours=$16.95B  yf=$21.73B  diff=22.0% ***
    PCG      ours=$44.81B  yf=$37.10B  diff=20.8% ***
    SPG      ours=$69.01B  yf=$81.46B  diff=15.3% ***
    ORCL     ours=$578.83B  yf=$506.24B  diff=14.3% ***
    WDAY     ours=$36.64B  yf=$32.64B  diff=12.3% ***
    CCL      ours=$32.20B  yf=$36.42B  diff=11.6% ***
    UDR      ours=$12.78B  yf=$14.45B  diff=11.5% ***
    ERIE     ours=$10.71B  yf=$11.97B  diff=10.5% ***
    BXP      ours=$10.44B  yf=$11.63B  diff=10.2% ***
  TOP 10 LARGEST DIFF:
    CVNA     ours=$14.75B  yf=$71.79B  diff=79.5% ***
    CHTR     ours=$16.95B  yf=$21.73B  diff=22.0% ***
    PCG      ours=$44.81B  yf=$37.10B  diff=20.8% ***
    SPG      ours=$69.01B  yf=$81.46B  diff=15.3% ***
    ORCL     ours=$578.83B  yf=$506.24B  diff=14.3% ***
    WDAY     ours=$36.64B  yf=$32.64B  diff=12.3% ***
    CCL      ours=$32.20B  yf=$36.42B  diff=11.6% ***
    UDR      ours=$12.78B  yf=$14.45B  diff=11.5% ***
    ERIE     ours=$10.71B  yf=$11.97B  diff=10.5% ***
    BXP      ours=$10.44B  yf=$11.63B  diff=10.2% ***

------------------------------------------------------------
PE  -- 26 flagged (>10%)
  FLAGGED (top 20 of 26):
    TPL      ours=98.730  yf=51.034  diff=93.5% ***
    KKR      ours=60.910  yf=31.488  diff=93.4% ***
    OXY      ours=14.380  yf=77.270  diff=81.4% ***
    ALNY     ours=128.290  yf=72.945  diff=75.9% ***
    MLM      ours=13.180  yf=34.304  diff=61.6% ***
    NWSA     ours=13.480  yf=33.563  diff=59.8% ***
    NWS      ours=15.450  yf=38.247  diff=59.6% ***
    BDX      ours=37.420  yf=25.516  diff=46.7% ***
    JCI      ours=25.200  yf=42.761  diff=41.1% ***
    TXT      ours=11.140  yf=17.726  diff=37.2% ***
    HAL      ours=29.210  yf=22.119  diff=32.1% ***
    BRK-B    ours=18.030  yf=14.352  diff=25.6% ***
    LEN      ours=9.900  yf=13.076  diff=24.3% ***
    CSGP     ours=570.500  yf=463.714  diff=23.0% ***
    BKNG     ours=25.520  yf=20.906  diff=22.1% ***
    WEC      ours=18.070  yf=22.945  diff=21.2% ***
    AMCR     ours=36.950  yf=30.952  diff=19.4% ***
    STZ      ours=12.040  yf=14.843  diff=18.9% ***
    KMB      ours=15.950  yf=19.619  diff=18.7% ***
    C        ours=19.080  yf=16.686  diff=14.3% ***
  TOP 10 LARGEST DIFF:
    TPL      ours=98.730  yf=51.034  diff=93.5% ***
    KKR      ours=60.910  yf=31.488  diff=93.4% ***
    OXY      ours=14.380  yf=77.270  diff=81.4% ***
    ALNY     ours=128.290  yf=72.945  diff=75.9% ***
    MLM      ours=13.180  yf=34.304  diff=61.6% ***
    NWSA     ours=13.480  yf=33.563  diff=59.8% ***
    NWS      ours=15.450  yf=38.247  diff=59.6% ***
    BDX      ours=37.420  yf=25.516  diff=46.7% ***
    JCI      ours=25.200  yf=42.761  diff=41.1% ***
    TXT      ours=11.140  yf=17.726  diff=37.2% ***

------------------------------------------------------------
EPS  -- 36 flagged (>10%)
  FLAGGED (top 20 of 36):
    PSKY     ours=-0.700  yf=0.030  diff=2433.3% ***
    OXY      ours=3.970  yf=0.740  diff=436.5% ***
    NFLX     ours=-2.850  yf=3.100  diff=191.9% ***
    GPN      ours=-2.030  yf=2.720  diff=174.6% ***
    MLM      ours=41.960  yf=15.920  diff=163.6% ***
    NWS      ours=2.000  yf=0.790  diff=153.2% ***
    NWSA     ours=2.000  yf=0.790  diff=153.2% ***
    DD       ours=-0.060  yf=0.380  diff=115.8% ***
    NOW      ours=-0.070  yf=1.680  diff=104.2% ***
    SJM      ours=-1.300  yf=-11.790  diff=89.0% ***
    JCI      ours=5.530  yf=3.270  diff=69.1% ***
    TXT      ours=8.200  yf=5.240  diff=56.5% ***
    TPL      ours=3.800  yf=7.280  diff=47.8% ***
    KKR      ours=1.560  yf=2.940  diff=46.9% ***
    ALNY     ours=2.270  yf=3.990  diff=43.1% ***
    BDX      ours=3.950  yf=5.730  diff=31.1% ***
    LEN      ours=9.080  yf=6.950  diff=30.6% ***
    WEC      ours=6.310  yf=4.990  diff=26.5% ***
    IP       ours=-6.520  yf=-5.190  diff=25.6% ***
    HAL      ours=1.360  yf=1.810  diff=24.9% ***
  TOP 10 LARGEST DIFF:
    PSKY     ours=-0.700  yf=0.030  diff=2433.3% ***
    OXY      ours=3.970  yf=0.740  diff=436.5% ***
    NFLX     ours=-2.850  yf=3.100  diff=191.9% ***
    GPN      ours=-2.030  yf=2.720  diff=174.6% ***
    MLM      ours=41.960  yf=15.920  diff=163.6% ***
    NWS      ours=2.000  yf=0.790  diff=153.2% ***
    NWSA     ours=2.000  yf=0.790  diff=153.2% ***
    DD       ours=-0.060  yf=0.380  diff=115.8% ***
    NOW      ours=-0.070  yf=1.680  diff=104.2% ***
    SJM      ours=-1.300  yf=-11.790  diff=89.0% ***
