Tiingo vs yfinance comparison — 2026-07-18
Threshold: >10% for all metrics
313 flagged diffs above threshold

============================================================
KNOWN EXPECTED DIFFERENCES (not bugs)
============================================================

EPS / PE — hardcoded adjustments (our side intentional):
  BRK-B   EDGAR EPS ÷ 1500  (Class A→B conversion)
  BKNG    EDGAR EPS ÷ 25    (25-for-1 split Apr 2026; auto-disables after Q2 2026 10-Q)
  CVNA    EDGAR EPS ÷ 5     (5-for-1 split May 2026; auto-disables after Q2 2026 10-Q)
  KLAC    EDGAR EPS ÷ 10    (10-for-1 split Jun 2026; auto-disables after Q2 2026 10-Q)
  DD      EDGAR EPS × 3     (1-for-3 reverse split Jun 2026; pre-split EPS ~-0.07; auto-disables when EDGAR EPS abs > 0.20 after Q2 2026 10-Q)
  HON     EDGAR EPS × 2     (1-for-2 reverse split Jun 29 2026; pre-split EPS ~$3.21; auto-disables when EDGAR EPS abs > 4.0 after Q2/Q3 2026 10-Q)

EPS / PE — inline XBRL fallback (company_facts has no data; we parse filing HTML):
  V ERIE KKR STZ HSY BRK-B   US 10-Q/10-K  USD   TTM = quarters since last 10-K
                                                  + Q4 derived (annual − 9M YTD).
                                                  Fixed 2026-06-30 (commit 973b985):
                                                  naive 4-quarter sum used to run
                                                  before the Q4-derivation path and
                                                  silently skipped the real Q4 (never
                                                  filed as its own 10-Q), substituting
                                                  a stale year-ago quarter instead.
                                                  KKR 1.56→2.93, BRK-B 26.83→33.59,
                                                  V 11.18→11.47, ERIE 12.37→10.93,
                                                  STZ 11.82→9.61, HSY 4.90→5.37 — all
                                                  now match yfinance.
  ARM ASML CCEP FER PDD      20-F          —      annual only (no 10-Q filed; not
                                                  affected by the bug above). ASML/
                                                  CCEP/FER convert EUR→USD via daily
                                                  ECB rate; PDD uses
                                                  EarningsPerShareBasicAndDiluted.
  NBIS                       6-K           USD    annual only (foreign private issuer,
                                                  furnishes 6-K instead of 10-Q).
  Diffs vs YF expected: foreign EPS is annual-only (no TTM); FX rate differs by fetch time.

EPS / PE — null (still unavailable):
  ARES TRI    Filed Form 25-NSE May 2026 — being removed from exchange listing.
              Will drop out of S&P 500 / Nasdaq-100 universe on next rebalance.
  FDXF        FedEx Freight spinoff (2026-06); only 8-K/Form 4 filed so far, no
              10-Q/10-K yet — EPS unavailable until first quarterly filing.

EPS / PE — TTM window vs YF annual anchor:
  Large diffs (e.g. CI 23.61 vs YF 113.71) often mean YF is anchored to an older
  annual 10-K that included a one-time gain/charge now outside our rolling TTM.
  Our TTM = sum of 4 most recent quarters from EDGAR 10-Q/10-K filings.
  YF trailingEps sources from data vendors and may reflect a different period.

MKTCAP — shares outstanding overrides (SHARES_OUTSTANDING_OVERRIDE, our side intentional):
  IBKR   1,697,000,000  (Class A 445M + IBG LLC membership units; EDGAR under-reports)
  BX     1,222,000,000  (Class A 742M + Blackstone Holdings LP units)
  DVN    1,153,000,000  (Coterra merger May 2026 doubled shares; EDGAR XBRL lags until Q2 2026 10-Q ~Aug 2026)
  CVNA   shares × 5    (5-for-1 split May 2026; EDGAR pre-split ~219M Class A; heals after Q2 2026 10-Q ~Aug 2026)
  KLAC   shares × 10   (10-for-1 split Jun 2026; EDGAR pre-split ~130.6M; heals after Q2 2026 10-Q ~Aug 2026)
  DD     shares ÷ 3    (1-for-3 reverse split Jun 2026; EDGAR pre-split ~410M; heals after Q2 2026 10-Q ~Aug 2026)

VOLUME — systematic offset:
  Tiingo EOD volume includes extended-hours (pre/after market).
  YF typically reports regular-session only. Expect ours ~1.5-2x YF across the board.
============================================================

------------------------------------------------------------
PRICE  -- 0 flagged (>10%)
  TOP 10 LARGEST DIFF:
    HONA     ours=211.62  yf=211.62  diff=0.0%
    ADP      ours=255.26  yf=255.26  diff=0.0%
    TER      ours=322.36  yf=322.36  diff=0.0%
    AVGO     ours=370.82  yf=370.82  diff=0.0%
    SNPS     ours=384.27  yf=384.27  diff=0.0%
    FFIV     ours=409.10  yf=409.10  diff=0.0%
    A        ours=131.46  yf=131.46  diff=0.0%
    AAPL     ours=333.74  yf=333.74  diff=0.0%
    ABBV     ours=254.49  yf=254.49  diff=0.0%
    ABNB     ours=145.98  yf=145.98  diff=0.0%

------------------------------------------------------------
VOLUME  -- 255 flagged (>10%)
  FLAGGED (top 20 of 255):
    EME      ours=1.53  yf=0.55  diff=180.7% ***
    GRMN     ours=1.96  yf=0.77  diff=153.9% ***
    NVR      ours=0.08  yf=0.03  diff=145.4% ***
    EXPD     ours=2.73  yf=1.18  diff=131.7% ***
    MSI      ours=1.85  yf=0.82  diff=126.7% ***
    CBOE     ours=1.72  yf=0.77  diff=124.7% ***
    WSM      ours=1.75  yf=0.86  diff=102.9% ***
    HII      ours=0.95  yf=0.47  diff=101.8% ***
    GD       ours=1.28  yf=0.65  diff=96.9% ***
    SW       ours=4.81  yf=2.46  diff=95.7% ***
    MET      ours=4.02  yf=2.07  diff=94.4% ***
    FDS      ours=1.41  yf=0.73  diff=93.0% ***
    VLTO     ours=3.04  yf=1.63  diff=86.4% ***
    ES       ours=2.76  yf=1.48  diff=86.3% ***
    JCI      ours=3.40  yf=1.86  diff=82.3% ***
    RJF      ours=1.32  yf=0.73  diff=80.9% ***
    FIX      ours=1.20  yf=0.67  diff=78.7% ***
    COR      ours=2.50  yf=1.42  diff=76.7% ***
    TJX      ours=6.19  yf=3.56  diff=73.9% ***
    AXP      ours=2.65  yf=1.53  diff=73.2% ***
  TOP 10 LARGEST DIFF:
    EME      ours=1.53  yf=0.55  diff=180.7% ***
    GRMN     ours=1.96  yf=0.77  diff=153.9% ***
    NVR      ours=0.08  yf=0.03  diff=145.4% ***
    EXPD     ours=2.73  yf=1.18  diff=131.7% ***
    MSI      ours=1.85  yf=0.82  diff=126.7% ***
    CBOE     ours=1.72  yf=0.77  diff=124.7% ***
    WSM      ours=1.75  yf=0.86  diff=102.9% ***
    HII      ours=0.95  yf=0.47  diff=101.8% ***
    GD       ours=1.28  yf=0.65  diff=96.9% ***
    SW       ours=4.81  yf=2.46  diff=95.7% ***

------------------------------------------------------------
MKTCAP  -- 6 flagged (>10%)
  FLAGGED (top 6 of 6):
    PCG      ours=$46.42B  yf=$38.14B  diff=21.7% ***
    CHTR     ours=$16.16B  yf=$20.58B  diff=21.5% ***
    SPG      ours=$74.16B  yf=$86.90B  diff=14.7% ***
    UDR      ours=$12.92B  yf=$14.73B  diff=12.3% ***
    ERIE     ours=$10.50B  yf=$11.89B  diff=11.7% ***
    BXP      ours=$11.14B  yf=$12.46B  diff=10.6% ***
  TOP 10 LARGEST DIFF:
    PCG      ours=$46.42B  yf=$38.14B  diff=21.7% ***
    CHTR     ours=$16.16B  yf=$20.58B  diff=21.5% ***
    SPG      ours=$74.16B  yf=$86.90B  diff=14.7% ***
    UDR      ours=$12.92B  yf=$14.73B  diff=12.3% ***
    ERIE     ours=$10.50B  yf=$11.89B  diff=11.7% ***
    BXP      ours=$11.14B  yf=$12.46B  diff=10.6% ***
    ACN      ours=$95.83B  yf=$87.86B  diff=9.1%
    WDAY     ours=$38.59B  yf=$35.76B  diff=7.9%
    RKLB     ours=$39.14B  yf=$42.25B  diff=7.4%
    SMCI     ours=$14.54B  yf=$15.64B  diff=7.0%

------------------------------------------------------------
PE  -- 22 flagged (>10%)
  FLAGGED (top 20 of 22):
    NBIS     ours=538.520  yf=66.310  diff=712.1% ***
    OXY      ours=13.820  yf=74.135  diff=81.4% ***
    ALNY     ours=117.830  yf=70.947  diff=66.1% ***
    MLM      ours=13.420  yf=36.226  diff=63.0% ***
    NWSA     ours=14.210  yf=35.987  diff=60.5% ***
    NWS      ours=16.210  yf=41.038  diff=60.5% ***
    BDX      ours=40.040  yf=27.945  diff=43.3% ***
    JCI      ours=25.400  yf=43.352  diff=41.4% ***
    TXT      ours=11.160  yf=17.293  diff=35.5% ***
    HAL      ours=25.900  yf=19.352  diff=33.8% ***
    C        ours=18.510  yf=14.184  diff=30.5% ***
    LEN      ours=9.860  yf=13.553  diff=27.2% ***
    WEC      ours=17.960  yf=22.945  diff=21.7% ***
    KMB      ours=17.010  yf=21.080  diff=19.3% ***
    COF      ours=53.070  yf=65.418  diff=18.9% ***
    AMCR     ours=42.540  yf=36.016  diff=18.1% ***
    GS       ours=19.460  yf=16.922  diff=15.0% ***
    STT      ours=18.530  yf=16.397  diff=13.0% ***
    BKNG     ours=27.270  yf=24.321  diff=12.1% ***
    EXC      ours=15.170  yf=17.133  diff=11.5% ***
  TOP 10 LARGEST DIFF:
    NBIS     ours=538.520  yf=66.310  diff=712.1% ***
    OXY      ours=13.820  yf=74.135  diff=81.4% ***
    ALNY     ours=117.830  yf=70.947  diff=66.1% ***
    MLM      ours=13.420  yf=36.226  diff=63.0% ***
    NWSA     ours=14.210  yf=35.987  diff=60.5% ***
    NWS      ours=16.210  yf=41.038  diff=60.5% ***
    BDX      ours=40.040  yf=27.945  diff=43.3% ***
    JCI      ours=25.400  yf=43.352  diff=41.4% ***
    TXT      ours=11.160  yf=17.293  diff=35.5% ***
    HAL      ours=25.900  yf=19.352  diff=33.8% ***

------------------------------------------------------------
EPS  -- 30 flagged (>10%)
  FLAGGED (top 20 of 30):
    PSKY     ours=-0.600  yf=0.020  diff=3100.0% ***
    CRWD     ours=-0.120  yf=-0.020  diff=500.0% ***
    OXY      ours=3.970  yf=0.740  diff=436.5% ***
    NFLX     ours=-9.240  yf=2.950  diff=413.2% ***
    GPN      ours=-2.050  yf=2.630  diff=177.9% ***
    MLM      ours=41.930  yf=15.530  diff=170.0% ***
    NWS      ours=2.000  yf=0.790  diff=153.2% ***
    NWSA     ours=2.000  yf=0.790  diff=153.2% ***
    DD       ours=-0.210  yf=1.150  diff=118.3% ***
    NBIS     ours=0.330  yf=2.680  diff=87.7% ***
    JCI      ours=5.530  yf=3.240  diff=70.7% ***
    TXT      ours=8.200  yf=5.290  diff=55.0% ***
    ALNY     ours=2.270  yf=3.770  diff=39.8% ***
    LEN      ours=8.510  yf=6.190  diff=37.5% ***
    BDX      ours=3.950  yf=5.660  diff=30.2% ***
    IP       ours=-6.600  yf=-5.150  diff=28.2% ***
    WEC      ours=6.310  yf=4.940  diff=27.7% ***
    HAL      ours=1.360  yf=1.820  diff=25.3% ***
    KMB      ours=6.370  yf=5.140  diff=23.9% ***
    C        ours=6.990  yf=9.120  diff=23.4% ***
  TOP 10 LARGEST DIFF:
    PSKY     ours=-0.600  yf=0.020  diff=3100.0% ***
    CRWD     ours=-0.120  yf=-0.020  diff=500.0% ***
    OXY      ours=3.970  yf=0.740  diff=436.5% ***
    NFLX     ours=-9.240  yf=2.950  diff=413.2% ***
    GPN      ours=-2.050  yf=2.630  diff=177.9% ***
    MLM      ours=41.930  yf=15.530  diff=170.0% ***
    NWS      ours=2.000  yf=0.790  diff=153.2% ***
    NWSA     ours=2.000  yf=0.790  diff=153.2% ***
    DD       ours=-0.210  yf=1.150  diff=118.3% ***
    NBIS     ours=0.330  yf=2.680  diff=87.7% ***
