Tiingo vs yfinance comparison — 2026-06-29
Threshold: >10% for all metrics
284 flagged diffs above threshold

============================================================
KNOWN EXPECTED DIFFERENCES (not bugs)
============================================================

EPS / PE — hardcoded adjustments (our side intentional):
  BRK-B   EDGAR EPS ÷ 1500  (Class A→B conversion)
  BKNG    EDGAR EPS ÷ 25    (25-for-1 split Apr 2026; auto-disables after Q2 2026 10-Q)
  CVNA    EDGAR EPS ÷ 5     (5-for-1 split May 2026; auto-disables after Q2 2026 10-Q)
  KLAC    EDGAR EPS ÷ 10    (10-for-1 split Jun 2026; auto-disables after Q2 2026 10-Q)
  DD      EDGAR EPS × 3     (1-for-3 reverse split Jun 2026; pre-split EPS ~-0.07; auto-disables when EDGAR EPS abs > 0.20 after Q2 2026 10-Q)
  HON     EDGAR EPS × 2     (1-for-2 reverse split Jun 29 2026; pre-split EPS ~$3.21; auto-disables when EDGAR EPS abs > 4.0 after Q2/Q3 2026 10-Q)

EPS / PE — inline XBRL fallback (company_facts has no data; we parse filing HTML):
  V                    US 10-Q/10-K  USD        EPS ~11.18
  ERIE KKR STZ ARM     US 10-Q/10-K  USD        populated via fallback
  ASML CCEP FER        20-F          EUR→USD    converted via daily ECB rate
  PDD                  20-F          USD        EarningsPerShareBasicAndDiluted
  Diffs vs YF expected: foreign EPS is annual-only (no TTM); FX rate differs by fetch time.

EPS / PE — null (still unavailable):
  ARES TRI    Filed Form 25-NSE May 2026 — being removed from exchange listing.
              Will drop out of S&P 500 / Nasdaq-100 universe on next rebalance.

EPS / PE — TTM window vs YF annual anchor:
  Large diffs (e.g. CI 23.61 vs YF 113.71) often mean YF is anchored to an older
  annual 10-K that included a one-time gain/charge now outside our rolling TTM.
  Our TTM = sum of 4 most recent quarters from EDGAR 10-Q/10-K filings.
  YF trailingEps sources from data vendors and may reflect a different period.

MKTCAP — shares outstanding overrides (SHARES_OUTSTANDING_OVERRIDE, our side intentional):
  IBKR   1,697,000,000  (Class A 445M + IBG LLC membership units; EDGAR under-reports)
  BX     1,222,000,000  (Class A 742M + Blackstone Holdings LP units)
  DVN    1,153,000,000  (Coterra merger May 2026 doubled shares; EDGAR XBRL lags until Q2 2026 10-Q ~Aug 2026)
  CVNA   shares × 5    (5-for-1 split May 2026; EDGAR pre-split ~219M Class A; heals after Q2 2026 10-Q ~Aug 2026)
  KLAC   shares × 10   (10-for-1 split Jun 2026; EDGAR pre-split ~130.6M; heals after Q2 2026 10-Q ~Aug 2026)
  DD     shares ÷ 3    (1-for-3 reverse split Jun 2026; EDGAR pre-split ~410M; heals after Q2 2026 10-Q ~Aug 2026)

VOLUME — systematic offset:
  Tiingo EOD volume includes extended-hours (pre/after market).
  YF typically reports regular-session only. Expect ours ~1.5-2x YF across the board.
============================================================

------------------------------------------------------------
PRICE  -- 0 flagged (>10%)
  TOP 10 LARGEST DIFF:
    NWS      ours=28.55  yf=28.55  diff=0.0%
    NDAQ     ours=76.84  yf=76.84  diff=0.0%
    SATS     ours=103.92  yf=103.92  diff=0.0%
    A        ours=132.83  yf=132.83  diff=0.0%
    AAPL     ours=281.74  yf=281.74  diff=0.0%
    ABBV     ours=254.31  yf=254.31  diff=0.0%
    ABNB     ours=147.17  yf=147.17  diff=0.0%
    ABT      ours=92.71  yf=92.71  diff=0.0%
    ACGL     ours=98.06  yf=98.06  diff=0.0%
    ACN      ours=124.74  yf=124.74  diff=0.0%

------------------------------------------------------------
VOLUME  -- 218 flagged (>10%)
  FLAGGED (top 20 of 218):
    CAG      ours=158.88  yf=20.39  diff=679.1% ***
    SRE      ours=5.05  yf=1.44  diff=249.8% ***
    GE       ours=6.07  yf=2.92  diff=108.1% ***
    SHW      ours=3.91  yf=2.02  diff=93.4% ***
    L        ours=0.81  yf=0.42  diff=93.0% ***
    EQR      ours=2.92  yf=1.52  diff=91.7% ***
    PEG      ours=3.18  yf=1.67  diff=90.1% ***
    V        ours=11.71  yf=6.31  diff=85.5% ***
    ROP      ours=1.40  yf=0.76  diff=85.2% ***
    LDOS     ours=2.65  yf=1.45  diff=82.3% ***
    ED       ours=1.68  yf=0.95  diff=77.4% ***
    CMG      ours=17.34  yf=9.83  diff=76.4% ***
    ADM      ours=3.02  yf=1.72  diff=75.4% ***
    AVY      ours=0.75  yf=0.43  diff=73.3% ***
    TPR      ours=2.73  yf=1.59  diff=72.0% ***
    PHM      ours=1.80  yf=1.05  diff=71.5% ***
    SO       ours=4.57  yf=2.70  diff=69.0% ***
    ATO      ours=1.47  yf=0.87  diff=68.0% ***
    BRK-B    ours=5.20  yf=3.10  diff=67.9% ***
    DTE      ours=1.23  yf=0.74  diff=66.9% ***
  TOP 10 LARGEST DIFF:
    CAG      ours=158.88  yf=20.39  diff=679.1% ***
    SRE      ours=5.05  yf=1.44  diff=249.8% ***
    GE       ours=6.07  yf=2.92  diff=108.1% ***
    SHW      ours=3.91  yf=2.02  diff=93.4% ***
    L        ours=0.81  yf=0.42  diff=93.0% ***
    EQR      ours=2.92  yf=1.52  diff=91.7% ***
    PEG      ours=3.18  yf=1.67  diff=90.1% ***
    V        ours=11.71  yf=6.31  diff=85.5% ***
    ROP      ours=1.40  yf=0.76  diff=85.2% ***
    LDOS     ours=2.65  yf=1.45  diff=82.3% ***

------------------------------------------------------------
MKTCAP  -- 6 flagged (>10%)
  FLAGGED (top 6 of 6):
    PCG      ours=$46.20B  yf=$37.97B  diff=21.7% ***
    CHTR     ours=$17.98B  yf=$22.90B  diff=21.5% ***
    SPG      ours=$73.79B  yf=$86.47B  diff=14.7% ***
    UDR      ours=$13.04B  yf=$14.87B  diff=12.3% ***
    ERIE     ours=$10.97B  yf=$12.42B  diff=11.7% ***
    BXP      ours=$10.70B  yf=$11.96B  diff=10.5% ***
  TOP 10 LARGEST DIFF:
    PCG      ours=$46.20B  yf=$37.97B  diff=21.7% ***
    CHTR     ours=$17.98B  yf=$22.90B  diff=21.5% ***
    SPG      ours=$73.79B  yf=$86.47B  diff=14.7% ***
    UDR      ours=$13.04B  yf=$14.87B  diff=12.3% ***
    ERIE     ours=$10.97B  yf=$12.42B  diff=11.7% ***
    BXP      ours=$10.70B  yf=$11.96B  diff=10.5% ***
    ACN      ours=$83.27B  yf=$76.33B  diff=9.1%
    WDAY     ours=$32.94B  yf=$30.52B  diff=7.9%
    RKLB     ours=$56.72B  yf=$61.24B  diff=7.4%
    SMCI     ours=$16.93B  yf=$18.21B  diff=7.0%

------------------------------------------------------------
PE  -- 27 flagged (>10%)
  FLAGGED (top 20 of 27):
    NBIS     ours=791.360  yf=92.606  diff=754.5% ***
    KKR      ours=57.010  yf=30.669  diff=85.9% ***
    OXY      ours=12.370  yf=66.338  diff=81.4% ***
    ALNY     ours=129.300  yf=73.564  diff=75.8% ***
    MLM      ours=13.860  yf=36.418  diff=61.9% ***
    NWSA     ours=12.630  yf=31.975  diff=60.5% ***
    NWS      ours=14.280  yf=36.146  diff=60.5% ***
    BDX      ours=39.290  yf=27.084  diff=45.1% ***
    JCI      ours=25.400  yf=42.957  diff=40.9% ***
    TXT      ours=10.990  yf=17.204  diff=36.1% ***
    HAL      ours=25.070  yf=18.834  diff=33.1% ***
    BRK-B    ours=18.490  yf=14.758  diff=25.3% ***
    LEN      ours=10.680  yf=14.240  diff=25.0% ***
    STZ      ours=11.820  yf=15.214  diff=22.3% ***
    WEC      ours=18.770  yf=23.735  diff=20.9% ***
    AMCR     ours=41.570  yf=34.629  diff=20.0% ***
    KMB      ours=17.250  yf=21.259  diff=18.9% ***
    ALAB     ours=308.080  yf=263.561  diff=16.9% ***
    COF      ours=51.600  yf=62.049  diff=16.8% ***
    C        ours=20.380  yf=17.505  diff=16.4% ***
  TOP 10 LARGEST DIFF:
    NBIS     ours=791.360  yf=92.606  diff=754.5% ***
    KKR      ours=57.010  yf=30.669  diff=85.9% ***
    OXY      ours=12.370  yf=66.338  diff=81.4% ***
    ALNY     ours=129.300  yf=73.564  diff=75.8% ***
    MLM      ours=13.860  yf=36.418  diff=61.9% ***
    NWSA     ours=12.630  yf=31.975  diff=60.5% ***
    NWS      ours=14.280  yf=36.146  diff=60.5% ***
    BDX      ours=39.290  yf=27.084  diff=45.1% ***
    JCI      ours=25.400  yf=42.957  diff=40.9% ***
    TXT      ours=10.990  yf=17.204  diff=36.1% ***

------------------------------------------------------------
EPS  -- 33 flagged (>10%)
  FLAGGED (top 20 of 33):
    PSKY     ours=-0.600  yf=0.030  diff=2100.0% ***
    OXY      ours=3.970  yf=0.740  diff=436.5% ***
    GPN      ours=-2.050  yf=2.720  diff=175.4% ***
    MLM      ours=41.930  yf=15.960  diff=162.7% ***
    NWS      ours=2.000  yf=0.790  diff=153.2% ***
    NWSA     ours=2.000  yf=0.790  diff=153.2% ***
    DD       ours=-0.210  yf=1.140  diff=118.4% ***
    NBIS     ours=0.330  yf=2.820  diff=88.3% ***
    JCI      ours=5.530  yf=3.270  diff=69.1% ***
    TXT      ours=8.200  yf=5.240  diff=56.5% ***
    KKR      ours=1.560  yf=2.900  diff=46.2% ***
    ALNY     ours=2.270  yf=3.990  diff=43.1% ***
    LEN      ours=8.510  yf=6.380  diff=33.4% ***
    BDX      ours=3.950  yf=5.730  diff=31.1% ***
    STZ      ours=11.820  yf=9.180  diff=28.8% ***
    IP       ours=-6.600  yf=-5.190  diff=27.2% ***
    WEC      ours=6.310  yf=4.990  diff=26.5% ***
    HAL      ours=1.360  yf=1.810  diff=24.9% ***
    KMB      ours=6.370  yf=5.170  diff=23.2% ***
    LYB      ours=-2.500  yf=-2.040  diff=22.5% ***
  TOP 10 LARGEST DIFF:
    PSKY     ours=-0.600  yf=0.030  diff=2100.0% ***
    OXY      ours=3.970  yf=0.740  diff=436.5% ***
    GPN      ours=-2.050  yf=2.720  diff=175.4% ***
    MLM      ours=41.930  yf=15.960  diff=162.7% ***
    NWS      ours=2.000  yf=0.790  diff=153.2% ***
    NWSA     ours=2.000  yf=0.790  diff=153.2% ***
    DD       ours=-0.210  yf=1.140  diff=118.4% ***
    NBIS     ours=0.330  yf=2.820  diff=88.3% ***
    JCI      ours=5.530  yf=3.270  diff=69.1% ***
    TXT      ours=8.200  yf=5.240  diff=56.5% ***
