Tiingo vs yfinance comparison — 2026-09-25
Threshold: >10% for all metrics
118 flagged diffs above threshold

============================================================
KNOWN EXPECTED DIFFERENCES (not bugs)
============================================================

EPS / PE — hardcoded adjustments (our side intentional):
  BRK-B   EDGAR EPS ÷ 1500  (Class A→B conversion)
  BKNG    EDGAR EPS ÷ 25    (25-for-1 split Apr 2026; auto-disables after Q2 2026 10-Q)
  CVNA    EDGAR EPS ÷ 5     (5-for-1 split May 2026; auto-disables after Q2 2026 10-Q)
  KLAC    EDGAR EPS ÷ 10    (10-for-1 split Jun 2026; auto-disables after Q2 2026 10-Q)
  DD      EDGAR EPS × 3     (1-for-3 reverse split Jun 2026; pre-split EPS ~-0.07; auto-disables when EDGAR EPS abs > 0.20 after Q2 2026 10-Q)
  HON     EDGAR EPS × 2     (1-for-2 reverse split Jun 29 2026; pre-split EPS ~$3.21; auto-disables when EDGAR EPS abs > 4.0 after Q2/Q3 2026 10-Q)

EPS / PE — inline XBRL fallback (company_facts has no data; we parse filing HTML):
  V ERIE KKR STZ HSY BRK-B   US 10-Q/10-K  USD   TTM = quarters since last 10-K
                                                  + Q4 derived (annual − 9M YTD).
                                                  Fixed 2026-06-30 (commit 973b985):
                                                  naive 4-quarter sum used to run
                                                  before the Q4-derivation path and
                                                  silently skipped the real Q4 (never
                                                  filed as its own 10-Q), substituting
                                                  a stale year-ago quarter instead.
                                                  KKR 1.56→2.93, BRK-B 26.83→33.59,
                                                  V 11.18→11.47, ERIE 12.37→10.93,
                                                  STZ 11.82→9.61, HSY 4.90→5.37 — all
                                                  now match yfinance.
  ARM ASML CCEP FER PDD      20-F          —      annual only (no 10-Q filed; not
                                                  affected by the bug above). ASML/
                                                  CCEP/FER convert EUR→USD via daily
                                                  ECB rate; PDD uses
                                                  EarningsPerShareBasicAndDiluted.
  NBIS                       6-K           USD    annual only (foreign private issuer,
                                                  furnishes 6-K instead of 10-Q).
  Diffs vs YF expected: foreign EPS is annual-only (no TTM); FX rate differs by fetch time.

EPS / PE — null (still unavailable):
  ARES TRI    Filed Form 25-NSE May 2026 — being removed from exchange listing.
              Will drop out of S&P 500 / Nasdaq-100 universe on next rebalance.
  FDXF        FedEx Freight spinoff (2026-06); only 8-K/Form 4 filed so far, no
              10-Q/10-K yet — EPS unavailable until first quarterly filing.

EPS / PE — TTM window vs YF annual anchor:
  Large diffs (e.g. CI 23.61 vs YF 113.71) often mean YF is anchored to an older
  annual 10-K that included a one-time gain/charge now outside our rolling TTM.
  Our TTM = sum of 4 most recent quarters from EDGAR 10-Q/10-K filings.
  YF trailingEps sources from data vendors and may reflect a different period.

MKTCAP — shares outstanding overrides (SHARES_OUTSTANDING_OVERRIDE, our side intentional):
  IBKR   1,697,000,000  (Class A 445M + IBG LLC membership units; EDGAR under-reports)
  BX     1,222,000,000  (Class A 742M + Blackstone Holdings LP units)
  DVN    1,153,000,000  (Coterra merger May 2026 doubled shares; EDGAR XBRL lags until Q2 2026 10-Q ~Aug 2026)
  CVNA   shares × 5    (5-for-1 split May 2026; EDGAR pre-split ~219M Class A; heals after Q2 2026 10-Q ~Aug 2026)
  KLAC   shares × 10   (10-for-1 split Jun 2026; EDGAR pre-split ~130.6M; heals after Q2 2026 10-Q ~Aug 2026)
  DD     shares ÷ 3    (1-for-3 reverse split Jun 2026; EDGAR pre-split ~410M; heals after Q2 2026 10-Q ~Aug 2026)

VOLUME — systematic offset:
  Tiingo EOD volume includes extended-hours (pre/after market).
  YF typically reports regular-session only. Expect ours ~1.5-2x YF across the board.
============================================================

------------------------------------------------------------
PRICE  -- 0 flagged (>10%)
  TOP 10 LARGEST DIFF:
    NFLX     ours=71.14  yf=71.14  diff=0.0%
    ORLY     ours=86.11  yf=86.11  diff=0.0%
    NTAP     ours=201.15  yf=201.15  diff=0.0%
    MRVL     ours=261.94  yf=261.94  diff=0.0%
    COST     ours=922.76  yf=922.76  diff=0.0%
    A        ours=172.79  yf=172.79  diff=0.0%
    AAPL     ours=341.07  yf=341.07  diff=0.0%
    ABBV     ours=264.34  yf=264.34  diff=0.0%
    ABNB     ours=157.47  yf=157.47  diff=0.0%
    ABT      ours=101.29  yf=101.29  diff=0.0%

------------------------------------------------------------
VOLUME  -- 1 flagged (>10%)
  FLAGGED (top 1 of 1):
    NVR      ours=0.02  yf=0.02  diff=19.2% ***
  TOP 10 LARGEST DIFF:
    NVR      ours=0.02  yf=0.02  diff=19.2% ***
    ERIE     ours=0.14  yf=0.14  diff=2.2%
    SNA      ours=0.20  yf=0.20  diff=2.1%
    NDSN     ours=0.27  yf=0.27  diff=1.3%
    FIX      ours=0.23  yf=0.23  diff=1.2%
    ULTA     ours=0.31  yf=0.31  diff=1.2%
    AZO      ours=0.43  yf=0.43  diff=1.1%
    CINF     ours=0.40  yf=0.40  diff=1.1%
    MSCI     ours=0.46  yf=0.46  diff=1.0%
    LII      ours=0.47  yf=0.47  diff=1.0%

------------------------------------------------------------
MKTCAP  -- 11 flagged (>10%)
  FLAGGED (top 11 of 11):
    VMRK     ours=$23.06B  yf=$47.60B  diff=51.5% ***
    APH      ours=$103.68B  yf=$207.36B  diff=50.0% ***
    MNST     ours=$42.23B  yf=$84.45B  diff=50.0% ***
    MLM      ours=$29.09B  yf=$34.39B  diff=15.4% ***
    SPG      ours=$66.27B  yf=$77.75B  diff=14.8% ***
    CPT      ours=$9.86B  yf=$11.36B  diff=13.2% ***
    BXP      ours=$10.12B  yf=$11.47B  diff=11.8% ***
    ERIE     ours=$10.29B  yf=$11.65B  diff=11.7% ***
    UDR      ours=$11.00B  yf=$12.43B  diff=11.5% ***
    PCG      ours=$33.07B  yf=$37.05B  diff=10.7% ***
    WDAY     ours=$50.52B  yf=$45.66B  diff=10.7% ***
  TOP 10 LARGEST DIFF:
    VMRK     ours=$23.06B  yf=$47.60B  diff=51.5% ***
    APH      ours=$103.68B  yf=$207.36B  diff=50.0% ***
    MNST     ours=$42.23B  yf=$84.45B  diff=50.0% ***
    MLM      ours=$29.09B  yf=$34.39B  diff=15.4% ***
    SPG      ours=$66.27B  yf=$77.75B  diff=14.8% ***
    CPT      ours=$9.86B  yf=$11.36B  diff=13.2% ***
    BXP      ours=$10.12B  yf=$11.47B  diff=11.8% ***
    ERIE     ours=$10.29B  yf=$11.65B  diff=11.7% ***
    UDR      ours=$11.00B  yf=$12.43B  diff=11.5% ***
    PCG      ours=$33.07B  yf=$37.05B  diff=10.7% ***

------------------------------------------------------------
PE  -- 47 flagged (>10%)
  FLAGGED (top 20 of 47):
    TPL      ours=348.030  yf=43.448  diff=701.0% ***
    DD       ours=154.950  yf=56.528  diff=174.1% ***
    APTV     ours=42.660  yf=20.267  diff=110.5% ***
    CRWD     ours=1146.050  yf=8404.334  diff=86.4% ***
    BDX      ours=55.370  yf=31.858  diff=73.8% ***
    BKNG     ours=30.940  yf=18.217  diff=69.8% ***
    MLM      ours=11.900  yf=31.530  diff=62.3% ***
    MNST     ours=19.960  yf=39.917  diff=50.0% ***
    APH      ours=21.080  yf=42.045  diff=49.9% ***
    ALNY     ours=65.970  yf=44.592  diff=47.9% ***
    OXY      ours=8.800  yf=16.773  diff=47.5% ***
    DLR      ours=47.380  yf=87.127  diff=45.6% ***
    BIIB     ours=24.470  yf=40.716  diff=39.9% ***
    TXT      ours=8.690  yf=14.424  diff=39.8% ***
    LEN      ours=9.650  yf=15.559  diff=38.0% ***
    JCI      ours=27.160  yf=42.310  diff=35.8% ***
    MDLZ     ours=29.830  yf=22.070  diff=35.2% ***
    FER      ours=39.480  yf=58.768  diff=32.8% ***
    C        ours=19.210  yf=14.485  diff=32.6% ***
    CCI      ours=34.440  yf=27.690  diff=24.4% ***
  TOP 10 LARGEST DIFF:
    TPL      ours=348.030  yf=43.448  diff=701.0% ***
    DD       ours=154.950  yf=56.528  diff=174.1% ***
    APTV     ours=42.660  yf=20.267  diff=110.5% ***
    CRWD     ours=1146.050  yf=8404.334  diff=86.4% ***
    BDX      ours=55.370  yf=31.858  diff=73.8% ***
    BKNG     ours=30.940  yf=18.217  diff=69.8% ***
    MLM      ours=11.900  yf=31.530  diff=62.3% ***
    MNST     ours=19.960  yf=39.917  diff=50.0% ***
    APH      ours=21.080  yf=42.045  diff=49.9% ***
    ALNY     ours=65.970  yf=44.592  diff=47.9% ***

------------------------------------------------------------
EPS  -- 59 flagged (>10%)
  FLAGGED (top 20 of 59):
    PSKY     ours=-0.300  yf=0.030  diff=1100.0% ***
    CRWD     ours=0.220  yf=0.030  diff=633.3% ***
    NBIS     ours=0.330  yf=-0.070  diff=571.4% ***
    NFLX     ours=-9.240  yf=3.180  diff=390.6% ***
    GPN      ours=-2.970  yf=2.110  diff=240.8% ***
    NOW      ours=-1.620  yf=1.570  diff=203.2% ***
    OMC      ours=-0.370  yf=0.370  diff=200.0% ***
    MLM      ours=40.700  yf=15.360  diff=165.0% ***
    IFF      ours=1.140  yf=-3.090  diff=136.9% ***
    DOW      ours=-4.000  yf=-1.830  diff=118.6% ***
    BE       ours=-0.040  yf=0.750  diff=105.3% ***
    MNST     ours=2.160  yf=1.080  diff=100.0% ***
    APH      ours=3.990  yf=2.000  diff=99.5% ***
    OXY      ours=6.460  yf=3.390  diff=90.6% ***
    TPL      ours=0.980  yf=7.850  diff=87.5% ***
    DLR      ours=3.770  yf=2.050  diff=83.9% ***
    BIIB     ours=9.300  yf=5.590  diff=66.4% ***
    TXT      ours=8.810  yf=5.310  diff=65.9% ***
    DD       ours=0.850  yf=2.330  diff=63.5% ***
    LEN      ours=8.510  yf=5.280  diff=61.2% ***
  TOP 10 LARGEST DIFF:
    PSKY     ours=-0.300  yf=0.030  diff=1100.0% ***
    CRWD     ours=0.220  yf=0.030  diff=633.3% ***
    NBIS     ours=0.330  yf=-0.070  diff=571.4% ***
    NFLX     ours=-9.240  yf=3.180  diff=390.6% ***
    GPN      ours=-2.970  yf=2.110  diff=240.8% ***
    NOW      ours=-1.620  yf=1.570  diff=203.2% ***
    OMC      ours=-0.370  yf=0.370  diff=200.0% ***
    MLM      ours=40.700  yf=15.360  diff=165.0% ***
    IFF      ours=1.140  yf=-3.090  diff=136.9% ***
    DOW      ours=-4.000  yf=-1.830  diff=118.6% ***
