Tiingo vs yfinance comparison — 2026-09-10
Threshold: >10% for all metrics
118 flagged diffs above threshold

============================================================
KNOWN EXPECTED DIFFERENCES (not bugs)
============================================================

EPS / PE — hardcoded adjustments (our side intentional):
  BRK-B   EDGAR EPS ÷ 1500  (Class A→B conversion)
  BKNG    EDGAR EPS ÷ 25    (25-for-1 split Apr 2026; auto-disables after Q2 2026 10-Q)
  CVNA    EDGAR EPS ÷ 5     (5-for-1 split May 2026; auto-disables after Q2 2026 10-Q)
  KLAC    EDGAR EPS ÷ 10    (10-for-1 split Jun 2026; auto-disables after Q2 2026 10-Q)
  DD      EDGAR EPS × 3     (1-for-3 reverse split Jun 2026; pre-split EPS ~-0.07; auto-disables when EDGAR EPS abs > 0.20 after Q2 2026 10-Q)
  HON     EDGAR EPS × 2     (1-for-2 reverse split Jun 29 2026; pre-split EPS ~$3.21; auto-disables when EDGAR EPS abs > 4.0 after Q2/Q3 2026 10-Q)

EPS / PE — inline XBRL fallback (company_facts has no data; we parse filing HTML):
  V ERIE KKR STZ HSY BRK-B   US 10-Q/10-K  USD   TTM = quarters since last 10-K
                                                  + Q4 derived (annual − 9M YTD).
                                                  Fixed 2026-06-30 (commit 973b985):
                                                  naive 4-quarter sum used to run
                                                  before the Q4-derivation path and
                                                  silently skipped the real Q4 (never
                                                  filed as its own 10-Q), substituting
                                                  a stale year-ago quarter instead.
                                                  KKR 1.56→2.93, BRK-B 26.83→33.59,
                                                  V 11.18→11.47, ERIE 12.37→10.93,
                                                  STZ 11.82→9.61, HSY 4.90→5.37 — all
                                                  now match yfinance.
  ARM ASML CCEP FER PDD      20-F          —      annual only (no 10-Q filed; not
                                                  affected by the bug above). ASML/
                                                  CCEP/FER convert EUR→USD via daily
                                                  ECB rate; PDD uses
                                                  EarningsPerShareBasicAndDiluted.
  NBIS                       6-K           USD    annual only (foreign private issuer,
                                                  furnishes 6-K instead of 10-Q).
  Diffs vs YF expected: foreign EPS is annual-only (no TTM); FX rate differs by fetch time.

EPS / PE — null (still unavailable):
  ARES TRI    Filed Form 25-NSE May 2026 — being removed from exchange listing.
              Will drop out of S&P 500 / Nasdaq-100 universe on next rebalance.
  FDXF        FedEx Freight spinoff (2026-06); only 8-K/Form 4 filed so far, no
              10-Q/10-K yet — EPS unavailable until first quarterly filing.

EPS / PE — TTM window vs YF annual anchor:
  Large diffs (e.g. CI 23.61 vs YF 113.71) often mean YF is anchored to an older
  annual 10-K that included a one-time gain/charge now outside our rolling TTM.
  Our TTM = sum of 4 most recent quarters from EDGAR 10-Q/10-K filings.
  YF trailingEps sources from data vendors and may reflect a different period.

MKTCAP — shares outstanding overrides (SHARES_OUTSTANDING_OVERRIDE, our side intentional):
  IBKR   1,697,000,000  (Class A 445M + IBG LLC membership units; EDGAR under-reports)
  BX     1,222,000,000  (Class A 742M + Blackstone Holdings LP units)
  DVN    1,153,000,000  (Coterra merger May 2026 doubled shares; EDGAR XBRL lags until Q2 2026 10-Q ~Aug 2026)
  CVNA   shares × 5    (5-for-1 split May 2026; EDGAR pre-split ~219M Class A; heals after Q2 2026 10-Q ~Aug 2026)
  KLAC   shares × 10   (10-for-1 split Jun 2026; EDGAR pre-split ~130.6M; heals after Q2 2026 10-Q ~Aug 2026)
  DD     shares ÷ 3    (1-for-3 reverse split Jun 2026; EDGAR pre-split ~410M; heals after Q2 2026 10-Q ~Aug 2026)

VOLUME — systematic offset:
  Tiingo EOD volume includes extended-hours (pre/after market).
  YF typically reports regular-session only. Expect ours ~1.5-2x YF across the board.
============================================================

------------------------------------------------------------
PRICE  -- 0 flagged (>10%)
  TOP 10 LARGEST DIFF:
    GEN      ours=29.96  yf=29.96  diff=0.0%
    PTC      ours=128.72  yf=128.72  diff=0.0%
    NXPI     ours=226.47  yf=226.47  diff=0.0%
    A        ours=143.12  yf=143.12  diff=0.0%
    AAPL     ours=326.57  yf=326.57  diff=0.0%
    ABBV     ours=255.00  yf=255.00  diff=0.0%
    ABNB     ours=167.65  yf=167.65  diff=0.0%
    ABT      ours=103.36  yf=103.36  diff=0.0%
    ACGL     ours=96.20  yf=96.20  diff=0.0%
    ACN      ours=177.91  yf=177.91  diff=0.0%

------------------------------------------------------------
VOLUME  -- 0 flagged (>10%)
  TOP 10 LARGEST DIFF:
    MTD      ours=0.17  yf=0.17  diff=2.2%
    ERIE     ours=0.16  yf=0.16  diff=1.6%
    GWW      ours=0.23  yf=0.23  diff=1.5%
    AZO      ours=0.26  yf=0.26  diff=1.5%
    TPL      ours=0.31  yf=0.31  diff=1.3%
    FICO     ours=0.37  yf=0.37  diff=1.3%
    FIX      ours=0.21  yf=0.21  diff=1.2%
    WTW      ours=0.30  yf=0.30  diff=1.1%
    MELI     ours=0.44  yf=0.44  diff=1.0%
    GRMN     ours=0.49  yf=0.49  diff=1.0%

------------------------------------------------------------
MKTCAP  -- 12 flagged (>10%)
  FLAGGED (top 12 of 12):
    VMRK     ours=$24.38B  yf=$50.31B  diff=51.5% ***
    APH      ours=$98.95B  yf=$197.89B  diff=50.0% ***
    MNST     ours=$42.21B  yf=$84.42B  diff=50.0% ***
    PCG      ours=$37.60B  yf=$30.90B  diff=21.7% ***
    MLM      ours=$30.18B  yf=$35.69B  diff=15.4% ***
    SPG      ours=$66.22B  yf=$77.70B  diff=14.8% ***
    CPT      ours=$10.31B  yf=$11.86B  diff=13.1% ***
    BXP      ours=$10.17B  yf=$11.53B  diff=11.8% ***
    ERIE     ours=$11.10B  yf=$12.57B  diff=11.7% ***
    UDR      ours=$11.42B  yf=$12.91B  diff=11.5% ***
    CHTR     ours=$16.77B  yf=$18.94B  diff=11.5% ***
    WDAY     ours=$49.35B  yf=$44.61B  diff=10.6% ***
  TOP 10 LARGEST DIFF:
    VMRK     ours=$24.38B  yf=$50.31B  diff=51.5% ***
    APH      ours=$98.95B  yf=$197.89B  diff=50.0% ***
    MNST     ours=$42.21B  yf=$84.42B  diff=50.0% ***
    PCG      ours=$37.60B  yf=$30.90B  diff=21.7% ***
    MLM      ours=$30.18B  yf=$35.69B  diff=15.4% ***
    SPG      ours=$66.22B  yf=$77.70B  diff=14.8% ***
    CPT      ours=$10.31B  yf=$11.86B  diff=13.1% ***
    BXP      ours=$10.17B  yf=$11.53B  diff=11.8% ***
    ERIE     ours=$11.10B  yf=$12.57B  diff=11.7% ***
    UDR      ours=$11.42B  yf=$12.91B  diff=11.5% ***

------------------------------------------------------------
PE  -- 48 flagged (>10%)
  FLAGGED (top 20 of 48):
    TPL      ours=373.570  yf=46.578  diff=702.0% ***
    DD       ours=149.790  yf=54.644  diff=174.1% ***
    PANW     ours=720.190  yf=296.921  diff=142.6% ***
    APTV     ours=43.510  yf=20.674  diff=110.5% ***
    CRWD     ours=949.360  yf=5221.500  diff=81.8% ***
    BDX      ours=53.140  yf=30.575  diff=73.8% ***
    BKNG     ours=32.900  yf=19.370  diff=69.9% ***
    MLM      ours=12.350  yf=32.649  diff=62.2% ***
    MNST     ours=19.950  yf=39.898  diff=50.0% ***
    APH      ours=20.110  yf=40.125  diff=49.9% ***
    ALNY     ours=63.790  yf=43.195  diff=47.7% ***
    OXY      ours=9.470  yf=18.041  diff=47.5% ***
    DLR      ours=49.170  yf=90.868  diff=45.9% ***
    TXT      ours=8.990  yf=14.915  diff=39.7% ***
    BIIB     ours=23.160  yf=38.265  diff=39.5% ***
    JCI      ours=25.820  yf=40.228  diff=35.8% ***
    MDLZ     ours=30.930  yf=22.883  diff=35.2% ***
    FER      ours=38.530  yf=57.216  diff=32.7% ***
    C        ours=19.810  yf=14.941  diff=32.6% ***
    LEN      ours=9.150  yf=12.210  diff=25.1% ***
  TOP 10 LARGEST DIFF:
    TPL      ours=373.570  yf=46.578  diff=702.0% ***
    DD       ours=149.790  yf=54.644  diff=174.1% ***
    PANW     ours=720.190  yf=296.921  diff=142.6% ***
    APTV     ours=43.510  yf=20.674  diff=110.5% ***
    CRWD     ours=949.360  yf=5221.500  diff=81.8% ***
    BDX      ours=53.140  yf=30.575  diff=73.8% ***
    BKNG     ours=32.900  yf=19.370  diff=69.9% ***
    MLM      ours=12.350  yf=32.649  diff=62.2% ***
    MNST     ours=19.950  yf=39.898  diff=50.0% ***
    APH      ours=20.110  yf=40.125  diff=49.9% ***

------------------------------------------------------------
EPS  -- 58 flagged (>10%)
  FLAGGED (top 20 of 58):
    PSKY     ours=-0.300  yf=0.030  diff=1100.0% ***
    NBIS     ours=0.330  yf=-0.070  diff=571.4% ***
    CRWD     ours=0.220  yf=0.040  diff=450.0% ***
    NFLX     ours=-9.240  yf=3.180  diff=390.6% ***
    GPN      ours=-2.970  yf=2.110  diff=240.8% ***
    NOW      ours=-1.620  yf=1.600  diff=201.3% ***
    OMC      ours=-0.370  yf=0.370  diff=200.0% ***
    MLM      ours=40.700  yf=15.390  diff=164.5% ***
    IFF      ours=1.140  yf=-3.090  diff=136.9% ***
    DOW      ours=-4.000  yf=-1.830  diff=118.6% ***
    MNST     ours=2.160  yf=1.080  diff=100.0% ***
    APH      ours=3.990  yf=2.000  diff=99.5% ***
    OXY      ours=6.460  yf=3.390  diff=90.6% ***
    TPL      ours=0.980  yf=7.860  diff=87.5% ***
    DLR      ours=3.770  yf=2.040  diff=84.8% ***
    TXT      ours=8.810  yf=5.310  diff=65.9% ***
    BIIB     ours=9.300  yf=5.630  diff=65.2% ***
    DD       ours=0.850  yf=2.330  diff=63.5% ***
    PANW     ours=0.470  yf=1.140  diff=58.8% ***
    JCI      ours=5.530  yf=3.550  diff=55.8% ***
  TOP 10 LARGEST DIFF:
    PSKY     ours=-0.300  yf=0.030  diff=1100.0% ***
    NBIS     ours=0.330  yf=-0.070  diff=571.4% ***
    CRWD     ours=0.220  yf=0.040  diff=450.0% ***
    NFLX     ours=-9.240  yf=3.180  diff=390.6% ***
    GPN      ours=-2.970  yf=2.110  diff=240.8% ***
    NOW      ours=-1.620  yf=1.600  diff=201.3% ***
    OMC      ours=-0.370  yf=0.370  diff=200.0% ***
    MLM      ours=40.700  yf=15.390  diff=164.5% ***
    IFF      ours=1.140  yf=-3.090  diff=136.9% ***
    DOW      ours=-4.000  yf=-1.830  diff=118.6% ***
