Tiingo vs yfinance comparison — 2026-07-15
Threshold: >10% for all metrics
215 flagged diffs above threshold

============================================================
KNOWN EXPECTED DIFFERENCES (not bugs)
============================================================

EPS / PE — hardcoded adjustments (our side intentional):
  BRK-B   EDGAR EPS ÷ 1500  (Class A→B conversion)
  BKNG    EDGAR EPS ÷ 25    (25-for-1 split Apr 2026; auto-disables after Q2 2026 10-Q)
  CVNA    EDGAR EPS ÷ 5     (5-for-1 split May 2026; auto-disables after Q2 2026 10-Q)
  KLAC    EDGAR EPS ÷ 10    (10-for-1 split Jun 2026; auto-disables after Q2 2026 10-Q)
  DD      EDGAR EPS × 3     (1-for-3 reverse split Jun 2026; pre-split EPS ~-0.07; auto-disables when EDGAR EPS abs > 0.20 after Q2 2026 10-Q)
  HON     EDGAR EPS × 2     (1-for-2 reverse split Jun 29 2026; pre-split EPS ~$3.21; auto-disables when EDGAR EPS abs > 4.0 after Q2/Q3 2026 10-Q)

EPS / PE — inline XBRL fallback (company_facts has no data; we parse filing HTML):
  V ERIE KKR STZ HSY BRK-B   US 10-Q/10-K  USD   TTM = quarters since last 10-K
                                                  + Q4 derived (annual − 9M YTD).
                                                  Fixed 2026-06-30 (commit 973b985):
                                                  naive 4-quarter sum used to run
                                                  before the Q4-derivation path and
                                                  silently skipped the real Q4 (never
                                                  filed as its own 10-Q), substituting
                                                  a stale year-ago quarter instead.
                                                  KKR 1.56→2.93, BRK-B 26.83→33.59,
                                                  V 11.18→11.47, ERIE 12.37→10.93,
                                                  STZ 11.82→9.61, HSY 4.90→5.37 — all
                                                  now match yfinance.
  ARM ASML CCEP FER PDD      20-F          —      annual only (no 10-Q filed; not
                                                  affected by the bug above). ASML/
                                                  CCEP/FER convert EUR→USD via daily
                                                  ECB rate; PDD uses
                                                  EarningsPerShareBasicAndDiluted.
  NBIS                       6-K           USD    annual only (foreign private issuer,
                                                  furnishes 6-K instead of 10-Q).
  Diffs vs YF expected: foreign EPS is annual-only (no TTM); FX rate differs by fetch time.

EPS / PE — null (still unavailable):
  ARES TRI    Filed Form 25-NSE May 2026 — being removed from exchange listing.
              Will drop out of S&P 500 / Nasdaq-100 universe on next rebalance.
  FDXF        FedEx Freight spinoff (2026-06); only 8-K/Form 4 filed so far, no
              10-Q/10-K yet — EPS unavailable until first quarterly filing.

EPS / PE — TTM window vs YF annual anchor:
  Large diffs (e.g. CI 23.61 vs YF 113.71) often mean YF is anchored to an older
  annual 10-K that included a one-time gain/charge now outside our rolling TTM.
  Our TTM = sum of 4 most recent quarters from EDGAR 10-Q/10-K filings.
  YF trailingEps sources from data vendors and may reflect a different period.

MKTCAP — shares outstanding overrides (SHARES_OUTSTANDING_OVERRIDE, our side intentional):
  IBKR   1,697,000,000  (Class A 445M + IBG LLC membership units; EDGAR under-reports)
  BX     1,222,000,000  (Class A 742M + Blackstone Holdings LP units)
  DVN    1,153,000,000  (Coterra merger May 2026 doubled shares; EDGAR XBRL lags until Q2 2026 10-Q ~Aug 2026)
  CVNA   shares × 5    (5-for-1 split May 2026; EDGAR pre-split ~219M Class A; heals after Q2 2026 10-Q ~Aug 2026)
  KLAC   shares × 10   (10-for-1 split Jun 2026; EDGAR pre-split ~130.6M; heals after Q2 2026 10-Q ~Aug 2026)
  DD     shares ÷ 3    (1-for-3 reverse split Jun 2026; EDGAR pre-split ~410M; heals after Q2 2026 10-Q ~Aug 2026)

VOLUME — systematic offset:
  Tiingo EOD volume includes extended-hours (pre/after market).
  YF typically reports regular-session only. Expect ours ~1.5-2x YF across the board.
============================================================

------------------------------------------------------------
PRICE  -- 0 flagged (>10%)
  TOP 10 LARGEST DIFF:
    NTRS     ours=191.12  yf=191.12  diff=0.0%
    CEG      ours=258.12  yf=258.12  diff=0.0%
    SNPS     ours=425.27  yf=425.27  diff=0.0%
    A        ours=134.71  yf=134.71  diff=0.0%
    AAPL     ours=327.50  yf=327.50  diff=0.0%
    ABNB     ours=148.38  yf=148.38  diff=0.0%
    ABT      ours=89.27  yf=89.27  diff=0.0%
    ACN      ours=137.02  yf=137.02  diff=0.0%
    ADBE     ours=224.56  yf=224.56  diff=0.0%
    ADM      ours=82.30  yf=82.30  diff=0.0%

------------------------------------------------------------
VOLUME  -- 173 flagged (>10%)
  FLAGGED (top 20 of 173):
    AVB      ours=1.13  yf=0.52  diff=118.2% ***
    SHW      ours=2.50  yf=1.16  diff=115.4% ***
    ES       ours=2.15  yf=1.14  diff=88.1% ***
    MTD      ours=0.14  yf=0.08  diff=84.4% ***
    ADM      ours=2.42  yf=1.33  diff=81.5% ***
    CRH      ours=3.74  yf=2.16  diff=73.2% ***
    ETR      ours=2.05  yf=1.19  diff=72.6% ***
    IEX      ours=0.41  yf=0.24  diff=69.8% ***
    CPAY     ours=0.41  yf=0.24  diff=67.6% ***
    IR       ours=2.22  yf=1.34  diff=65.8% ***
    PH       ours=0.73  yf=0.45  diff=62.6% ***
    ICE      ours=3.16  yf=1.96  diff=61.2% ***
    BR       ours=0.80  yf=0.51  diff=57.7% ***
    CTVA     ours=4.38  yf=2.80  diff=56.4% ***
    L        ours=0.66  yf=0.43  diff=54.7% ***
    DTE      ours=1.10  yf=0.71  diff=54.0% ***
    PPG      ours=1.09  yf=0.71  diff=52.5% ***
    PKG      ours=0.46  yf=0.30  diff=51.7% ***
    AME      ours=0.84  yf=0.56  diff=50.7% ***
    LVS      ours=4.79  yf=3.18  diff=50.7% ***
  TOP 10 LARGEST DIFF:
    AVB      ours=1.13  yf=0.52  diff=118.2% ***
    SHW      ours=2.50  yf=1.16  diff=115.4% ***
    ES       ours=2.15  yf=1.14  diff=88.1% ***
    MTD      ours=0.14  yf=0.08  diff=84.4% ***
    ADM      ours=2.42  yf=1.33  diff=81.5% ***
    CRH      ours=3.74  yf=2.16  diff=73.2% ***
    ETR      ours=2.05  yf=1.19  diff=72.6% ***
    IEX      ours=0.41  yf=0.24  diff=69.8% ***
    CPAY     ours=0.41  yf=0.24  diff=67.6% ***
    IR       ours=2.22  yf=1.34  diff=65.8% ***

------------------------------------------------------------
MKTCAP  -- 5 flagged (>10%)
  FLAGGED (top 5 of 5):
    PCG      ours=$46.93B  yf=$38.56B  diff=21.7% ***
    CHTR     ours=$16.14B  yf=$20.56B  diff=21.5% ***
    SPG      ours=$71.99B  yf=$84.36B  diff=14.7% ***
    UDR      ours=$12.82B  yf=$14.62B  diff=12.3% ***
    BXP      ours=$10.99B  yf=$12.29B  diff=10.6% ***
  TOP 10 LARGEST DIFF:
    PCG      ours=$46.93B  yf=$38.56B  diff=21.7% ***
    CHTR     ours=$16.14B  yf=$20.56B  diff=21.5% ***
    SPG      ours=$71.99B  yf=$84.36B  diff=14.7% ***
    UDR      ours=$12.82B  yf=$14.62B  diff=12.3% ***
    BXP      ours=$10.99B  yf=$12.29B  diff=10.6% ***
    ACN      ours=$91.46B  yf=$83.85B  diff=9.1%
    WDAY     ours=$37.80B  yf=$35.03B  diff=7.9%
    RKLB     ours=$44.10B  yf=$47.61B  diff=7.4%
    SMCI     ours=$16.17B  yf=$17.39B  diff=7.0%
    ARES     ours=$38.38B  yf=$41.16B  diff=6.8%

------------------------------------------------------------
PE  -- 16 flagged (>10%)
  FLAGGED (top 16 of 16):
    OXY      ours=13.540  yf=72.662  diff=81.4% ***
    ALNY     ours=122.970  yf=69.960  diff=75.8% ***
    MLM      ours=13.580  yf=35.694  diff=62.0% ***
    NWSA     ours=13.990  yf=35.418  diff=60.5% ***
    NWS      ours=15.830  yf=40.076  diff=60.5% ***
    JCI      ours=25.820  yf=43.657  diff=40.9% ***
    TXT      ours=10.820  yf=16.937  diff=36.1% ***
    HAL      ours=25.920  yf=19.475  diff=33.1% ***
    C        ours=19.300  yf=14.536  diff=32.8% ***
    WEC      ours=17.900  yf=22.639  diff=20.9% ***
    KMB      ours=16.720  yf=20.605  diff=18.9% ***
    GS       ours=21.040  yf=17.793  diff=18.3% ***
    COF      ours=53.290  yf=64.472  diff=17.3% ***
    BKNG     ours=27.440  yf=24.084  diff=13.9% ***
    DRI      ours=20.770  yf=18.798  diff=10.5% ***
    EXC      ours=15.000  yf=16.755  diff=10.5% ***
  TOP 10 LARGEST DIFF:
    OXY      ours=13.540  yf=72.662  diff=81.4% ***
    ALNY     ours=122.970  yf=69.960  diff=75.8% ***
    MLM      ours=13.580  yf=35.694  diff=62.0% ***
    NWSA     ours=13.990  yf=35.418  diff=60.5% ***
    NWS      ours=15.830  yf=40.076  diff=60.5% ***
    JCI      ours=25.820  yf=43.657  diff=40.9% ***
    TXT      ours=10.820  yf=16.937  diff=36.1% ***
    HAL      ours=25.920  yf=19.475  diff=33.1% ***
    C        ours=19.300  yf=14.536  diff=32.8% ***
    WEC      ours=17.900  yf=22.639  diff=20.9% ***

------------------------------------------------------------
EPS  -- 21 flagged (>10%)
  FLAGGED (top 20 of 21):
    PSKY     ours=-0.600  yf=0.020  diff=3100.0% ***
    CRWD     ours=-0.120  yf=-0.020  diff=500.0% ***
    OXY      ours=3.970  yf=0.740  diff=436.5% ***
    GPN      ours=-2.050  yf=2.720  diff=175.4% ***
    MLM      ours=41.930  yf=15.950  diff=162.9% ***
    NWS      ours=2.000  yf=0.790  diff=153.2% ***
    NWSA     ours=2.000  yf=0.790  diff=153.2% ***
    DD       ours=-0.210  yf=1.140  diff=118.4% ***
    JCI      ours=5.530  yf=3.270  diff=69.1% ***
    TXT      ours=8.200  yf=5.240  diff=56.5% ***
    ALNY     ours=2.270  yf=3.990  diff=43.1% ***
    IP       ours=-6.600  yf=-5.190  diff=27.2% ***
    WEC      ours=6.310  yf=4.990  diff=26.5% ***
    HAL      ours=1.360  yf=1.810  diff=24.9% ***
    C        ours=6.990  yf=9.280  diff=24.7% ***
    KMB      ours=6.370  yf=5.170  diff=23.2% ***
    COF      ours=3.920  yf=3.240  diff=21.0% ***
    GS       ours=54.750  yf=64.750  diff=15.4% ***
    BAX      ours=-2.150  yf=-1.910  diff=12.6% ***
    BKNG     ours=6.661  yf=7.590  diff=12.2% ***
  TOP 10 LARGEST DIFF:
    PSKY     ours=-0.600  yf=0.020  diff=3100.0% ***
    CRWD     ours=-0.120  yf=-0.020  diff=500.0% ***
    OXY      ours=3.970  yf=0.740  diff=436.5% ***
    GPN      ours=-2.050  yf=2.720  diff=175.4% ***
    MLM      ours=41.930  yf=15.950  diff=162.9% ***
    NWS      ours=2.000  yf=0.790  diff=153.2% ***
    NWSA     ours=2.000  yf=0.790  diff=153.2% ***
    DD       ours=-0.210  yf=1.140  diff=118.4% ***
    JCI      ours=5.530  yf=3.270  diff=69.1% ***
    TXT      ours=8.200  yf=5.240  diff=56.5% ***
