Tiingo vs yfinance comparison — 2026-06-27
Threshold: >10% for all metrics
276 flagged diffs above threshold

============================================================
KNOWN EXPECTED DIFFERENCES (not bugs)
============================================================

EPS / PE — hardcoded adjustments (our side intentional):
  BRK-B   EDGAR EPS ÷ 1500  (Class A→B conversion)
  BKNG    EDGAR EPS ÷ 25    (25-for-1 split Apr 2026; auto-disables after Q2 2026 10-Q)
  CVNA    EDGAR EPS ÷ 5     (5-for-1 split May 2026; auto-disables after Q2 2026 10-Q)
  KLAC    EDGAR EPS ÷ 10    (10-for-1 split Jun 2026; auto-disables after Q2 2026 10-Q)
  DD      EDGAR EPS × 3     (1-for-3 reverse split Jun 2026; pre-split EPS ~-0.07; auto-disables when EDGAR EPS abs > 0.20 after Q2 2026 10-Q)
  HON     EDGAR EPS × 2     (1-for-2 reverse split Jun 29 2026; pre-split EPS ~$3.21; auto-disables when EDGAR EPS abs > 4.0 after Q2/Q3 2026 10-Q)

EPS / PE — inline XBRL fallback (company_facts has no data; we parse filing HTML):
  V                    US 10-Q/10-K  USD        EPS ~11.18
  ERIE KKR STZ ARM     US 10-Q/10-K  USD        populated via fallback
  ASML CCEP FER        20-F          EUR→USD    converted via daily ECB rate
  PDD                  20-F          USD        EarningsPerShareBasicAndDiluted
  Diffs vs YF expected: foreign EPS is annual-only (no TTM); FX rate differs by fetch time.

EPS / PE — null (still unavailable):
  ARES TRI    Filed Form 25-NSE May 2026 — being removed from exchange listing.
              Will drop out of S&P 500 / Nasdaq-100 universe on next rebalance.

EPS / PE — TTM window vs YF annual anchor:
  Large diffs (e.g. CI 23.61 vs YF 113.71) often mean YF is anchored to an older
  annual 10-K that included a one-time gain/charge now outside our rolling TTM.
  Our TTM = sum of 4 most recent quarters from EDGAR 10-Q/10-K filings.
  YF trailingEps sources from data vendors and may reflect a different period.

MKTCAP — shares outstanding overrides (SHARES_OUTSTANDING_OVERRIDE, our side intentional):
  IBKR   1,697,000,000  (Class A 445M + IBG LLC membership units; EDGAR under-reports)
  BX     1,222,000,000  (Class A 742M + Blackstone Holdings LP units)
  DVN    1,153,000,000  (Coterra merger May 2026 doubled shares; EDGAR XBRL lags until Q2 2026 10-Q ~Aug 2026)
  CVNA   shares × 5    (5-for-1 split May 2026; EDGAR pre-split ~219M Class A; heals after Q2 2026 10-Q ~Aug 2026)
  KLAC   shares × 10   (10-for-1 split Jun 2026; EDGAR pre-split ~130.6M; heals after Q2 2026 10-Q ~Aug 2026)
  DD     shares ÷ 3    (1-for-3 reverse split Jun 2026; EDGAR pre-split ~410M; heals after Q2 2026 10-Q ~Aug 2026)

VOLUME — systematic offset:
  Tiingo EOD volume includes extended-hours (pre/after market).
  YF typically reports regular-session only. Expect ours ~1.5-2x YF across the board.
============================================================

------------------------------------------------------------
PRICE  -- 0 flagged (>10%)
  TOP 10 LARGEST DIFF:
    SATS     ours=103.92  yf=103.92  diff=0.0%
    TXN      ours=285.43  yf=285.43  diff=0.0%
    A        ours=136.01  yf=136.01  diff=0.0%
    AAPL     ours=283.78  yf=283.78  diff=0.0%
    ABBV     ours=253.35  yf=253.35  diff=0.0%
    ABNB     ours=145.56  yf=145.56  diff=0.0%
    ABT      ours=94.12  yf=94.12  diff=0.0%
    ACGL     ours=97.54  yf=97.54  diff=0.0%
    ACN      ours=128.98  yf=128.98  diff=0.0%
    ADBE     ours=202.73  yf=202.73  diff=0.0%

------------------------------------------------------------
VOLUME  -- 214 flagged (>10%)
  FLAGGED (top 20 of 214):
    SPG      ours=8.72  yf=1.69  diff=415.7% ***
    KEYS     ours=5.53  yf=1.19  diff=366.1% ***
    DECK     ours=6.16  yf=1.39  diff=344.6% ***
    SHW      ours=8.24  yf=1.91  diff=330.9% ***
    AMP      ours=2.75  yf=0.66  diff=317.1% ***
    WM       ours=7.94  yf=2.03  diff=291.9% ***
    AIG      ours=15.34  yf=3.92  diff=291.2% ***
    NVR      ours=0.05  yf=0.01  diff=275.5% ***
    AON      ours=5.29  yf=1.43  diff=269.0% ***
    DVA      ours=1.67  yf=0.48  diff=249.5% ***
    PWR      ours=6.31  yf=1.89  diff=234.0% ***
    CMG      ours=63.07  yf=19.27  diff=227.3% ***
    LII      ours=0.99  yf=0.30  diff=225.5% ***
    ROK      ours=4.26  yf=1.40  diff=203.4% ***
    VRT      ours=21.99  yf=7.49  diff=193.5% ***
    VLTO     ours=5.68  yf=1.99  diff=185.4% ***
    TYL      ours=1.65  yf=0.58  diff=183.7% ***
    PRU      ours=2.99  yf=1.10  diff=171.2% ***
    HCA      ours=2.21  yf=0.83  diff=167.5% ***
    BDX      ours=12.18  yf=4.62  diff=163.7% ***
  TOP 10 LARGEST DIFF:
    SPG      ours=8.72  yf=1.69  diff=415.7% ***
    KEYS     ours=5.53  yf=1.19  diff=366.1% ***
    DECK     ours=6.16  yf=1.39  diff=344.6% ***
    SHW      ours=8.24  yf=1.91  diff=330.9% ***
    AMP      ours=2.75  yf=0.66  diff=317.1% ***
    WM       ours=7.94  yf=2.03  diff=291.9% ***
    AIG      ours=15.34  yf=3.92  diff=291.2% ***
    NVR      ours=0.05  yf=0.01  diff=275.5% ***
    AON      ours=5.29  yf=1.43  diff=269.0% ***
    DVA      ours=1.67  yf=0.48  diff=249.5% ***

------------------------------------------------------------
MKTCAP  -- 6 flagged (>10%)
  FLAGGED (top 6 of 6):
    PCG      ours=$46.58B  yf=$38.27B  diff=21.7% ***
    CHTR     ours=$16.44B  yf=$20.94B  diff=21.5% ***
    SPG      ours=$73.58B  yf=$86.21B  diff=14.7% ***
    UDR      ours=$12.99B  yf=$14.81B  diff=12.3% ***
    ERIE     ours=$11.03B  yf=$12.48B  diff=11.6% ***
    BXP      ours=$10.75B  yf=$12.02B  diff=10.6% ***
  TOP 10 LARGEST DIFF:
    PCG      ours=$46.58B  yf=$38.27B  diff=21.7% ***
    CHTR     ours=$16.44B  yf=$20.94B  diff=21.5% ***
    SPG      ours=$73.58B  yf=$86.21B  diff=14.7% ***
    UDR      ours=$12.99B  yf=$14.81B  diff=12.3% ***
    ERIE     ours=$11.03B  yf=$12.48B  diff=11.6% ***
    BXP      ours=$10.75B  yf=$12.02B  diff=10.6% ***
    CCL      ours=$39.82B  yf=$44.13B  diff=9.8%
    ACN      ours=$86.10B  yf=$78.93B  diff=9.1%
    WDAY     ours=$33.10B  yf=$30.68B  diff=7.9%
    RKLB     ours=$48.93B  yf=$52.82B  diff=7.4%

------------------------------------------------------------
PE  -- 25 flagged (>10%)
  FLAGGED (top 20 of 25):
    NBIS     ours=728.180  yf=92.423  diff=687.9% ***
    HON      ours=36.110  yf=18.518  diff=95.0% ***
    KKR      ours=57.780  yf=30.656  diff=88.5% ***
    OXY      ours=12.590  yf=67.554  diff=81.4% ***
    ALNY     ours=128.360  yf=73.025  diff=75.8% ***
    MLM      ours=14.690  yf=38.600  diff=61.9% ***
    NWS      ours=14.370  yf=36.367  diff=60.5% ***
    NWSA     ours=12.710  yf=32.165  diff=60.5% ***
    BDX      ours=39.470  yf=27.259  diff=44.8% ***
    JCI      ours=25.030  yf=42.324  diff=40.9% ***
    TXT      ours=11.120  yf=17.408  diff=36.1% ***
    HAL      ours=25.150  yf=18.901  diff=33.1% ***
    LEN      ours=10.300  yf=14.658  diff=29.7% ***
    BRK-B    ours=18.590  yf=14.837  diff=25.3% ***
    WEC      ours=18.840  yf=23.818  diff=20.9% ***
    AMCR     ours=41.660  yf=34.702  diff=20.1% ***
    KMB      ours=17.170  yf=21.155  diff=18.8% ***
    STZ      ours=12.380  yf=15.224  diff=18.7% ***
    COF      ours=52.040  yf=62.963  diff=17.3% ***
    C        ours=20.280  yf=17.523  diff=15.7% ***
  TOP 10 LARGEST DIFF:
    NBIS     ours=728.180  yf=92.423  diff=687.9% ***
    HON      ours=36.110  yf=18.518  diff=95.0% ***
    KKR      ours=57.780  yf=30.656  diff=88.5% ***
    OXY      ours=12.590  yf=67.554  diff=81.4% ***
    ALNY     ours=128.360  yf=73.025  diff=75.8% ***
    MLM      ours=14.690  yf=38.600  diff=61.9% ***
    NWS      ours=14.370  yf=36.367  diff=60.5% ***
    NWSA     ours=12.710  yf=32.165  diff=60.5% ***
    BDX      ours=39.470  yf=27.259  diff=44.8% ***
    JCI      ours=25.030  yf=42.324  diff=40.9% ***

------------------------------------------------------------
EPS  -- 31 flagged (>10%)
  FLAGGED (top 20 of 31):
    PSKY     ours=-0.600  yf=0.030  diff=2100.0% ***
    OXY      ours=3.970  yf=0.740  diff=436.5% ***
    GPN      ours=-2.050  yf=2.720  diff=175.4% ***
    MLM      ours=41.930  yf=15.960  diff=162.7% ***
    NWS      ours=2.000  yf=0.790  diff=153.2% ***
    NWSA     ours=2.000  yf=0.790  diff=153.2% ***
    DD       ours=-0.210  yf=1.140  diff=118.4% ***
    NBIS     ours=0.330  yf=2.600  diff=87.3% ***
    JCI      ours=5.530  yf=3.270  diff=69.1% ***
    TXT      ours=8.200  yf=5.240  diff=56.5% ***
    HON      ours=6.430  yf=12.540  diff=48.7% ***
    KKR      ours=1.560  yf=2.940  diff=46.9% ***
    ALNY     ours=2.270  yf=3.990  diff=43.1% ***
    LEN      ours=9.080  yf=6.380  diff=42.3% ***
    BDX      ours=3.950  yf=5.720  diff=30.9% ***
    IP       ours=-6.600  yf=-5.190  diff=27.2% ***
    WEC      ours=6.310  yf=4.990  diff=26.5% ***
    HAL      ours=1.360  yf=1.810  diff=24.9% ***
    KMB      ours=6.370  yf=5.170  diff=23.2% ***
    STZ      ours=11.820  yf=9.610  diff=23.0% ***
  TOP 10 LARGEST DIFF:
    PSKY     ours=-0.600  yf=0.030  diff=2100.0% ***
    OXY      ours=3.970  yf=0.740  diff=436.5% ***
    GPN      ours=-2.050  yf=2.720  diff=175.4% ***
    MLM      ours=41.930  yf=15.960  diff=162.7% ***
    NWS      ours=2.000  yf=0.790  diff=153.2% ***
    NWSA     ours=2.000  yf=0.790  diff=153.2% ***
    DD       ours=-0.210  yf=1.140  diff=118.4% ***
    NBIS     ours=0.330  yf=2.600  diff=87.3% ***
    JCI      ours=5.530  yf=3.270  diff=69.1% ***
    TXT      ours=8.200  yf=5.240  diff=56.5% ***
