Tiingo vs yfinance comparison — 2026-07-29
Threshold: >10% for all metrics
370 flagged diffs above threshold

============================================================
KNOWN EXPECTED DIFFERENCES (not bugs)
============================================================

EPS / PE — hardcoded adjustments (our side intentional):
  BRK-B   EDGAR EPS ÷ 1500  (Class A→B conversion)
  BKNG    EDGAR EPS ÷ 25    (25-for-1 split Apr 2026; auto-disables after Q2 2026 10-Q)
  CVNA    EDGAR EPS ÷ 5     (5-for-1 split May 2026; auto-disables after Q2 2026 10-Q)
  KLAC    EDGAR EPS ÷ 10    (10-for-1 split Jun 2026; auto-disables after Q2 2026 10-Q)
  DD      EDGAR EPS × 3     (1-for-3 reverse split Jun 2026; pre-split EPS ~-0.07; auto-disables when EDGAR EPS abs > 0.20 after Q2 2026 10-Q)
  HON     EDGAR EPS × 2     (1-for-2 reverse split Jun 29 2026; pre-split EPS ~$3.21; auto-disables when EDGAR EPS abs > 4.0 after Q2/Q3 2026 10-Q)

EPS / PE — inline XBRL fallback (company_facts has no data; we parse filing HTML):
  V ERIE KKR STZ HSY BRK-B   US 10-Q/10-K  USD   TTM = quarters since last 10-K
                                                  + Q4 derived (annual − 9M YTD).
                                                  Fixed 2026-06-30 (commit 973b985):
                                                  naive 4-quarter sum used to run
                                                  before the Q4-derivation path and
                                                  silently skipped the real Q4 (never
                                                  filed as its own 10-Q), substituting
                                                  a stale year-ago quarter instead.
                                                  KKR 1.56→2.93, BRK-B 26.83→33.59,
                                                  V 11.18→11.47, ERIE 12.37→10.93,
                                                  STZ 11.82→9.61, HSY 4.90→5.37 — all
                                                  now match yfinance.
  ARM ASML CCEP FER PDD      20-F          —      annual only (no 10-Q filed; not
                                                  affected by the bug above). ASML/
                                                  CCEP/FER convert EUR→USD via daily
                                                  ECB rate; PDD uses
                                                  EarningsPerShareBasicAndDiluted.
  NBIS                       6-K           USD    annual only (foreign private issuer,
                                                  furnishes 6-K instead of 10-Q).
  Diffs vs YF expected: foreign EPS is annual-only (no TTM); FX rate differs by fetch time.

EPS / PE — null (still unavailable):
  ARES TRI    Filed Form 25-NSE May 2026 — being removed from exchange listing.
              Will drop out of S&P 500 / Nasdaq-100 universe on next rebalance.
  FDXF        FedEx Freight spinoff (2026-06); only 8-K/Form 4 filed so far, no
              10-Q/10-K yet — EPS unavailable until first quarterly filing.

EPS / PE — TTM window vs YF annual anchor:
  Large diffs (e.g. CI 23.61 vs YF 113.71) often mean YF is anchored to an older
  annual 10-K that included a one-time gain/charge now outside our rolling TTM.
  Our TTM = sum of 4 most recent quarters from EDGAR 10-Q/10-K filings.
  YF trailingEps sources from data vendors and may reflect a different period.

MKTCAP — shares outstanding overrides (SHARES_OUTSTANDING_OVERRIDE, our side intentional):
  IBKR   1,697,000,000  (Class A 445M + IBG LLC membership units; EDGAR under-reports)
  BX     1,222,000,000  (Class A 742M + Blackstone Holdings LP units)
  DVN    1,153,000,000  (Coterra merger May 2026 doubled shares; EDGAR XBRL lags until Q2 2026 10-Q ~Aug 2026)
  CVNA   shares × 5    (5-for-1 split May 2026; EDGAR pre-split ~219M Class A; heals after Q2 2026 10-Q ~Aug 2026)
  KLAC   shares × 10   (10-for-1 split Jun 2026; EDGAR pre-split ~130.6M; heals after Q2 2026 10-Q ~Aug 2026)
  DD     shares ÷ 3    (1-for-3 reverse split Jun 2026; EDGAR pre-split ~410M; heals after Q2 2026 10-Q ~Aug 2026)

VOLUME — systematic offset:
  Tiingo EOD volume includes extended-hours (pre/after market).
  YF typically reports regular-session only. Expect ours ~1.5-2x YF across the board.
============================================================

------------------------------------------------------------
PRICE  -- 0 flagged (>10%)
  TOP 10 LARGEST DIFF:
    MRNA     ours=55.80  yf=55.80  diff=0.0%
    FANG     ours=190.31  yf=190.31  diff=0.0%
    A        ours=140.54  yf=140.54  diff=0.0%
    AAPL     ours=340.08  yf=340.08  diff=0.0%
    ABBV     ours=263.20  yf=263.20  diff=0.0%
    ABNB     ours=153.11  yf=153.11  diff=0.0%
    ABT      ours=107.27  yf=107.27  diff=0.0%
    ACGL     ours=106.48  yf=106.48  diff=0.0%
    ACN      ours=164.66  yf=164.66  diff=0.0%
    ADBE     ours=249.18  yf=249.18  diff=0.0%

------------------------------------------------------------
VOLUME  -- 262 flagged (>10%)
  FLAGGED (top 20 of 262):
    WFC      ours=16.57  yf=7.36  diff=125.2% ***
    ESS      ours=0.69  yf=0.34  diff=103.8% ***
    SYY      ours=3.85  yf=1.90  diff=103.0% ***
    KMI      ours=13.19  yf=6.97  diff=89.3% ***
    NEE      ours=13.26  yf=7.28  diff=82.2% ***
    BMY      ours=15.14  yf=8.43  diff=79.6% ***
    AXP      ours=3.54  yf=2.00  diff=77.1% ***
    ALL      ours=2.46  yf=1.43  diff=71.8% ***
    LHX      ours=1.63  yf=0.95  diff=71.7% ***
    USB      ours=8.09  yf=4.80  diff=68.7% ***
    AMP      ours=0.70  yf=0.42  diff=68.3% ***
    APD      ours=1.54  yf=0.94  diff=64.7% ***
    COP      ours=7.64  yf=4.66  diff=63.9% ***
    MAA      ours=1.48  yf=0.91  diff=61.8% ***
    GWW      ours=0.37  yf=0.23  diff=61.5% ***
    NI       ours=3.74  yf=2.33  diff=60.2% ***
    PRU      ours=2.04  yf=1.28  diff=59.5% ***
    EQR      ours=4.45  yf=2.81  diff=58.3% ***
    DHI      ours=2.75  yf=1.75  diff=57.1% ***
    AIG      ours=3.32  yf=2.11  diff=57.0% ***
  TOP 10 LARGEST DIFF:
    WFC      ours=16.57  yf=7.36  diff=125.2% ***
    ESS      ours=0.69  yf=0.34  diff=103.8% ***
    SYY      ours=3.85  yf=1.90  diff=103.0% ***
    KMI      ours=13.19  yf=6.97  diff=89.3% ***
    NEE      ours=13.26  yf=7.28  diff=82.2% ***
    BMY      ours=15.14  yf=8.43  diff=79.6% ***
    AXP      ours=3.54  yf=2.00  diff=77.1% ***
    ALL      ours=2.46  yf=1.43  diff=71.8% ***
    LHX      ours=1.63  yf=0.95  diff=71.7% ***
    USB      ours=8.09  yf=4.80  diff=68.7% ***

------------------------------------------------------------
MKTCAP  -- 7 flagged (>10%)
  FLAGGED (top 7 of 7):
    NTRS     ours=$33.47B  yf=$22.22B  diff=50.7% ***
    PCG      ours=$47.65B  yf=$39.16B  diff=21.7% ***
    SPG      ours=$76.76B  yf=$89.94B  diff=14.7% ***
    UDR      ours=$12.67B  yf=$14.45B  diff=12.3% ***
    ERIE     ours=$11.20B  yf=$12.68B  diff=11.6% ***
    CHTR     ours=$16.70B  yf=$18.86B  diff=11.5% ***
    BXP      ours=$11.16B  yf=$12.47B  diff=10.5% ***
  TOP 10 LARGEST DIFF:
    NTRS     ours=$33.47B  yf=$22.22B  diff=50.7% ***
    PCG      ours=$47.65B  yf=$39.16B  diff=21.7% ***
    SPG      ours=$76.76B  yf=$89.94B  diff=14.7% ***
    UDR      ours=$12.67B  yf=$14.45B  diff=12.3% ***
    ERIE     ours=$11.20B  yf=$12.68B  diff=11.6% ***
    CHTR     ours=$16.70B  yf=$18.86B  diff=11.5% ***
    BXP      ours=$11.16B  yf=$12.47B  diff=10.5% ***
    ACN      ours=$109.91B  yf=$100.76B  diff=9.1%
    WDAY     ours=$42.56B  yf=$39.44B  diff=7.9%
    RKLB     ours=$36.98B  yf=$39.92B  diff=7.4%

------------------------------------------------------------
PE  -- 47 flagged (>10%)
  FLAGGED (top 20 of 47):
    NBIS     ours=514.210  yf=72.517  diff=609.1% ***
    COF      ours=54.190  yf=11.402  diff=375.3% ***
    HWM      ours=66.370  yf=1682.588  diff=96.1% ***
    AMP      ours=13.620  yf=133.322  diff=89.8% ***
    OXY      ours=13.580  yf=73.877  diff=81.6% ***
    ALNY     ours=127.050  yf=70.002  diff=81.5% ***
    AEP      ours=19.680  yf=99.269  diff=80.2% ***
    PSA      ours=34.140  yf=166.904  diff=79.5% ***
    MLM      ours=13.920  yf=35.852  diff=61.2% ***
    NWS      ours=15.900  yf=39.272  diff=59.5% ***
    NWSA     ours=14.090  yf=34.790  diff=59.5% ***
    ROP      ours=24.420  yf=15.624  diff=56.3% ***
    BDX      ours=42.110  yf=27.723  diff=51.9% ***
    DLR      ours=51.240  yf=95.163  diff=46.2% ***
    TXT      ours=10.210  yf=18.359  diff=44.4% ***
    JCI      ours=25.370  yf=43.837  diff=42.1% ***
    C        ours=18.950  yf=14.352  diff=32.0% ***
    AMCR     ours=45.200  yf=36.477  diff=23.9% ***
    LEN      ours=10.300  yf=13.341  diff=22.8% ***
    NTRS     ours=18.940  yf=15.524  diff=22.0% ***
  TOP 10 LARGEST DIFF:
    NBIS     ours=514.210  yf=72.517  diff=609.1% ***
    COF      ours=54.190  yf=11.402  diff=375.3% ***
    HWM      ours=66.370  yf=1682.588  diff=96.1% ***
    AMP      ours=13.620  yf=133.322  diff=89.8% ***
    OXY      ours=13.580  yf=73.877  diff=81.6% ***
    ALNY     ours=127.050  yf=70.002  diff=81.5% ***
    AEP      ours=19.680  yf=99.269  diff=80.2% ***
    PSA      ours=34.140  yf=166.904  diff=79.5% ***
    MLM      ours=13.920  yf=35.852  diff=61.2% ***
    NWS      ours=15.900  yf=39.272  diff=59.5% ***

------------------------------------------------------------
EPS  -- 54 flagged (>10%)
  FLAGGED (top 20 of 54):
    PSKY     ours=-0.600  yf=0.020  diff=3100.0% ***
    HWM      ours=4.310  yf=0.170  diff=2435.3% ***
    AMP      ours=40.130  yf=4.100  diff=878.8% ***
    OXY      ours=3.970  yf=0.730  diff=443.8% ***
    AEP      ours=6.760  yf=1.340  diff=404.5% ***
    PSA      ours=9.680  yf=1.980  diff=388.9% ***
    NFLX     ours=-9.240  yf=3.270  diff=382.6% ***
    CRWD     ours=-0.120  yf=-0.040  diff=200.0% ***
    NOW      ours=-1.620  yf=1.680  diff=196.4% ***
    GPN      ours=-2.050  yf=2.830  diff=172.4% ***
    MLM      ours=41.930  yf=16.280  diff=157.6% ***
    NWS      ours=2.000  yf=0.810  diff=146.9% ***
    NWSA     ours=2.000  yf=0.810  diff=146.9% ***
    HAS      ours=-1.630  yf=5.970  diff=127.3% ***
    DD       ours=-0.210  yf=1.140  diff=118.4% ***
    DOW      ours=-4.000  yf=-1.840  diff=117.4% ***
    NBIS     ours=0.330  yf=2.340  diff=85.9% ***
    DLR      ours=3.770  yf=2.030  diff=85.7% ***
    TXT      ours=8.810  yf=4.900  diff=79.8% ***
    COF      ours=3.920  yf=18.630  diff=79.0% ***
  TOP 10 LARGEST DIFF:
    PSKY     ours=-0.600  yf=0.020  diff=3100.0% ***
    HWM      ours=4.310  yf=0.170  diff=2435.3% ***
    AMP      ours=40.130  yf=4.100  diff=878.8% ***
    OXY      ours=3.970  yf=0.730  diff=443.8% ***
    AEP      ours=6.760  yf=1.340  diff=404.5% ***
    PSA      ours=9.680  yf=1.980  diff=388.9% ***
    NFLX     ours=-9.240  yf=3.270  diff=382.6% ***
    CRWD     ours=-0.120  yf=-0.040  diff=200.0% ***
    NOW      ours=-1.620  yf=1.680  diff=196.4% ***
    GPN      ours=-2.050  yf=2.830  diff=172.4% ***
