Tiingo vs yfinance comparison — 2026-09-14
Threshold: >10% for all metrics
122 flagged diffs above threshold

============================================================
KNOWN EXPECTED DIFFERENCES (not bugs)
============================================================

EPS / PE — hardcoded adjustments (our side intentional):
  BRK-B   EDGAR EPS ÷ 1500  (Class A→B conversion)
  BKNG    EDGAR EPS ÷ 25    (25-for-1 split Apr 2026; auto-disables after Q2 2026 10-Q)
  CVNA    EDGAR EPS ÷ 5     (5-for-1 split May 2026; auto-disables after Q2 2026 10-Q)
  KLAC    EDGAR EPS ÷ 10    (10-for-1 split Jun 2026; auto-disables after Q2 2026 10-Q)
  DD      EDGAR EPS × 3     (1-for-3 reverse split Jun 2026; pre-split EPS ~-0.07; auto-disables when EDGAR EPS abs > 0.20 after Q2 2026 10-Q)
  HON     EDGAR EPS × 2     (1-for-2 reverse split Jun 29 2026; pre-split EPS ~$3.21; auto-disables when EDGAR EPS abs > 4.0 after Q2/Q3 2026 10-Q)

EPS / PE — inline XBRL fallback (company_facts has no data; we parse filing HTML):
  V ERIE KKR STZ HSY BRK-B   US 10-Q/10-K  USD   TTM = quarters since last 10-K
                                                  + Q4 derived (annual − 9M YTD).
                                                  Fixed 2026-06-30 (commit 973b985):
                                                  naive 4-quarter sum used to run
                                                  before the Q4-derivation path and
                                                  silently skipped the real Q4 (never
                                                  filed as its own 10-Q), substituting
                                                  a stale year-ago quarter instead.
                                                  KKR 1.56→2.93, BRK-B 26.83→33.59,
                                                  V 11.18→11.47, ERIE 12.37→10.93,
                                                  STZ 11.82→9.61, HSY 4.90→5.37 — all
                                                  now match yfinance.
  ARM ASML CCEP FER PDD      20-F          —      annual only (no 10-Q filed; not
                                                  affected by the bug above). ASML/
                                                  CCEP/FER convert EUR→USD via daily
                                                  ECB rate; PDD uses
                                                  EarningsPerShareBasicAndDiluted.
  NBIS                       6-K           USD    annual only (foreign private issuer,
                                                  furnishes 6-K instead of 10-Q).
  Diffs vs YF expected: foreign EPS is annual-only (no TTM); FX rate differs by fetch time.

EPS / PE — null (still unavailable):
  ARES TRI    Filed Form 25-NSE May 2026 — being removed from exchange listing.
              Will drop out of S&P 500 / Nasdaq-100 universe on next rebalance.
  FDXF        FedEx Freight spinoff (2026-06); only 8-K/Form 4 filed so far, no
              10-Q/10-K yet — EPS unavailable until first quarterly filing.

EPS / PE — TTM window vs YF annual anchor:
  Large diffs (e.g. CI 23.61 vs YF 113.71) often mean YF is anchored to an older
  annual 10-K that included a one-time gain/charge now outside our rolling TTM.
  Our TTM = sum of 4 most recent quarters from EDGAR 10-Q/10-K filings.
  YF trailingEps sources from data vendors and may reflect a different period.

MKTCAP — shares outstanding overrides (SHARES_OUTSTANDING_OVERRIDE, our side intentional):
  IBKR   1,697,000,000  (Class A 445M + IBG LLC membership units; EDGAR under-reports)
  BX     1,222,000,000  (Class A 742M + Blackstone Holdings LP units)
  DVN    1,153,000,000  (Coterra merger May 2026 doubled shares; EDGAR XBRL lags until Q2 2026 10-Q ~Aug 2026)
  CVNA   shares × 5    (5-for-1 split May 2026; EDGAR pre-split ~219M Class A; heals after Q2 2026 10-Q ~Aug 2026)
  KLAC   shares × 10   (10-for-1 split Jun 2026; EDGAR pre-split ~130.6M; heals after Q2 2026 10-Q ~Aug 2026)
  DD     shares ÷ 3    (1-for-3 reverse split Jun 2026; EDGAR pre-split ~410M; heals after Q2 2026 10-Q ~Aug 2026)

VOLUME — systematic offset:
  Tiingo EOD volume includes extended-hours (pre/after market).
  YF typically reports regular-session only. Expect ours ~1.5-2x YF across the board.
============================================================

------------------------------------------------------------
PRICE  -- 0 flagged (>10%)
  TOP 10 LARGEST DIFF:
    V        ours=375.42  yf=372.67  diff=0.7%
    SWKS     ours=81.27  yf=81.77  diff=0.6%
    MSCI     ours=544.88  yf=547.35  diff=0.5%
    KEY      ours=21.82  yf=21.91  diff=0.4%
    MPC      ours=392.69  yf=391.16  diff=0.4%
    HBAN     ours=16.74  yf=16.80  diff=0.4%
    NBIS     ours=214.76  yf=213.96  diff=0.4%
    GNRC     ours=177.96  yf=177.32  diff=0.4%
    APP      ours=334.01  yf=332.85  diff=0.3%
    ON       ours=72.47  yf=72.72  diff=0.3%

------------------------------------------------------------
VOLUME  -- 2 flagged (>10%)
  FLAGGED (top 2 of 2):
    SPY      ours=24.85  yf=29.81  diff=16.6% ***
    NVR      ours=0.02  yf=0.02  diff=12.6% ***
  TOP 10 LARGEST DIFF:
    SPY      ours=24.85  yf=29.81  diff=16.6% ***
    NVR      ours=0.02  yf=0.02  diff=12.6% ***
    DOC      ours=1.39  yf=1.54  diff=9.8%
    AMCR     ours=1.99  yf=2.18  diff=8.5%
    MTD      ours=0.06  yf=0.07  diff=8.5%
    NDSN     ours=0.11  yf=0.12  diff=6.3%
    CPAY     ours=0.20  yf=0.21  diff=5.4%
    TYL      ours=0.37  yf=0.39  diff=5.3%
    PKG      ours=0.17  yf=0.18  diff=4.7%
    V        ours=2.80  yf=2.94  diff=4.7%

------------------------------------------------------------
MKTCAP  -- 12 flagged (>10%)
  FLAGGED (top 12 of 12):
    VMRK     ours=$24.87B  yf=$51.37B  diff=51.6% ***
    APH      ours=$97.60B  yf=$195.37B  diff=50.0% ***
    MNST     ours=$43.33B  yf=$86.68B  diff=50.0% ***
    PCG      ours=$36.54B  yf=$30.07B  diff=21.5% ***
    MLM      ours=$30.05B  yf=$35.57B  diff=15.5% ***
    SPG      ours=$66.46B  yf=$78.01B  diff=14.8% ***
    CPT      ours=$10.41B  yf=$12.00B  diff=13.2% ***
    BXP      ours=$10.28B  yf=$11.64B  diff=11.7% ***
    ERIE     ours=$11.68B  yf=$13.22B  diff=11.7% ***
    UDR      ours=$11.48B  yf=$13.00B  diff=11.7% ***
    CHTR     ours=$17.34B  yf=$19.61B  diff=11.6% ***
    WDAY     ours=$51.64B  yf=$46.67B  diff=10.7% ***
  TOP 10 LARGEST DIFF:
    VMRK     ours=$24.87B  yf=$51.37B  diff=51.6% ***
    APH      ours=$97.60B  yf=$195.37B  diff=50.0% ***
    MNST     ours=$43.33B  yf=$86.68B  diff=50.0% ***
    PCG      ours=$36.54B  yf=$30.07B  diff=21.5% ***
    MLM      ours=$30.05B  yf=$35.57B  diff=15.5% ***
    SPG      ours=$66.46B  yf=$78.01B  diff=14.8% ***
    CPT      ours=$10.41B  yf=$12.00B  diff=13.2% ***
    BXP      ours=$10.28B  yf=$11.64B  diff=11.7% ***
    ERIE     ours=$11.68B  yf=$13.22B  diff=11.7% ***
    UDR      ours=$11.48B  yf=$13.00B  diff=11.7% ***

------------------------------------------------------------
PE  -- 49 flagged (>10%)
  FLAGGED (top 20 of 49):
    TPL      ours=376.600  yf=47.109  diff=699.4% ***
    DD       ours=145.980  yf=53.511  diff=172.8% ***
    APTV     ours=42.450  yf=20.145  diff=110.7% ***
    CRWD     ours=1079.090  yf=5931.750  diff=81.8% ***
    BDX      ours=54.830  yf=31.500  diff=74.1% ***
    BKNG     ours=33.000  yf=19.398  diff=70.1% ***
    MLM      ours=12.290  yf=32.519  diff=62.2% ***
    MNST     ours=20.480  yf=40.968  diff=50.0% ***
    APH      ours=19.840  yf=39.612  diff=49.9% ***
    ALNY     ours=64.200  yf=43.401  diff=47.9% ***
    OXY      ours=9.570  yf=18.224  diff=47.5% ***
    DLR      ours=47.760  yf=87.541  diff=45.4% ***
    TXT      ours=9.190  yf=15.250  diff=39.7% ***
    BIIB     ours=23.460  yf=38.746  diff=39.5% ***
    JCI      ours=24.940  yf=38.885  diff=35.9% ***
    MDLZ     ours=30.880  yf=22.844  diff=35.2% ***
    FER      ours=38.010  yf=56.351  diff=32.5% ***
    C        ours=19.210  yf=14.504  diff=32.4% ***
    LEN      ours=9.420  yf=12.582  diff=25.1% ***
    CCI      ours=37.910  yf=30.457  diff=24.5% ***
  TOP 10 LARGEST DIFF:
    TPL      ours=376.600  yf=47.109  diff=699.4% ***
    DD       ours=145.980  yf=53.511  diff=172.8% ***
    APTV     ours=42.450  yf=20.145  diff=110.7% ***
    CRWD     ours=1079.090  yf=5931.750  diff=81.8% ***
    BDX      ours=54.830  yf=31.500  diff=74.1% ***
    BKNG     ours=33.000  yf=19.398  diff=70.1% ***
    MLM      ours=12.290  yf=32.519  diff=62.2% ***
    MNST     ours=20.480  yf=40.968  diff=50.0% ***
    APH      ours=19.840  yf=39.612  diff=49.9% ***
    ALNY     ours=64.200  yf=43.401  diff=47.9% ***

------------------------------------------------------------
EPS  -- 59 flagged (>10%)
  FLAGGED (top 20 of 59):
    PSKY     ours=-0.300  yf=0.030  diff=1100.0% ***
    NBIS     ours=0.330  yf=-0.070  diff=571.4% ***
    CRWD     ours=0.220  yf=0.040  diff=450.0% ***
    NFLX     ours=-9.240  yf=3.180  diff=390.6% ***
    GPN      ours=-2.970  yf=2.110  diff=240.8% ***
    NOW      ours=-1.620  yf=1.600  diff=201.3% ***
    OMC      ours=-0.370  yf=0.370  diff=200.0% ***
    MLM      ours=40.700  yf=15.400  diff=164.3% ***
    IFF      ours=1.140  yf=-3.090  diff=136.9% ***
    DOW      ours=-4.000  yf=-1.830  diff=118.6% ***
    MNST     ours=2.160  yf=1.080  diff=100.0% ***
    APH      ours=3.990  yf=2.000  diff=99.5% ***
    OXY      ours=6.460  yf=3.390  diff=90.6% ***
    TPL      ours=0.980  yf=7.820  diff=87.5% ***
    DLR      ours=3.770  yf=2.060  diff=83.0% ***
    TXT      ours=8.810  yf=5.310  diff=65.9% ***
    BIIB     ours=9.300  yf=5.620  diff=65.5% ***
    DD       ours=0.850  yf=2.320  diff=63.4% ***
    JCI      ours=5.530  yf=3.550  diff=55.8% ***
    APTV     ours=1.050  yf=2.210  diff=52.5% ***
  TOP 10 LARGEST DIFF:
    PSKY     ours=-0.300  yf=0.030  diff=1100.0% ***
    NBIS     ours=0.330  yf=-0.070  diff=571.4% ***
    CRWD     ours=0.220  yf=0.040  diff=450.0% ***
    NFLX     ours=-9.240  yf=3.180  diff=390.6% ***
    GPN      ours=-2.970  yf=2.110  diff=240.8% ***
    NOW      ours=-1.620  yf=1.600  diff=201.3% ***
    OMC      ours=-0.370  yf=0.370  diff=200.0% ***
    MLM      ours=40.700  yf=15.400  diff=164.3% ***
    IFF      ours=1.140  yf=-3.090  diff=136.9% ***
    DOW      ours=-4.000  yf=-1.830  diff=118.6% ***
