Tiingo vs yfinance comparison — 2026-06-20
Threshold: >10% for all metrics
369 flagged diffs above threshold

============================================================
KNOWN EXPECTED DIFFERENCES (not bugs)
============================================================

EPS / PE — hardcoded adjustments (our side intentional):
  BRK-B   EDGAR EPS ÷ 1500  (Class A→B conversion)
  BKNG    EDGAR EPS ÷ 25    (25-for-1 split Apr 2026; auto-disables after Q2 2026 10-Q)
  CVNA    EDGAR EPS ÷ 5     (5-for-1 split May 2026; auto-disables after Q2 2026 10-Q)
  KLAC    EDGAR EPS ÷ 10    (10-for-1 split Jun 2026; auto-disables after Q2 2026 10-Q)

EPS / PE — inline XBRL fallback (company_facts has no data; we parse filing HTML):
  V                    US 10-Q/10-K  USD        EPS ~11.18
  ERIE KKR STZ ARM     US 10-Q/10-K  USD        populated via fallback
  ASML CCEP FER        20-F          EUR→USD    converted via daily ECB rate
  PDD                  20-F          USD        EarningsPerShareBasicAndDiluted
  Diffs vs YF expected: foreign EPS is annual-only (no TTM); FX rate differs by fetch time.

EPS / PE — null (still unavailable):
  ARES TRI    Filed Form 25-NSE May 2026 — being removed from exchange listing.
              Will drop out of S&P 500 / Nasdaq-100 universe on next rebalance.

EPS / PE — TTM window vs YF annual anchor:
  Large diffs (e.g. CI 23.61 vs YF 113.71) often mean YF is anchored to an older
  annual 10-K that included a one-time gain/charge now outside our rolling TTM.
  Our TTM = sum of 4 most recent quarters from EDGAR 10-Q/10-K filings.
  YF trailingEps sources from data vendors and may reflect a different period.

MKTCAP — shares outstanding overrides (SHARES_OUTSTANDING_OVERRIDE, our side intentional):
  IBKR   1,697,000,000  (Class A 445M + IBG LLC membership units; EDGAR under-reports)
  BX     1,222,000,000  (Class A 742M + Blackstone Holdings LP units)
  DVN    1,153,000,000  (Coterra merger May 2026 doubled shares; EDGAR XBRL lags until Q2 2026 10-Q ~Aug 2026)
  CVNA   shares × 5    (5-for-1 split May 2026; EDGAR pre-split ~219M Class A; heals after Q2 2026 10-Q ~Aug 2026)
  KLAC   shares × 10   (10-for-1 split Jun 2026; EDGAR pre-split ~130.6M; heals after Q2 2026 10-Q ~Aug 2026)

VOLUME — systematic offset:
  Tiingo EOD volume includes extended-hours (pre/after market).
  YF typically reports regular-session only. Expect ours ~1.5-2x YF across the board.
============================================================

------------------------------------------------------------
PRICE  -- 0 flagged (>10%)
  TOP 10 LARGEST DIFF:
    ROP      ours=330.25  yf=330.25  diff=0.0%
    A        ours=127.06  yf=127.06  diff=0.0%
    AAPL     ours=298.01  yf=298.01  diff=0.0%
    ABBV     ours=216.49  yf=216.49  diff=0.0%
    ABNB     ours=142.41  yf=142.41  diff=0.0%
    ABT      ours=88.41  yf=88.41  diff=0.0%
    ACGL     ours=91.18  yf=91.18  diff=0.0%
    ACN      ours=127.98  yf=127.98  diff=0.0%
    ADBE     ours=195.16  yf=195.16  diff=0.0%
    ADI      ours=434.46  yf=434.46  diff=0.0%

------------------------------------------------------------
VOLUME  -- 312 flagged (>10%)
  FLAGGED (top 20 of 312):
    ABT      ours=41.96  yf=10.41  diff=303.2% ***
    SNA      ours=1.03  yf=0.27  diff=279.7% ***
    LDOS     ours=6.87  yf=1.85  diff=270.8% ***
    OMC      ours=24.46  yf=6.62  diff=269.3% ***
    MKC      ours=15.64  yf=4.25  diff=267.6% ***
    ED       ours=6.55  yf=1.80  diff=264.5% ***
    DOV      ours=2.56  yf=0.71  diff=259.1% ***
    IEX      ours=2.49  yf=0.72  diff=248.0% ***
    EG       ours=1.25  yf=0.37  diff=237.0% ***
    MTB      ours=2.93  yf=0.90  diff=225.5% ***
    VLTO     ours=6.78  yf=2.09  diff=224.1% ***
    PNC      ours=4.93  yf=1.54  diff=219.4% ***
    ELV      ours=3.54  yf=1.11  diff=218.9% ***
    GPN      ours=6.12  yf=1.93  diff=217.2% ***
    MET      ours=8.34  yf=2.64  diff=216.3% ***
    PNR      ours=3.89  yf=1.23  diff=215.0% ***
    BR       ours=3.44  yf=1.09  diff=214.3% ***
    TKO      ours=6.62  yf=2.11  diff=213.5% ***
    INVH     ours=15.95  yf=5.20  diff=206.8% ***
    FTV      ours=5.62  yf=1.86  diff=201.8% ***
  TOP 10 LARGEST DIFF:
    ABT      ours=41.96  yf=10.41  diff=303.2% ***
    SNA      ours=1.03  yf=0.27  diff=279.7% ***
    LDOS     ours=6.87  yf=1.85  diff=270.8% ***
    OMC      ours=24.46  yf=6.62  diff=269.3% ***
    MKC      ours=15.64  yf=4.25  diff=267.6% ***
    ED       ours=6.55  yf=1.80  diff=264.5% ***
    DOV      ours=2.56  yf=0.71  diff=259.1% ***
    IEX      ours=2.49  yf=0.72  diff=248.0% ***
    EG       ours=1.25  yf=0.37  diff=237.0% ***
    MTB      ours=2.93  yf=0.90  diff=225.5% ***

------------------------------------------------------------
MKTCAP  -- 7 flagged (>10%)
  FLAGGED (top 7 of 7):
    PCG      ours=$44.17B  yf=$36.29B  diff=21.7% ***
    CHTR     ours=$15.52B  yf=$19.78B  diff=21.5% ***
    SPG      ours=$68.53B  yf=$80.30B  diff=14.7% ***
    UDR      ours=$12.20B  yf=$13.92B  diff=12.3% ***
    ERIE     ours=$10.21B  yf=$11.56B  diff=11.7% ***
    BXP      ours=$10.32B  yf=$11.54B  diff=10.5% ***
    CCL      ours=$38.25B  yf=$42.76B  diff=10.5% ***
  TOP 10 LARGEST DIFF:
    PCG      ours=$44.17B  yf=$36.29B  diff=21.7% ***
    CHTR     ours=$15.52B  yf=$19.78B  diff=21.5% ***
    SPG      ours=$68.53B  yf=$80.30B  diff=14.7% ***
    UDR      ours=$12.20B  yf=$13.92B  diff=12.3% ***
    ERIE     ours=$10.21B  yf=$11.56B  diff=11.7% ***
    BXP      ours=$10.32B  yf=$11.54B  diff=10.5% ***
    CCL      ours=$38.25B  yf=$42.76B  diff=10.5% ***
    ACN      ours=$85.43B  yf=$78.76B  diff=8.5%
    WDAY     ours=$31.16B  yf=$28.88B  diff=7.9%
    ESS      ours=$17.59B  yf=$18.87B  diff=6.8%

------------------------------------------------------------
PE  -- 21 flagged (>10%)
  FLAGGED (top 20 of 21):
    KKR      ours=62.190  yf=32.997  diff=88.5% ***
    OXY      ours=13.050  yf=70.027  diff=81.4% ***
    ALNY     ours=122.510  yf=70.048  diff=74.9% ***
    MLM      ours=14.530  yf=38.165  diff=61.9% ***
    NWSA     ours=12.640  yf=32.000  diff=60.5% ***
    NWS      ours=14.380  yf=36.392  diff=60.5% ***
    BDX      ours=36.450  yf=25.127  diff=45.1% ***
    JCI      ours=26.190  yf=44.287  diff=40.9% ***
    TXT      ours=10.910  yf=17.074  diff=36.1% ***
    HAL      ours=25.680  yf=19.298  diff=33.1% ***
    LEN      ours=9.880  yf=14.064  diff=29.8% ***
    BRK-B    ours=18.240  yf=14.563  diff=25.2% ***
    AMCR     ours=39.770  yf=32.864  diff=21.0% ***
    WEC      ours=17.780  yf=22.479  diff=20.9% ***
    KMB      ours=16.100  yf=19.838  diff=18.8% ***
    STZ      ours=11.940  yf=14.691  diff=18.7% ***
    COF      ours=51.410  yf=62.009  diff=17.1% ***
    C        ours=20.470  yf=17.684  diff=15.8% ***
    BKNG     ours=25.790  yf=22.632  diff=14.0% ***
    ERIE     ours=17.880  yf=20.269  diff=11.8% ***
  TOP 10 LARGEST DIFF:
    KKR      ours=62.190  yf=32.997  diff=88.5% ***
    OXY      ours=13.050  yf=70.027  diff=81.4% ***
    ALNY     ours=122.510  yf=70.048  diff=74.9% ***
    MLM      ours=14.530  yf=38.165  diff=61.9% ***
    NWSA     ours=12.640  yf=32.000  diff=60.5% ***
    NWS      ours=14.380  yf=36.392  diff=60.5% ***
    BDX      ours=36.450  yf=25.127  diff=45.1% ***
    JCI      ours=26.190  yf=44.287  diff=40.9% ***
    TXT      ours=10.910  yf=17.074  diff=36.1% ***
    HAL      ours=25.680  yf=19.298  diff=33.1% ***

------------------------------------------------------------
EPS  -- 29 flagged (>10%)
  FLAGGED (top 20 of 29):
    PSKY     ours=-0.600  yf=0.030  diff=2100.0% ***
    OXY      ours=3.970  yf=0.740  diff=436.5% ***
    GPN      ours=-2.050  yf=2.720  diff=175.4% ***
    MLM      ours=41.930  yf=15.960  diff=162.7% ***
    NWS      ours=2.000  yf=0.790  diff=153.2% ***
    NWSA     ours=2.000  yf=0.790  diff=153.2% ***
    DD       ours=-0.070  yf=0.380  diff=118.4% ***
    SJM      ours=-1.300  yf=-11.780  diff=89.0% ***
    JCI      ours=5.530  yf=3.270  diff=69.1% ***
    TXT      ours=8.200  yf=5.240  diff=56.5% ***
    KKR      ours=1.560  yf=2.940  diff=46.9% ***
    ALNY     ours=2.270  yf=3.970  diff=42.8% ***
    LEN      ours=9.080  yf=6.380  diff=42.3% ***
    BDX      ours=3.950  yf=5.730  diff=31.1% ***
    IP       ours=-6.600  yf=-5.190  diff=27.2% ***
    WEC      ours=6.310  yf=4.990  diff=26.5% ***
    HAL      ours=1.360  yf=1.810  diff=24.9% ***
    KMB      ours=6.370  yf=5.170  diff=23.2% ***
    STZ      ours=11.820  yf=9.610  diff=23.0% ***
    COF      ours=3.920  yf=3.250  diff=20.6% ***
  TOP 10 LARGEST DIFF:
    PSKY     ours=-0.600  yf=0.030  diff=2100.0% ***
    OXY      ours=3.970  yf=0.740  diff=436.5% ***
    GPN      ours=-2.050  yf=2.720  diff=175.4% ***
    MLM      ours=41.930  yf=15.960  diff=162.7% ***
    NWS      ours=2.000  yf=0.790  diff=153.2% ***
    NWSA     ours=2.000  yf=0.790  diff=153.2% ***
    DD       ours=-0.070  yf=0.380  diff=118.4% ***
    SJM      ours=-1.300  yf=-11.780  diff=89.0% ***
    JCI      ours=5.530  yf=3.270  diff=69.1% ***
    TXT      ours=8.200  yf=5.240  diff=56.5% ***
