Tiingo vs yfinance comparison — 2026-09-22
Threshold: >10% for all metrics
116 flagged diffs above threshold

============================================================
KNOWN EXPECTED DIFFERENCES (not bugs)
============================================================

EPS / PE — hardcoded adjustments (our side intentional):
  BRK-B   EDGAR EPS ÷ 1500  (Class A→B conversion)
  BKNG    EDGAR EPS ÷ 25    (25-for-1 split Apr 2026; auto-disables after Q2 2026 10-Q)
  CVNA    EDGAR EPS ÷ 5     (5-for-1 split May 2026; auto-disables after Q2 2026 10-Q)
  KLAC    EDGAR EPS ÷ 10    (10-for-1 split Jun 2026; auto-disables after Q2 2026 10-Q)
  DD      EDGAR EPS × 3     (1-for-3 reverse split Jun 2026; pre-split EPS ~-0.07; auto-disables when EDGAR EPS abs > 0.20 after Q2 2026 10-Q)
  HON     EDGAR EPS × 2     (1-for-2 reverse split Jun 29 2026; pre-split EPS ~$3.21; auto-disables when EDGAR EPS abs > 4.0 after Q2/Q3 2026 10-Q)

EPS / PE — inline XBRL fallback (company_facts has no data; we parse filing HTML):
  V ERIE KKR STZ HSY BRK-B   US 10-Q/10-K  USD   TTM = quarters since last 10-K
                                                  + Q4 derived (annual − 9M YTD).
                                                  Fixed 2026-06-30 (commit 973b985):
                                                  naive 4-quarter sum used to run
                                                  before the Q4-derivation path and
                                                  silently skipped the real Q4 (never
                                                  filed as its own 10-Q), substituting
                                                  a stale year-ago quarter instead.
                                                  KKR 1.56→2.93, BRK-B 26.83→33.59,
                                                  V 11.18→11.47, ERIE 12.37→10.93,
                                                  STZ 11.82→9.61, HSY 4.90→5.37 — all
                                                  now match yfinance.
  ARM ASML CCEP FER PDD      20-F          —      annual only (no 10-Q filed; not
                                                  affected by the bug above). ASML/
                                                  CCEP/FER convert EUR→USD via daily
                                                  ECB rate; PDD uses
                                                  EarningsPerShareBasicAndDiluted.
  NBIS                       6-K           USD    annual only (foreign private issuer,
                                                  furnishes 6-K instead of 10-Q).
  Diffs vs YF expected: foreign EPS is annual-only (no TTM); FX rate differs by fetch time.

EPS / PE — null (still unavailable):
  ARES TRI    Filed Form 25-NSE May 2026 — being removed from exchange listing.
              Will drop out of S&P 500 / Nasdaq-100 universe on next rebalance.
  FDXF        FedEx Freight spinoff (2026-06); only 8-K/Form 4 filed so far, no
              10-Q/10-K yet — EPS unavailable until first quarterly filing.

EPS / PE — TTM window vs YF annual anchor:
  Large diffs (e.g. CI 23.61 vs YF 113.71) often mean YF is anchored to an older
  annual 10-K that included a one-time gain/charge now outside our rolling TTM.
  Our TTM = sum of 4 most recent quarters from EDGAR 10-Q/10-K filings.
  YF trailingEps sources from data vendors and may reflect a different period.

MKTCAP — shares outstanding overrides (SHARES_OUTSTANDING_OVERRIDE, our side intentional):
  IBKR   1,697,000,000  (Class A 445M + IBG LLC membership units; EDGAR under-reports)
  BX     1,222,000,000  (Class A 742M + Blackstone Holdings LP units)
  DVN    1,153,000,000  (Coterra merger May 2026 doubled shares; EDGAR XBRL lags until Q2 2026 10-Q ~Aug 2026)
  CVNA   shares × 5    (5-for-1 split May 2026; EDGAR pre-split ~219M Class A; heals after Q2 2026 10-Q ~Aug 2026)
  KLAC   shares × 10   (10-for-1 split Jun 2026; EDGAR pre-split ~130.6M; heals after Q2 2026 10-Q ~Aug 2026)
  DD     shares ÷ 3    (1-for-3 reverse split Jun 2026; EDGAR pre-split ~410M; heals after Q2 2026 10-Q ~Aug 2026)

VOLUME — systematic offset:
  Tiingo EOD volume includes extended-hours (pre/after market).
  YF typically reports regular-session only. Expect ours ~1.5-2x YF across the board.
============================================================

------------------------------------------------------------
PRICE  -- 0 flagged (>10%)
  TOP 10 LARGEST DIFF:
    CPRT     ours=28.80  yf=28.80  diff=0.0%
    DDOG     ours=247.47  yf=247.47  diff=0.0%
    DPZ      ours=297.12  yf=297.12  diff=0.0%
    META     ours=736.60  yf=736.60  diff=0.0%
    A        ours=167.26  yf=167.26  diff=0.0%
    AAPL     ours=339.75  yf=339.75  diff=0.0%
    ABBV     ours=265.21  yf=265.21  diff=0.0%
    ABNB     ours=161.81  yf=161.81  diff=0.0%
    ABT      ours=103.69  yf=103.69  diff=0.0%
    ACGL     ours=94.95  yf=94.95  diff=0.0%

------------------------------------------------------------
VOLUME  -- 1 flagged (>10%)
  FLAGGED (top 1 of 1):
    NVR      ours=0.04  yf=0.04  diff=10.4% ***
  TOP 10 LARGEST DIFF:
    NVR      ours=0.04  yf=0.04  diff=10.4% ***
    FIX      ours=0.30  yf=0.30  diff=1.6%
    NDSN     ours=0.25  yf=0.25  diff=1.6%
    EME      ours=0.34  yf=0.34  diff=1.2%
    HUBB     ours=0.38  yf=0.38  diff=1.2%
    GWW      ours=0.30  yf=0.30  diff=1.1%
    PKG      ours=0.38  yf=0.38  diff=1.0%
    HII      ours=0.53  yf=0.53  diff=0.8%
    STE      ours=0.62  yf=0.62  diff=0.7%
    IDXX     ours=0.48  yf=0.48  diff=0.7%

------------------------------------------------------------
MKTCAP  -- 10 flagged (>10%)
  FLAGGED (top 10 of 10):
    VMRK     ours=$23.38B  yf=$48.25B  diff=51.5% ***
    MNST     ours=$43.36B  yf=$86.73B  diff=50.0% ***
    APH      ours=$102.14B  yf=$204.28B  diff=50.0% ***
    MLM      ours=$29.99B  yf=$35.46B  diff=15.4% ***
    SPG      ours=$66.64B  yf=$78.18B  diff=14.8% ***
    UDR      ours=$11.08B  yf=$12.63B  diff=12.3% ***
    BXP      ours=$10.27B  yf=$11.63B  diff=11.7% ***
    ERIE     ours=$10.83B  yf=$12.26B  diff=11.6% ***
    PCG      ours=$34.52B  yf=$38.67B  diff=10.7% ***
    WDAY     ours=$50.19B  yf=$45.36B  diff=10.6% ***
  TOP 10 LARGEST DIFF:
    VMRK     ours=$23.38B  yf=$48.25B  diff=51.5% ***
    MNST     ours=$43.36B  yf=$86.73B  diff=50.0% ***
    APH      ours=$102.14B  yf=$204.28B  diff=50.0% ***
    MLM      ours=$29.99B  yf=$35.46B  diff=15.4% ***
    SPG      ours=$66.64B  yf=$78.18B  diff=14.8% ***
    UDR      ours=$11.08B  yf=$12.63B  diff=12.3% ***
    BXP      ours=$10.27B  yf=$11.63B  diff=11.7% ***
    ERIE     ours=$10.83B  yf=$12.26B  diff=11.6% ***
    PCG      ours=$34.52B  yf=$38.67B  diff=10.7% ***
    WDAY     ours=$50.19B  yf=$45.36B  diff=10.6% ***

------------------------------------------------------------
PE  -- 47 flagged (>10%)
  FLAGGED (top 20 of 47):
    TPL      ours=362.490  yf=45.254  diff=701.0% ***
    DD       ours=155.060  yf=56.325  diff=175.3% ***
    APTV     ours=42.490  yf=20.186  diff=110.5% ***
    CRWD     ours=1136.640  yf=5001.200  diff=77.3% ***
    BDX      ours=55.120  yf=31.661  diff=74.1% ***
    BKNG     ours=30.990  yf=18.247  diff=69.8% ***
    MLM      ours=12.270  yf=32.446  diff=62.2% ***
    MNST     ours=20.500  yf=40.991  diff=50.0% ***
    APH      ours=20.760  yf=41.420  diff=49.9% ***
    ALNY     ours=64.860  yf=43.841  diff=47.9% ***
    OXY      ours=8.720  yf=16.611  diff=47.5% ***
    DLR      ours=49.240  yf=90.561  diff=45.6% ***
    TXT      ours=8.840  yf=14.667  diff=39.7% ***
    BIIB     ours=24.230  yf=40.100  diff=39.6% ***
    LEN      ours=9.760  yf=15.731  diff=38.0% ***
    JCI      ours=26.480  yf=41.135  diff=35.6% ***
    MDLZ     ours=30.240  yf=22.374  diff=35.2% ***
    FER      ours=39.610  yf=59.263  diff=33.2% ***
    C        ours=18.950  yf=14.275  diff=32.8% ***
    CCI      ours=36.740  yf=29.539  diff=24.4% ***
  TOP 10 LARGEST DIFF:
    TPL      ours=362.490  yf=45.254  diff=701.0% ***
    DD       ours=155.060  yf=56.325  diff=175.3% ***
    APTV     ours=42.490  yf=20.186  diff=110.5% ***
    CRWD     ours=1136.640  yf=5001.200  diff=77.3% ***
    BDX      ours=55.120  yf=31.661  diff=74.1% ***
    BKNG     ours=30.990  yf=18.247  diff=69.8% ***
    MLM      ours=12.270  yf=32.446  diff=62.2% ***
    MNST     ours=20.500  yf=40.991  diff=50.0% ***
    APH      ours=20.760  yf=41.420  diff=49.9% ***
    ALNY     ours=64.860  yf=43.841  diff=47.9% ***

------------------------------------------------------------
EPS  -- 58 flagged (>10%)
  FLAGGED (top 20 of 58):
    PSKY     ours=-0.300  yf=0.030  diff=1100.0% ***
    NBIS     ours=0.330  yf=-0.070  diff=571.4% ***
    NFLX     ours=-9.240  yf=3.180  diff=390.6% ***
    CRWD     ours=0.220  yf=0.050  diff=340.0% ***
    GPN      ours=-2.970  yf=2.110  diff=240.8% ***
    NOW      ours=-1.620  yf=1.600  diff=201.3% ***
    OMC      ours=-0.370  yf=0.370  diff=200.0% ***
    MLM      ours=40.700  yf=15.390  diff=164.5% ***
    IFF      ours=1.140  yf=-3.090  diff=136.9% ***
    DOW      ours=-4.000  yf=-1.830  diff=118.6% ***
    BE       ours=-0.040  yf=0.760  diff=105.3% ***
    MNST     ours=2.160  yf=1.080  diff=100.0% ***
    APH      ours=3.990  yf=2.000  diff=99.5% ***
    OXY      ours=6.460  yf=3.390  diff=90.6% ***
    TPL      ours=0.980  yf=7.850  diff=87.5% ***
    DLR      ours=3.770  yf=2.050  diff=83.9% ***
    TXT      ours=8.810  yf=5.310  diff=65.9% ***
    BIIB     ours=9.300  yf=5.620  diff=65.5% ***
    DD       ours=0.850  yf=2.340  diff=63.7% ***
    LEN      ours=8.510  yf=5.280  diff=61.2% ***
  TOP 10 LARGEST DIFF:
    PSKY     ours=-0.300  yf=0.030  diff=1100.0% ***
    NBIS     ours=0.330  yf=-0.070  diff=571.4% ***
    NFLX     ours=-9.240  yf=3.180  diff=390.6% ***
    CRWD     ours=0.220  yf=0.050  diff=340.0% ***
    GPN      ours=-2.970  yf=2.110  diff=240.8% ***
    NOW      ours=-1.620  yf=1.600  diff=201.3% ***
    OMC      ours=-0.370  yf=0.370  diff=200.0% ***
    MLM      ours=40.700  yf=15.390  diff=164.5% ***
    IFF      ours=1.140  yf=-3.090  diff=136.9% ***
    DOW      ours=-4.000  yf=-1.830  diff=118.6% ***
