Tiingo vs yfinance comparison — 2026-08-13
Threshold: >10% for all metrics
124 flagged diffs above threshold

============================================================
KNOWN EXPECTED DIFFERENCES (not bugs)
============================================================

EPS / PE — hardcoded adjustments (our side intentional):
  BRK-B   EDGAR EPS ÷ 1500  (Class A→B conversion)
  BKNG    EDGAR EPS ÷ 25    (25-for-1 split Apr 2026; auto-disables after Q2 2026 10-Q)
  CVNA    EDGAR EPS ÷ 5     (5-for-1 split May 2026; auto-disables after Q2 2026 10-Q)
  KLAC    EDGAR EPS ÷ 10    (10-for-1 split Jun 2026; auto-disables after Q2 2026 10-Q)
  DD      EDGAR EPS × 3     (1-for-3 reverse split Jun 2026; pre-split EPS ~-0.07; auto-disables when EDGAR EPS abs > 0.20 after Q2 2026 10-Q)
  HON     EDGAR EPS × 2     (1-for-2 reverse split Jun 29 2026; pre-split EPS ~$3.21; auto-disables when EDGAR EPS abs > 4.0 after Q2/Q3 2026 10-Q)

EPS / PE — inline XBRL fallback (company_facts has no data; we parse filing HTML):
  V ERIE KKR STZ HSY BRK-B   US 10-Q/10-K  USD   TTM = quarters since last 10-K
                                                  + Q4 derived (annual − 9M YTD).
                                                  Fixed 2026-06-30 (commit 973b985):
                                                  naive 4-quarter sum used to run
                                                  before the Q4-derivation path and
                                                  silently skipped the real Q4 (never
                                                  filed as its own 10-Q), substituting
                                                  a stale year-ago quarter instead.
                                                  KKR 1.56→2.93, BRK-B 26.83→33.59,
                                                  V 11.18→11.47, ERIE 12.37→10.93,
                                                  STZ 11.82→9.61, HSY 4.90→5.37 — all
                                                  now match yfinance.
  ARM ASML CCEP FER PDD      20-F          —      annual only (no 10-Q filed; not
                                                  affected by the bug above). ASML/
                                                  CCEP/FER convert EUR→USD via daily
                                                  ECB rate; PDD uses
                                                  EarningsPerShareBasicAndDiluted.
  NBIS                       6-K           USD    annual only (foreign private issuer,
                                                  furnishes 6-K instead of 10-Q).
  Diffs vs YF expected: foreign EPS is annual-only (no TTM); FX rate differs by fetch time.

EPS / PE — null (still unavailable):
  ARES TRI    Filed Form 25-NSE May 2026 — being removed from exchange listing.
              Will drop out of S&P 500 / Nasdaq-100 universe on next rebalance.
  FDXF        FedEx Freight spinoff (2026-06); only 8-K/Form 4 filed so far, no
              10-Q/10-K yet — EPS unavailable until first quarterly filing.

EPS / PE — TTM window vs YF annual anchor:
  Large diffs (e.g. CI 23.61 vs YF 113.71) often mean YF is anchored to an older
  annual 10-K that included a one-time gain/charge now outside our rolling TTM.
  Our TTM = sum of 4 most recent quarters from EDGAR 10-Q/10-K filings.
  YF trailingEps sources from data vendors and may reflect a different period.

MKTCAP — shares outstanding overrides (SHARES_OUTSTANDING_OVERRIDE, our side intentional):
  IBKR   1,697,000,000  (Class A 445M + IBG LLC membership units; EDGAR under-reports)
  BX     1,222,000,000  (Class A 742M + Blackstone Holdings LP units)
  DVN    1,153,000,000  (Coterra merger May 2026 doubled shares; EDGAR XBRL lags until Q2 2026 10-Q ~Aug 2026)
  CVNA   shares × 5    (5-for-1 split May 2026; EDGAR pre-split ~219M Class A; heals after Q2 2026 10-Q ~Aug 2026)
  KLAC   shares × 10   (10-for-1 split Jun 2026; EDGAR pre-split ~130.6M; heals after Q2 2026 10-Q ~Aug 2026)
  DD     shares ÷ 3    (1-for-3 reverse split Jun 2026; EDGAR pre-split ~410M; heals after Q2 2026 10-Q ~Aug 2026)

VOLUME — systematic offset:
  Tiingo EOD volume includes extended-hours (pre/after market).
  YF typically reports regular-session only. Expect ours ~1.5-2x YF across the board.
============================================================

------------------------------------------------------------
PRICE  -- 0 flagged (>10%)
  TOP 10 LARGEST DIFF:
    A        ours=149.29  yf=149.29  diff=0.0%
    AAPL     ours=305.26  yf=305.26  diff=0.0%
    ABBV     ours=250.82  yf=250.82  diff=0.0%
    ABNB     ours=185.13  yf=185.13  diff=0.0%
    ABT      ours=111.27  yf=111.27  diff=0.0%
    ACGL     ours=98.03  yf=98.03  diff=0.0%
    ACN      ours=178.49  yf=178.49  diff=0.0%
    ADBE     ours=270.49  yf=270.49  diff=0.0%
    ADI      ours=381.17  yf=381.17  diff=0.0%
    ADM      ours=80.15  yf=80.15  diff=0.0%

------------------------------------------------------------
VOLUME  -- 0 flagged (>10%)
  TOP 10 LARGEST DIFF:
    NVR      ours=0.02  yf=0.02  diff=9.2%
    MTD      ours=0.07  yf=0.07  diff=5.7%
    SNA      ours=0.14  yf=0.14  diff=3.6%
    STLD     ours=0.59  yf=0.58  diff=2.3%
    EME      ours=0.23  yf=0.23  diff=2.0%
    TDY      ours=0.25  yf=0.25  diff=1.7%
    PKG      ours=0.27  yf=0.27  diff=1.7%
    EQIX     ours=0.28  yf=0.28  diff=1.7%
    FIX      ours=0.30  yf=0.30  diff=1.5%
    BIIB     ours=0.85  yf=0.84  diff=1.5%

------------------------------------------------------------
MKTCAP  -- 9 flagged (>10%)
  FLAGGED (top 9 of 9):
    MNST     ours=$45.72B  yf=$91.45B  diff=50.0% ***
    CVNA     ours=$81.10B  yf=$109.67B  diff=26.1% ***
    PCG      ours=$46.79B  yf=$38.45B  diff=21.7% ***
    SPG      ours=$71.66B  yf=$84.08B  diff=14.8% ***
    LITE     ours=$68.50B  yf=$78.00B  diff=12.2% ***
    BXP      ours=$11.05B  yf=$12.51B  diff=11.7% ***
    ERIE     ours=$11.82B  yf=$13.38B  diff=11.6% ***
    UDR      ours=$12.33B  yf=$13.94B  diff=11.5% ***
    CHTR     ours=$18.67B  yf=$21.10B  diff=11.5% ***
  TOP 10 LARGEST DIFF:
    MNST     ours=$45.72B  yf=$91.45B  diff=50.0% ***
    CVNA     ours=$81.10B  yf=$109.67B  diff=26.1% ***
    PCG      ours=$46.79B  yf=$38.45B  diff=21.7% ***
    SPG      ours=$71.66B  yf=$84.08B  diff=14.8% ***
    LITE     ours=$68.50B  yf=$78.00B  diff=12.2% ***
    BXP      ours=$11.05B  yf=$12.51B  diff=11.7% ***
    ERIE     ours=$11.82B  yf=$13.38B  diff=11.6% ***
    UDR      ours=$12.33B  yf=$13.94B  diff=11.5% ***
    CHTR     ours=$18.67B  yf=$21.10B  diff=11.5% ***
    ACN      ours=$119.14B  yf=$109.23B  diff=9.1%

------------------------------------------------------------
PE  -- 52 flagged (>10%)
  FLAGGED (top 20 of 52):
    TPL      ours=354.120  yf=44.209  diff=701.0% ***
    COF      ours=57.100  yf=12.332  diff=363.0% ***
    DD       ours=169.530  yf=62.112  diff=172.9% ***
    SNDK     ours=53.110  yf=20.706  diff=156.5% ***
    AMCR     ours=44.900  yf=19.487  diff=130.4% ***
    APTV     ours=46.830  yf=22.249  diff=110.5% ***
    COHR     ours=155.820  yf=79.232  diff=96.7% ***
    DLR      ours=52.410  yf=250.101  diff=79.0% ***
    BDX      ours=54.810  yf=31.483  diff=74.1% ***
    BKNG     ours=40.260  yf=23.704  diff=69.8% ***
    TECH     ours=104.590  yf=62.216  diff=68.1% ***
    MLM      ours=13.380  yf=35.397  diff=62.2% ***
    TPR      ours=17.590  yf=39.263  diff=55.2% ***
    NXPI     ours=22.190  yf=46.197  diff=52.0% ***
    MNST     ours=21.610  yf=43.222  diff=50.0% ***
    ALNY     ours=58.540  yf=39.637  diff=47.7% ***
    OXY      ours=8.930  yf=17.021  diff=47.5% ***
    WM       ours=31.760  yf=59.003  diff=46.2% ***
    WDC      ours=29.110  yf=20.061  diff=45.1% ***
    TXT      ours=9.990  yf=16.580  diff=39.7% ***
  TOP 10 LARGEST DIFF:
    TPL      ours=354.120  yf=44.209  diff=701.0% ***
    COF      ours=57.100  yf=12.332  diff=363.0% ***
    DD       ours=169.530  yf=62.112  diff=172.9% ***
    SNDK     ours=53.110  yf=20.706  diff=156.5% ***
    AMCR     ours=44.900  yf=19.487  diff=130.4% ***
    APTV     ours=46.830  yf=22.249  diff=110.5% ***
    COHR     ours=155.820  yf=79.232  diff=96.7% ***
    DLR      ours=52.410  yf=250.101  diff=79.0% ***
    BDX      ours=54.810  yf=31.483  diff=74.1% ***
    BKNG     ours=40.260  yf=23.704  diff=69.8% ***

------------------------------------------------------------
EPS  -- 63 flagged (>10%)
  FLAGGED (top 20 of 63):
    PSKY     ours=-0.300  yf=0.030  diff=1100.0% ***
    CRWD     ours=-0.120  yf=-0.020  diff=500.0% ***
    NFLX     ours=-9.240  yf=3.180  diff=390.6% ***
    DLR      ours=3.770  yf=0.790  diff=377.2% ***
    GPN      ours=-2.970  yf=2.110  diff=240.8% ***
    NBIS     ours=0.330  yf=-0.260  diff=226.9% ***
    NOW      ours=-1.620  yf=1.600  diff=201.3% ***
    OMC      ours=-0.370  yf=0.370  diff=200.0% ***
    MLM      ours=40.700  yf=15.390  diff=164.5% ***
    IFF      ours=1.140  yf=-3.090  diff=136.9% ***
    TPR      ours=7.300  yf=3.270  diff=123.2% ***
    DOW      ours=-4.000  yf=-1.830  diff=118.6% ***
    NXPI     ours=10.450  yf=5.020  diff=108.2% ***
    LITE     ours=5.530  yf=-92.970  diff=105.9% ***
    MNST     ours=2.160  yf=1.080  diff=100.0% ***
    OXY      ours=6.460  yf=3.390  diff=90.6% ***
    TPL      ours=0.980  yf=7.850  diff=87.5% ***
    WM       ours=7.060  yf=3.800  diff=85.8% ***
    COF      ours=3.920  yf=18.150  diff=78.4% ***
    TXT      ours=8.810  yf=5.310  diff=65.9% ***
  TOP 10 LARGEST DIFF:
    PSKY     ours=-0.300  yf=0.030  diff=1100.0% ***
    CRWD     ours=-0.120  yf=-0.020  diff=500.0% ***
    NFLX     ours=-9.240  yf=3.180  diff=390.6% ***
    DLR      ours=3.770  yf=0.790  diff=377.2% ***
    GPN      ours=-2.970  yf=2.110  diff=240.8% ***
    NBIS     ours=0.330  yf=-0.260  diff=226.9% ***
    NOW      ours=-1.620  yf=1.600  diff=201.3% ***
    OMC      ours=-0.370  yf=0.370  diff=200.0% ***
    MLM      ours=40.700  yf=15.390  diff=164.5% ***
    IFF      ours=1.140  yf=-3.090  diff=136.9% ***
