Tiingo vs yfinance comparison — 2026-09-02
Threshold: >10% for all metrics
122 flagged diffs above threshold

============================================================
KNOWN EXPECTED DIFFERENCES (not bugs)
============================================================

EPS / PE — hardcoded adjustments (our side intentional):
  BRK-B   EDGAR EPS ÷ 1500  (Class A→B conversion)
  BKNG    EDGAR EPS ÷ 25    (25-for-1 split Apr 2026; auto-disables after Q2 2026 10-Q)
  CVNA    EDGAR EPS ÷ 5     (5-for-1 split May 2026; auto-disables after Q2 2026 10-Q)
  KLAC    EDGAR EPS ÷ 10    (10-for-1 split Jun 2026; auto-disables after Q2 2026 10-Q)
  DD      EDGAR EPS × 3     (1-for-3 reverse split Jun 2026; pre-split EPS ~-0.07; auto-disables when EDGAR EPS abs > 0.20 after Q2 2026 10-Q)
  HON     EDGAR EPS × 2     (1-for-2 reverse split Jun 29 2026; pre-split EPS ~$3.21; auto-disables when EDGAR EPS abs > 4.0 after Q2/Q3 2026 10-Q)

EPS / PE — inline XBRL fallback (company_facts has no data; we parse filing HTML):
  V ERIE KKR STZ HSY BRK-B   US 10-Q/10-K  USD   TTM = quarters since last 10-K
                                                  + Q4 derived (annual − 9M YTD).
                                                  Fixed 2026-06-30 (commit 973b985):
                                                  naive 4-quarter sum used to run
                                                  before the Q4-derivation path and
                                                  silently skipped the real Q4 (never
                                                  filed as its own 10-Q), substituting
                                                  a stale year-ago quarter instead.
                                                  KKR 1.56→2.93, BRK-B 26.83→33.59,
                                                  V 11.18→11.47, ERIE 12.37→10.93,
                                                  STZ 11.82→9.61, HSY 4.90→5.37 — all
                                                  now match yfinance.
  ARM ASML CCEP FER PDD      20-F          —      annual only (no 10-Q filed; not
                                                  affected by the bug above). ASML/
                                                  CCEP/FER convert EUR→USD via daily
                                                  ECB rate; PDD uses
                                                  EarningsPerShareBasicAndDiluted.
  NBIS                       6-K           USD    annual only (foreign private issuer,
                                                  furnishes 6-K instead of 10-Q).
  Diffs vs YF expected: foreign EPS is annual-only (no TTM); FX rate differs by fetch time.

EPS / PE — null (still unavailable):
  ARES TRI    Filed Form 25-NSE May 2026 — being removed from exchange listing.
              Will drop out of S&P 500 / Nasdaq-100 universe on next rebalance.
  FDXF        FedEx Freight spinoff (2026-06); only 8-K/Form 4 filed so far, no
              10-Q/10-K yet — EPS unavailable until first quarterly filing.

EPS / PE — TTM window vs YF annual anchor:
  Large diffs (e.g. CI 23.61 vs YF 113.71) often mean YF is anchored to an older
  annual 10-K that included a one-time gain/charge now outside our rolling TTM.
  Our TTM = sum of 4 most recent quarters from EDGAR 10-Q/10-K filings.
  YF trailingEps sources from data vendors and may reflect a different period.

MKTCAP — shares outstanding overrides (SHARES_OUTSTANDING_OVERRIDE, our side intentional):
  IBKR   1,697,000,000  (Class A 445M + IBG LLC membership units; EDGAR under-reports)
  BX     1,222,000,000  (Class A 742M + Blackstone Holdings LP units)
  DVN    1,153,000,000  (Coterra merger May 2026 doubled shares; EDGAR XBRL lags until Q2 2026 10-Q ~Aug 2026)
  CVNA   shares × 5    (5-for-1 split May 2026; EDGAR pre-split ~219M Class A; heals after Q2 2026 10-Q ~Aug 2026)
  KLAC   shares × 10   (10-for-1 split Jun 2026; EDGAR pre-split ~130.6M; heals after Q2 2026 10-Q ~Aug 2026)
  DD     shares ÷ 3    (1-for-3 reverse split Jun 2026; EDGAR pre-split ~410M; heals after Q2 2026 10-Q ~Aug 2026)

VOLUME — systematic offset:
  Tiingo EOD volume includes extended-hours (pre/after market).
  YF typically reports regular-session only. Expect ours ~1.5-2x YF across the board.
============================================================

------------------------------------------------------------
PRICE  -- 0 flagged (>10%)
  TOP 10 LARGEST DIFF:
    APA      ours=44.70  yf=44.70  diff=0.0%
    CSCO     ours=109.45  yf=109.45  diff=0.0%
    A        ours=151.39  yf=151.39  diff=0.0%
    AAPL     ours=324.96  yf=324.96  diff=0.0%
    ABBV     ours=261.72  yf=261.72  diff=0.0%
    ABNB     ours=183.26  yf=183.26  diff=0.0%
    ABT      ours=110.47  yf=110.47  diff=0.0%
    ACGL     ours=98.21  yf=98.21  diff=0.0%
    ACN      ours=187.68  yf=187.68  diff=0.0%
    ADBE     ours=279.79  yf=279.79  diff=0.0%

------------------------------------------------------------
VOLUME  -- 0 flagged (>10%)
  TOP 10 LARGEST DIFF:
    NVR      ours=0.04  yf=0.04  diff=9.4%
    FICO     ours=0.17  yf=0.17  diff=2.7%
    ERIE     ours=0.21  yf=0.21  diff=2.2%
    TDY      ours=0.21  yf=0.21  diff=2.1%
    AIZ      ours=0.22  yf=0.22  diff=1.6%
    EG       ours=0.35  yf=0.35  diff=1.2%
    GL       ours=0.28  yf=0.28  diff=1.2%
    MPWR     ours=0.40  yf=0.40  diff=1.2%
    FIX      ours=0.33  yf=0.33  diff=1.2%
    AZO      ours=0.31  yf=0.31  diff=1.2%

------------------------------------------------------------
MKTCAP  -- 11 flagged (>10%)
  FLAGGED (top 11 of 11):
    VMRK     ours=$24.34B  yf=$50.23B  diff=51.5% ***
    MNST     ours=$43.51B  yf=$87.02B  diff=50.0% ***
    PCG      ours=$35.73B  yf=$29.36B  diff=21.7% ***
    MLM      ours=$31.06B  yf=$36.72B  diff=15.4% ***
    SPG      ours=$68.01B  yf=$79.80B  diff=14.8% ***
    CPT      ours=$10.61B  yf=$12.21B  diff=13.1% ***
    BXP      ours=$10.71B  yf=$12.14B  diff=11.8% ***
    ERIE     ours=$11.94B  yf=$13.51B  diff=11.6% ***
    UDR      ours=$11.89B  yf=$13.44B  diff=11.5% ***
    CHTR     ours=$18.96B  yf=$21.43B  diff=11.5% ***
    WDAY     ours=$53.56B  yf=$48.41B  diff=10.6% ***
  TOP 10 LARGEST DIFF:
    VMRK     ours=$24.34B  yf=$50.23B  diff=51.5% ***
    MNST     ours=$43.51B  yf=$87.02B  diff=50.0% ***
    PCG      ours=$35.73B  yf=$29.36B  diff=21.7% ***
    MLM      ours=$31.06B  yf=$36.72B  diff=15.4% ***
    SPG      ours=$68.01B  yf=$79.80B  diff=14.8% ***
    CPT      ours=$10.61B  yf=$12.21B  diff=13.1% ***
    BXP      ours=$10.71B  yf=$12.14B  diff=11.8% ***
    ERIE     ours=$11.94B  yf=$13.51B  diff=11.6% ***
    UDR      ours=$11.89B  yf=$13.44B  diff=11.5% ***
    CHTR     ours=$18.96B  yf=$21.43B  diff=11.5% ***

------------------------------------------------------------
PE  -- 50 flagged (>10%)
  FLAGGED (top 20 of 50):
    TPL      ours=374.820  yf=46.852  diff=700.0% ***
    COF      ours=55.260  yf=11.934  diff=363.1% ***
    DD       ours=156.390  yf=57.052  diff=174.1% ***
    APTV     ours=42.890  yf=20.376  diff=110.5% ***
    CRWD     ours=924.640  yf=5085.500  diff=81.8% ***
    BDX      ours=56.480  yf=32.443  diff=74.1% ***
    BKNG     ours=37.670  yf=22.178  diff=69.9% ***
    MLM      ours=12.700  yf=33.576  diff=62.2% ***
    MNST     ours=20.560  yf=41.130  diff=50.0% ***
    ALNY     ours=68.920  yf=46.667  diff=47.7% ***
    OXY      ours=9.430  yf=17.968  diff=47.5% ***
    DLR      ours=48.740  yf=89.639  diff=45.6% ***
    TXT      ours=8.990  yf=14.923  diff=39.8% ***
    BIIB     ours=23.940  yf=39.480  diff=39.4% ***
    JCI      ours=25.180  yf=39.225  diff=35.8% ***
    MDLZ     ours=30.920  yf=22.875  diff=35.2% ***
    FER      ours=40.290  yf=60.250  diff=33.1% ***
    C        ours=19.220  yf=14.476  diff=32.8% ***
    LEN      ours=9.820  yf=13.100  diff=25.0% ***
    CCI      ours=38.260  yf=30.767  diff=24.4% ***
  TOP 10 LARGEST DIFF:
    TPL      ours=374.820  yf=46.852  diff=700.0% ***
    COF      ours=55.260  yf=11.934  diff=363.1% ***
    DD       ours=156.390  yf=57.052  diff=174.1% ***
    APTV     ours=42.890  yf=20.376  diff=110.5% ***
    CRWD     ours=924.640  yf=5085.500  diff=81.8% ***
    BDX      ours=56.480  yf=32.443  diff=74.1% ***
    BKNG     ours=37.670  yf=22.178  diff=69.9% ***
    MLM      ours=12.700  yf=33.576  diff=62.2% ***
    MNST     ours=20.560  yf=41.130  diff=50.0% ***
    ALNY     ours=68.920  yf=46.667  diff=47.7% ***

------------------------------------------------------------
EPS  -- 61 flagged (>10%)
  FLAGGED (top 20 of 61):
    PSKY     ours=-0.300  yf=0.030  diff=1100.0% ***
    NBIS     ours=0.330  yf=-0.080  diff=512.5% ***
    CRWD     ours=0.220  yf=0.040  diff=450.0% ***
    NFLX     ours=-9.240  yf=3.180  diff=390.6% ***
    GPN      ours=-2.970  yf=2.110  diff=240.8% ***
    NOW      ours=-1.620  yf=1.600  diff=201.3% ***
    OMC      ours=-0.370  yf=0.370  diff=200.0% ***
    MLM      ours=40.700  yf=15.400  diff=164.3% ***
    IFF      ours=1.140  yf=-3.090  diff=136.9% ***
    DOW      ours=-4.000  yf=-1.830  diff=118.6% ***
    MNST     ours=2.160  yf=1.080  diff=100.0% ***
    OXY      ours=6.460  yf=3.390  diff=90.6% ***
    TPL      ours=0.980  yf=7.840  diff=87.5% ***
    DLR      ours=3.770  yf=2.050  diff=83.9% ***
    COF      ours=3.920  yf=18.150  diff=78.4% ***
    TXT      ours=8.810  yf=5.310  diff=65.9% ***
    BIIB     ours=9.300  yf=5.640  diff=64.9% ***
    DD       ours=0.850  yf=2.330  diff=63.5% ***
    JCI      ours=5.530  yf=3.550  diff=55.8% ***
    APTV     ours=1.050  yf=2.210  diff=52.5% ***
  TOP 10 LARGEST DIFF:
    PSKY     ours=-0.300  yf=0.030  diff=1100.0% ***
    NBIS     ours=0.330  yf=-0.080  diff=512.5% ***
    CRWD     ours=0.220  yf=0.040  diff=450.0% ***
    NFLX     ours=-9.240  yf=3.180  diff=390.6% ***
    GPN      ours=-2.970  yf=2.110  diff=240.8% ***
    NOW      ours=-1.620  yf=1.600  diff=201.3% ***
    OMC      ours=-0.370  yf=0.370  diff=200.0% ***
    MLM      ours=40.700  yf=15.400  diff=164.3% ***
    IFF      ours=1.140  yf=-3.090  diff=136.9% ***
    DOW      ours=-4.000  yf=-1.830  diff=118.6% ***
