Tiingo vs yfinance comparison — 2026-09-16
Threshold: >10% for all metrics
119 flagged diffs above threshold

============================================================
KNOWN EXPECTED DIFFERENCES (not bugs)
============================================================

EPS / PE — hardcoded adjustments (our side intentional):
  BRK-B   EDGAR EPS ÷ 1500  (Class A→B conversion)
  BKNG    EDGAR EPS ÷ 25    (25-for-1 split Apr 2026; auto-disables after Q2 2026 10-Q)
  CVNA    EDGAR EPS ÷ 5     (5-for-1 split May 2026; auto-disables after Q2 2026 10-Q)
  KLAC    EDGAR EPS ÷ 10    (10-for-1 split Jun 2026; auto-disables after Q2 2026 10-Q)
  DD      EDGAR EPS × 3     (1-for-3 reverse split Jun 2026; pre-split EPS ~-0.07; auto-disables when EDGAR EPS abs > 0.20 after Q2 2026 10-Q)
  HON     EDGAR EPS × 2     (1-for-2 reverse split Jun 29 2026; pre-split EPS ~$3.21; auto-disables when EDGAR EPS abs > 4.0 after Q2/Q3 2026 10-Q)

EPS / PE — inline XBRL fallback (company_facts has no data; we parse filing HTML):
  V ERIE KKR STZ HSY BRK-B   US 10-Q/10-K  USD   TTM = quarters since last 10-K
                                                  + Q4 derived (annual − 9M YTD).
                                                  Fixed 2026-06-30 (commit 973b985):
                                                  naive 4-quarter sum used to run
                                                  before the Q4-derivation path and
                                                  silently skipped the real Q4 (never
                                                  filed as its own 10-Q), substituting
                                                  a stale year-ago quarter instead.
                                                  KKR 1.56→2.93, BRK-B 26.83→33.59,
                                                  V 11.18→11.47, ERIE 12.37→10.93,
                                                  STZ 11.82→9.61, HSY 4.90→5.37 — all
                                                  now match yfinance.
  ARM ASML CCEP FER PDD      20-F          —      annual only (no 10-Q filed; not
                                                  affected by the bug above). ASML/
                                                  CCEP/FER convert EUR→USD via daily
                                                  ECB rate; PDD uses
                                                  EarningsPerShareBasicAndDiluted.
  NBIS                       6-K           USD    annual only (foreign private issuer,
                                                  furnishes 6-K instead of 10-Q).
  Diffs vs YF expected: foreign EPS is annual-only (no TTM); FX rate differs by fetch time.

EPS / PE — null (still unavailable):
  ARES TRI    Filed Form 25-NSE May 2026 — being removed from exchange listing.
              Will drop out of S&P 500 / Nasdaq-100 universe on next rebalance.
  FDXF        FedEx Freight spinoff (2026-06); only 8-K/Form 4 filed so far, no
              10-Q/10-K yet — EPS unavailable until first quarterly filing.

EPS / PE — TTM window vs YF annual anchor:
  Large diffs (e.g. CI 23.61 vs YF 113.71) often mean YF is anchored to an older
  annual 10-K that included a one-time gain/charge now outside our rolling TTM.
  Our TTM = sum of 4 most recent quarters from EDGAR 10-Q/10-K filings.
  YF trailingEps sources from data vendors and may reflect a different period.

MKTCAP — shares outstanding overrides (SHARES_OUTSTANDING_OVERRIDE, our side intentional):
  IBKR   1,697,000,000  (Class A 445M + IBG LLC membership units; EDGAR under-reports)
  BX     1,222,000,000  (Class A 742M + Blackstone Holdings LP units)
  DVN    1,153,000,000  (Coterra merger May 2026 doubled shares; EDGAR XBRL lags until Q2 2026 10-Q ~Aug 2026)
  CVNA   shares × 5    (5-for-1 split May 2026; EDGAR pre-split ~219M Class A; heals after Q2 2026 10-Q ~Aug 2026)
  KLAC   shares × 10   (10-for-1 split Jun 2026; EDGAR pre-split ~130.6M; heals after Q2 2026 10-Q ~Aug 2026)
  DD     shares ÷ 3    (1-for-3 reverse split Jun 2026; EDGAR pre-split ~410M; heals after Q2 2026 10-Q ~Aug 2026)

VOLUME — systematic offset:
  Tiingo EOD volume includes extended-hours (pre/after market).
  YF typically reports regular-session only. Expect ours ~1.5-2x YF across the board.
============================================================

------------------------------------------------------------
PRICE  -- 0 flagged (>10%)
  TOP 10 LARGEST DIFF:
    PSKY     ours=11.13  yf=11.13  diff=0.0%
    WYNN     ours=84.22  yf=84.22  diff=0.0%
    A        ours=153.69  yf=153.69  diff=0.0%
    AAPL     ours=332.41  yf=332.41  diff=0.0%
    ABBV     ours=262.51  yf=262.51  diff=0.0%
    ABNB     ours=167.51  yf=167.51  diff=0.0%
    ABT      ours=102.36  yf=102.36  diff=0.0%
    ACGL     ours=96.97  yf=96.97  diff=0.0%
    ACN      ours=189.64  yf=189.64  diff=0.0%
    ADBE     ours=250.50  yf=250.50  diff=0.0%

------------------------------------------------------------
VOLUME  -- 0 flagged (>10%)
  TOP 10 LARGEST DIFF:
    NVR      ours=0.04  yf=0.04  diff=3.6%
    FICO     ours=0.22  yf=0.22  diff=1.9%
    GWW      ours=0.26  yf=0.26  diff=1.3%
    MTD      ours=0.36  yf=0.36  diff=1.2%
    IDXX     ours=0.38  yf=0.38  diff=1.0%
    CPAY     ours=0.39  yf=0.39  diff=1.0%
    ZBRA     ours=0.51  yf=0.51  diff=0.9%
    HUBB     ours=0.30  yf=0.30  diff=0.9%
    NDSN     ours=0.37  yf=0.37  diff=0.9%
    IEX      ours=0.49  yf=0.49  diff=0.8%

------------------------------------------------------------
MKTCAP  -- 12 flagged (>10%)
  FLAGGED (top 12 of 12):
    VMRK     ours=$23.62B  yf=$48.74B  diff=51.5% ***
    APH      ours=$95.26B  yf=$190.52B  diff=50.0% ***
    MNST     ours=$43.66B  yf=$87.31B  diff=50.0% ***
    PCG      ours=$35.78B  yf=$29.40B  diff=21.7% ***
    MLM      ours=$29.84B  yf=$35.28B  diff=15.4% ***
    SPG      ours=$65.66B  yf=$77.04B  diff=14.8% ***
    CPT      ours=$10.18B  yf=$11.72B  diff=13.2% ***
    BXP      ours=$10.22B  yf=$11.58B  diff=11.8% ***
    ERIE     ours=$11.34B  yf=$12.84B  diff=11.7% ***
    UDR      ours=$11.18B  yf=$12.64B  diff=11.5% ***
    CHTR     ours=$16.10B  yf=$18.19B  diff=11.5% ***
    WDAY     ours=$50.07B  yf=$45.25B  diff=10.7% ***
  TOP 10 LARGEST DIFF:
    VMRK     ours=$23.62B  yf=$48.74B  diff=51.5% ***
    APH      ours=$95.26B  yf=$190.52B  diff=50.0% ***
    MNST     ours=$43.66B  yf=$87.31B  diff=50.0% ***
    PCG      ours=$35.78B  yf=$29.40B  diff=21.7% ***
    MLM      ours=$29.84B  yf=$35.28B  diff=15.4% ***
    SPG      ours=$65.66B  yf=$77.04B  diff=14.8% ***
    CPT      ours=$10.18B  yf=$11.72B  diff=13.2% ***
    BXP      ours=$10.22B  yf=$11.58B  diff=11.8% ***
    ERIE     ours=$11.34B  yf=$12.84B  diff=11.7% ***
    UDR      ours=$11.18B  yf=$12.64B  diff=11.5% ***

------------------------------------------------------------
PE  -- 49 flagged (>10%)
  FLAGGED (top 20 of 49):
    TPL      ours=355.680  yf=44.460  diff=700.0% ***
    DD       ours=150.080  yf=54.751  diff=174.1% ***
    APTV     ours=41.280  yf=19.611  diff=110.5% ***
    CRWD     ours=1097.090  yf=4827.200  diff=77.3% ***
    BDX      ours=54.770  yf=31.462  diff=74.1% ***
    BKNG     ours=32.340  yf=19.066  diff=69.6% ***
    MLM      ours=12.210  yf=32.341  diff=62.2% ***
    MNST     ours=20.630  yf=41.269  diff=50.0% ***
    APH      ours=19.360  yf=38.630  diff=49.9% ***
    ALNY     ours=61.690  yf=41.700  diff=47.9% ***
    OXY      ours=9.190  yf=17.510  diff=47.5% ***
    DLR      ours=48.030  yf=88.760  diff=45.9% ***
    TXT      ours=9.160  yf=15.200  diff=39.7% ***
    BIIB     ours=23.230  yf=38.436  diff=39.6% ***
    JCI      ours=25.400  yf=39.569  diff=35.8% ***
    MDLZ     ours=30.870  yf=22.842  diff=35.1% ***
    C        ours=19.020  yf=14.311  diff=32.9% ***
    FER      ours=38.530  yf=57.417  diff=32.9% ***
    LEN      ours=9.210  yf=12.282  diff=25.0% ***
    CCI      ours=37.170  yf=29.886  diff=24.4% ***
  TOP 10 LARGEST DIFF:
    TPL      ours=355.680  yf=44.460  diff=700.0% ***
    DD       ours=150.080  yf=54.751  diff=174.1% ***
    APTV     ours=41.280  yf=19.611  diff=110.5% ***
    CRWD     ours=1097.090  yf=4827.200  diff=77.3% ***
    BDX      ours=54.770  yf=31.462  diff=74.1% ***
    BKNG     ours=32.340  yf=19.066  diff=69.6% ***
    MLM      ours=12.210  yf=32.341  diff=62.2% ***
    MNST     ours=20.630  yf=41.269  diff=50.0% ***
    APH      ours=19.360  yf=38.630  diff=49.9% ***
    ALNY     ours=61.690  yf=41.700  diff=47.9% ***

------------------------------------------------------------
EPS  -- 58 flagged (>10%)
  FLAGGED (top 20 of 58):
    PSKY     ours=-0.300  yf=0.030  diff=1100.0% ***
    NBIS     ours=0.330  yf=-0.060  diff=650.0% ***
    NFLX     ours=-9.240  yf=3.180  diff=390.6% ***
    CRWD     ours=0.220  yf=0.050  diff=340.0% ***
    GPN      ours=-2.970  yf=2.110  diff=240.8% ***
    NOW      ours=-1.620  yf=1.600  diff=201.3% ***
    OMC      ours=-0.370  yf=0.370  diff=200.0% ***
    MLM      ours=40.700  yf=15.360  diff=165.0% ***
    IFF      ours=1.140  yf=-3.090  diff=136.9% ***
    DOW      ours=-4.000  yf=-1.830  diff=118.6% ***
    MNST     ours=2.160  yf=1.080  diff=100.0% ***
    APH      ours=3.990  yf=2.000  diff=99.5% ***
    OXY      ours=6.460  yf=3.390  diff=90.6% ***
    TPL      ours=0.980  yf=7.840  diff=87.5% ***
    DLR      ours=3.770  yf=2.040  diff=84.8% ***
    TXT      ours=8.810  yf=5.310  diff=65.9% ***
    BIIB     ours=9.300  yf=5.620  diff=65.5% ***
    DD       ours=0.850  yf=2.330  diff=63.5% ***
    JCI      ours=5.530  yf=3.550  diff=55.8% ***
    APTV     ours=1.050  yf=2.210  diff=52.5% ***
  TOP 10 LARGEST DIFF:
    PSKY     ours=-0.300  yf=0.030  diff=1100.0% ***
    NBIS     ours=0.330  yf=-0.060  diff=650.0% ***
    NFLX     ours=-9.240  yf=3.180  diff=390.6% ***
    CRWD     ours=0.220  yf=0.050  diff=340.0% ***
    GPN      ours=-2.970  yf=2.110  diff=240.8% ***
    NOW      ours=-1.620  yf=1.600  diff=201.3% ***
    OMC      ours=-0.370  yf=0.370  diff=200.0% ***
    MLM      ours=40.700  yf=15.360  diff=165.0% ***
    IFF      ours=1.140  yf=-3.090  diff=136.9% ***
    DOW      ours=-4.000  yf=-1.830  diff=118.6% ***
