Tiingo vs yfinance comparison — 2026-09-15
Threshold: >10% for all metrics
120 flagged diffs above threshold

============================================================
KNOWN EXPECTED DIFFERENCES (not bugs)
============================================================

EPS / PE — hardcoded adjustments (our side intentional):
  BRK-B   EDGAR EPS ÷ 1500  (Class A→B conversion)
  BKNG    EDGAR EPS ÷ 25    (25-for-1 split Apr 2026; auto-disables after Q2 2026 10-Q)
  CVNA    EDGAR EPS ÷ 5     (5-for-1 split May 2026; auto-disables after Q2 2026 10-Q)
  KLAC    EDGAR EPS ÷ 10    (10-for-1 split Jun 2026; auto-disables after Q2 2026 10-Q)
  DD      EDGAR EPS × 3     (1-for-3 reverse split Jun 2026; pre-split EPS ~-0.07; auto-disables when EDGAR EPS abs > 0.20 after Q2 2026 10-Q)
  HON     EDGAR EPS × 2     (1-for-2 reverse split Jun 29 2026; pre-split EPS ~$3.21; auto-disables when EDGAR EPS abs > 4.0 after Q2/Q3 2026 10-Q)

EPS / PE — inline XBRL fallback (company_facts has no data; we parse filing HTML):
  V ERIE KKR STZ HSY BRK-B   US 10-Q/10-K  USD   TTM = quarters since last 10-K
                                                  + Q4 derived (annual − 9M YTD).
                                                  Fixed 2026-06-30 (commit 973b985):
                                                  naive 4-quarter sum used to run
                                                  before the Q4-derivation path and
                                                  silently skipped the real Q4 (never
                                                  filed as its own 10-Q), substituting
                                                  a stale year-ago quarter instead.
                                                  KKR 1.56→2.93, BRK-B 26.83→33.59,
                                                  V 11.18→11.47, ERIE 12.37→10.93,
                                                  STZ 11.82→9.61, HSY 4.90→5.37 — all
                                                  now match yfinance.
  ARM ASML CCEP FER PDD      20-F          —      annual only (no 10-Q filed; not
                                                  affected by the bug above). ASML/
                                                  CCEP/FER convert EUR→USD via daily
                                                  ECB rate; PDD uses
                                                  EarningsPerShareBasicAndDiluted.
  NBIS                       6-K           USD    annual only (foreign private issuer,
                                                  furnishes 6-K instead of 10-Q).
  Diffs vs YF expected: foreign EPS is annual-only (no TTM); FX rate differs by fetch time.

EPS / PE — null (still unavailable):
  ARES TRI    Filed Form 25-NSE May 2026 — being removed from exchange listing.
              Will drop out of S&P 500 / Nasdaq-100 universe on next rebalance.
  FDXF        FedEx Freight spinoff (2026-06); only 8-K/Form 4 filed so far, no
              10-Q/10-K yet — EPS unavailable until first quarterly filing.

EPS / PE — TTM window vs YF annual anchor:
  Large diffs (e.g. CI 23.61 vs YF 113.71) often mean YF is anchored to an older
  annual 10-K that included a one-time gain/charge now outside our rolling TTM.
  Our TTM = sum of 4 most recent quarters from EDGAR 10-Q/10-K filings.
  YF trailingEps sources from data vendors and may reflect a different period.

MKTCAP — shares outstanding overrides (SHARES_OUTSTANDING_OVERRIDE, our side intentional):
  IBKR   1,697,000,000  (Class A 445M + IBG LLC membership units; EDGAR under-reports)
  BX     1,222,000,000  (Class A 742M + Blackstone Holdings LP units)
  DVN    1,153,000,000  (Coterra merger May 2026 doubled shares; EDGAR XBRL lags until Q2 2026 10-Q ~Aug 2026)
  CVNA   shares × 5    (5-for-1 split May 2026; EDGAR pre-split ~219M Class A; heals after Q2 2026 10-Q ~Aug 2026)
  KLAC   shares × 10   (10-for-1 split Jun 2026; EDGAR pre-split ~130.6M; heals after Q2 2026 10-Q ~Aug 2026)
  DD     shares ÷ 3    (1-for-3 reverse split Jun 2026; EDGAR pre-split ~410M; heals after Q2 2026 10-Q ~Aug 2026)

VOLUME — systematic offset:
  Tiingo EOD volume includes extended-hours (pre/after market).
  YF typically reports regular-session only. Expect ours ~1.5-2x YF across the board.
============================================================

------------------------------------------------------------
PRICE  -- 0 flagged (>10%)
  TOP 10 LARGEST DIFF:
    HON      ours=201.94  yf=203.21  diff=0.6%
    MSTR     ours=131.05  yf=130.27  diff=0.6%
    NRG      ours=106.67  yf=106.06  diff=0.6%
    TDG      ours=1090.26  yf=1084.05  diff=0.6%
    HSY      ours=169.54  yf=170.47  diff=0.5%
    AXON     ours=440.35  yf=442.73  diff=0.5%
    NBIS     ours=208.48  yf=207.70  diff=0.4%
    KMB      ours=97.93  yf=98.29  diff=0.4%
    HOOD     ours=110.70  yf=110.30  diff=0.4%
    CTVA     ours=82.37  yf=82.08  diff=0.4%

------------------------------------------------------------
VOLUME  -- 1 flagged (>10%)
  FLAGGED (top 1 of 1):
    IR       ours=3.44  yf=3.99  diff=13.8% ***
  TOP 10 LARGEST DIFF:
    IR       ours=3.44  yf=3.99  diff=13.8% ***
    DD       ours=0.74  yf=0.82  diff=9.9%
    ERIE     ours=0.08  yf=0.09  diff=8.7%
    VTR      ours=1.32  yf=1.43  diff=7.4%
    SNA      ours=0.11  yf=0.12  diff=6.4%
    HSY      ours=1.20  yf=1.28  diff=6.2%
    ESS      ours=0.11  yf=0.12  diff=6.1%
    TKO      ours=0.35  yf=0.37  diff=5.6%
    BR       ours=0.42  yf=0.44  diff=5.4%
    ETN      ours=1.34  yf=1.41  diff=5.0%

------------------------------------------------------------
MKTCAP  -- 11 flagged (>10%)
  FLAGGED (top 11 of 11):
    VMRK     ours=$24.57B  yf=$50.70B  diff=51.5% ***
    MNST     ours=$43.87B  yf=$87.77B  diff=50.0% ***
    APH      ours=$95.72B  yf=$191.46B  diff=50.0% ***
    PCG      ours=$35.35B  yf=$29.04B  diff=21.7% ***
    MLM      ours=$30.34B  yf=$35.86B  diff=15.4% ***
    SPG      ours=$66.07B  yf=$77.52B  diff=14.8% ***
    UDR      ours=$11.35B  yf=$12.94B  diff=12.3% ***
    BXP      ours=$10.23B  yf=$11.60B  diff=11.8% ***
    ERIE     ours=$11.59B  yf=$13.10B  diff=11.5% ***
    CHTR     ours=$16.77B  yf=$18.89B  diff=11.2% ***
    WDAY     ours=$51.09B  yf=$46.19B  diff=10.6% ***
  TOP 10 LARGEST DIFF:
    VMRK     ours=$24.57B  yf=$50.70B  diff=51.5% ***
    MNST     ours=$43.87B  yf=$87.77B  diff=50.0% ***
    APH      ours=$95.72B  yf=$191.46B  diff=50.0% ***
    PCG      ours=$35.35B  yf=$29.04B  diff=21.7% ***
    MLM      ours=$30.34B  yf=$35.86B  diff=15.4% ***
    SPG      ours=$66.07B  yf=$77.52B  diff=14.8% ***
    UDR      ours=$11.35B  yf=$12.94B  diff=12.3% ***
    BXP      ours=$10.23B  yf=$11.60B  diff=11.8% ***
    ERIE     ours=$11.59B  yf=$13.10B  diff=11.5% ***
    CHTR     ours=$16.77B  yf=$18.89B  diff=11.2% ***

------------------------------------------------------------
PE  -- 49 flagged (>10%)
  FLAGGED (top 20 of 49):
    TPL      ours=379.930  yf=47.404  diff=701.5% ***
    DD       ours=149.670  yf=54.875  diff=172.7% ***
    APTV     ours=41.780  yf=19.837  diff=110.6% ***
    CRWD     ours=1095.890  yf=4819.400  diff=77.3% ***
    BDX      ours=55.980  yf=32.139  diff=74.2% ***
    BKNG     ours=32.370  yf=19.073  diff=69.7% ***
    MLM      ours=12.410  yf=32.833  diff=62.2% ***
    MNST     ours=20.730  yf=41.481  diff=50.0% ***
    APH      ours=19.460  yf=38.820  diff=49.9% ***
    ALNY     ours=61.980  yf=41.776  diff=48.4% ***
    OXY      ours=9.800  yf=18.643  diff=47.4% ***
    DLR      ours=47.490  yf=87.696  diff=45.8% ***
    TXT      ours=9.150  yf=15.175  diff=39.7% ***
    BIIB     ours=23.090  yf=38.155  diff=39.5% ***
    JCI      ours=25.040  yf=39.045  diff=35.9% ***
    MDLZ     ours=30.750  yf=22.773  diff=35.0% ***
    FER      ours=37.920  yf=56.568  diff=33.0% ***
    C        ours=19.520  yf=14.698  diff=32.8% ***
    LEN      ours=9.450  yf=12.577  diff=24.9% ***
    CCI      ours=37.320  yf=30.000  diff=24.4% ***
  TOP 10 LARGEST DIFF:
    TPL      ours=379.930  yf=47.404  diff=701.5% ***
    DD       ours=149.670  yf=54.875  diff=172.7% ***
    APTV     ours=41.780  yf=19.837  diff=110.6% ***
    CRWD     ours=1095.890  yf=4819.400  diff=77.3% ***
    BDX      ours=55.980  yf=32.139  diff=74.2% ***
    BKNG     ours=32.370  yf=19.073  diff=69.7% ***
    MLM      ours=12.410  yf=32.833  diff=62.2% ***
    MNST     ours=20.730  yf=41.481  diff=50.0% ***
    APH      ours=19.460  yf=38.820  diff=49.9% ***
    ALNY     ours=61.980  yf=41.776  diff=48.4% ***

------------------------------------------------------------
EPS  -- 59 flagged (>10%)
  FLAGGED (top 20 of 59):
    PSKY     ours=-0.300  yf=0.030  diff=1100.0% ***
    NBIS     ours=0.330  yf=-0.060  diff=650.0% ***
    NFLX     ours=-9.240  yf=3.180  diff=390.6% ***
    CRWD     ours=0.220  yf=0.050  diff=340.0% ***
    GPN      ours=-2.970  yf=2.110  diff=240.8% ***
    NOW      ours=-1.620  yf=1.590  diff=201.9% ***
    OMC      ours=-0.370  yf=0.370  diff=200.0% ***
    MLM      ours=40.700  yf=15.380  diff=164.6% ***
    IFF      ours=1.140  yf=-3.090  diff=136.9% ***
    DOW      ours=-4.000  yf=-1.830  diff=118.6% ***
    MNST     ours=2.160  yf=1.080  diff=100.0% ***
    APH      ours=3.990  yf=2.000  diff=99.5% ***
    OXY      ours=6.460  yf=3.390  diff=90.6% ***
    TPL      ours=0.980  yf=7.850  diff=87.5% ***
    DLR      ours=3.770  yf=2.040  diff=84.8% ***
    TXT      ours=8.810  yf=5.310  diff=65.9% ***
    BIIB     ours=9.300  yf=5.630  diff=65.2% ***
    DD       ours=0.850  yf=2.320  diff=63.4% ***
    JCI      ours=5.530  yf=3.550  diff=55.8% ***
    APTV     ours=1.050  yf=2.210  diff=52.5% ***
  TOP 10 LARGEST DIFF:
    PSKY     ours=-0.300  yf=0.030  diff=1100.0% ***
    NBIS     ours=0.330  yf=-0.060  diff=650.0% ***
    NFLX     ours=-9.240  yf=3.180  diff=390.6% ***
    CRWD     ours=0.220  yf=0.050  diff=340.0% ***
    GPN      ours=-2.970  yf=2.110  diff=240.8% ***
    NOW      ours=-1.620  yf=1.590  diff=201.9% ***
    OMC      ours=-0.370  yf=0.370  diff=200.0% ***
    MLM      ours=40.700  yf=15.380  diff=164.6% ***
    IFF      ours=1.140  yf=-3.090  diff=136.9% ***
    DOW      ours=-4.000  yf=-1.830  diff=118.6% ***
