Tiingo vs yfinance comparison — 2026-09-09
Threshold: >10% for all metrics
121 flagged diffs above threshold

============================================================
KNOWN EXPECTED DIFFERENCES (not bugs)
============================================================

EPS / PE — hardcoded adjustments (our side intentional):
  BRK-B   EDGAR EPS ÷ 1500  (Class A→B conversion)
  BKNG    EDGAR EPS ÷ 25    (25-for-1 split Apr 2026; auto-disables after Q2 2026 10-Q)
  CVNA    EDGAR EPS ÷ 5     (5-for-1 split May 2026; auto-disables after Q2 2026 10-Q)
  KLAC    EDGAR EPS ÷ 10    (10-for-1 split Jun 2026; auto-disables after Q2 2026 10-Q)
  DD      EDGAR EPS × 3     (1-for-3 reverse split Jun 2026; pre-split EPS ~-0.07; auto-disables when EDGAR EPS abs > 0.20 after Q2 2026 10-Q)
  HON     EDGAR EPS × 2     (1-for-2 reverse split Jun 29 2026; pre-split EPS ~$3.21; auto-disables when EDGAR EPS abs > 4.0 after Q2/Q3 2026 10-Q)

EPS / PE — inline XBRL fallback (company_facts has no data; we parse filing HTML):
  V ERIE KKR STZ HSY BRK-B   US 10-Q/10-K  USD   TTM = quarters since last 10-K
                                                  + Q4 derived (annual − 9M YTD).
                                                  Fixed 2026-06-30 (commit 973b985):
                                                  naive 4-quarter sum used to run
                                                  before the Q4-derivation path and
                                                  silently skipped the real Q4 (never
                                                  filed as its own 10-Q), substituting
                                                  a stale year-ago quarter instead.
                                                  KKR 1.56→2.93, BRK-B 26.83→33.59,
                                                  V 11.18→11.47, ERIE 12.37→10.93,
                                                  STZ 11.82→9.61, HSY 4.90→5.37 — all
                                                  now match yfinance.
  ARM ASML CCEP FER PDD      20-F          —      annual only (no 10-Q filed; not
                                                  affected by the bug above). ASML/
                                                  CCEP/FER convert EUR→USD via daily
                                                  ECB rate; PDD uses
                                                  EarningsPerShareBasicAndDiluted.
  NBIS                       6-K           USD    annual only (foreign private issuer,
                                                  furnishes 6-K instead of 10-Q).
  Diffs vs YF expected: foreign EPS is annual-only (no TTM); FX rate differs by fetch time.

EPS / PE — null (still unavailable):
  ARES TRI    Filed Form 25-NSE May 2026 — being removed from exchange listing.
              Will drop out of S&P 500 / Nasdaq-100 universe on next rebalance.
  FDXF        FedEx Freight spinoff (2026-06); only 8-K/Form 4 filed so far, no
              10-Q/10-K yet — EPS unavailable until first quarterly filing.

EPS / PE — TTM window vs YF annual anchor:
  Large diffs (e.g. CI 23.61 vs YF 113.71) often mean YF is anchored to an older
  annual 10-K that included a one-time gain/charge now outside our rolling TTM.
  Our TTM = sum of 4 most recent quarters from EDGAR 10-Q/10-K filings.
  YF trailingEps sources from data vendors and may reflect a different period.

MKTCAP — shares outstanding overrides (SHARES_OUTSTANDING_OVERRIDE, our side intentional):
  IBKR   1,697,000,000  (Class A 445M + IBG LLC membership units; EDGAR under-reports)
  BX     1,222,000,000  (Class A 742M + Blackstone Holdings LP units)
  DVN    1,153,000,000  (Coterra merger May 2026 doubled shares; EDGAR XBRL lags until Q2 2026 10-Q ~Aug 2026)
  CVNA   shares × 5    (5-for-1 split May 2026; EDGAR pre-split ~219M Class A; heals after Q2 2026 10-Q ~Aug 2026)
  KLAC   shares × 10   (10-for-1 split Jun 2026; EDGAR pre-split ~130.6M; heals after Q2 2026 10-Q ~Aug 2026)
  DD     shares ÷ 3    (1-for-3 reverse split Jun 2026; EDGAR pre-split ~410M; heals after Q2 2026 10-Q ~Aug 2026)

VOLUME — systematic offset:
  Tiingo EOD volume includes extended-hours (pre/after market).
  YF typically reports regular-session only. Expect ours ~1.5-2x YF across the board.
============================================================

------------------------------------------------------------
PRICE  -- 0 flagged (>10%)
  TOP 10 LARGEST DIFF:
    ACGL     ours=96.11  yf=96.11  diff=0.0%
    DASH     ours=197.25  yf=197.25  diff=0.0%
    CEG      ours=293.90  yf=293.90  diff=0.0%
    AMD      ours=521.10  yf=521.10  diff=0.0%
    A        ours=144.75  yf=144.75  diff=0.0%
    AAPL     ours=315.34  yf=315.34  diff=0.0%
    ABBV     ours=250.91  yf=250.91  diff=0.0%
    ABNB     ours=169.63  yf=169.63  diff=0.0%
    ABT      ours=105.23  yf=105.23  diff=0.0%
    ACN      ours=175.80  yf=175.80  diff=0.0%

------------------------------------------------------------
VOLUME  -- 0 flagged (>10%)
  TOP 10 LARGEST DIFF:
    NVR      ours=0.04  yf=0.04  diff=6.9%
    MTD      ours=0.19  yf=0.19  diff=1.9%
    GWW      ours=0.22  yf=0.22  diff=1.8%
    TDY      ours=0.28  yf=0.28  diff=1.7%
    FIX      ours=0.26  yf=0.26  diff=1.7%
    TPL      ours=0.31  yf=0.31  diff=1.4%
    AIZ      ours=0.25  yf=0.25  diff=1.3%
    LII      ours=0.37  yf=0.37  diff=1.3%
    NDSN     ours=0.31  yf=0.31  diff=1.1%
    HII      ours=0.36  yf=0.36  diff=1.0%

------------------------------------------------------------
MKTCAP  -- 12 flagged (>10%)
  FLAGGED (top 12 of 12):
    VMRK     ours=$24.36B  yf=$50.28B  diff=51.6% ***
    MNST     ours=$41.96B  yf=$83.93B  diff=50.0% ***
    APH      ours=$100.29B  yf=$200.58B  diff=50.0% ***
    PCG      ours=$38.03B  yf=$31.25B  diff=21.7% ***
    MLM      ours=$30.21B  yf=$35.72B  diff=15.4% ***
    SPG      ours=$66.18B  yf=$77.64B  diff=14.8% ***
    CPT      ours=$10.47B  yf=$12.05B  diff=13.1% ***
    BXP      ours=$10.26B  yf=$11.63B  diff=11.8% ***
    ERIE     ours=$11.26B  yf=$12.75B  diff=11.7% ***
    UDR      ours=$11.50B  yf=$13.00B  diff=11.6% ***
    CHTR     ours=$15.97B  yf=$18.05B  diff=11.5% ***
    WDAY     ours=$49.61B  yf=$44.84B  diff=10.6% ***
  TOP 10 LARGEST DIFF:
    VMRK     ours=$24.36B  yf=$50.28B  diff=51.6% ***
    MNST     ours=$41.96B  yf=$83.93B  diff=50.0% ***
    APH      ours=$100.29B  yf=$200.58B  diff=50.0% ***
    PCG      ours=$38.03B  yf=$31.25B  diff=21.7% ***
    MLM      ours=$30.21B  yf=$35.72B  diff=15.4% ***
    SPG      ours=$66.18B  yf=$77.64B  diff=14.8% ***
    CPT      ours=$10.47B  yf=$12.05B  diff=13.1% ***
    BXP      ours=$10.26B  yf=$11.63B  diff=11.8% ***
    ERIE     ours=$11.26B  yf=$12.75B  diff=11.7% ***
    UDR      ours=$11.50B  yf=$13.00B  diff=11.6% ***

------------------------------------------------------------
PE  -- 50 flagged (>10%)
  FLAGGED (top 20 of 50):
    TPL      ours=381.690  yf=47.773  diff=699.0% ***
    COF      ours=53.790  yf=11.624  diff=362.7% ***
    DD       ours=150.490  yf=55.138  diff=172.9% ***
    APTV     ours=42.390  yf=20.140  diff=110.5% ***
    CRWD     ours=944.550  yf=5195.000  diff=81.8% ***
    BDX      ours=54.160  yf=31.107  diff=74.1% ***
    BKNG     ours=32.730  yf=19.270  diff=69.8% ***
    MLM      ours=12.360  yf=32.747  diff=62.3% ***
    COO      ours=21.740  yf=53.797  diff=59.6% ***
    MNST     ours=19.830  yf=39.667  diff=50.0% ***
    APH      ours=20.390  yf=40.670  diff=49.9% ***
    ALNY     ours=66.490  yf=44.870  diff=48.2% ***
    OXY      ours=9.490  yf=18.083  diff=47.5% ***
    DLR      ours=50.150  yf=92.234  diff=45.6% ***
    TXT      ours=9.070  yf=15.045  diff=39.7% ***
    BIIB     ours=22.660  yf=37.430  diff=39.5% ***
    JCI      ours=26.210  yf=40.708  diff=35.6% ***
    MDLZ     ours=30.900  yf=22.864  diff=35.1% ***
    FER      ours=39.140  yf=58.917  diff=33.6% ***
    C        ours=19.710  yf=14.849  diff=32.7% ***
  TOP 10 LARGEST DIFF:
    TPL      ours=381.690  yf=47.773  diff=699.0% ***
    COF      ours=53.790  yf=11.624  diff=362.7% ***
    DD       ours=150.490  yf=55.138  diff=172.9% ***
    APTV     ours=42.390  yf=20.140  diff=110.5% ***
    CRWD     ours=944.550  yf=5195.000  diff=81.8% ***
    BDX      ours=54.160  yf=31.107  diff=74.1% ***
    BKNG     ours=32.730  yf=19.270  diff=69.8% ***
    MLM      ours=12.360  yf=32.747  diff=62.3% ***
    COO      ours=21.740  yf=53.797  diff=59.6% ***
    MNST     ours=19.830  yf=39.667  diff=50.0% ***

------------------------------------------------------------
EPS  -- 59 flagged (>10%)
  FLAGGED (top 20 of 59):
    PSKY     ours=-0.300  yf=0.030  diff=1100.0% ***
    NBIS     ours=0.330  yf=-0.070  diff=571.4% ***
    CRWD     ours=0.220  yf=0.040  diff=450.0% ***
    NFLX     ours=-9.240  yf=3.180  diff=390.6% ***
    GPN      ours=-2.970  yf=2.110  diff=240.8% ***
    NOW      ours=-1.620  yf=1.600  diff=201.3% ***
    OMC      ours=-0.370  yf=0.370  diff=200.0% ***
    MLM      ours=40.700  yf=15.360  diff=165.0% ***
    COO      ours=2.920  yf=1.180  diff=147.5% ***
    IFF      ours=1.140  yf=-3.090  diff=136.9% ***
    DOW      ours=-4.000  yf=-1.830  diff=118.6% ***
    MNST     ours=2.160  yf=1.080  diff=100.0% ***
    APH      ours=3.990  yf=2.000  diff=99.5% ***
    OXY      ours=6.460  yf=3.390  diff=90.6% ***
    TPL      ours=0.980  yf=7.830  diff=87.5% ***
    DLR      ours=3.770  yf=2.050  diff=83.9% ***
    COF      ours=3.920  yf=18.140  diff=78.4% ***
    TXT      ours=8.810  yf=5.310  diff=65.9% ***
    BIIB     ours=9.300  yf=5.630  diff=65.2% ***
    DD       ours=0.850  yf=2.320  diff=63.4% ***
  TOP 10 LARGEST DIFF:
    PSKY     ours=-0.300  yf=0.030  diff=1100.0% ***
    NBIS     ours=0.330  yf=-0.070  diff=571.4% ***
    CRWD     ours=0.220  yf=0.040  diff=450.0% ***
    NFLX     ours=-9.240  yf=3.180  diff=390.6% ***
    GPN      ours=-2.970  yf=2.110  diff=240.8% ***
    NOW      ours=-1.620  yf=1.600  diff=201.3% ***
    OMC      ours=-0.370  yf=0.370  diff=200.0% ***
    MLM      ours=40.700  yf=15.360  diff=165.0% ***
    COO      ours=2.920  yf=1.180  diff=147.5% ***
    IFF      ours=1.140  yf=-3.090  diff=136.9% ***
