Tiingo vs yfinance comparison — 2026-06-17
Threshold: >10% for all metrics
551 flagged diffs above threshold

============================================================
KNOWN EXPECTED DIFFERENCES (not bugs)
============================================================

EPS / PE — hardcoded adjustments (our side intentional):
  BRK-B   EDGAR EPS ÷ 1500  (Class A→B conversion)
  BKNG    EDGAR EPS ÷ 25    (25-for-1 split Apr 2026; auto-disables after Q2 2026 10-Q)
  CVNA    EDGAR EPS ÷ 5     (5-for-1 split May 2026; auto-disables after Q2 2026 10-Q)
  KLAC    EDGAR EPS ÷ 10    (10-for-1 split Jun 2026; auto-disables after Q2 2026 10-Q)

EPS / PE — inline XBRL fallback (company_facts has no data; we parse filing HTML):
  V                    US 10-Q/10-K  USD        EPS ~11.18
  ERIE KKR STZ ARM     US 10-Q/10-K  USD        populated via fallback
  ASML CCEP FER        20-F          EUR→USD    converted via daily ECB rate
  PDD                  20-F          USD        EarningsPerShareBasicAndDiluted
  Diffs vs YF expected: foreign EPS is annual-only (no TTM); FX rate differs by fetch time.

EPS / PE — null (still unavailable):
  ARES TRI    Filed Form 25-NSE May 2026 — being removed from exchange listing.
              Will drop out of S&P 500 / Nasdaq-100 universe on next rebalance.

EPS / PE — TTM window vs YF annual anchor:
  Large diffs (e.g. CI 23.61 vs YF 113.71) often mean YF is anchored to an older
  annual 10-K that included a one-time gain/charge now outside our rolling TTM.
  Our TTM = sum of 4 most recent quarters from EDGAR 10-Q/10-K filings.
  YF trailingEps sources from data vendors and may reflect a different period.

MKTCAP — shares outstanding overrides (SHARES_OUTSTANDING_OVERRIDE, our side intentional):
  IBKR   1,697,000,000  (Class A 445M + IBG LLC membership units; EDGAR under-reports)
  BX     1,222,000,000  (Class A 742M + Blackstone Holdings LP units)
  DVN    1,153,000,000  (Coterra merger May 2026 doubled shares; EDGAR XBRL lags until Q2 2026 10-Q ~Aug 2026)
  CVNA   shares × 5    (5-for-1 split May 2026; EDGAR pre-split ~219M Class A; heals after Q2 2026 10-Q ~Aug 2026)
  KLAC   shares × 10   (10-for-1 split Jun 2026; EDGAR pre-split ~130.6M; heals after Q2 2026 10-Q ~Aug 2026)

VOLUME — systematic offset:
  Tiingo EOD volume includes extended-hours (pre/after market).
  YF typically reports regular-session only. Expect ours ~1.5-2x YF across the board.
============================================================

------------------------------------------------------------
PRICE  -- 2 flagged (>10%)
  FLAGGED (top 2 of 2):
    HOOD     ours=96.71  yf=109.08  diff=11.3% ***
    CVNA     ours=70.04  yf=63.41  diff=10.5% ***
  TOP 10 LARGEST DIFF:
    HOOD     ours=96.71  yf=109.08  diff=11.3% ***
    CVNA     ours=70.04  yf=63.41  diff=10.5% ***
    ARM      ours=396.34  yf=439.04  diff=9.7%
    MRNA     ours=55.40  yf=61.31  diff=9.6%
    VRT      ours=299.60  yf=327.78  diff=8.6%
    MRVL     ours=278.67  yf=304.01  diff=8.3%
    WDC      ours=681.08  yf=735.76  diff=7.4%
    GEV      ours=982.35  yf=1060.25  diff=7.3%
    NDAQ     ours=89.29  yf=83.33  diff=7.2%
    AMAT     ours=568.23  yf=607.61  diff=6.5%

------------------------------------------------------------
VOLUME  -- 487 flagged (>10%)
  FLAGGED (top 20 of 487):
    SRE      ours=5.06  yf=1.24  diff=309.7% ***
    ETR      ours=3.65  yf=0.90  diff=305.9% ***
    NXPI     ours=4.49  yf=1.12  diff=300.3% ***
    SPG      ours=3.24  yf=0.82  diff=295.0% ***
    IRM      ours=1.67  yf=0.44  diff=277.3% ***
    ARE      ours=2.03  yf=0.54  diff=274.6% ***
    APD      ours=1.86  yf=0.50  diff=272.4% ***
    TFC      ours=20.28  yf=5.45  diff=271.9% ***
    MLM      ours=0.75  yf=0.20  diff=268.3% ***
    EXR      ours=1.38  yf=0.38  diff=266.4% ***
    AFL      ours=3.58  yf=1.03  diff=246.5% ***
    ZBH      ours=2.66  yf=0.77  diff=246.5% ***
    RVTY     ours=1.30  yf=0.38  diff=243.3% ***
    YUM      ours=2.74  yf=0.80  diff=241.9% ***
    ECL      ours=2.26  yf=0.66  diff=240.7% ***
    GPN      ours=4.90  yf=1.44  diff=239.2% ***
    PNR      ours=1.83  yf=0.56  diff=224.8% ***
    KEYS     ours=1.31  yf=0.41  diff=222.1% ***
    DLR      ours=3.25  yf=1.01  diff=221.2% ***
    DOC      ours=6.88  yf=2.16  diff=217.9% ***
  TOP 10 LARGEST DIFF:
    SRE      ours=5.06  yf=1.24  diff=309.7% ***
    ETR      ours=3.65  yf=0.90  diff=305.9% ***
    NXPI     ours=4.49  yf=1.12  diff=300.3% ***
    SPG      ours=3.24  yf=0.82  diff=295.0% ***
    IRM      ours=1.67  yf=0.44  diff=277.3% ***
    ARE      ours=2.03  yf=0.54  diff=274.6% ***
    APD      ours=1.86  yf=0.50  diff=272.4% ***
    TFC      ours=20.28  yf=5.45  diff=271.9% ***
    MLM      ours=0.75  yf=0.20  diff=268.3% ***
    EXR      ours=1.38  yf=0.38  diff=266.4% ***

------------------------------------------------------------
MKTCAP  -- 9 flagged (>10%)
  FLAGGED (top 9 of 9):
    PCG      ours=$44.86B  yf=$36.28B  diff=23.6% ***
    CHTR     ours=$17.44B  yf=$20.96B  diff=16.8% ***
    ACN      ours=$110.09B  yf=$97.45B  diff=13.0% ***
    SPG      ours=$69.80B  yf=$80.02B  diff=12.8% ***
    HOOD     ours=$87.09B  yf=$98.23B  diff=11.3% ***
    UDR      ours=$12.54B  yf=$14.04B  diff=10.7% ***
    CVNA     ours=$76.82B  yf=$69.55B  diff=10.5% ***
    WDAY     ours=$33.79B  yf=$30.66B  diff=10.2% ***
    ARM      ours=$421.73B  yf=$468.93B  diff=10.1% ***
  TOP 10 LARGEST DIFF:
    PCG      ours=$44.86B  yf=$36.28B  diff=23.6% ***
    CHTR     ours=$17.44B  yf=$20.96B  diff=16.8% ***
    ACN      ours=$110.09B  yf=$97.45B  diff=13.0% ***
    SPG      ours=$69.80B  yf=$80.02B  diff=12.8% ***
    HOOD     ours=$87.09B  yf=$98.23B  diff=11.3% ***
    UDR      ours=$12.54B  yf=$14.04B  diff=10.7% ***
    CVNA     ours=$76.82B  yf=$69.55B  diff=10.5% ***
    WDAY     ours=$33.79B  yf=$30.66B  diff=10.2% ***
    ARM      ours=$421.73B  yf=$468.93B  diff=10.1% ***
    MRNA     ours=$21.98B  yf=$24.33B  diff=9.6%

------------------------------------------------------------
PE  -- 24 flagged (>10%)
  FLAGGED (top 20 of 24):
    KKR      ours=63.440  yf=33.376  diff=90.1% ***
    OXY      ours=13.520  yf=72.074  diff=81.2% ***
    ALNY     ours=124.190  yf=70.246  diff=76.8% ***
    MLM      ours=14.390  yf=37.191  diff=61.3% ***
    NWSA     ours=12.960  yf=33.247  diff=61.0% ***
    NWS      ours=14.770  yf=37.854  diff=61.0% ***
    BDX      ours=36.750  yf=24.670  diff=49.0% ***
    JCI      ours=26.250  yf=44.691  diff=41.3% ***
    HAL      ours=27.350  yf=20.086  diff=36.2% ***
    TXT      ours=11.430  yf=17.807  diff=35.8% ***
    LEN      ours=9.890  yf=13.803  diff=28.3% ***
    BRK-B    ours=18.450  yf=14.568  diff=26.6% ***
    AMCR     ours=40.100  yf=32.892  diff=21.9% ***
    WEC      ours=18.170  yf=22.625  diff=19.7% ***
    COF      ours=51.180  yf=62.449  diff=18.0% ***
    KMB      ours=16.370  yf=19.692  diff=16.9% ***
    BKNG     ours=26.380  yf=22.698  diff=16.2% ***
    STZ      ours=12.190  yf=14.493  diff=15.9% ***
    HSY      ours=37.250  yf=32.240  diff=15.5% ***
    C        ours=20.460  yf=17.943  diff=14.0% ***
  TOP 10 LARGEST DIFF:
    KKR      ours=63.440  yf=33.376  diff=90.1% ***
    OXY      ours=13.520  yf=72.074  diff=81.2% ***
    ALNY     ours=124.190  yf=70.246  diff=76.8% ***
    MLM      ours=14.390  yf=37.191  diff=61.3% ***
    NWSA     ours=12.960  yf=33.247  diff=61.0% ***
    NWS      ours=14.770  yf=37.854  diff=61.0% ***
    BDX      ours=36.750  yf=24.670  diff=49.0% ***
    JCI      ours=26.250  yf=44.691  diff=41.3% ***
    HAL      ours=27.350  yf=20.086  diff=36.2% ***
    TXT      ours=11.430  yf=17.807  diff=35.8% ***

------------------------------------------------------------
EPS  -- 29 flagged (>10%)
  FLAGGED (top 20 of 29):
    PSKY     ours=-0.600  yf=0.030  diff=2100.0% ***
    OXY      ours=3.970  yf=0.740  diff=436.5% ***
    GPN      ours=-2.050  yf=2.720  diff=175.4% ***
    MLM      ours=41.930  yf=15.960  diff=162.7% ***
    NWS      ours=2.000  yf=0.790  diff=153.2% ***
    NWSA     ours=2.000  yf=0.790  diff=153.2% ***
    DD       ours=-0.070  yf=0.380  diff=118.4% ***
    SJM      ours=-1.300  yf=-11.780  diff=89.0% ***
    JCI      ours=5.530  yf=3.270  diff=69.1% ***
    TXT      ours=8.200  yf=5.240  diff=56.5% ***
    KKR      ours=1.560  yf=2.940  diff=46.9% ***
    ALNY     ours=2.270  yf=3.970  diff=42.8% ***
    LEN      ours=9.080  yf=6.380  diff=42.3% ***
    BDX      ours=3.950  yf=5.730  diff=31.1% ***
    IP       ours=-6.600  yf=-5.190  diff=27.2% ***
    WEC      ours=6.310  yf=4.990  diff=26.5% ***
    HAL      ours=1.360  yf=1.810  diff=24.9% ***
    KMB      ours=6.370  yf=5.170  diff=23.2% ***
    STZ      ours=11.820  yf=9.610  diff=23.0% ***
    COF      ours=3.920  yf=3.250  diff=20.6% ***
  TOP 10 LARGEST DIFF:
    PSKY     ours=-0.600  yf=0.030  diff=2100.0% ***
    OXY      ours=3.970  yf=0.740  diff=436.5% ***
    GPN      ours=-2.050  yf=2.720  diff=175.4% ***
    MLM      ours=41.930  yf=15.960  diff=162.7% ***
    NWS      ours=2.000  yf=0.790  diff=153.2% ***
    NWSA     ours=2.000  yf=0.790  diff=153.2% ***
    DD       ours=-0.070  yf=0.380  diff=118.4% ***
    SJM      ours=-1.300  yf=-11.780  diff=89.0% ***
    JCI      ours=5.530  yf=3.270  diff=69.1% ***
    TXT      ours=8.200  yf=5.240  diff=56.5% ***
