Tiingo vs yfinance comparison — 2026-08-14
Threshold: >10% for all metrics
226 flagged diffs above threshold

============================================================
KNOWN EXPECTED DIFFERENCES (not bugs)
============================================================

EPS / PE — hardcoded adjustments (our side intentional):
  BRK-B   EDGAR EPS ÷ 1500  (Class A→B conversion)
  BKNG    EDGAR EPS ÷ 25    (25-for-1 split Apr 2026; auto-disables after Q2 2026 10-Q)
  CVNA    EDGAR EPS ÷ 5     (5-for-1 split May 2026; auto-disables after Q2 2026 10-Q)
  KLAC    EDGAR EPS ÷ 10    (10-for-1 split Jun 2026; auto-disables after Q2 2026 10-Q)
  DD      EDGAR EPS × 3     (1-for-3 reverse split Jun 2026; pre-split EPS ~-0.07; auto-disables when EDGAR EPS abs > 0.20 after Q2 2026 10-Q)
  HON     EDGAR EPS × 2     (1-for-2 reverse split Jun 29 2026; pre-split EPS ~$3.21; auto-disables when EDGAR EPS abs > 4.0 after Q2/Q3 2026 10-Q)

EPS / PE — inline XBRL fallback (company_facts has no data; we parse filing HTML):
  V ERIE KKR STZ HSY BRK-B   US 10-Q/10-K  USD   TTM = quarters since last 10-K
                                                  + Q4 derived (annual − 9M YTD).
                                                  Fixed 2026-06-30 (commit 973b985):
                                                  naive 4-quarter sum used to run
                                                  before the Q4-derivation path and
                                                  silently skipped the real Q4 (never
                                                  filed as its own 10-Q), substituting
                                                  a stale year-ago quarter instead.
                                                  KKR 1.56→2.93, BRK-B 26.83→33.59,
                                                  V 11.18→11.47, ERIE 12.37→10.93,
                                                  STZ 11.82→9.61, HSY 4.90→5.37 — all
                                                  now match yfinance.
  ARM ASML CCEP FER PDD      20-F          —      annual only (no 10-Q filed; not
                                                  affected by the bug above). ASML/
                                                  CCEP/FER convert EUR→USD via daily
                                                  ECB rate; PDD uses
                                                  EarningsPerShareBasicAndDiluted.
  NBIS                       6-K           USD    annual only (foreign private issuer,
                                                  furnishes 6-K instead of 10-Q).
  Diffs vs YF expected: foreign EPS is annual-only (no TTM); FX rate differs by fetch time.

EPS / PE — null (still unavailable):
  ARES TRI    Filed Form 25-NSE May 2026 — being removed from exchange listing.
              Will drop out of S&P 500 / Nasdaq-100 universe on next rebalance.
  FDXF        FedEx Freight spinoff (2026-06); only 8-K/Form 4 filed so far, no
              10-Q/10-K yet — EPS unavailable until first quarterly filing.

EPS / PE — TTM window vs YF annual anchor:
  Large diffs (e.g. CI 23.61 vs YF 113.71) often mean YF is anchored to an older
  annual 10-K that included a one-time gain/charge now outside our rolling TTM.
  Our TTM = sum of 4 most recent quarters from EDGAR 10-Q/10-K filings.
  YF trailingEps sources from data vendors and may reflect a different period.

MKTCAP — shares outstanding overrides (SHARES_OUTSTANDING_OVERRIDE, our side intentional):
  IBKR   1,697,000,000  (Class A 445M + IBG LLC membership units; EDGAR under-reports)
  BX     1,222,000,000  (Class A 742M + Blackstone Holdings LP units)
  DVN    1,153,000,000  (Coterra merger May 2026 doubled shares; EDGAR XBRL lags until Q2 2026 10-Q ~Aug 2026)
  CVNA   shares × 5    (5-for-1 split May 2026; EDGAR pre-split ~219M Class A; heals after Q2 2026 10-Q ~Aug 2026)
  KLAC   shares × 10   (10-for-1 split Jun 2026; EDGAR pre-split ~130.6M; heals after Q2 2026 10-Q ~Aug 2026)
  DD     shares ÷ 3    (1-for-3 reverse split Jun 2026; EDGAR pre-split ~410M; heals after Q2 2026 10-Q ~Aug 2026)

VOLUME — systematic offset:
  Tiingo EOD volume includes extended-hours (pre/after market).
  YF typically reports regular-session only. Expect ours ~1.5-2x YF across the board.
============================================================

------------------------------------------------------------
PRICE  -- 0 flagged (>10%)
  TOP 10 LARGEST DIFF:
    A        ours=148.53  yf=148.53  diff=0.0%
    AAPL     ours=305.93  yf=305.93  diff=0.0%
    ABBV     ours=249.46  yf=249.46  diff=0.0%
    ABNB     ours=184.06  yf=184.06  diff=0.0%
    ABT      ours=111.25  yf=111.25  diff=0.0%
    ACGL     ours=98.71  yf=98.71  diff=0.0%
    ACN      ours=176.89  yf=176.89  diff=0.0%
    ADBE     ours=264.02  yf=264.02  diff=0.0%
    ADI      ours=389.39  yf=389.39  diff=0.0%
    ADM      ours=80.45  yf=80.45  diff=0.0%

------------------------------------------------------------
VOLUME  -- 108 flagged (>10%)
  FLAGGED (top 20 of 108):
    VICI     ours=3.46  yf=11.21  diff=69.1% ***
    EXR      ours=0.37  yf=0.85  diff=56.5% ***
    ELV      ours=0.37  yf=0.73  diff=49.4% ***
    AES      ours=1.86  yf=3.48  diff=46.5% ***
    AEE      ours=0.54  yf=1.00  diff=46.1% ***
    TMO      ours=0.61  yf=1.06  diff=42.3% ***
    MGM      ours=0.75  yf=1.23  diff=39.1% ***
    CAH      ours=1.04  yf=1.68  diff=38.3% ***
    MSI      ours=0.46  yf=0.74  diff=37.6% ***
    VZ       ours=9.70  yf=15.05  diff=35.5% ***
    ABBV     ours=2.58  yf=3.99  diff=35.3% ***
    FE       ours=1.68  yf=2.59  diff=35.0% ***
    WMB      ours=3.45  yf=5.29  diff=34.8% ***
    SJM      ours=0.60  yf=0.91  diff=33.7% ***
    TRV      ours=0.81  yf=1.21  diff=33.3% ***
    GD       ours=0.32  yf=0.47  diff=32.2% ***
    GS       ours=1.09  yf=1.59  diff=31.4% ***
    ED       ours=0.91  yf=1.32  diff=31.2% ***
    TAP      ours=0.94  yf=1.35  diff=30.5% ***
    XEL      ours=1.80  yf=2.58  diff=30.3% ***
  TOP 10 LARGEST DIFF:
    VICI     ours=3.46  yf=11.21  diff=69.1% ***
    EXR      ours=0.37  yf=0.85  diff=56.5% ***
    ELV      ours=0.37  yf=0.73  diff=49.4% ***
    AES      ours=1.86  yf=3.48  diff=46.5% ***
    AEE      ours=0.54  yf=1.00  diff=46.1% ***
    TMO      ours=0.61  yf=1.06  diff=42.3% ***
    MGM      ours=0.75  yf=1.23  diff=39.1% ***
    CAH      ours=1.04  yf=1.68  diff=38.3% ***
    MSI      ours=0.46  yf=0.74  diff=37.6% ***
    VZ       ours=9.70  yf=15.05  diff=35.5% ***

------------------------------------------------------------
MKTCAP  -- 9 flagged (>10%)
  FLAGGED (top 9 of 9):
    MNST     ours=$45.86B  yf=$91.72B  diff=50.0% ***
    CVNA     ours=$83.18B  yf=$112.48B  diff=26.1% ***
    PCG      ours=$47.81B  yf=$39.29B  diff=21.7% ***
    SPG      ours=$71.05B  yf=$83.36B  diff=14.8% ***
    LITE     ours=$72.05B  yf=$82.06B  diff=12.2% ***
    BXP      ours=$10.93B  yf=$12.38B  diff=11.7% ***
    ERIE     ours=$11.82B  yf=$13.39B  diff=11.7% ***
    UDR      ours=$12.33B  yf=$13.94B  diff=11.5% ***
    CHTR     ours=$18.40B  yf=$20.79B  diff=11.5% ***
  TOP 10 LARGEST DIFF:
    MNST     ours=$45.86B  yf=$91.72B  diff=50.0% ***
    CVNA     ours=$83.18B  yf=$112.48B  diff=26.1% ***
    PCG      ours=$47.81B  yf=$39.29B  diff=21.7% ***
    SPG      ours=$71.05B  yf=$83.36B  diff=14.8% ***
    LITE     ours=$72.05B  yf=$82.06B  diff=12.2% ***
    BXP      ours=$10.93B  yf=$12.38B  diff=11.7% ***
    ERIE     ours=$11.82B  yf=$13.39B  diff=11.7% ***
    UDR      ours=$12.33B  yf=$13.94B  diff=11.5% ***
    CHTR     ours=$18.40B  yf=$20.79B  diff=11.5% ***
    ACN      ours=$118.08B  yf=$108.25B  diff=9.1%

------------------------------------------------------------
PE  -- 49 flagged (>10%)
  FLAGGED (top 20 of 49):
    TPL      ours=365.840  yf=45.730  diff=700.0% ***
    COF      ours=57.990  yf=12.526  diff=363.0% ***
    DD       ours=172.070  yf=62.773  diff=174.1% ***
    SNDK     ours=57.040  yf=22.234  diff=156.5% ***
    APTV     ours=47.200  yf=22.425  diff=110.5% ***
    DLR      ours=53.090  yf=253.354  diff=79.0% ***
    BDX      ours=55.240  yf=31.675  diff=74.4% ***
    BKNG     ours=40.020  yf=23.562  diff=69.8% ***
    TECH     ours=104.930  yf=62.414  diff=68.1% ***
    MLM      ours=13.460  yf=35.673  diff=62.3% ***
    NXPI     ours=22.460  yf=46.662  diff=51.9% ***
    MNST     ours=21.680  yf=43.352  diff=50.0% ***
    ALNY     ours=58.930  yf=39.765  diff=48.2% ***
    OXY      ours=9.030  yf=17.215  diff=47.5% ***
    WM       ours=31.810  yf=59.562  diff=46.6% ***
    TXT      ours=10.100  yf=16.920  diff=40.3% ***
    BIIB     ours=22.560  yf=37.336  diff=39.6% ***
    FSLR     ours=13.910  yf=23.016  diff=39.6% ***
    JCI      ours=27.780  yf=43.401  diff=36.0% ***
    FER      ours=44.710  yf=66.802  diff=33.1% ***
  TOP 10 LARGEST DIFF:
    TPL      ours=365.840  yf=45.730  diff=700.0% ***
    COF      ours=57.990  yf=12.526  diff=363.0% ***
    DD       ours=172.070  yf=62.773  diff=174.1% ***
    SNDK     ours=57.040  yf=22.234  diff=156.5% ***
    APTV     ours=47.200  yf=22.425  diff=110.5% ***
    DLR      ours=53.090  yf=253.354  diff=79.0% ***
    BDX      ours=55.240  yf=31.675  diff=74.4% ***
    BKNG     ours=40.020  yf=23.562  diff=69.8% ***
    TECH     ours=104.930  yf=62.414  diff=68.1% ***
    MLM      ours=13.460  yf=35.673  diff=62.3% ***

------------------------------------------------------------
EPS  -- 60 flagged (>10%)
  FLAGGED (top 20 of 60):
    PSKY     ours=-0.300  yf=0.030  diff=1100.0% ***
    NBIS     ours=0.330  yf=-0.080  diff=512.5% ***
    CRWD     ours=-0.120  yf=-0.020  diff=500.0% ***
    NFLX     ours=-9.240  yf=3.180  diff=390.6% ***
    DLR      ours=3.770  yf=0.790  diff=377.2% ***
    GPN      ours=-2.970  yf=2.110  diff=240.8% ***
    NOW      ours=-1.620  yf=1.600  diff=201.3% ***
    OMC      ours=-0.370  yf=0.370  diff=200.0% ***
    MLM      ours=40.700  yf=15.360  diff=165.0% ***
    IFF      ours=1.140  yf=-3.090  diff=136.9% ***
    DOW      ours=-4.000  yf=-1.830  diff=118.6% ***
    NXPI     ours=10.450  yf=5.030  diff=107.8% ***
    LITE     ours=5.530  yf=-92.970  diff=105.9% ***
    MNST     ours=2.160  yf=1.080  diff=100.0% ***
    OXY      ours=6.460  yf=3.390  diff=90.6% ***
    TPL      ours=0.980  yf=7.840  diff=87.5% ***
    WM       ours=7.060  yf=3.770  diff=87.3% ***
    COF      ours=3.920  yf=18.150  diff=78.4% ***
    TXT      ours=8.810  yf=5.260  diff=67.5% ***
    FSLR     ours=16.220  yf=9.800  diff=65.5% ***
  TOP 10 LARGEST DIFF:
    PSKY     ours=-0.300  yf=0.030  diff=1100.0% ***
    NBIS     ours=0.330  yf=-0.080  diff=512.5% ***
    CRWD     ours=-0.120  yf=-0.020  diff=500.0% ***
    NFLX     ours=-9.240  yf=3.180  diff=390.6% ***
    DLR      ours=3.770  yf=0.790  diff=377.2% ***
    GPN      ours=-2.970  yf=2.110  diff=240.8% ***
    NOW      ours=-1.620  yf=1.600  diff=201.3% ***
    OMC      ours=-0.370  yf=0.370  diff=200.0% ***
    MLM      ours=40.700  yf=15.360  diff=165.0% ***
    IFF      ours=1.140  yf=-3.090  diff=136.9% ***
