Tiingo vs yfinance comparison — 2026-06-30
Threshold: >10% for all metrics
262 flagged diffs above threshold

============================================================
KNOWN EXPECTED DIFFERENCES (not bugs)
============================================================

EPS / PE — hardcoded adjustments (our side intentional):
  BRK-B   EDGAR EPS ÷ 1500  (Class A→B conversion)
  BKNG    EDGAR EPS ÷ 25    (25-for-1 split Apr 2026; auto-disables after Q2 2026 10-Q)
  CVNA    EDGAR EPS ÷ 5     (5-for-1 split May 2026; auto-disables after Q2 2026 10-Q)
  KLAC    EDGAR EPS ÷ 10    (10-for-1 split Jun 2026; auto-disables after Q2 2026 10-Q)
  DD      EDGAR EPS × 3     (1-for-3 reverse split Jun 2026; pre-split EPS ~-0.07; auto-disables when EDGAR EPS abs > 0.20 after Q2 2026 10-Q)
  HON     EDGAR EPS × 2     (1-for-2 reverse split Jun 29 2026; pre-split EPS ~$3.21; auto-disables when EDGAR EPS abs > 4.0 after Q2/Q3 2026 10-Q)

EPS / PE — inline XBRL fallback (company_facts has no data; we parse filing HTML):
  V                    US 10-Q/10-K  USD        EPS ~11.18
  ERIE KKR STZ ARM     US 10-Q/10-K  USD        populated via fallback
  ASML CCEP FER        20-F          EUR→USD    converted via daily ECB rate
  PDD                  20-F          USD        EarningsPerShareBasicAndDiluted
  Diffs vs YF expected: foreign EPS is annual-only (no TTM); FX rate differs by fetch time.

EPS / PE — null (still unavailable):
  ARES TRI    Filed Form 25-NSE May 2026 — being removed from exchange listing.
              Will drop out of S&P 500 / Nasdaq-100 universe on next rebalance.

EPS / PE — TTM window vs YF annual anchor:
  Large diffs (e.g. CI 23.61 vs YF 113.71) often mean YF is anchored to an older
  annual 10-K that included a one-time gain/charge now outside our rolling TTM.
  Our TTM = sum of 4 most recent quarters from EDGAR 10-Q/10-K filings.
  YF trailingEps sources from data vendors and may reflect a different period.

MKTCAP — shares outstanding overrides (SHARES_OUTSTANDING_OVERRIDE, our side intentional):
  IBKR   1,697,000,000  (Class A 445M + IBG LLC membership units; EDGAR under-reports)
  BX     1,222,000,000  (Class A 742M + Blackstone Holdings LP units)
  DVN    1,153,000,000  (Coterra merger May 2026 doubled shares; EDGAR XBRL lags until Q2 2026 10-Q ~Aug 2026)
  CVNA   shares × 5    (5-for-1 split May 2026; EDGAR pre-split ~219M Class A; heals after Q2 2026 10-Q ~Aug 2026)
  KLAC   shares × 10   (10-for-1 split Jun 2026; EDGAR pre-split ~130.6M; heals after Q2 2026 10-Q ~Aug 2026)
  DD     shares ÷ 3    (1-for-3 reverse split Jun 2026; EDGAR pre-split ~410M; heals after Q2 2026 10-Q ~Aug 2026)

VOLUME — systematic offset:
  Tiingo EOD volume includes extended-hours (pre/after market).
  YF typically reports regular-session only. Expect ours ~1.5-2x YF across the board.
============================================================

------------------------------------------------------------
PRICE  -- 0 flagged (>10%)
  TOP 10 LARGEST DIFF:
    SATS     ours=103.92  yf=103.92  diff=0.0%
    A        ours=132.83  yf=132.83  diff=0.0%
    AAPL     ours=289.36  yf=289.36  diff=0.0%
    ABBV     ours=251.64  yf=251.64  diff=0.0%
    ABNB     ours=143.10  yf=143.10  diff=0.0%
    ABT      ours=90.74  yf=90.74  diff=0.0%
    ACGL     ours=97.06  yf=97.06  diff=0.0%
    ACN      ours=124.44  yf=124.44  diff=0.0%
    ADBE     ours=205.02  yf=205.02  diff=0.0%
    ADI      ours=397.17  yf=397.17  diff=0.0%

------------------------------------------------------------
VOLUME  -- 203 flagged (>10%)
  FLAGGED (top 20 of 203):
    OMC      ours=8.90  yf=3.02  diff=195.1% ***
    TPR      ours=2.98  yf=1.28  diff=133.6% ***
    HAL      ours=11.40  yf=5.36  diff=112.9% ***
    WMB      ours=12.46  yf=5.93  diff=110.1% ***
    NSC      ours=1.17  yf=0.56  diff=109.0% ***
    CVX      ours=19.37  yf=10.05  diff=92.8% ***
    CBRE     ours=2.06  yf=1.07  diff=92.6% ***
    SLB      ours=14.22  yf=7.43  diff=91.5% ***
    ESS      ours=0.41  yf=0.22  diff=88.6% ***
    LYV      ours=4.94  yf=2.63  diff=88.0% ***
    HIG      ours=1.30  yf=0.69  diff=87.4% ***
    ETR      ours=3.51  yf=1.88  diff=86.9% ***
    TPL      ours=0.81  yf=0.44  diff=84.3% ***
    JPM      ours=7.70  yf=4.18  diff=84.1% ***
    BXP      ours=0.96  yf=0.52  diff=83.8% ***
    SOLV     ours=1.11  yf=0.60  diff=83.5% ***
    ED       ours=2.11  yf=1.15  diff=83.4% ***
    RSG      ours=1.05  yf=0.57  diff=83.1% ***
    DOC      ours=7.58  yf=4.16  diff=82.4% ***
    EME      ours=0.37  yf=0.21  diff=78.1% ***
  TOP 10 LARGEST DIFF:
    OMC      ours=8.90  yf=3.02  diff=195.1% ***
    TPR      ours=2.98  yf=1.28  diff=133.6% ***
    HAL      ours=11.40  yf=5.36  diff=112.9% ***
    WMB      ours=12.46  yf=5.93  diff=110.1% ***
    NSC      ours=1.17  yf=0.56  diff=109.0% ***
    CVX      ours=19.37  yf=10.05  diff=92.8% ***
    CBRE     ours=2.06  yf=1.07  diff=92.6% ***
    SLB      ours=14.22  yf=7.43  diff=91.5% ***
    ESS      ours=0.41  yf=0.22  diff=88.6% ***
    LYV      ours=4.94  yf=2.63  diff=88.0% ***

------------------------------------------------------------
MKTCAP  -- 6 flagged (>10%)
  FLAGGED (top 6 of 6):
    PCG      ours=$45.08B  yf=$37.04B  diff=21.7% ***
    CHTR     ours=$17.49B  yf=$22.28B  diff=21.5% ***
    SPG      ours=$72.53B  yf=$84.98B  diff=14.7% ***
    UDR      ours=$12.97B  yf=$14.79B  diff=12.3% ***
    ERIE     ours=$11.07B  yf=$12.54B  diff=11.7% ***
    BXP      ours=$10.57B  yf=$11.82B  diff=10.6% ***
  TOP 10 LARGEST DIFF:
    PCG      ours=$45.08B  yf=$37.04B  diff=21.7% ***
    CHTR     ours=$17.49B  yf=$22.28B  diff=21.5% ***
    SPG      ours=$72.53B  yf=$84.98B  diff=14.7% ***
    UDR      ours=$12.97B  yf=$14.79B  diff=12.3% ***
    ERIE     ours=$11.07B  yf=$12.54B  diff=11.7% ***
    BXP      ours=$10.57B  yf=$11.82B  diff=10.6% ***
    ACN      ours=$83.06B  yf=$76.15B  diff=9.1%
    WDAY     ours=$32.63B  yf=$30.23B  diff=7.9%
    RKLB     ours=$58.83B  yf=$63.51B  diff=7.4%
    SMCI     ours=$17.64B  yf=$18.97B  diff=7.0%

------------------------------------------------------------
PE  -- 23 flagged (>10%)
  FLAGGED (top 20 of 23):
    NBIS     ours=836.880  yf=106.629  diff=684.8% ***
    KKR      ours=58.830  yf=31.218  diff=88.5% ***
    OXY      ours=12.230  yf=65.635  diff=81.4% ***
    ALNY     ours=132.610  yf=75.446  diff=75.8% ***
    MLM      ours=13.750  yf=36.202  diff=62.0% ***
    NWSA     ours=12.410  yf=31.430  diff=60.5% ***
    NWS      ours=14.030  yf=35.519  diff=60.5% ***
    BDX      ours=38.310  yf=26.410  diff=45.1% ***
    JCI      ours=26.420  yf=44.682  diff=40.9% ***
    TXT      ours=11.190  yf=17.506  diff=36.1% ***
    HAL      ours=24.960  yf=18.757  diff=33.1% ***
    BRK-B    ours=18.650  yf=14.901  diff=25.2% ***
    LEN      ours=10.630  yf=14.183  diff=25.1% ***
    AMCR     ours=41.970  yf=34.680  diff=21.0% ***
    WEC      ours=18.510  yf=23.401  diff=20.9% ***
    KMB      ours=17.230  yf=21.232  diff=18.8% ***
    STZ      ours=11.770  yf=14.473  diff=18.7% ***
    COF      ours=51.180  yf=61.540  diff=16.8% ***
    C        ours=20.020  yf=17.300  diff=15.7% ***
    BKNG     ours=26.760  yf=23.484  diff=14.0% ***
  TOP 10 LARGEST DIFF:
    NBIS     ours=836.880  yf=106.629  diff=684.8% ***
    KKR      ours=58.830  yf=31.218  diff=88.5% ***
    OXY      ours=12.230  yf=65.635  diff=81.4% ***
    ALNY     ours=132.610  yf=75.446  diff=75.8% ***
    MLM      ours=13.750  yf=36.202  diff=62.0% ***
    NWSA     ours=12.410  yf=31.430  diff=60.5% ***
    NWS      ours=14.030  yf=35.519  diff=60.5% ***
    BDX      ours=38.310  yf=26.410  diff=45.1% ***
    JCI      ours=26.420  yf=44.682  diff=40.9% ***
    TXT      ours=11.190  yf=17.506  diff=36.1% ***

------------------------------------------------------------
EPS  -- 30 flagged (>10%)
  FLAGGED (top 20 of 30):
    PSKY     ours=-0.600  yf=0.030  diff=2100.0% ***
    OXY      ours=3.970  yf=0.740  diff=436.5% ***
    GPN      ours=-2.050  yf=2.720  diff=175.4% ***
    MLM      ours=41.930  yf=15.930  diff=163.2% ***
    NWS      ours=2.000  yf=0.790  diff=153.2% ***
    NWSA     ours=2.000  yf=0.790  diff=153.2% ***
    DD       ours=-0.210  yf=1.140  diff=118.4% ***
    NBIS     ours=0.330  yf=2.590  diff=87.3% ***
    JCI      ours=5.530  yf=3.270  diff=69.1% ***
    TXT      ours=8.200  yf=5.240  diff=56.5% ***
    KKR      ours=1.560  yf=2.940  diff=46.9% ***
    ALNY     ours=2.270  yf=3.990  diff=43.1% ***
    LEN      ours=8.510  yf=6.380  diff=33.4% ***
    BDX      ours=3.950  yf=5.730  diff=31.1% ***
    IP       ours=-6.600  yf=-5.190  diff=27.2% ***
    WEC      ours=6.310  yf=4.990  diff=26.5% ***
    HAL      ours=1.360  yf=1.810  diff=24.9% ***
    KMB      ours=6.370  yf=5.170  diff=23.2% ***
    STZ      ours=11.820  yf=9.610  diff=23.0% ***
    COF      ours=3.920  yf=3.260  diff=20.2% ***
  TOP 10 LARGEST DIFF:
    PSKY     ours=-0.600  yf=0.030  diff=2100.0% ***
    OXY      ours=3.970  yf=0.740  diff=436.5% ***
    GPN      ours=-2.050  yf=2.720  diff=175.4% ***
    MLM      ours=41.930  yf=15.930  diff=163.2% ***
    NWS      ours=2.000  yf=0.790  diff=153.2% ***
    NWSA     ours=2.000  yf=0.790  diff=153.2% ***
    DD       ours=-0.210  yf=1.140  diff=118.4% ***
    NBIS     ours=0.330  yf=2.590  diff=87.3% ***
    JCI      ours=5.530  yf=3.270  diff=69.1% ***
    TXT      ours=8.200  yf=5.240  diff=56.5% ***
