Tiingo vs yfinance comparison — 2026-08-21
Threshold: >10% for all metrics
250 flagged diffs above threshold

============================================================
KNOWN EXPECTED DIFFERENCES (not bugs)
============================================================

EPS / PE — hardcoded adjustments (our side intentional):
  BRK-B   EDGAR EPS ÷ 1500  (Class A→B conversion)
  BKNG    EDGAR EPS ÷ 25    (25-for-1 split Apr 2026; auto-disables after Q2 2026 10-Q)
  CVNA    EDGAR EPS ÷ 5     (5-for-1 split May 2026; auto-disables after Q2 2026 10-Q)
  KLAC    EDGAR EPS ÷ 10    (10-for-1 split Jun 2026; auto-disables after Q2 2026 10-Q)
  DD      EDGAR EPS × 3     (1-for-3 reverse split Jun 2026; pre-split EPS ~-0.07; auto-disables when EDGAR EPS abs > 0.20 after Q2 2026 10-Q)
  HON     EDGAR EPS × 2     (1-for-2 reverse split Jun 29 2026; pre-split EPS ~$3.21; auto-disables when EDGAR EPS abs > 4.0 after Q2/Q3 2026 10-Q)

EPS / PE — inline XBRL fallback (company_facts has no data; we parse filing HTML):
  V ERIE KKR STZ HSY BRK-B   US 10-Q/10-K  USD   TTM = quarters since last 10-K
                                                  + Q4 derived (annual − 9M YTD).
                                                  Fixed 2026-06-30 (commit 973b985):
                                                  naive 4-quarter sum used to run
                                                  before the Q4-derivation path and
                                                  silently skipped the real Q4 (never
                                                  filed as its own 10-Q), substituting
                                                  a stale year-ago quarter instead.
                                                  KKR 1.56→2.93, BRK-B 26.83→33.59,
                                                  V 11.18→11.47, ERIE 12.37→10.93,
                                                  STZ 11.82→9.61, HSY 4.90→5.37 — all
                                                  now match yfinance.
  ARM ASML CCEP FER PDD      20-F          —      annual only (no 10-Q filed; not
                                                  affected by the bug above). ASML/
                                                  CCEP/FER convert EUR→USD via daily
                                                  ECB rate; PDD uses
                                                  EarningsPerShareBasicAndDiluted.
  NBIS                       6-K           USD    annual only (foreign private issuer,
                                                  furnishes 6-K instead of 10-Q).
  Diffs vs YF expected: foreign EPS is annual-only (no TTM); FX rate differs by fetch time.

EPS / PE — null (still unavailable):
  ARES TRI    Filed Form 25-NSE May 2026 — being removed from exchange listing.
              Will drop out of S&P 500 / Nasdaq-100 universe on next rebalance.
  FDXF        FedEx Freight spinoff (2026-06); only 8-K/Form 4 filed so far, no
              10-Q/10-K yet — EPS unavailable until first quarterly filing.

EPS / PE — TTM window vs YF annual anchor:
  Large diffs (e.g. CI 23.61 vs YF 113.71) often mean YF is anchored to an older
  annual 10-K that included a one-time gain/charge now outside our rolling TTM.
  Our TTM = sum of 4 most recent quarters from EDGAR 10-Q/10-K filings.
  YF trailingEps sources from data vendors and may reflect a different period.

MKTCAP — shares outstanding overrides (SHARES_OUTSTANDING_OVERRIDE, our side intentional):
  IBKR   1,697,000,000  (Class A 445M + IBG LLC membership units; EDGAR under-reports)
  BX     1,222,000,000  (Class A 742M + Blackstone Holdings LP units)
  DVN    1,153,000,000  (Coterra merger May 2026 doubled shares; EDGAR XBRL lags until Q2 2026 10-Q ~Aug 2026)
  CVNA   shares × 5    (5-for-1 split May 2026; EDGAR pre-split ~219M Class A; heals after Q2 2026 10-Q ~Aug 2026)
  KLAC   shares × 10   (10-for-1 split Jun 2026; EDGAR pre-split ~130.6M; heals after Q2 2026 10-Q ~Aug 2026)
  DD     shares ÷ 3    (1-for-3 reverse split Jun 2026; EDGAR pre-split ~410M; heals after Q2 2026 10-Q ~Aug 2026)

VOLUME — systematic offset:
  Tiingo EOD volume includes extended-hours (pre/after market).
  YF typically reports regular-session only. Expect ours ~1.5-2x YF across the board.
============================================================

------------------------------------------------------------
PRICE  -- 0 flagged (>10%)
  TOP 10 LARGEST DIFF:
    FER      ours=62.84  yf=62.84  diff=0.0%
    PAYX     ours=124.47  yf=124.47  diff=0.0%
    ADSK     ours=253.82  yf=253.82  diff=0.0%
    A        ours=159.00  yf=159.00  diff=0.0%
    AAPL     ours=309.35  yf=309.35  diff=0.0%
    ABBV     ours=264.96  yf=264.96  diff=0.0%
    ABNB     ours=187.30  yf=187.30  diff=0.0%
    ABT      ours=116.64  yf=116.64  diff=0.0%
    ACGL     ours=99.39  yf=99.39  diff=0.0%
    ACN      ours=185.28  yf=185.28  diff=0.0%

------------------------------------------------------------
VOLUME  -- 131 flagged (>10%)
  FLAGGED (top 20 of 131):
    MET      ours=2.62  yf=4.85  diff=46.0% ***
    ELV      ours=0.42  yf=0.77  diff=45.6% ***
    C        ours=6.41  yf=11.27  diff=43.1% ***
    HAL      ours=5.23  yf=8.78  diff=40.4% ***
    MRSH     ours=1.50  yf=2.52  diff=40.4% ***
    KIM      ours=1.75  yf=2.79  diff=37.3% ***
    CARR     ours=3.19  yf=5.08  diff=37.3% ***
    APO      ours=1.39  yf=2.21  diff=37.2% ***
    TRV      ours=1.02  yf=1.61  diff=36.8% ***
    ETR      ours=1.34  yf=2.12  diff=36.7% ***
    SNA      ours=0.18  yf=0.28  diff=36.6% ***
    HIG      ours=1.48  yf=2.33  diff=36.5% ***
    BX       ours=1.89  yf=2.97  diff=36.4% ***
    Q        ours=1.11  yf=1.73  diff=36.0% ***
    JNJ      ours=3.97  yf=6.18  diff=35.7% ***
    CHD      ours=1.05  yf=1.62  diff=35.3% ***
    CFG      ours=2.28  yf=3.50  diff=34.8% ***
    ES       ours=1.38  yf=2.09  diff=34.0% ***
    AMP      ours=0.38  yf=0.57  diff=33.5% ***
    SPGI     ours=1.23  yf=1.83  diff=32.7% ***
  TOP 10 LARGEST DIFF:
    MET      ours=2.62  yf=4.85  diff=46.0% ***
    ELV      ours=0.42  yf=0.77  diff=45.6% ***
    C        ours=6.41  yf=11.27  diff=43.1% ***
    HAL      ours=5.23  yf=8.78  diff=40.4% ***
    MRSH     ours=1.50  yf=2.52  diff=40.4% ***
    KIM      ours=1.75  yf=2.79  diff=37.3% ***
    CARR     ours=3.19  yf=5.08  diff=37.3% ***
    APO      ours=1.39  yf=2.21  diff=37.2% ***
    TRV      ours=1.02  yf=1.61  diff=36.8% ***
    ETR      ours=1.34  yf=2.12  diff=36.7% ***

------------------------------------------------------------
MKTCAP  -- 8 flagged (>10%)
  FLAGGED (top 8 of 8):
    MNST     ours=$46.81B  yf=$93.62B  diff=50.0% ***
    CVNA     ours=$76.93B  yf=$104.03B  diff=26.1% ***
    PCG      ours=$47.17B  yf=$38.76B  diff=21.7% ***
    SPG      ours=$70.63B  yf=$82.87B  diff=14.8% ***
    BXP      ours=$10.80B  yf=$12.24B  diff=11.8% ***
    ERIE     ours=$12.23B  yf=$13.85B  diff=11.7% ***
    UDR      ours=$12.27B  yf=$13.88B  diff=11.6% ***
    CHTR     ours=$17.91B  yf=$20.24B  diff=11.5% ***
  TOP 10 LARGEST DIFF:
    MNST     ours=$46.81B  yf=$93.62B  diff=50.0% ***
    CVNA     ours=$76.93B  yf=$104.03B  diff=26.1% ***
    PCG      ours=$47.17B  yf=$38.76B  diff=21.7% ***
    SPG      ours=$70.63B  yf=$82.87B  diff=14.8% ***
    BXP      ours=$10.80B  yf=$12.24B  diff=11.8% ***
    ERIE     ours=$12.23B  yf=$13.85B  diff=11.7% ***
    UDR      ours=$12.27B  yf=$13.88B  diff=11.6% ***
    CHTR     ours=$17.91B  yf=$20.24B  diff=11.5% ***
    ACN      ours=$123.68B  yf=$113.38B  diff=9.1%
    WDAY     ours=$53.31B  yf=$49.40B  diff=7.9%

------------------------------------------------------------
PE  -- 51 flagged (>10%)
  FLAGGED (top 20 of 51):
    TPL      ours=391.470  yf=48.996  diff=699.0% ***
    COF      ours=55.590  yf=12.006  diff=363.0% ***
    DD       ours=162.740  yf=59.369  diff=174.1% ***
    APTV     ours=45.980  yf=21.846  diff=110.5% ***
    BDX      ours=57.830  yf=33.218  diff=74.1% ***
    SMCI     ours=19.700  yf=11.423  diff=72.5% ***
    BKNG     ours=39.560  yf=23.291  diff=69.9% ***
    TECH     ours=104.810  yf=62.345  diff=68.1% ***
    MLM      ours=13.140  yf=34.758  diff=62.2% ***
    MNST     ours=22.120  yf=44.250  diff=50.0% ***
    ALNY     ours=60.880  yf=41.225  diff=47.7% ***
    OXY      ours=9.490  yf=18.083  diff=47.5% ***
    DLR      ours=50.560  yf=92.534  diff=45.4% ***
    TXT      ours=9.420  yf=15.621  diff=39.7% ***
    BIIB     ours=23.310  yf=38.436  diff=39.4% ***
    JCI      ours=25.870  yf=40.296  diff=35.8% ***
    MDLZ     ours=31.910  yf=23.608  diff=35.2% ***
    FER      ours=43.310  yf=65.453  diff=33.8% ***
    C        ours=18.830  yf=14.186  diff=32.7% ***
    TGT      ours=21.880  yf=17.162  diff=27.5% ***
  TOP 10 LARGEST DIFF:
    TPL      ours=391.470  yf=48.996  diff=699.0% ***
    COF      ours=55.590  yf=12.006  diff=363.0% ***
    DD       ours=162.740  yf=59.369  diff=174.1% ***
    APTV     ours=45.980  yf=21.846  diff=110.5% ***
    BDX      ours=57.830  yf=33.218  diff=74.1% ***
    SMCI     ours=19.700  yf=11.423  diff=72.5% ***
    BKNG     ours=39.560  yf=23.291  diff=69.9% ***
    TECH     ours=104.810  yf=62.345  diff=68.1% ***
    MLM      ours=13.140  yf=34.758  diff=62.2% ***
    MNST     ours=22.120  yf=44.250  diff=50.0% ***

------------------------------------------------------------
EPS  -- 60 flagged (>10%)
  FLAGGED (top 20 of 60):
    PSKY     ours=-0.300  yf=0.030  diff=1100.0% ***
    NBIS     ours=0.330  yf=-0.070  diff=571.4% ***
    NFLX     ours=-9.240  yf=3.180  diff=390.6% ***
    GPN      ours=-2.970  yf=2.110  diff=240.8% ***
    NOW      ours=-1.620  yf=1.600  diff=201.3% ***
    OMC      ours=-0.370  yf=0.370  diff=200.0% ***
    CRWD     ours=-0.120  yf=-0.040  diff=200.0% ***
    MLM      ours=40.700  yf=15.390  diff=164.5% ***
    IFF      ours=1.140  yf=-3.090  diff=136.9% ***
    DOW      ours=-4.000  yf=-1.830  diff=118.6% ***
    MNST     ours=2.160  yf=1.080  diff=100.0% ***
    OXY      ours=6.460  yf=3.390  diff=90.6% ***
    TPL      ours=0.980  yf=7.830  diff=87.5% ***
    DLR      ours=3.770  yf=2.060  diff=83.0% ***
    COF      ours=3.920  yf=18.150  diff=78.4% ***
    TXT      ours=8.810  yf=5.310  diff=65.9% ***
    BIIB     ours=9.300  yf=5.640  diff=64.9% ***
    DD       ours=0.850  yf=2.330  diff=63.5% ***
    JCI      ours=5.530  yf=3.550  diff=55.8% ***
    APTV     ours=1.050  yf=2.210  diff=52.5% ***
  TOP 10 LARGEST DIFF:
    PSKY     ours=-0.300  yf=0.030  diff=1100.0% ***
    NBIS     ours=0.330  yf=-0.070  diff=571.4% ***
    NFLX     ours=-9.240  yf=3.180  diff=390.6% ***
    GPN      ours=-2.970  yf=2.110  diff=240.8% ***
    NOW      ours=-1.620  yf=1.600  diff=201.3% ***
    OMC      ours=-0.370  yf=0.370  diff=200.0% ***
    CRWD     ours=-0.120  yf=-0.040  diff=200.0% ***
    MLM      ours=40.700  yf=15.390  diff=164.5% ***
    IFF      ours=1.140  yf=-3.090  diff=136.9% ***
    DOW      ours=-4.000  yf=-1.830  diff=118.6% ***
