Tiingo vs yfinance comparison — 2026-09-19
Threshold: >10% for all metrics
116 flagged diffs above threshold

============================================================
KNOWN EXPECTED DIFFERENCES (not bugs)
============================================================

EPS / PE — hardcoded adjustments (our side intentional):
  BRK-B   EDGAR EPS ÷ 1500  (Class A→B conversion)
  BKNG    EDGAR EPS ÷ 25    (25-for-1 split Apr 2026; auto-disables after Q2 2026 10-Q)
  CVNA    EDGAR EPS ÷ 5     (5-for-1 split May 2026; auto-disables after Q2 2026 10-Q)
  KLAC    EDGAR EPS ÷ 10    (10-for-1 split Jun 2026; auto-disables after Q2 2026 10-Q)
  DD      EDGAR EPS × 3     (1-for-3 reverse split Jun 2026; pre-split EPS ~-0.07; auto-disables when EDGAR EPS abs > 0.20 after Q2 2026 10-Q)
  HON     EDGAR EPS × 2     (1-for-2 reverse split Jun 29 2026; pre-split EPS ~$3.21; auto-disables when EDGAR EPS abs > 4.0 after Q2/Q3 2026 10-Q)

EPS / PE — inline XBRL fallback (company_facts has no data; we parse filing HTML):
  V ERIE KKR STZ HSY BRK-B   US 10-Q/10-K  USD   TTM = quarters since last 10-K
                                                  + Q4 derived (annual − 9M YTD).
                                                  Fixed 2026-06-30 (commit 973b985):
                                                  naive 4-quarter sum used to run
                                                  before the Q4-derivation path and
                                                  silently skipped the real Q4 (never
                                                  filed as its own 10-Q), substituting
                                                  a stale year-ago quarter instead.
                                                  KKR 1.56→2.93, BRK-B 26.83→33.59,
                                                  V 11.18→11.47, ERIE 12.37→10.93,
                                                  STZ 11.82→9.61, HSY 4.90→5.37 — all
                                                  now match yfinance.
  ARM ASML CCEP FER PDD      20-F          —      annual only (no 10-Q filed; not
                                                  affected by the bug above). ASML/
                                                  CCEP/FER convert EUR→USD via daily
                                                  ECB rate; PDD uses
                                                  EarningsPerShareBasicAndDiluted.
  NBIS                       6-K           USD    annual only (foreign private issuer,
                                                  furnishes 6-K instead of 10-Q).
  Diffs vs YF expected: foreign EPS is annual-only (no TTM); FX rate differs by fetch time.

EPS / PE — null (still unavailable):
  ARES TRI    Filed Form 25-NSE May 2026 — being removed from exchange listing.
              Will drop out of S&P 500 / Nasdaq-100 universe on next rebalance.
  FDXF        FedEx Freight spinoff (2026-06); only 8-K/Form 4 filed so far, no
              10-Q/10-K yet — EPS unavailable until first quarterly filing.

EPS / PE — TTM window vs YF annual anchor:
  Large diffs (e.g. CI 23.61 vs YF 113.71) often mean YF is anchored to an older
  annual 10-K that included a one-time gain/charge now outside our rolling TTM.
  Our TTM = sum of 4 most recent quarters from EDGAR 10-Q/10-K filings.
  YF trailingEps sources from data vendors and may reflect a different period.

MKTCAP — shares outstanding overrides (SHARES_OUTSTANDING_OVERRIDE, our side intentional):
  IBKR   1,697,000,000  (Class A 445M + IBG LLC membership units; EDGAR under-reports)
  BX     1,222,000,000  (Class A 742M + Blackstone Holdings LP units)
  DVN    1,153,000,000  (Coterra merger May 2026 doubled shares; EDGAR XBRL lags until Q2 2026 10-Q ~Aug 2026)
  CVNA   shares × 5    (5-for-1 split May 2026; EDGAR pre-split ~219M Class A; heals after Q2 2026 10-Q ~Aug 2026)
  KLAC   shares × 10   (10-for-1 split Jun 2026; EDGAR pre-split ~130.6M; heals after Q2 2026 10-Q ~Aug 2026)
  DD     shares ÷ 3    (1-for-3 reverse split Jun 2026; EDGAR pre-split ~410M; heals after Q2 2026 10-Q ~Aug 2026)

VOLUME — systematic offset:
  Tiingo EOD volume includes extended-hours (pre/after market).
  YF typically reports regular-session only. Expect ours ~1.5-2x YF across the board.
============================================================

------------------------------------------------------------
PRICE  -- 0 flagged (>10%)
  TOP 10 LARGEST DIFF:
    LNT      ours=65.61  yf=65.61  diff=0.0%
    A        ours=156.47  yf=156.47  diff=0.0%
    AAPL     ours=336.13  yf=336.13  diff=0.0%
    ABBV     ours=263.96  yf=263.96  diff=0.0%
    ABNB     ours=166.22  yf=166.22  diff=0.0%
    ABT      ours=102.61  yf=102.61  diff=0.0%
    ACGL     ours=96.89  yf=96.89  diff=0.0%
    ACN      ours=181.29  yf=181.29  diff=0.0%
    ADBE     ours=248.92  yf=248.92  diff=0.0%
    ADI      ours=375.72  yf=375.72  diff=0.0%

------------------------------------------------------------
VOLUME  -- 1 flagged (>10%)
  FLAGGED (top 1 of 1):
    AME      ours=1.74  yf=1.44  diff=21.0% ***
  TOP 10 LARGEST DIFF:
    AME      ours=1.74  yf=1.44  diff=21.0% ***
    COF      ours=8.07  yf=7.34  diff=10.0%
    UDR      ours=6.98  yf=6.46  diff=8.0%
    IEX      ours=1.06  yf=0.99  diff=7.0%
    PM       ours=7.79  yf=7.29  diff=6.8%
    TMO      ours=4.58  yf=4.30  diff=6.5%
    SHOP     ours=11.10  yf=10.49  diff=5.8%
    SW       ours=8.94  yf=8.48  diff=5.4%
    MELI     ours=1.16  yf=1.10  diff=5.1%
    PDD      ours=8.19  yf=7.80  diff=5.0%

------------------------------------------------------------
MKTCAP  -- 11 flagged (>10%)
  FLAGGED (top 11 of 11):
    VMRK     ours=$22.95B  yf=$47.37B  diff=51.6% ***
    MNST     ours=$43.79B  yf=$87.59B  diff=50.0% ***
    APH      ours=$95.62B  yf=$191.24B  diff=50.0% ***
    MLM      ours=$29.47B  yf=$34.84B  diff=15.4% ***
    SPG      ours=$66.43B  yf=$77.94B  diff=14.8% ***
    CPT      ours=$9.97B  yf=$11.47B  diff=13.1% ***
    BXP      ours=$10.09B  yf=$11.43B  diff=11.7% ***
    ERIE     ours=$11.04B  yf=$12.50B  diff=11.7% ***
    UDR      ours=$11.01B  yf=$12.45B  diff=11.6% ***
    PCG      ours=$35.38B  yf=$39.63B  diff=10.7% ***
    WDAY     ours=$51.70B  yf=$46.72B  diff=10.7% ***
  TOP 10 LARGEST DIFF:
    VMRK     ours=$22.95B  yf=$47.37B  diff=51.6% ***
    MNST     ours=$43.79B  yf=$87.59B  diff=50.0% ***
    APH      ours=$95.62B  yf=$191.24B  diff=50.0% ***
    MLM      ours=$29.47B  yf=$34.84B  diff=15.4% ***
    SPG      ours=$66.43B  yf=$77.94B  diff=14.8% ***
    CPT      ours=$9.97B  yf=$11.47B  diff=13.1% ***
    BXP      ours=$10.09B  yf=$11.43B  diff=11.7% ***
    ERIE     ours=$11.04B  yf=$12.50B  diff=11.7% ***
    UDR      ours=$11.01B  yf=$12.45B  diff=11.6% ***
    PCG      ours=$35.38B  yf=$39.63B  diff=10.7% ***

------------------------------------------------------------
PE  -- 47 flagged (>10%)
  FLAGGED (top 20 of 47):
    TPL      ours=359.870  yf=45.041  diff=699.0% ***
    DD       ours=151.780  yf=55.132  diff=175.3% ***
    APTV     ours=41.510  yf=19.724  diff=110.5% ***
    CRWD     ours=1080.230  yf=4753.000  diff=77.3% ***
    BDX      ours=54.500  yf=31.359  diff=73.8% ***
    BKNG     ours=31.680  yf=18.656  diff=69.8% ***
    MLM      ours=12.060  yf=31.943  diff=62.2% ***
    APH      ours=19.440  yf=39.167  diff=50.4% ***
    MNST     ours=20.700  yf=41.398  diff=50.0% ***
    ALNY     ours=61.740  yf=41.663  diff=48.2% ***
    OXY      ours=9.110  yf=17.357  diff=47.5% ***
    DLR      ours=48.310  yf=88.408  diff=45.4% ***
    TXT      ours=9.050  yf=15.008  diff=39.7% ***
    BIIB     ours=23.170  yf=38.345  diff=39.6% ***
    LEN      ours=8.980  yf=14.475  diff=38.0% ***
    JCI      ours=25.910  yf=40.361  diff=35.8% ***
    MDLZ     ours=30.120  yf=22.289  diff=35.1% ***
    FER      ours=38.730  yf=57.937  diff=33.2% ***
    C        ours=18.850  yf=14.199  diff=32.8% ***
    CCI      ours=37.090  yf=29.820  diff=24.4% ***
  TOP 10 LARGEST DIFF:
    TPL      ours=359.870  yf=45.041  diff=699.0% ***
    DD       ours=151.780  yf=55.132  diff=175.3% ***
    APTV     ours=41.510  yf=19.724  diff=110.5% ***
    CRWD     ours=1080.230  yf=4753.000  diff=77.3% ***
    BDX      ours=54.500  yf=31.359  diff=73.8% ***
    BKNG     ours=31.680  yf=18.656  diff=69.8% ***
    MLM      ours=12.060  yf=31.943  diff=62.2% ***
    APH      ours=19.440  yf=39.167  diff=50.4% ***
    MNST     ours=20.700  yf=41.398  diff=50.0% ***
    ALNY     ours=61.740  yf=41.663  diff=48.2% ***

------------------------------------------------------------
EPS  -- 57 flagged (>10%)
  FLAGGED (top 20 of 57):
    PSKY     ours=-0.300  yf=0.030  diff=1100.0% ***
    NBIS     ours=0.330  yf=-0.070  diff=571.4% ***
    NFLX     ours=-9.240  yf=3.180  diff=390.6% ***
    CRWD     ours=0.220  yf=0.050  diff=340.0% ***
    GPN      ours=-2.970  yf=2.110  diff=240.8% ***
    NOW      ours=-1.620  yf=1.600  diff=201.3% ***
    OMC      ours=-0.370  yf=0.370  diff=200.0% ***
    MLM      ours=40.700  yf=15.360  diff=165.0% ***
    IFF      ours=1.140  yf=-3.090  diff=136.9% ***
    DOW      ours=-4.000  yf=-1.830  diff=118.6% ***
    BE       ours=-0.040  yf=0.770  diff=105.2% ***
    APH      ours=3.990  yf=1.980  diff=101.5% ***
    MNST     ours=2.160  yf=1.080  diff=100.0% ***
    OXY      ours=6.460  yf=3.390  diff=90.6% ***
    TPL      ours=0.980  yf=7.830  diff=87.5% ***
    DLR      ours=3.770  yf=2.060  diff=83.0% ***
    TXT      ours=8.810  yf=5.310  diff=65.9% ***
    BIIB     ours=9.300  yf=5.620  diff=65.5% ***
    DD       ours=0.850  yf=2.340  diff=63.7% ***
    LEN      ours=8.510  yf=5.280  diff=61.2% ***
  TOP 10 LARGEST DIFF:
    PSKY     ours=-0.300  yf=0.030  diff=1100.0% ***
    NBIS     ours=0.330  yf=-0.070  diff=571.4% ***
    NFLX     ours=-9.240  yf=3.180  diff=390.6% ***
    CRWD     ours=0.220  yf=0.050  diff=340.0% ***
    GPN      ours=-2.970  yf=2.110  diff=240.8% ***
    NOW      ours=-1.620  yf=1.600  diff=201.3% ***
    OMC      ours=-0.370  yf=0.370  diff=200.0% ***
    MLM      ours=40.700  yf=15.360  diff=165.0% ***
    IFF      ours=1.140  yf=-3.090  diff=136.9% ***
    DOW      ours=-4.000  yf=-1.830  diff=118.6% ***
