Tiingo vs yfinance comparison — 2026-07-17
Threshold: >10% for all metrics
280 flagged diffs above threshold

============================================================
KNOWN EXPECTED DIFFERENCES (not bugs)
============================================================

EPS / PE — hardcoded adjustments (our side intentional):
  BRK-B   EDGAR EPS ÷ 1500  (Class A→B conversion)
  BKNG    EDGAR EPS ÷ 25    (25-for-1 split Apr 2026; auto-disables after Q2 2026 10-Q)
  CVNA    EDGAR EPS ÷ 5     (5-for-1 split May 2026; auto-disables after Q2 2026 10-Q)
  KLAC    EDGAR EPS ÷ 10    (10-for-1 split Jun 2026; auto-disables after Q2 2026 10-Q)
  DD      EDGAR EPS × 3     (1-for-3 reverse split Jun 2026; pre-split EPS ~-0.07; auto-disables when EDGAR EPS abs > 0.20 after Q2 2026 10-Q)
  HON     EDGAR EPS × 2     (1-for-2 reverse split Jun 29 2026; pre-split EPS ~$3.21; auto-disables when EDGAR EPS abs > 4.0 after Q2/Q3 2026 10-Q)

EPS / PE — inline XBRL fallback (company_facts has no data; we parse filing HTML):
  V ERIE KKR STZ HSY BRK-B   US 10-Q/10-K  USD   TTM = quarters since last 10-K
                                                  + Q4 derived (annual − 9M YTD).
                                                  Fixed 2026-06-30 (commit 973b985):
                                                  naive 4-quarter sum used to run
                                                  before the Q4-derivation path and
                                                  silently skipped the real Q4 (never
                                                  filed as its own 10-Q), substituting
                                                  a stale year-ago quarter instead.
                                                  KKR 1.56→2.93, BRK-B 26.83→33.59,
                                                  V 11.18→11.47, ERIE 12.37→10.93,
                                                  STZ 11.82→9.61, HSY 4.90→5.37 — all
                                                  now match yfinance.
  ARM ASML CCEP FER PDD      20-F          —      annual only (no 10-Q filed; not
                                                  affected by the bug above). ASML/
                                                  CCEP/FER convert EUR→USD via daily
                                                  ECB rate; PDD uses
                                                  EarningsPerShareBasicAndDiluted.
  NBIS                       6-K           USD    annual only (foreign private issuer,
                                                  furnishes 6-K instead of 10-Q).
  Diffs vs YF expected: foreign EPS is annual-only (no TTM); FX rate differs by fetch time.

EPS / PE — null (still unavailable):
  ARES TRI    Filed Form 25-NSE May 2026 — being removed from exchange listing.
              Will drop out of S&P 500 / Nasdaq-100 universe on next rebalance.
  FDXF        FedEx Freight spinoff (2026-06); only 8-K/Form 4 filed so far, no
              10-Q/10-K yet — EPS unavailable until first quarterly filing.

EPS / PE — TTM window vs YF annual anchor:
  Large diffs (e.g. CI 23.61 vs YF 113.71) often mean YF is anchored to an older
  annual 10-K that included a one-time gain/charge now outside our rolling TTM.
  Our TTM = sum of 4 most recent quarters from EDGAR 10-Q/10-K filings.
  YF trailingEps sources from data vendors and may reflect a different period.

MKTCAP — shares outstanding overrides (SHARES_OUTSTANDING_OVERRIDE, our side intentional):
  IBKR   1,697,000,000  (Class A 445M + IBG LLC membership units; EDGAR under-reports)
  BX     1,222,000,000  (Class A 742M + Blackstone Holdings LP units)
  DVN    1,153,000,000  (Coterra merger May 2026 doubled shares; EDGAR XBRL lags until Q2 2026 10-Q ~Aug 2026)
  CVNA   shares × 5    (5-for-1 split May 2026; EDGAR pre-split ~219M Class A; heals after Q2 2026 10-Q ~Aug 2026)
  KLAC   shares × 10   (10-for-1 split Jun 2026; EDGAR pre-split ~130.6M; heals after Q2 2026 10-Q ~Aug 2026)
  DD     shares ÷ 3    (1-for-3 reverse split Jun 2026; EDGAR pre-split ~410M; heals after Q2 2026 10-Q ~Aug 2026)

VOLUME — systematic offset:
  Tiingo EOD volume includes extended-hours (pre/after market).
  YF typically reports regular-session only. Expect ours ~1.5-2x YF across the board.
============================================================

------------------------------------------------------------
PRICE  -- 0 flagged (>10%)
  TOP 10 LARGEST DIFF:
    NWSA     ours=28.68  yf=28.68  diff=0.0%
    A        ours=136.10  yf=136.10  diff=0.0%
    AAPL     ours=333.26  yf=333.26  diff=0.0%
    ABBV     ours=254.39  yf=254.39  diff=0.0%
    ABT      ours=98.83  yf=98.83  diff=0.0%
    ACGL     ours=100.04  yf=100.04  diff=0.0%
    ACN      ours=144.61  yf=144.61  diff=0.0%
    ADBE     ours=235.31  yf=235.31  diff=0.0%
    ADI      ours=380.53  yf=380.53  diff=0.0%
    ADM      ours=83.00  yf=83.00  diff=0.0%

------------------------------------------------------------
VOLUME  -- 212 flagged (>10%)
  FLAGGED (top 20 of 212):
    SRE      ours=2.29  yf=1.07  diff=114.9% ***
    SW       ours=4.12  yf=2.02  diff=104.1% ***
    AXP      ours=2.44  yf=1.33  diff=83.6% ***
    V        ours=9.07  yf=4.98  diff=82.0% ***
    TSN      ours=3.27  yf=1.83  diff=79.0% ***
    EQR      ours=2.19  yf=1.24  diff=76.4% ***
    SHW      ours=1.63  yf=0.95  diff=72.4% ***
    ETR      ours=1.56  yf=0.91  diff=71.6% ***
    MET      ours=3.06  yf=1.78  diff=71.5% ***
    WBD      ours=21.64  yf=12.75  diff=69.7% ***
    MAA      ours=1.15  yf=0.68  diff=68.1% ***
    LVS      ours=4.61  yf=2.76  diff=66.9% ***
    SO       ours=3.66  yf=2.21  diff=65.3% ***
    FDXF     ours=1.53  yf=0.93  diff=64.6% ***
    CVS      ours=12.03  yf=7.32  diff=64.3% ***
    EG       ours=0.28  yf=0.17  diff=62.4% ***
    CAH      ours=2.61  yf=1.61  diff=62.0% ***
    WELL     ours=2.71  yf=1.68  diff=61.0% ***
    VLTO     ours=1.39  yf=0.87  diff=59.9% ***
    BEN      ours=3.13  yf=1.97  diff=59.2% ***
  TOP 10 LARGEST DIFF:
    SRE      ours=2.29  yf=1.07  diff=114.9% ***
    SW       ours=4.12  yf=2.02  diff=104.1% ***
    AXP      ours=2.44  yf=1.33  diff=83.6% ***
    V        ours=9.07  yf=4.98  diff=82.0% ***
    TSN      ours=3.27  yf=1.83  diff=79.0% ***
    EQR      ours=2.19  yf=1.24  diff=76.4% ***
    SHW      ours=1.63  yf=0.95  diff=72.4% ***
    ETR      ours=1.56  yf=0.91  diff=71.6% ***
    MET      ours=3.06  yf=1.78  diff=71.5% ***
    WBD      ours=21.64  yf=12.75  diff=69.7% ***

------------------------------------------------------------
MKTCAP  -- 6 flagged (>10%)
  FLAGGED (top 6 of 6):
    PCG      ours=$46.98B  yf=$38.61B  diff=21.7% ***
    CHTR     ours=$16.40B  yf=$20.89B  diff=21.5% ***
    SPG      ours=$74.10B  yf=$86.82B  diff=14.7% ***
    UDR      ours=$13.18B  yf=$15.03B  diff=12.3% ***
    ERIE     ours=$10.44B  yf=$11.81B  diff=11.6% ***
    BXP      ours=$11.27B  yf=$12.60B  diff=10.5% ***
  TOP 10 LARGEST DIFF:
    PCG      ours=$46.98B  yf=$38.61B  diff=21.7% ***
    CHTR     ours=$16.40B  yf=$20.89B  diff=21.5% ***
    SPG      ours=$74.10B  yf=$86.82B  diff=14.7% ***
    UDR      ours=$13.18B  yf=$15.03B  diff=12.3% ***
    ERIE     ours=$10.44B  yf=$11.81B  diff=11.6% ***
    BXP      ours=$11.27B  yf=$12.60B  diff=10.5% ***
    ACN      ours=$96.53B  yf=$88.49B  diff=9.1%
    WDAY     ours=$38.76B  yf=$35.92B  diff=7.9%
    RKLB     ours=$38.98B  yf=$42.08B  diff=7.4%
    SMCI     ours=$14.84B  yf=$15.96B  diff=7.0%

------------------------------------------------------------
PE  -- 27 flagged (>10%)
  FLAGGED (top 20 of 27):
    NBIS     ours=520.520  yf=77.027  diff=575.8% ***
    OXY      ours=13.510  yf=72.500  diff=81.4% ***
    ALNY     ours=124.740  yf=69.914  diff=78.4% ***
    MLM      ours=13.760  yf=35.723  diff=61.5% ***
    NWSA     ours=14.340  yf=35.414  diff=59.5% ***
    NWS      ours=16.270  yf=40.173  diff=59.5% ***
    BDX      ours=40.490  yf=27.015  diff=49.9% ***
    JCI      ours=25.540  yf=43.734  diff=41.6% ***
    TXT      ours=11.050  yf=16.942  diff=34.8% ***
    HAL      ours=25.760  yf=19.467  diff=32.3% ***
    C        ours=18.840  yf=14.538  diff=29.6% ***
    AMCR     ours=43.410  yf=34.760  diff=24.9% ***
    LEN      ours=10.150  yf=13.375  diff=24.1% ***
    WEC      ours=18.140  yf=22.626  diff=19.8% ***
    KMB      ours=17.110  yf=20.603  diff=17.0% ***
    COF      ours=54.060  yf=64.027  diff=15.6% ***
    BKNG     ours=27.710  yf=24.101  diff=15.0% ***
    CSGP     ours=433.860  yf=379.625  diff=14.3% ***
    DRI      ours=21.310  yf=18.805  diff=13.3% ***
    GS       ours=20.010  yf=17.795  diff=12.4% ***
  TOP 10 LARGEST DIFF:
    NBIS     ours=520.520  yf=77.027  diff=575.8% ***
    OXY      ours=13.510  yf=72.500  diff=81.4% ***
    ALNY     ours=124.740  yf=69.914  diff=78.4% ***
    MLM      ours=13.760  yf=35.723  diff=61.5% ***
    NWSA     ours=14.340  yf=35.414  diff=59.5% ***
    NWS      ours=16.270  yf=40.173  diff=59.5% ***
    BDX      ours=40.490  yf=27.015  diff=49.9% ***
    JCI      ours=25.540  yf=43.734  diff=41.6% ***
    TXT      ours=11.050  yf=16.942  diff=34.8% ***
    HAL      ours=25.760  yf=19.467  diff=32.3% ***

------------------------------------------------------------
EPS  -- 35 flagged (>10%)
  FLAGGED (top 20 of 35):
    PSKY     ours=-0.600  yf=0.020  diff=3100.0% ***
    CRWD     ours=-0.120  yf=-0.020  diff=500.0% ***
    OXY      ours=3.970  yf=0.740  diff=436.5% ***
    GPN      ours=-2.050  yf=2.720  diff=175.4% ***
    MLM      ours=41.930  yf=16.150  diff=159.6% ***
    NWS      ours=2.000  yf=0.810  diff=146.9% ***
    NWSA     ours=2.000  yf=0.810  diff=146.9% ***
    DD       ours=-0.210  yf=1.140  diff=118.4% ***
    NBIS     ours=0.330  yf=2.230  diff=85.2% ***
    JCI      ours=5.530  yf=3.230  diff=71.2% ***
    TXT      ours=8.200  yf=5.350  diff=53.3% ***
    ALNY     ours=2.270  yf=4.050  diff=44.0% ***
    BDX      ours=3.950  yf=5.920  diff=33.3% ***
    LEN      ours=8.510  yf=6.460  diff=31.7% ***
    WEC      ours=6.310  yf=5.060  diff=24.7% ***
    HAL      ours=1.360  yf=1.800  diff=24.4% ***
    IP       ours=-6.600  yf=-5.350  diff=23.4% ***
    C        ours=6.990  yf=9.060  diff=22.8% ***
    KMB      ours=6.370  yf=5.290  diff=20.4% ***
    AMCR     ours=1.033  yf=1.290  diff=19.9% ***
  TOP 10 LARGEST DIFF:
    PSKY     ours=-0.600  yf=0.020  diff=3100.0% ***
    CRWD     ours=-0.120  yf=-0.020  diff=500.0% ***
    OXY      ours=3.970  yf=0.740  diff=436.5% ***
    GPN      ours=-2.050  yf=2.720  diff=175.4% ***
    MLM      ours=41.930  yf=16.150  diff=159.6% ***
    NWS      ours=2.000  yf=0.810  diff=146.9% ***
    NWSA     ours=2.000  yf=0.810  diff=146.9% ***
    DD       ours=-0.210  yf=1.140  diff=118.4% ***
    NBIS     ours=0.330  yf=2.230  diff=85.2% ***
    JCI      ours=5.530  yf=3.230  diff=71.2% ***
