Tiingo vs yfinance comparison — 2026-09-29
Threshold: >10% for all metrics
142 flagged diffs above threshold

============================================================
KNOWN EXPECTED DIFFERENCES (not bugs)
============================================================

EPS / PE — hardcoded adjustments (our side intentional):
  BRK-B   EDGAR EPS ÷ 1500  (Class A→B conversion)
  BKNG    EDGAR EPS ÷ 25    (25-for-1 split Apr 2026; auto-disables after Q2 2026 10-Q)
  CVNA    EDGAR EPS ÷ 5     (5-for-1 split May 2026; auto-disables after Q2 2026 10-Q)
  KLAC    EDGAR EPS ÷ 10    (10-for-1 split Jun 2026; auto-disables after Q2 2026 10-Q)
  DD      EDGAR EPS × 3     (1-for-3 reverse split Jun 2026; pre-split EPS ~-0.07; auto-disables when EDGAR EPS abs > 0.20 after Q2 2026 10-Q)
  HON     EDGAR EPS × 2     (1-for-2 reverse split Jun 29 2026; pre-split EPS ~$3.21; auto-disables when EDGAR EPS abs > 4.0 after Q2/Q3 2026 10-Q)

EPS / PE — inline XBRL fallback (company_facts has no data; we parse filing HTML):
  V ERIE KKR STZ HSY BRK-B   US 10-Q/10-K  USD   TTM = quarters since last 10-K
                                                  + Q4 derived (annual − 9M YTD).
                                                  Fixed 2026-06-30 (commit 973b985):
                                                  naive 4-quarter sum used to run
                                                  before the Q4-derivation path and
                                                  silently skipped the real Q4 (never
                                                  filed as its own 10-Q), substituting
                                                  a stale year-ago quarter instead.
                                                  KKR 1.56→2.93, BRK-B 26.83→33.59,
                                                  V 11.18→11.47, ERIE 12.37→10.93,
                                                  STZ 11.82→9.61, HSY 4.90→5.37 — all
                                                  now match yfinance.
  ARM ASML CCEP FER PDD      20-F          —      annual only (no 10-Q filed; not
                                                  affected by the bug above). ASML/
                                                  CCEP/FER convert EUR→USD via daily
                                                  ECB rate; PDD uses
                                                  EarningsPerShareBasicAndDiluted.
  NBIS                       6-K           USD    annual only (foreign private issuer,
                                                  furnishes 6-K instead of 10-Q).
  Diffs vs YF expected: foreign EPS is annual-only (no TTM); FX rate differs by fetch time.

EPS / PE — null (still unavailable):
  ARES TRI    Filed Form 25-NSE May 2026 — being removed from exchange listing.
              Will drop out of S&P 500 / Nasdaq-100 universe on next rebalance.
  FDXF        FedEx Freight spinoff (2026-06); only 8-K/Form 4 filed so far, no
              10-Q/10-K yet — EPS unavailable until first quarterly filing.

EPS / PE — TTM window vs YF annual anchor:
  Large diffs (e.g. CI 23.61 vs YF 113.71) often mean YF is anchored to an older
  annual 10-K that included a one-time gain/charge now outside our rolling TTM.
  Our TTM = sum of 4 most recent quarters from EDGAR 10-Q/10-K filings.
  YF trailingEps sources from data vendors and may reflect a different period.

MKTCAP — shares outstanding overrides (SHARES_OUTSTANDING_OVERRIDE, our side intentional):
  IBKR   1,697,000,000  (Class A 445M + IBG LLC membership units; EDGAR under-reports)
  BX     1,222,000,000  (Class A 742M + Blackstone Holdings LP units)
  DVN    1,153,000,000  (Coterra merger May 2026 doubled shares; EDGAR XBRL lags until Q2 2026 10-Q ~Aug 2026)
  CVNA   shares × 5    (5-for-1 split May 2026; EDGAR pre-split ~219M Class A; heals after Q2 2026 10-Q ~Aug 2026)
  KLAC   shares × 10   (10-for-1 split Jun 2026; EDGAR pre-split ~130.6M; heals after Q2 2026 10-Q ~Aug 2026)
  DD     shares ÷ 3    (1-for-3 reverse split Jun 2026; EDGAR pre-split ~410M; heals after Q2 2026 10-Q ~Aug 2026)

VOLUME — systematic offset:
  Tiingo EOD volume includes extended-hours (pre/after market).
  YF typically reports regular-session only. Expect ours ~1.5-2x YF across the board.
============================================================

------------------------------------------------------------
PRICE  -- 0 flagged (>10%)
  TOP 10 LARGEST DIFF:
    PSKY     ours=10.06  yf=9.99  diff=0.7%
    CBOE     ours=264.04  yf=262.43  diff=0.6%
    GEN      ours=20.75  yf=20.87  diff=0.6%
    BE       ours=292.61  yf=291.01  diff=0.5%
    NBIS     ours=238.75  yf=237.52  diff=0.5%
    COHR     ours=291.43  yf=292.80  diff=0.5%
    ILMN     ours=273.91  yf=272.75  diff=0.4%
    TER      ours=401.31  yf=402.99  diff=0.4%
    HPE      ours=61.12  yf=61.37  diff=0.4%
    MRVL     ours=261.98  yf=263.00  diff=0.4%

------------------------------------------------------------
VOLUME  -- 28 flagged (>10%)
  FLAGGED (top 20 of 28):
    ERIE     ours=0.05  yf=0.06  diff=21.5% ***
    UHS      ours=0.33  yf=0.40  diff=17.0% ***
    EVRG     ours=1.58  yf=1.84  diff=14.1% ***
    NSC      ours=0.23  yf=0.27  diff=13.4% ***
    WST      ours=0.34  yf=0.39  diff=13.0% ***
    WEC      ours=2.23  yf=2.55  diff=12.7% ***
    LH       ours=0.33  yf=0.38  diff=12.4% ***
    TXT      ours=0.92  yf=1.05  diff=12.3% ***
    TSCO     ours=4.59  yf=5.21  diff=11.8% ***
    GL       ours=0.23  yf=0.26  diff=11.7% ***
    WTW      ours=0.42  yf=0.48  diff=11.6% ***
    RL       ours=0.26  yf=0.29  diff=11.3% ***
    KEYS     ours=0.46  yf=0.52  diff=11.2% ***
    PNW      ours=0.94  yf=1.06  diff=11.1% ***
    BMY      ours=10.20  yf=11.46  diff=11.0% ***
    Q        ours=0.46  yf=0.52  diff=11.0% ***
    AIZ      ours=0.16  yf=0.18  diff=10.9% ***
    IQV      ours=0.77  yf=0.86  diff=10.8% ***
    IEX      ours=0.48  yf=0.54  diff=10.7% ***
    WRB      ours=1.17  yf=1.31  diff=10.7% ***
  TOP 10 LARGEST DIFF:
    ERIE     ours=0.05  yf=0.06  diff=21.5% ***
    UHS      ours=0.33  yf=0.40  diff=17.0% ***
    EVRG     ours=1.58  yf=1.84  diff=14.1% ***
    NSC      ours=0.23  yf=0.27  diff=13.4% ***
    WST      ours=0.34  yf=0.39  diff=13.0% ***
    WEC      ours=2.23  yf=2.55  diff=12.7% ***
    LH       ours=0.33  yf=0.38  diff=12.4% ***
    TXT      ours=0.92  yf=1.05  diff=12.3% ***
    TSCO     ours=4.59  yf=5.21  diff=11.8% ***
    GL       ours=0.23  yf=0.26  diff=11.7% ***

------------------------------------------------------------
MKTCAP  -- 10 flagged (>10%)
  FLAGGED (top 10 of 10):
    VMRK     ours=$22.99B  yf=$47.46B  diff=51.6% ***
    APH      ours=$103.81B  yf=$207.88B  diff=50.1% ***
    MNST     ours=$40.90B  yf=$81.88B  diff=50.0% ***
    MLM      ours=$28.78B  yf=$34.05B  diff=15.5% ***
    SPG      ours=$66.08B  yf=$77.44B  diff=14.7% ***
    UDR      ours=$11.03B  yf=$12.58B  diff=12.3% ***
    ERIE     ours=$10.27B  yf=$11.63B  diff=11.7% ***
    BXP      ours=$9.87B  yf=$11.16B  diff=11.5% ***
    PCG      ours=$32.54B  yf=$36.40B  diff=10.6% ***
    WDAY     ours=$50.41B  yf=$45.60B  diff=10.5% ***
  TOP 10 LARGEST DIFF:
    VMRK     ours=$22.99B  yf=$47.46B  diff=51.6% ***
    APH      ours=$103.81B  yf=$207.88B  diff=50.1% ***
    MNST     ours=$40.90B  yf=$81.88B  diff=50.0% ***
    MLM      ours=$28.78B  yf=$34.05B  diff=15.5% ***
    SPG      ours=$66.08B  yf=$77.44B  diff=14.7% ***
    UDR      ours=$11.03B  yf=$12.58B  diff=12.3% ***
    ERIE     ours=$10.27B  yf=$11.63B  diff=11.7% ***
    BXP      ours=$9.87B  yf=$11.16B  diff=11.5% ***
    PCG      ours=$32.54B  yf=$36.40B  diff=10.6% ***
    WDAY     ours=$50.41B  yf=$45.60B  diff=10.5% ***

------------------------------------------------------------
PE  -- 47 flagged (>10%)
  FLAGGED (top 20 of 47):
    TPL      ours=336.600  yf=41.870  diff=703.9% ***
    DD       ours=152.940  yf=55.811  diff=174.0% ***
    APTV     ours=41.230  yf=19.606  diff=110.3% ***
    CRWD     ours=1193.000  yf=8754.667  diff=86.4% ***
    BDX      ours=54.810  yf=31.532  diff=73.8% ***
    BKNG     ours=30.560  yf=18.052  diff=69.3% ***
    MLM      ours=11.770  yf=31.210  diff=62.3% ***
    MNST     ours=19.330  yf=38.699  diff=50.1% ***
    APH      ours=21.100  yf=42.150  diff=49.9% ***
    ALNY     ours=65.230  yf=44.125  diff=47.8% ***
    OXY      ours=8.520  yf=16.199  diff=47.4% ***
    DLR      ours=46.830  yf=85.738  diff=45.4% ***
    TXT      ours=8.800  yf=14.627  diff=39.8% ***
    BIIB     ours=24.420  yf=40.393  diff=39.5% ***
    LEN      ours=9.770  yf=15.750  diff=38.0% ***
    JCI      ours=27.080  yf=42.212  diff=35.8% ***
    MDLZ     ours=29.380  yf=21.729  diff=35.2% ***
    FER      ours=38.640  yf=58.043  diff=33.4% ***
    C        ours=18.740  yf=14.110  diff=32.8% ***
    CCI      ours=33.960  yf=27.351  diff=24.2% ***
  TOP 10 LARGEST DIFF:
    TPL      ours=336.600  yf=41.870  diff=703.9% ***
    DD       ours=152.940  yf=55.811  diff=174.0% ***
    APTV     ours=41.230  yf=19.606  diff=110.3% ***
    CRWD     ours=1193.000  yf=8754.667  diff=86.4% ***
    BDX      ours=54.810  yf=31.532  diff=73.8% ***
    BKNG     ours=30.560  yf=18.052  diff=69.3% ***
    MLM      ours=11.770  yf=31.210  diff=62.3% ***
    MNST     ours=19.330  yf=38.699  diff=50.1% ***
    APH      ours=21.100  yf=42.150  diff=49.9% ***
    ALNY     ours=65.230  yf=44.125  diff=47.8% ***

------------------------------------------------------------
EPS  -- 57 flagged (>10%)
  FLAGGED (top 20 of 57):
    PSKY     ours=-0.300  yf=0.030  diff=1100.0% ***
    CRWD     ours=0.220  yf=0.030  diff=633.3% ***
    NBIS     ours=0.330  yf=-0.070  diff=571.4% ***
    NFLX     ours=-9.240  yf=3.180  diff=390.6% ***
    GPN      ours=-2.970  yf=2.110  diff=240.8% ***
    NOW      ours=-1.620  yf=1.600  diff=201.3% ***
    OMC      ours=-0.370  yf=0.370  diff=200.0% ***
    MLM      ours=40.700  yf=15.360  diff=165.0% ***
    IFF      ours=1.140  yf=-3.090  diff=136.9% ***
    DOW      ours=-4.000  yf=-1.830  diff=118.6% ***
    BE       ours=-0.040  yf=0.780  diff=105.1% ***
    MNST     ours=2.160  yf=1.080  diff=100.0% ***
    APH      ours=3.990  yf=2.000  diff=99.5% ***
    OXY      ours=6.460  yf=3.390  diff=90.6% ***
    TPL      ours=0.980  yf=7.850  diff=87.5% ***
    DLR      ours=3.770  yf=2.060  diff=83.0% ***
    TXT      ours=8.810  yf=5.310  diff=65.9% ***
    BIIB     ours=9.300  yf=5.620  diff=65.5% ***
    DD       ours=0.850  yf=2.330  diff=63.5% ***
    LEN      ours=8.510  yf=5.280  diff=61.2% ***
  TOP 10 LARGEST DIFF:
    PSKY     ours=-0.300  yf=0.030  diff=1100.0% ***
    CRWD     ours=0.220  yf=0.030  diff=633.3% ***
    NBIS     ours=0.330  yf=-0.070  diff=571.4% ***
    NFLX     ours=-9.240  yf=3.180  diff=390.6% ***
    GPN      ours=-2.970  yf=2.110  diff=240.8% ***
    NOW      ours=-1.620  yf=1.600  diff=201.3% ***
    OMC      ours=-0.370  yf=0.370  diff=200.0% ***
    MLM      ours=40.700  yf=15.360  diff=165.0% ***
    IFF      ours=1.140  yf=-3.090  diff=136.9% ***
    DOW      ours=-4.000  yf=-1.830  diff=118.6% ***
