Tiingo vs yfinance comparison — 2026-07-02
Threshold: >10% for all metrics
316 flagged diffs above threshold

============================================================
KNOWN EXPECTED DIFFERENCES (not bugs)
============================================================

EPS / PE — hardcoded adjustments (our side intentional):
  BRK-B   EDGAR EPS ÷ 1500  (Class A→B conversion)
  BKNG    EDGAR EPS ÷ 25    (25-for-1 split Apr 2026; auto-disables after Q2 2026 10-Q)
  CVNA    EDGAR EPS ÷ 5     (5-for-1 split May 2026; auto-disables after Q2 2026 10-Q)
  KLAC    EDGAR EPS ÷ 10    (10-for-1 split Jun 2026; auto-disables after Q2 2026 10-Q)
  DD      EDGAR EPS × 3     (1-for-3 reverse split Jun 2026; pre-split EPS ~-0.07; auto-disables when EDGAR EPS abs > 0.20 after Q2 2026 10-Q)
  HON     EDGAR EPS × 2     (1-for-2 reverse split Jun 29 2026; pre-split EPS ~$3.21; auto-disables when EDGAR EPS abs > 4.0 after Q2/Q3 2026 10-Q)

EPS / PE — inline XBRL fallback (company_facts has no data; we parse filing HTML):
  V ERIE KKR STZ HSY BRK-B   US 10-Q/10-K  USD   TTM = quarters since last 10-K
                                                  + Q4 derived (annual − 9M YTD).
                                                  Fixed 2026-06-30 (commit 973b985):
                                                  naive 4-quarter sum used to run
                                                  before the Q4-derivation path and
                                                  silently skipped the real Q4 (never
                                                  filed as its own 10-Q), substituting
                                                  a stale year-ago quarter instead.
                                                  KKR 1.56→2.93, BRK-B 26.83→33.59,
                                                  V 11.18→11.47, ERIE 12.37→10.93,
                                                  STZ 11.82→9.61, HSY 4.90→5.37 — all
                                                  now match yfinance.
  ARM ASML CCEP FER PDD      20-F          —      annual only (no 10-Q filed; not
                                                  affected by the bug above). ASML/
                                                  CCEP/FER convert EUR→USD via daily
                                                  ECB rate; PDD uses
                                                  EarningsPerShareBasicAndDiluted.
  NBIS                       6-K           USD    annual only (foreign private issuer,
                                                  furnishes 6-K instead of 10-Q).
  Diffs vs YF expected: foreign EPS is annual-only (no TTM); FX rate differs by fetch time.

EPS / PE — null (still unavailable):
  ARES TRI    Filed Form 25-NSE May 2026 — being removed from exchange listing.
              Will drop out of S&P 500 / Nasdaq-100 universe on next rebalance.
  FDXF        FedEx Freight spinoff (2026-06); only 8-K/Form 4 filed so far, no
              10-Q/10-K yet — EPS unavailable until first quarterly filing.

EPS / PE — TTM window vs YF annual anchor:
  Large diffs (e.g. CI 23.61 vs YF 113.71) often mean YF is anchored to an older
  annual 10-K that included a one-time gain/charge now outside our rolling TTM.
  Our TTM = sum of 4 most recent quarters from EDGAR 10-Q/10-K filings.
  YF trailingEps sources from data vendors and may reflect a different period.

MKTCAP — shares outstanding overrides (SHARES_OUTSTANDING_OVERRIDE, our side intentional):
  IBKR   1,697,000,000  (Class A 445M + IBG LLC membership units; EDGAR under-reports)
  BX     1,222,000,000  (Class A 742M + Blackstone Holdings LP units)
  DVN    1,153,000,000  (Coterra merger May 2026 doubled shares; EDGAR XBRL lags until Q2 2026 10-Q ~Aug 2026)
  CVNA   shares × 5    (5-for-1 split May 2026; EDGAR pre-split ~219M Class A; heals after Q2 2026 10-Q ~Aug 2026)
  KLAC   shares × 10   (10-for-1 split Jun 2026; EDGAR pre-split ~130.6M; heals after Q2 2026 10-Q ~Aug 2026)
  DD     shares ÷ 3    (1-for-3 reverse split Jun 2026; EDGAR pre-split ~410M; heals after Q2 2026 10-Q ~Aug 2026)

VOLUME — systematic offset:
  Tiingo EOD volume includes extended-hours (pre/after market).
  YF typically reports regular-session only. Expect ours ~1.5-2x YF across the board.
============================================================

------------------------------------------------------------
PRICE  -- 0 flagged (>10%)
  TOP 10 LARGEST DIFF:
    CRWV     ours=85.69  yf=85.69  diff=0.0%
    ERIE     ours=249.26  yf=249.26  diff=0.0%
    A        ours=133.39  yf=133.39  diff=0.0%
    AAPL     ours=294.38  yf=294.38  diff=0.0%
    ABBV     ours=251.06  yf=251.06  diff=0.0%
    ABNB     ours=147.31  yf=147.31  diff=0.0%
    ABT      ours=92.18  yf=92.18  diff=0.0%
    ACGL     ours=98.55  yf=98.55  diff=0.0%
    ACN      ours=131.13  yf=131.13  diff=0.0%
    ADBE     ours=210.98  yf=210.98  diff=0.0%

------------------------------------------------------------
VOLUME  -- 262 flagged (>10%)
  FLAGGED (top 20 of 262):
    JPM      ours=15.21  yf=5.20  diff=192.7% ***
    FITB     ours=12.26  yf=4.71  diff=160.4% ***
    DE       ours=1.64  yf=0.77  diff=114.3% ***
    YUM      ours=3.03  yf=1.44  diff=111.1% ***
    VTR      ours=7.45  yf=3.63  diff=105.0% ***
    AEE      ours=3.00  yf=1.55  diff=93.4% ***
    CRH      ours=5.62  yf=3.00  diff=87.2% ***
    ARE      ours=1.62  yf=0.89  diff=82.2% ***
    SHW      ours=2.49  yf=1.37  diff=81.3% ***
    PNC      ours=2.22  yf=1.23  diff=80.4% ***
    PEG      ours=3.46  yf=1.92  diff=79.9% ***
    SW       ours=3.94  yf=2.19  diff=79.7% ***
    NSC      ours=1.17  yf=0.66  diff=77.6% ***
    DLR      ours=10.16  yf=5.77  diff=76.0% ***
    ERIE     ours=0.36  yf=0.21  diff=75.0% ***
    MA       ours=4.41  yf=2.55  diff=73.0% ***
    BBY      ours=4.08  yf=2.42  diff=68.4% ***
    BX       ours=5.56  yf=3.32  diff=67.5% ***
    GE       ours=3.95  yf=2.42  diff=63.1% ***
    GPC      ours=1.37  yf=0.85  diff=60.7% ***
  TOP 10 LARGEST DIFF:
    JPM      ours=15.21  yf=5.20  diff=192.7% ***
    FITB     ours=12.26  yf=4.71  diff=160.4% ***
    DE       ours=1.64  yf=0.77  diff=114.3% ***
    YUM      ours=3.03  yf=1.44  diff=111.1% ***
    VTR      ours=7.45  yf=3.63  diff=105.0% ***
    AEE      ours=3.00  yf=1.55  diff=93.4% ***
    CRH      ours=5.62  yf=3.00  diff=87.2% ***
    ARE      ours=1.62  yf=0.89  diff=82.2% ***
    SHW      ours=2.49  yf=1.37  diff=81.3% ***
    PNC      ours=2.22  yf=1.23  diff=80.4% ***

------------------------------------------------------------
MKTCAP  -- 7 flagged (>10%)
  FLAGGED (top 7 of 7):
    CRWD     ours=$196.71B  yf=$786.85B  diff=75.0% ***
    PCG      ours=$44.41B  yf=$36.49B  diff=21.7% ***
    CHTR     ours=$17.20B  yf=$21.91B  diff=21.5% ***
    SPG      ours=$72.31B  yf=$84.74B  diff=14.7% ***
    UDR      ours=$13.20B  yf=$15.05B  diff=12.3% ***
    ERIE     ours=$11.51B  yf=$13.03B  diff=11.7% ***
    BXP      ours=$10.81B  yf=$12.08B  diff=10.5% ***
  TOP 10 LARGEST DIFF:
    CRWD     ours=$196.71B  yf=$786.85B  diff=75.0% ***
    PCG      ours=$44.41B  yf=$36.49B  diff=21.7% ***
    CHTR     ours=$17.20B  yf=$21.91B  diff=21.5% ***
    SPG      ours=$72.31B  yf=$84.74B  diff=14.7% ***
    UDR      ours=$13.20B  yf=$15.05B  diff=12.3% ***
    ERIE     ours=$11.51B  yf=$13.03B  diff=11.7% ***
    BXP      ours=$10.81B  yf=$12.08B  diff=10.5% ***
    ACN      ours=$87.53B  yf=$80.24B  diff=9.1%
    WDAY     ours=$34.72B  yf=$32.17B  diff=7.9%
    RKLB     ours=$57.92B  yf=$62.53B  diff=7.4%

------------------------------------------------------------
PE  -- 20 flagged (>10%)
  FLAGGED (top 20 of 20):
    NBIS     ours=694.480  yf=88.146  diff=687.9% ***
    OXY      ours=12.080  yf=64.784  diff=81.4% ***
    ALNY     ours=132.890  yf=75.796  diff=75.3% ***
    MLM      ours=13.810  yf=36.362  diff=62.0% ***
    NWS      ours=14.620  yf=37.025  diff=60.5% ***
    NWSA     ours=12.890  yf=32.633  diff=60.5% ***
    BDX      ours=38.710  yf=26.684  diff=45.1% ***
    JCI      ours=26.180  yf=44.281  diff=40.9% ***
    NKE      ours=28.520  yf=20.505  diff=39.1% ***
    TXT      ours=11.210  yf=17.544  diff=36.1% ***
    HAL      ours=24.270  yf=18.238  diff=33.1% ***
    LEN      ours=10.230  yf=13.646  diff=25.0% ***
    WEC      ours=18.420  yf=23.291  diff=20.9% ***
    AMCR     ours=42.250  yf=35.194  diff=20.1% ***
    KMB      ours=17.490  yf=21.555  diff=18.9% ***
    COF      ours=52.250  yf=62.828  diff=16.8% ***
    C        ours=20.050  yf=17.321  diff=15.8% ***
    BKNG     ours=27.420  yf=24.095  diff=13.8% ***
    DRI      ours=21.390  yf=19.344  diff=10.6% ***
    EXC      ours=15.170  yf=16.945  diff=10.5% ***
  TOP 10 LARGEST DIFF:
    NBIS     ours=694.480  yf=88.146  diff=687.9% ***
    OXY      ours=12.080  yf=64.784  diff=81.4% ***
    ALNY     ours=132.890  yf=75.796  diff=75.3% ***
    MLM      ours=13.810  yf=36.362  diff=62.0% ***
    NWS      ours=14.620  yf=37.025  diff=60.5% ***
    NWSA     ours=12.890  yf=32.633  diff=60.5% ***
    BDX      ours=38.710  yf=26.684  diff=45.1% ***
    JCI      ours=26.180  yf=44.281  diff=40.9% ***
    NKE      ours=28.520  yf=20.505  diff=39.1% ***
    TXT      ours=11.210  yf=17.544  diff=36.1% ***

------------------------------------------------------------
EPS  -- 27 flagged (>10%)
  FLAGGED (top 20 of 27):
    PSKY     ours=-0.600  yf=0.030  diff=2100.0% ***
    OXY      ours=3.970  yf=0.740  diff=436.5% ***
    CRWD     ours=-0.120  yf=-0.040  diff=200.0% ***
    GPN      ours=-2.050  yf=2.720  diff=175.4% ***
    MLM      ours=41.930  yf=15.930  diff=163.2% ***
    NWS      ours=2.000  yf=0.790  diff=153.2% ***
    NWSA     ours=2.000  yf=0.790  diff=153.2% ***
    DD       ours=-0.210  yf=1.140  diff=118.4% ***
    GIS      ours=-0.160  yf=4.090  diff=103.9% ***
    NBIS     ours=0.330  yf=2.600  diff=87.3% ***
    JCI      ours=5.530  yf=3.270  diff=69.1% ***
    TXT      ours=8.200  yf=5.240  diff=56.5% ***
    ALNY     ours=2.270  yf=3.980  diff=43.0% ***
    LEN      ours=8.510  yf=6.380  diff=33.4% ***
    BDX      ours=3.950  yf=5.730  diff=31.1% ***
    NKE      ours=1.510  yf=2.100  diff=28.1% ***
    IP       ours=-6.600  yf=-5.190  diff=27.2% ***
    WEC      ours=6.310  yf=4.990  diff=26.5% ***
    HAL      ours=1.360  yf=1.810  diff=24.9% ***
    KMB      ours=6.370  yf=5.170  diff=23.2% ***
  TOP 10 LARGEST DIFF:
    PSKY     ours=-0.600  yf=0.030  diff=2100.0% ***
    OXY      ours=3.970  yf=0.740  diff=436.5% ***
    CRWD     ours=-0.120  yf=-0.040  diff=200.0% ***
    GPN      ours=-2.050  yf=2.720  diff=175.4% ***
    MLM      ours=41.930  yf=15.930  diff=163.2% ***
    NWS      ours=2.000  yf=0.790  diff=153.2% ***
    NWSA     ours=2.000  yf=0.790  diff=153.2% ***
    DD       ours=-0.210  yf=1.140  diff=118.4% ***
    GIS      ours=-0.160  yf=4.090  diff=103.9% ***
    NBIS     ours=0.330  yf=2.600  diff=87.3% ***
