Tiingo vs yfinance comparison — 2026-07-10
Threshold: >10% for all metrics
242 flagged diffs above threshold

============================================================
KNOWN EXPECTED DIFFERENCES (not bugs)
============================================================

EPS / PE — hardcoded adjustments (our side intentional):
  BRK-B   EDGAR EPS ÷ 1500  (Class A→B conversion)
  BKNG    EDGAR EPS ÷ 25    (25-for-1 split Apr 2026; auto-disables after Q2 2026 10-Q)
  CVNA    EDGAR EPS ÷ 5     (5-for-1 split May 2026; auto-disables after Q2 2026 10-Q)
  KLAC    EDGAR EPS ÷ 10    (10-for-1 split Jun 2026; auto-disables after Q2 2026 10-Q)
  DD      EDGAR EPS × 3     (1-for-3 reverse split Jun 2026; pre-split EPS ~-0.07; auto-disables when EDGAR EPS abs > 0.20 after Q2 2026 10-Q)
  HON     EDGAR EPS × 2     (1-for-2 reverse split Jun 29 2026; pre-split EPS ~$3.21; auto-disables when EDGAR EPS abs > 4.0 after Q2/Q3 2026 10-Q)

EPS / PE — inline XBRL fallback (company_facts has no data; we parse filing HTML):
  V ERIE KKR STZ HSY BRK-B   US 10-Q/10-K  USD   TTM = quarters since last 10-K
                                                  + Q4 derived (annual − 9M YTD).
                                                  Fixed 2026-06-30 (commit 973b985):
                                                  naive 4-quarter sum used to run
                                                  before the Q4-derivation path and
                                                  silently skipped the real Q4 (never
                                                  filed as its own 10-Q), substituting
                                                  a stale year-ago quarter instead.
                                                  KKR 1.56→2.93, BRK-B 26.83→33.59,
                                                  V 11.18→11.47, ERIE 12.37→10.93,
                                                  STZ 11.82→9.61, HSY 4.90→5.37 — all
                                                  now match yfinance.
  ARM ASML CCEP FER PDD      20-F          —      annual only (no 10-Q filed; not
                                                  affected by the bug above). ASML/
                                                  CCEP/FER convert EUR→USD via daily
                                                  ECB rate; PDD uses
                                                  EarningsPerShareBasicAndDiluted.
  NBIS                       6-K           USD    annual only (foreign private issuer,
                                                  furnishes 6-K instead of 10-Q).
  Diffs vs YF expected: foreign EPS is annual-only (no TTM); FX rate differs by fetch time.

EPS / PE — null (still unavailable):
  ARES TRI    Filed Form 25-NSE May 2026 — being removed from exchange listing.
              Will drop out of S&P 500 / Nasdaq-100 universe on next rebalance.
  FDXF        FedEx Freight spinoff (2026-06); only 8-K/Form 4 filed so far, no
              10-Q/10-K yet — EPS unavailable until first quarterly filing.

EPS / PE — TTM window vs YF annual anchor:
  Large diffs (e.g. CI 23.61 vs YF 113.71) often mean YF is anchored to an older
  annual 10-K that included a one-time gain/charge now outside our rolling TTM.
  Our TTM = sum of 4 most recent quarters from EDGAR 10-Q/10-K filings.
  YF trailingEps sources from data vendors and may reflect a different period.

MKTCAP — shares outstanding overrides (SHARES_OUTSTANDING_OVERRIDE, our side intentional):
  IBKR   1,697,000,000  (Class A 445M + IBG LLC membership units; EDGAR under-reports)
  BX     1,222,000,000  (Class A 742M + Blackstone Holdings LP units)
  DVN    1,153,000,000  (Coterra merger May 2026 doubled shares; EDGAR XBRL lags until Q2 2026 10-Q ~Aug 2026)
  CVNA   shares × 5    (5-for-1 split May 2026; EDGAR pre-split ~219M Class A; heals after Q2 2026 10-Q ~Aug 2026)
  KLAC   shares × 10   (10-for-1 split Jun 2026; EDGAR pre-split ~130.6M; heals after Q2 2026 10-Q ~Aug 2026)
  DD     shares ÷ 3    (1-for-3 reverse split Jun 2026; EDGAR pre-split ~410M; heals after Q2 2026 10-Q ~Aug 2026)

VOLUME — systematic offset:
  Tiingo EOD volume includes extended-hours (pre/after market).
  YF typically reports regular-session only. Expect ours ~1.5-2x YF across the board.
============================================================

------------------------------------------------------------
PRICE  -- 0 flagged (>10%)
  TOP 10 LARGEST DIFF:
    CPRT     ours=27.52  yf=27.52  diff=0.0%
    ODFL     ours=227.62  yf=227.62  diff=0.0%
    WDC      ours=582.59  yf=582.59  diff=0.0%
    A        ours=134.29  yf=134.29  diff=0.0%
    AAPL     ours=315.32  yf=315.32  diff=0.0%
    ABBV     ours=248.08  yf=248.08  diff=0.0%
    ABNB     ours=148.62  yf=148.62  diff=0.0%
    ABT      ours=93.93  yf=93.93  diff=0.0%
    ACGL     ours=101.06  yf=101.06  diff=0.0%
    ACN      ours=135.23  yf=135.23  diff=0.0%

------------------------------------------------------------
VOLUME  -- 187 flagged (>10%)
  FLAGGED (top 20 of 187):
    GPC      ours=2.40  yf=1.17  diff=106.0% ***
    VTR      ours=3.08  yf=1.57  diff=95.9% ***
    PPL      ours=5.88  yf=3.06  diff=91.9% ***
    AIG      ours=2.01  yf=1.12  diff=79.9% ***
    OTIS     ours=2.72  yf=1.52  diff=78.7% ***
    DD       ours=1.05  yf=0.59  diff=78.0% ***
    HUM      ours=1.77  yf=1.01  diff=75.2% ***
    NVR      ours=0.02  yf=0.01  diff=72.7% ***
    CL       ours=3.93  yf=2.30  diff=71.0% ***
    PNW      ours=0.91  yf=0.53  diff=71.0% ***
    JPM      ours=6.28  yf=3.75  diff=67.5% ***
    SRE      ours=2.35  yf=1.44  diff=63.4% ***
    ICE      ours=3.01  yf=1.89  diff=59.2% ***
    PNC      ours=2.63  yf=1.66  diff=58.1% ***
    MAA      ours=1.27  yf=0.80  diff=58.1% ***
    TSN      ours=2.91  yf=1.84  diff=57.9% ***
    ECL      ours=0.64  yf=0.41  diff=57.2% ***
    NSC      ours=0.63  yf=0.40  diff=57.1% ***
    LH       ours=0.42  yf=0.27  diff=56.9% ***
    FRT      ours=0.40  yf=0.26  diff=55.7% ***
  TOP 10 LARGEST DIFF:
    GPC      ours=2.40  yf=1.17  diff=106.0% ***
    VTR      ours=3.08  yf=1.57  diff=95.9% ***
    PPL      ours=5.88  yf=3.06  diff=91.9% ***
    AIG      ours=2.01  yf=1.12  diff=79.9% ***
    OTIS     ours=2.72  yf=1.52  diff=78.7% ***
    DD       ours=1.05  yf=0.59  diff=78.0% ***
    HUM      ours=1.77  yf=1.01  diff=75.2% ***
    NVR      ours=0.02  yf=0.01  diff=72.7% ***
    CL       ours=3.93  yf=2.30  diff=71.0% ***
    PNW      ours=0.91  yf=0.53  diff=71.0% ***

------------------------------------------------------------
MKTCAP  -- 7 flagged (>10%)
  FLAGGED (top 7 of 7):
    CRWD     ours=$47.65B  yf=$190.60B  diff=75.0% ***
    PCG      ours=$46.02B  yf=$37.81B  diff=21.7% ***
    CHTR     ours=$16.08B  yf=$20.48B  diff=21.5% ***
    SPG      ours=$70.94B  yf=$83.13B  diff=14.7% ***
    UDR      ours=$12.91B  yf=$14.72B  diff=12.3% ***
    ERIE     ours=$11.63B  yf=$13.17B  diff=11.7% ***
    BXP      ours=$10.66B  yf=$11.91B  diff=10.5% ***
  TOP 10 LARGEST DIFF:
    CRWD     ours=$47.65B  yf=$190.60B  diff=75.0% ***
    PCG      ours=$46.02B  yf=$37.81B  diff=21.7% ***
    CHTR     ours=$16.08B  yf=$20.48B  diff=21.5% ***
    SPG      ours=$70.94B  yf=$83.13B  diff=14.7% ***
    UDR      ours=$12.91B  yf=$14.72B  diff=12.3% ***
    ERIE     ours=$11.63B  yf=$13.17B  diff=11.7% ***
    BXP      ours=$10.66B  yf=$11.91B  diff=10.5% ***
    ACN      ours=$90.27B  yf=$82.75B  diff=9.1%
    WDAY     ours=$37.03B  yf=$34.32B  diff=7.9%
    RKLB     ours=$46.90B  yf=$50.64B  diff=7.4%

------------------------------------------------------------
PE  -- 21 flagged (>10%)
  FLAGGED (top 20 of 21):
    NBIS     ours=665.610  yf=84.807  diff=684.9% ***
    OXY      ours=13.320  yf=71.473  diff=81.4% ***
    ALNY     ours=131.610  yf=75.254  diff=74.9% ***
    MLM      ours=13.780  yf=36.198  diff=61.9% ***
    NWS      ours=15.460  yf=39.152  diff=60.5% ***
    NWSA     ours=13.690  yf=34.646  diff=60.5% ***
    BDX      ours=38.470  yf=26.517  diff=45.1% ***
    JCI      ours=25.820  yf=43.673  diff=40.9% ***
    NKE      ours=29.380  yf=21.129  diff=39.1% ***
    TXT      ours=11.090  yf=17.349  diff=36.1% ***
    HAL      ours=25.290  yf=19.000  diff=33.1% ***
    LEN      ours=9.900  yf=13.208  diff=25.0% ***
    AMCR     ours=41.800  yf=34.544  diff=21.0% ***
    WEC      ours=18.220  yf=23.038  diff=20.9% ***
    KMB      ours=17.650  yf=21.743  diff=18.8% ***
    COF      ours=51.410  yf=62.198  diff=17.3% ***
    C        ours=20.140  yf=17.381  diff=15.9% ***
    BKNG     ours=26.780  yf=23.534  diff=13.8% ***
    DAL      ours=14.490  yf=12.758  diff=13.6% ***
    DRI      ours=21.640  yf=19.564  diff=10.6% ***
  TOP 10 LARGEST DIFF:
    NBIS     ours=665.610  yf=84.807  diff=684.9% ***
    OXY      ours=13.320  yf=71.473  diff=81.4% ***
    ALNY     ours=131.610  yf=75.254  diff=74.9% ***
    MLM      ours=13.780  yf=36.198  diff=61.9% ***
    NWS      ours=15.460  yf=39.152  diff=60.5% ***
    NWSA     ours=13.690  yf=34.646  diff=60.5% ***
    BDX      ours=38.470  yf=26.517  diff=45.1% ***
    JCI      ours=25.820  yf=43.673  diff=40.9% ***
    NKE      ours=29.380  yf=21.129  diff=39.1% ***
    TXT      ours=11.090  yf=17.349  diff=36.1% ***

------------------------------------------------------------
EPS  -- 27 flagged (>10%)
  FLAGGED (top 20 of 27):
    PSKY     ours=-0.600  yf=0.030  diff=2100.0% ***
    OXY      ours=3.970  yf=0.740  diff=436.5% ***
    CRWD     ours=-0.120  yf=-0.040  diff=200.0% ***
    GPN      ours=-2.050  yf=2.720  diff=175.4% ***
    MLM      ours=41.930  yf=15.960  diff=162.7% ***
    NWS      ours=2.000  yf=0.790  diff=153.2% ***
    NWSA     ours=2.000  yf=0.790  diff=153.2% ***
    DD       ours=-0.210  yf=1.150  diff=118.3% ***
    NBIS     ours=0.330  yf=2.590  diff=87.3% ***
    JCI      ours=5.530  yf=3.270  diff=69.1% ***
    TXT      ours=8.200  yf=5.240  diff=56.5% ***
    ALNY     ours=2.270  yf=3.970  diff=42.8% ***
    LEN      ours=8.510  yf=6.380  diff=33.4% ***
    BDX      ours=3.950  yf=5.730  diff=31.1% ***
    NKE      ours=1.510  yf=2.100  diff=28.1% ***
    IP       ours=-6.600  yf=-5.190  diff=27.2% ***
    WEC      ours=6.310  yf=4.990  diff=26.5% ***
    HAL      ours=1.360  yf=1.810  diff=24.9% ***
    KMB      ours=6.370  yf=5.170  diff=23.2% ***
    COF      ours=3.920  yf=3.240  diff=21.0% ***
  TOP 10 LARGEST DIFF:
    PSKY     ours=-0.600  yf=0.030  diff=2100.0% ***
    OXY      ours=3.970  yf=0.740  diff=436.5% ***
    CRWD     ours=-0.120  yf=-0.040  diff=200.0% ***
    GPN      ours=-2.050  yf=2.720  diff=175.4% ***
    MLM      ours=41.930  yf=15.960  diff=162.7% ***
    NWS      ours=2.000  yf=0.790  diff=153.2% ***
    NWSA     ours=2.000  yf=0.790  diff=153.2% ***
    DD       ours=-0.210  yf=1.150  diff=118.3% ***
    NBIS     ours=0.330  yf=2.590  diff=87.3% ***
    JCI      ours=5.530  yf=3.270  diff=69.1% ***
