Tiingo vs yfinance comparison — 2026-09-08
Threshold: >10% for all metrics
122 flagged diffs above threshold

============================================================
KNOWN EXPECTED DIFFERENCES (not bugs)
============================================================

EPS / PE — hardcoded adjustments (our side intentional):
  BRK-B   EDGAR EPS ÷ 1500  (Class A→B conversion)
  BKNG    EDGAR EPS ÷ 25    (25-for-1 split Apr 2026; auto-disables after Q2 2026 10-Q)
  CVNA    EDGAR EPS ÷ 5     (5-for-1 split May 2026; auto-disables after Q2 2026 10-Q)
  KLAC    EDGAR EPS ÷ 10    (10-for-1 split Jun 2026; auto-disables after Q2 2026 10-Q)
  DD      EDGAR EPS × 3     (1-for-3 reverse split Jun 2026; pre-split EPS ~-0.07; auto-disables when EDGAR EPS abs > 0.20 after Q2 2026 10-Q)
  HON     EDGAR EPS × 2     (1-for-2 reverse split Jun 29 2026; pre-split EPS ~$3.21; auto-disables when EDGAR EPS abs > 4.0 after Q2/Q3 2026 10-Q)

EPS / PE — inline XBRL fallback (company_facts has no data; we parse filing HTML):
  V ERIE KKR STZ HSY BRK-B   US 10-Q/10-K  USD   TTM = quarters since last 10-K
                                                  + Q4 derived (annual − 9M YTD).
                                                  Fixed 2026-06-30 (commit 973b985):
                                                  naive 4-quarter sum used to run
                                                  before the Q4-derivation path and
                                                  silently skipped the real Q4 (never
                                                  filed as its own 10-Q), substituting
                                                  a stale year-ago quarter instead.
                                                  KKR 1.56→2.93, BRK-B 26.83→33.59,
                                                  V 11.18→11.47, ERIE 12.37→10.93,
                                                  STZ 11.82→9.61, HSY 4.90→5.37 — all
                                                  now match yfinance.
  ARM ASML CCEP FER PDD      20-F          —      annual only (no 10-Q filed; not
                                                  affected by the bug above). ASML/
                                                  CCEP/FER convert EUR→USD via daily
                                                  ECB rate; PDD uses
                                                  EarningsPerShareBasicAndDiluted.
  NBIS                       6-K           USD    annual only (foreign private issuer,
                                                  furnishes 6-K instead of 10-Q).
  Diffs vs YF expected: foreign EPS is annual-only (no TTM); FX rate differs by fetch time.

EPS / PE — null (still unavailable):
  ARES TRI    Filed Form 25-NSE May 2026 — being removed from exchange listing.
              Will drop out of S&P 500 / Nasdaq-100 universe on next rebalance.
  FDXF        FedEx Freight spinoff (2026-06); only 8-K/Form 4 filed so far, no
              10-Q/10-K yet — EPS unavailable until first quarterly filing.

EPS / PE — TTM window vs YF annual anchor:
  Large diffs (e.g. CI 23.61 vs YF 113.71) often mean YF is anchored to an older
  annual 10-K that included a one-time gain/charge now outside our rolling TTM.
  Our TTM = sum of 4 most recent quarters from EDGAR 10-Q/10-K filings.
  YF trailingEps sources from data vendors and may reflect a different period.

MKTCAP — shares outstanding overrides (SHARES_OUTSTANDING_OVERRIDE, our side intentional):
  IBKR   1,697,000,000  (Class A 445M + IBG LLC membership units; EDGAR under-reports)
  BX     1,222,000,000  (Class A 742M + Blackstone Holdings LP units)
  DVN    1,153,000,000  (Coterra merger May 2026 doubled shares; EDGAR XBRL lags until Q2 2026 10-Q ~Aug 2026)
  CVNA   shares × 5    (5-for-1 split May 2026; EDGAR pre-split ~219M Class A; heals after Q2 2026 10-Q ~Aug 2026)
  KLAC   shares × 10   (10-for-1 split Jun 2026; EDGAR pre-split ~130.6M; heals after Q2 2026 10-Q ~Aug 2026)
  DD     shares ÷ 3    (1-for-3 reverse split Jun 2026; EDGAR pre-split ~410M; heals after Q2 2026 10-Q ~Aug 2026)

VOLUME — systematic offset:
  Tiingo EOD volume includes extended-hours (pre/after market).
  YF typically reports regular-session only. Expect ours ~1.5-2x YF across the board.
============================================================

------------------------------------------------------------
PRICE  -- 0 flagged (>10%)
  TOP 10 LARGEST DIFF:
    GEHC     ours=66.78  yf=66.78  diff=0.0%
    UAL      ours=108.23  yf=108.23  diff=0.0%
    PTC      ours=133.25  yf=133.25  diff=0.0%
    LITE     ours=978.53  yf=978.53  diff=0.0%
    A        ours=146.85  yf=146.85  diff=0.0%
    AAPL     ours=316.22  yf=316.22  diff=0.0%
    ABBV     ours=248.78  yf=248.78  diff=0.0%
    ABNB     ours=174.54  yf=174.54  diff=0.0%
    ABT      ours=105.52  yf=105.52  diff=0.0%
    ACGL     ours=95.71  yf=95.71  diff=0.0%

------------------------------------------------------------
VOLUME  -- 0 flagged (>10%)
  TOP 10 LARGEST DIFF:
    NVR      ours=0.05  yf=0.05  diff=8.3%
    TDY      ours=0.20  yf=0.20  diff=2.2%
    ERIE     ours=0.22  yf=0.22  diff=1.3%
    TDG      ours=0.33  yf=0.33  diff=1.2%
    IEX      ours=0.37  yf=0.37  diff=1.0%
    HII      ours=0.33  yf=0.33  diff=1.0%
    URI      ours=0.52  yf=0.52  diff=0.9%
    HUBB     ours=0.41  yf=0.41  diff=0.9%
    SNA      ours=0.31  yf=0.31  diff=0.8%
    ROP      ours=0.59  yf=0.59  diff=0.8%

------------------------------------------------------------
MKTCAP  -- 12 flagged (>10%)
  FLAGGED (top 12 of 12):
    VMRK     ours=$24.82B  yf=$51.22B  diff=51.5% ***
    APH      ours=$100.81B  yf=$201.62B  diff=50.0% ***
    MNST     ours=$42.27B  yf=$84.53B  diff=50.0% ***
    PCG      ours=$39.72B  yf=$32.64B  diff=21.7% ***
    MLM      ours=$30.75B  yf=$36.36B  diff=15.4% ***
    SPG      ours=$68.55B  yf=$80.43B  diff=14.8% ***
    CPT      ours=$10.53B  yf=$12.12B  diff=13.1% ***
    BXP      ours=$10.50B  yf=$11.89B  diff=11.7% ***
    ERIE     ours=$11.24B  yf=$12.72B  diff=11.7% ***
    UDR      ours=$11.73B  yf=$13.27B  diff=11.6% ***
    CHTR     ours=$17.38B  yf=$19.64B  diff=11.5% ***
    WDAY     ours=$49.67B  yf=$44.89B  diff=10.6% ***
  TOP 10 LARGEST DIFF:
    VMRK     ours=$24.82B  yf=$51.22B  diff=51.5% ***
    APH      ours=$100.81B  yf=$201.62B  diff=50.0% ***
    MNST     ours=$42.27B  yf=$84.53B  diff=50.0% ***
    PCG      ours=$39.72B  yf=$32.64B  diff=21.7% ***
    MLM      ours=$30.75B  yf=$36.36B  diff=15.4% ***
    SPG      ours=$68.55B  yf=$80.43B  diff=14.8% ***
    CPT      ours=$10.53B  yf=$12.12B  diff=13.1% ***
    BXP      ours=$10.50B  yf=$11.89B  diff=11.7% ***
    ERIE     ours=$11.24B  yf=$12.72B  diff=11.7% ***
    UDR      ours=$11.73B  yf=$13.27B  diff=11.6% ***

------------------------------------------------------------
PE  -- 50 flagged (>10%)
  FLAGGED (top 20 of 50):
    TPL      ours=389.690  yf=48.774  diff=699.0% ***
    COF      ours=54.580  yf=11.782  diff=363.3% ***
    DD       ours=154.490  yf=56.361  diff=174.1% ***
    APTV     ours=43.550  yf=20.692  diff=110.5% ***
    CRWD     ours=954.640  yf=5250.500  diff=81.8% ***
    BDX      ours=53.950  yf=30.986  diff=74.1% ***
    BKNG     ours=34.020  yf=20.011  diff=70.0% ***
    MLM      ours=12.580  yf=33.267  diff=62.2% ***
    MNST     ours=19.980  yf=39.954  diff=50.0% ***
    APH      ours=20.490  yf=40.880  diff=49.9% ***
    ALNY     ours=67.040  yf=45.235  diff=48.2% ***
    OXY      ours=9.390  yf=17.891  diff=47.5% ***
    DLR      ours=50.270  yf=92.439  diff=45.6% ***
    TXT      ours=9.030  yf=14.979  diff=39.7% ***
    BIIB     ours=22.850  yf=37.744  diff=39.5% ***
    JCI      ours=26.470  yf=41.231  diff=35.8% ***
    MDLZ     ours=30.510  yf=22.575  diff=35.1% ***
    FER      ours=40.270  yf=60.406  diff=33.3% ***
    C        ours=19.560  yf=14.735  diff=32.7% ***
    AVGO     ours=61.320  yf=47.010  diff=30.4% ***
  TOP 10 LARGEST DIFF:
    TPL      ours=389.690  yf=48.774  diff=699.0% ***
    COF      ours=54.580  yf=11.782  diff=363.3% ***
    DD       ours=154.490  yf=56.361  diff=174.1% ***
    APTV     ours=43.550  yf=20.692  diff=110.5% ***
    CRWD     ours=954.640  yf=5250.500  diff=81.8% ***
    BDX      ours=53.950  yf=30.986  diff=74.1% ***
    BKNG     ours=34.020  yf=20.011  diff=70.0% ***
    MLM      ours=12.580  yf=33.267  diff=62.2% ***
    MNST     ours=19.980  yf=39.954  diff=50.0% ***
    APH      ours=20.490  yf=40.880  diff=49.9% ***

------------------------------------------------------------
EPS  -- 60 flagged (>10%)
  FLAGGED (top 20 of 60):
    PSKY     ours=-0.300  yf=0.030  diff=1100.0% ***
    NBIS     ours=0.330  yf=-0.070  diff=571.4% ***
    CRWD     ours=0.220  yf=0.040  diff=450.0% ***
    NFLX     ours=-9.240  yf=3.180  diff=390.6% ***
    GPN      ours=-2.970  yf=2.110  diff=240.8% ***
    NOW      ours=-1.620  yf=1.600  diff=201.3% ***
    OMC      ours=-0.370  yf=0.370  diff=200.0% ***
    MLM      ours=40.700  yf=15.390  diff=164.5% ***
    IFF      ours=1.140  yf=-3.090  diff=136.9% ***
    DOW      ours=-4.000  yf=-1.830  diff=118.6% ***
    MNST     ours=2.160  yf=1.080  diff=100.0% ***
    APH      ours=3.990  yf=2.000  diff=99.5% ***
    OXY      ours=6.460  yf=3.390  diff=90.6% ***
    TPL      ours=0.980  yf=7.830  diff=87.5% ***
    DLR      ours=3.770  yf=2.050  diff=83.9% ***
    COF      ours=3.920  yf=18.160  diff=78.4% ***
    TXT      ours=8.810  yf=5.310  diff=65.9% ***
    BIIB     ours=9.300  yf=5.630  diff=65.2% ***
    DD       ours=0.850  yf=2.330  diff=63.5% ***
    JCI      ours=5.530  yf=3.550  diff=55.8% ***
  TOP 10 LARGEST DIFF:
    PSKY     ours=-0.300  yf=0.030  diff=1100.0% ***
    NBIS     ours=0.330  yf=-0.070  diff=571.4% ***
    CRWD     ours=0.220  yf=0.040  diff=450.0% ***
    NFLX     ours=-9.240  yf=3.180  diff=390.6% ***
    GPN      ours=-2.970  yf=2.110  diff=240.8% ***
    NOW      ours=-1.620  yf=1.600  diff=201.3% ***
    OMC      ours=-0.370  yf=0.370  diff=200.0% ***
    MLM      ours=40.700  yf=15.390  diff=164.5% ***
    IFF      ours=1.140  yf=-3.090  diff=136.9% ***
    DOW      ours=-4.000  yf=-1.830  diff=118.6% ***
