Tiingo vs yfinance comparison — 2026-08-03
Threshold: >10% for all metrics
135 flagged diffs above threshold

============================================================
KNOWN EXPECTED DIFFERENCES (not bugs)
============================================================

EPS / PE — hardcoded adjustments (our side intentional):
  BRK-B   EDGAR EPS ÷ 1500  (Class A→B conversion)
  BKNG    EDGAR EPS ÷ 25    (25-for-1 split Apr 2026; auto-disables after Q2 2026 10-Q)
  CVNA    EDGAR EPS ÷ 5     (5-for-1 split May 2026; auto-disables after Q2 2026 10-Q)
  KLAC    EDGAR EPS ÷ 10    (10-for-1 split Jun 2026; auto-disables after Q2 2026 10-Q)
  DD      EDGAR EPS × 3     (1-for-3 reverse split Jun 2026; pre-split EPS ~-0.07; auto-disables when EDGAR EPS abs > 0.20 after Q2 2026 10-Q)
  HON     EDGAR EPS × 2     (1-for-2 reverse split Jun 29 2026; pre-split EPS ~$3.21; auto-disables when EDGAR EPS abs > 4.0 after Q2/Q3 2026 10-Q)

EPS / PE — inline XBRL fallback (company_facts has no data; we parse filing HTML):
  V ERIE KKR STZ HSY BRK-B   US 10-Q/10-K  USD   TTM = quarters since last 10-K
                                                  + Q4 derived (annual − 9M YTD).
                                                  Fixed 2026-06-30 (commit 973b985):
                                                  naive 4-quarter sum used to run
                                                  before the Q4-derivation path and
                                                  silently skipped the real Q4 (never
                                                  filed as its own 10-Q), substituting
                                                  a stale year-ago quarter instead.
                                                  KKR 1.56→2.93, BRK-B 26.83→33.59,
                                                  V 11.18→11.47, ERIE 12.37→10.93,
                                                  STZ 11.82→9.61, HSY 4.90→5.37 — all
                                                  now match yfinance.
  ARM ASML CCEP FER PDD      20-F          —      annual only (no 10-Q filed; not
                                                  affected by the bug above). ASML/
                                                  CCEP/FER convert EUR→USD via daily
                                                  ECB rate; PDD uses
                                                  EarningsPerShareBasicAndDiluted.
  NBIS                       6-K           USD    annual only (foreign private issuer,
                                                  furnishes 6-K instead of 10-Q).
  Diffs vs YF expected: foreign EPS is annual-only (no TTM); FX rate differs by fetch time.

EPS / PE — null (still unavailable):
  ARES TRI    Filed Form 25-NSE May 2026 — being removed from exchange listing.
              Will drop out of S&P 500 / Nasdaq-100 universe on next rebalance.
  FDXF        FedEx Freight spinoff (2026-06); only 8-K/Form 4 filed so far, no
              10-Q/10-K yet — EPS unavailable until first quarterly filing.

EPS / PE — TTM window vs YF annual anchor:
  Large diffs (e.g. CI 23.61 vs YF 113.71) often mean YF is anchored to an older
  annual 10-K that included a one-time gain/charge now outside our rolling TTM.
  Our TTM = sum of 4 most recent quarters from EDGAR 10-Q/10-K filings.
  YF trailingEps sources from data vendors and may reflect a different period.

MKTCAP — shares outstanding overrides (SHARES_OUTSTANDING_OVERRIDE, our side intentional):
  IBKR   1,697,000,000  (Class A 445M + IBG LLC membership units; EDGAR under-reports)
  BX     1,222,000,000  (Class A 742M + Blackstone Holdings LP units)
  DVN    1,153,000,000  (Coterra merger May 2026 doubled shares; EDGAR XBRL lags until Q2 2026 10-Q ~Aug 2026)
  CVNA   shares × 5    (5-for-1 split May 2026; EDGAR pre-split ~219M Class A; heals after Q2 2026 10-Q ~Aug 2026)
  KLAC   shares × 10   (10-for-1 split Jun 2026; EDGAR pre-split ~130.6M; heals after Q2 2026 10-Q ~Aug 2026)
  DD     shares ÷ 3    (1-for-3 reverse split Jun 2026; EDGAR pre-split ~410M; heals after Q2 2026 10-Q ~Aug 2026)

VOLUME — systematic offset:
  Tiingo EOD volume includes extended-hours (pre/after market).
  YF typically reports regular-session only. Expect ours ~1.5-2x YF across the board.
============================================================

------------------------------------------------------------
PRICE  -- 0 flagged (>10%)
  TOP 10 LARGEST DIFF:
    PTC      ours=139.85  yf=139.85  diff=0.0%
    MRVL     ours=193.78  yf=193.78  diff=0.0%
    A        ours=139.80  yf=139.80  diff=0.0%
    AAPL     ours=303.42  yf=303.42  diff=0.0%
    ABBV     ours=245.10  yf=245.10  diff=0.0%
    ABNB     ours=150.64  yf=150.64  diff=0.0%
    ABT      ours=107.12  yf=107.12  diff=0.0%
    ACGL     ours=101.12  yf=101.12  diff=0.0%
    ACN      ours=165.76  yf=165.76  diff=0.0%
    ADBE     ours=251.34  yf=251.34  diff=0.0%

------------------------------------------------------------
VOLUME  -- 0 flagged (>10%)
  TOP 10 LARGEST DIFF:
    NVR      ours=0.03  yf=0.03  diff=6.3%
    JKHY     ours=0.51  yf=0.49  diff=3.5%
    MTD      ours=0.16  yf=0.16  diff=2.9%
    EG       ours=0.21  yf=0.21  diff=2.0%
    CASY     ours=0.26  yf=0.26  diff=1.8%
    AMP      ours=0.24  yf=0.24  diff=1.7%
    FFIV     ours=1.00  yf=0.98  diff=1.7%
    FIX      ours=0.33  yf=0.33  diff=1.5%
    VRSK     ours=1.26  yf=1.24  diff=1.4%
    NDSN     ours=0.25  yf=0.25  diff=1.3%

------------------------------------------------------------
MKTCAP  -- 6 flagged (>10%)
  FLAGGED (top 6 of 6):
    CVNA     ours=$72.77B  yf=$98.41B  diff=26.1% ***
    PCG      ours=$46.71B  yf=$38.39B  diff=21.7% ***
    ERIE     ours=$10.94B  yf=$12.39B  diff=11.7% ***
    UDR      ours=$12.57B  yf=$14.21B  diff=11.6% ***
    CHTR     ours=$17.19B  yf=$19.42B  diff=11.5% ***
    BXP      ours=$11.23B  yf=$12.55B  diff=10.6% ***
  TOP 10 LARGEST DIFF:
    CVNA     ours=$72.77B  yf=$98.41B  diff=26.1% ***
    PCG      ours=$46.71B  yf=$38.39B  diff=21.7% ***
    ERIE     ours=$10.94B  yf=$12.39B  diff=11.7% ***
    UDR      ours=$12.57B  yf=$14.21B  diff=11.6% ***
    CHTR     ours=$17.19B  yf=$19.42B  diff=11.5% ***
    BXP      ours=$11.23B  yf=$12.55B  diff=10.6% ***
    ACN      ours=$110.65B  yf=$101.44B  diff=9.1%
    WDAY     ours=$43.99B  yf=$40.76B  diff=7.9%
    RKLB     ours=$40.76B  yf=$44.01B  diff=7.4%
    SMCI     ours=$17.22B  yf=$18.53B  diff=7.1%

------------------------------------------------------------
PE  -- 58 flagged (>10%)
  FLAGGED (top 20 of 58):
    NBIS     ours=644.180  yf=82.077  diff=684.8% ***
    COF      ours=55.530  yf=12.000  diff=362.8% ***
    OXY      ours=13.970  yf=74.959  diff=81.4% ***
    CVX      ours=33.660  yf=18.593  diff=81.0% ***
    DLR      ours=50.720  yf=242.051  diff=79.0% ***
    MLM      ours=13.320  yf=35.235  diff=62.2% ***
    NWS      ours=15.890  yf=40.241  diff=60.5% ***
    NWSA     ours=13.970  yf=35.367  diff=60.5% ***
    NXPI     ours=21.450  yf=44.655  diff=52.0% ***
    ALNY     ours=56.790  yf=38.452  diff=47.7% ***
    WM       ours=32.070  yf=59.430  diff=46.0% ***
    BDX      ours=43.090  yf=29.705  diff=45.1% ***
    TXT      ours=9.810  yf=16.269  diff=39.7% ***
    FSLR     ours=14.350  yf=23.772  diff=39.6% ***
    BIIB     ours=21.700  yf=35.911  diff=39.6% ***
    GNRC     ours=62.880  yf=46.149  diff=36.3% ***
    JCI      ours=26.470  yf=41.237  diff=35.8% ***
    FER      ours=46.200  yf=69.558  diff=33.6% ***
    C        ours=19.110  yf=14.393  diff=32.8% ***
    STX      ours=78.770  yf=59.918  diff=31.5% ***
  TOP 10 LARGEST DIFF:
    NBIS     ours=644.180  yf=82.077  diff=684.8% ***
    COF      ours=55.530  yf=12.000  diff=362.8% ***
    OXY      ours=13.970  yf=74.959  diff=81.4% ***
    CVX      ours=33.660  yf=18.593  diff=81.0% ***
    DLR      ours=50.720  yf=242.051  diff=79.0% ***
    MLM      ours=13.320  yf=35.235  diff=62.2% ***
    NWS      ours=15.890  yf=40.241  diff=60.5% ***
    NWSA     ours=13.970  yf=35.367  diff=60.5% ***
    NXPI     ours=21.450  yf=44.655  diff=52.0% ***
    ALNY     ours=56.790  yf=38.452  diff=47.7% ***

------------------------------------------------------------
EPS  -- 71 flagged (>10%)
  FLAGGED (top 20 of 71):
    PSKY     ours=-0.600  yf=0.020  diff=3100.0% ***
    OXY      ours=3.970  yf=0.740  diff=436.5% ***
    NFLX     ours=-9.240  yf=3.180  diff=390.6% ***
    DLR      ours=3.770  yf=0.790  diff=377.2% ***
    NOW      ours=-1.620  yf=1.600  diff=201.3% ***
    OMC      ours=-0.370  yf=0.370  diff=200.0% ***
    CRWD     ours=-0.120  yf=-0.040  diff=200.0% ***
    GPN      ours=-2.050  yf=2.720  diff=175.4% ***
    MLM      ours=40.700  yf=15.390  diff=164.5% ***
    NWS      ours=2.000  yf=0.790  diff=153.2% ***
    NWSA     ours=2.000  yf=0.790  diff=153.2% ***
    DOW      ours=-4.000  yf=-1.830  diff=118.6% ***
    DD       ours=-0.210  yf=1.140  diff=118.4% ***
    IVZ      ours=-1.470  yf=-0.680  diff=116.2% ***
    NXPI     ours=10.450  yf=5.020  diff=108.2% ***
    NBIS     ours=0.330  yf=2.590  diff=87.3% ***
    WM       ours=7.060  yf=3.810  diff=85.3% ***
    COF      ours=3.920  yf=18.140  diff=78.4% ***
    TXT      ours=8.810  yf=5.310  diff=65.9% ***
    FSLR     ours=16.220  yf=9.790  diff=65.7% ***
  TOP 10 LARGEST DIFF:
    PSKY     ours=-0.600  yf=0.020  diff=3100.0% ***
    OXY      ours=3.970  yf=0.740  diff=436.5% ***
    NFLX     ours=-9.240  yf=3.180  diff=390.6% ***
    DLR      ours=3.770  yf=0.790  diff=377.2% ***
    NOW      ours=-1.620  yf=1.600  diff=201.3% ***
    OMC      ours=-0.370  yf=0.370  diff=200.0% ***
    CRWD     ours=-0.120  yf=-0.040  diff=200.0% ***
    GPN      ours=-2.050  yf=2.720  diff=175.4% ***
    MLM      ours=40.700  yf=15.390  diff=164.5% ***
    NWS      ours=2.000  yf=0.790  diff=153.2% ***
