Tiingo vs yfinance comparison — 2026-07-07
Threshold: >10% for all metrics
53 flagged diffs above threshold

============================================================
KNOWN EXPECTED DIFFERENCES (not bugs)
============================================================

EPS / PE — hardcoded adjustments (our side intentional):
  BRK-B   EDGAR EPS ÷ 1500  (Class A→B conversion)
  BKNG    EDGAR EPS ÷ 25    (25-for-1 split Apr 2026; auto-disables after Q2 2026 10-Q)
  CVNA    EDGAR EPS ÷ 5     (5-for-1 split May 2026; auto-disables after Q2 2026 10-Q)
  KLAC    EDGAR EPS ÷ 10    (10-for-1 split Jun 2026; auto-disables after Q2 2026 10-Q)
  DD      EDGAR EPS × 3     (1-for-3 reverse split Jun 2026; pre-split EPS ~-0.07; auto-disables when EDGAR EPS abs > 0.20 after Q2 2026 10-Q)
  HON     EDGAR EPS × 2     (1-for-2 reverse split Jun 29 2026; pre-split EPS ~$3.21; auto-disables when EDGAR EPS abs > 4.0 after Q2/Q3 2026 10-Q)

EPS / PE — inline XBRL fallback (company_facts has no data; we parse filing HTML):
  V ERIE KKR STZ HSY BRK-B   US 10-Q/10-K  USD   TTM = quarters since last 10-K
                                                  + Q4 derived (annual − 9M YTD).
                                                  Fixed 2026-06-30 (commit 973b985):
                                                  naive 4-quarter sum used to run
                                                  before the Q4-derivation path and
                                                  silently skipped the real Q4 (never
                                                  filed as its own 10-Q), substituting
                                                  a stale year-ago quarter instead.
                                                  KKR 1.56→2.93, BRK-B 26.83→33.59,
                                                  V 11.18→11.47, ERIE 12.37→10.93,
                                                  STZ 11.82→9.61, HSY 4.90→5.37 — all
                                                  now match yfinance.
  ARM ASML CCEP FER PDD      20-F          —      annual only (no 10-Q filed; not
                                                  affected by the bug above). ASML/
                                                  CCEP/FER convert EUR→USD via daily
                                                  ECB rate; PDD uses
                                                  EarningsPerShareBasicAndDiluted.
  NBIS                       6-K           USD    annual only (foreign private issuer,
                                                  furnishes 6-K instead of 10-Q).
  Diffs vs YF expected: foreign EPS is annual-only (no TTM); FX rate differs by fetch time.

EPS / PE — null (still unavailable):
  ARES TRI    Filed Form 25-NSE May 2026 — being removed from exchange listing.
              Will drop out of S&P 500 / Nasdaq-100 universe on next rebalance.
  FDXF        FedEx Freight spinoff (2026-06); only 8-K/Form 4 filed so far, no
              10-Q/10-K yet — EPS unavailable until first quarterly filing.

EPS / PE — TTM window vs YF annual anchor:
  Large diffs (e.g. CI 23.61 vs YF 113.71) often mean YF is anchored to an older
  annual 10-K that included a one-time gain/charge now outside our rolling TTM.
  Our TTM = sum of 4 most recent quarters from EDGAR 10-Q/10-K filings.
  YF trailingEps sources from data vendors and may reflect a different period.

MKTCAP — shares outstanding overrides (SHARES_OUTSTANDING_OVERRIDE, our side intentional):
  IBKR   1,697,000,000  (Class A 445M + IBG LLC membership units; EDGAR under-reports)
  BX     1,222,000,000  (Class A 742M + Blackstone Holdings LP units)
  DVN    1,153,000,000  (Coterra merger May 2026 doubled shares; EDGAR XBRL lags until Q2 2026 10-Q ~Aug 2026)
  CVNA   shares × 5    (5-for-1 split May 2026; EDGAR pre-split ~219M Class A; heals after Q2 2026 10-Q ~Aug 2026)
  KLAC   shares × 10   (10-for-1 split Jun 2026; EDGAR pre-split ~130.6M; heals after Q2 2026 10-Q ~Aug 2026)
  DD     shares ÷ 3    (1-for-3 reverse split Jun 2026; EDGAR pre-split ~410M; heals after Q2 2026 10-Q ~Aug 2026)

VOLUME — systematic offset:
  Tiingo EOD volume includes extended-hours (pre/after market).
  YF typically reports regular-session only. Expect ours ~1.5-2x YF across the board.
============================================================

------------------------------------------------------------
PRICE  -- 0 flagged (>10%)
  TOP 10 LARGEST DIFF:
    AAPL     ours=310.66  yf=310.66  diff=0.0%
    ABBV     ours=254.65  yf=254.65  diff=0.0%
    ABNB     ours=148.80  yf=148.80  diff=0.0%
    ABT      ours=95.84  yf=95.84  diff=0.0%
    ACGL     ours=102.85  yf=102.85  diff=0.0%
    ACN      ours=142.14  yf=142.14  diff=0.0%
    ADBE     ours=221.54  yf=221.54  diff=0.0%
    ADI      ours=379.03  yf=379.03  diff=0.0%
    ADM      ours=78.20  yf=78.20  diff=0.0%
    ADP      ours=245.60  yf=245.60  diff=0.0%

------------------------------------------------------------
VOLUME  -- 0 flagged (>10%)
  TOP 10 LARGEST DIFF:
    C        ours=8.30  yf=9.22  diff=10.0%
    DVA      ours=0.84  yf=0.91  diff=7.8%
    PDD      ours=5.34  yf=5.79  diff=7.7%
    KHC      ours=10.65  yf=11.48  diff=7.2%
    APO      ours=3.87  yf=4.13  diff=6.2%
    TFC      ours=7.06  yf=7.50  diff=5.8%
    SPCX     ours=78.74  yf=83.31  diff=5.5%
    ESS      ours=0.58  yf=0.61  diff=5.3%
    ELV      ours=1.16  yf=1.22  diff=5.3%
    EW       ours=4.19  yf=4.42  diff=5.2%

------------------------------------------------------------
MKTCAP  -- 7 flagged (>10%)
  FLAGGED (top 7 of 7):
    CRWD     ours=$49.54B  yf=$198.17B  diff=75.0% ***
    PCG      ours=$46.04B  yf=$37.83B  diff=21.7% ***
    CHTR     ours=$16.97B  yf=$21.62B  diff=21.5% ***
    SPG      ours=$73.67B  yf=$86.33B  diff=14.7% ***
    UDR      ours=$13.40B  yf=$15.28B  diff=12.3% ***
    ERIE     ours=$11.84B  yf=$13.41B  diff=11.7% ***
    BXP      ours=$10.94B  yf=$12.23B  diff=10.6% ***
  TOP 10 LARGEST DIFF:
    CRWD     ours=$49.54B  yf=$198.17B  diff=75.0% ***
    PCG      ours=$46.04B  yf=$37.83B  diff=21.7% ***
    CHTR     ours=$16.97B  yf=$21.62B  diff=21.5% ***
    SPG      ours=$73.67B  yf=$86.33B  diff=14.7% ***
    UDR      ours=$13.40B  yf=$15.28B  diff=12.3% ***
    ERIE     ours=$11.84B  yf=$13.41B  diff=11.7% ***
    BXP      ours=$10.94B  yf=$12.23B  diff=10.6% ***
    ACN      ours=$94.88B  yf=$86.98B  diff=9.1%
    WDAY     ours=$38.29B  yf=$35.48B  diff=7.9%
    RKLB     ours=$48.27B  yf=$52.12B  diff=7.4%

------------------------------------------------------------
PE  -- 20 flagged (>10%)
  FLAGGED (top 20 of 20):
    NBIS     ours=591.480  yf=75.073  diff=687.9% ***
    OXY      ours=13.020  yf=69.838  diff=81.4% ***
    ALNY     ours=141.670  yf=80.802  diff=75.3% ***
    MLM      ours=14.170  yf=37.182  diff=61.9% ***
    NWS      ours=15.230  yf=38.570  diff=60.5% ***
    NWSA     ours=13.460  yf=34.076  diff=60.5% ***
    BDX      ours=39.570  yf=27.325  diff=44.8% ***
    JCI      ours=25.430  yf=43.003  diff=40.9% ***
    NKE      ours=28.620  yf=20.576  diff=39.1% ***
    TXT      ours=11.170  yf=17.477  diff=36.1% ***
    HAL      ours=24.850  yf=18.669  diff=33.1% ***
    LEN      ours=10.190  yf=13.596  diff=25.0% ***
    WEC      ours=18.650  yf=23.583  diff=20.9% ***
    AMCR     ours=43.030  yf=35.847  diff=20.0% ***
    KMB      ours=18.010  yf=22.236  diff=19.0% ***
    COF      ours=51.760  yf=62.620  diff=17.3% ***
    C        ours=20.140  yf=17.422  diff=15.6% ***
    BKNG     ours=27.310  yf=23.972  diff=13.9% ***
    DRI      ours=21.660  yf=19.569  diff=10.7% ***
    EXC      ours=15.600  yf=17.425  diff=10.5% ***
  TOP 10 LARGEST DIFF:
    NBIS     ours=591.480  yf=75.073  diff=687.9% ***
    OXY      ours=13.020  yf=69.838  diff=81.4% ***
    ALNY     ours=141.670  yf=80.802  diff=75.3% ***
    MLM      ours=14.170  yf=37.182  diff=61.9% ***
    NWS      ours=15.230  yf=38.570  diff=60.5% ***
    NWSA     ours=13.460  yf=34.076  diff=60.5% ***
    BDX      ours=39.570  yf=27.325  diff=44.8% ***
    JCI      ours=25.430  yf=43.003  diff=40.9% ***
    NKE      ours=28.620  yf=20.576  diff=39.1% ***
    TXT      ours=11.170  yf=17.477  diff=36.1% ***

------------------------------------------------------------
EPS  -- 26 flagged (>10%)
  FLAGGED (top 20 of 26):
    PSKY     ours=-0.600  yf=0.030  diff=2100.0% ***
    OXY      ours=3.970  yf=0.740  diff=436.5% ***
    CRWD     ours=-0.120  yf=-0.040  diff=200.0% ***
    GPN      ours=-2.050  yf=2.720  diff=175.4% ***
    MLM      ours=41.930  yf=15.980  diff=162.4% ***
    NWS      ours=2.000  yf=0.790  diff=153.2% ***
    NWSA     ours=2.000  yf=0.790  diff=153.2% ***
    DD       ours=-0.210  yf=1.140  diff=118.4% ***
    NBIS     ours=0.330  yf=2.600  diff=87.3% ***
    JCI      ours=5.530  yf=3.270  diff=69.1% ***
    TXT      ours=8.200  yf=5.240  diff=56.5% ***
    ALNY     ours=2.270  yf=3.980  diff=43.0% ***
    LEN      ours=8.510  yf=6.380  diff=33.4% ***
    BDX      ours=3.950  yf=5.720  diff=30.9% ***
    NKE      ours=1.510  yf=2.100  diff=28.1% ***
    IP       ours=-6.600  yf=-5.190  diff=27.2% ***
    WEC      ours=6.310  yf=4.990  diff=26.5% ***
    HAL      ours=1.360  yf=1.810  diff=24.9% ***
    KMB      ours=6.370  yf=5.160  diff=23.4% ***
    COF      ours=3.920  yf=3.240  diff=21.0% ***
  TOP 10 LARGEST DIFF:
    PSKY     ours=-0.600  yf=0.030  diff=2100.0% ***
    OXY      ours=3.970  yf=0.740  diff=436.5% ***
    CRWD     ours=-0.120  yf=-0.040  diff=200.0% ***
    GPN      ours=-2.050  yf=2.720  diff=175.4% ***
    MLM      ours=41.930  yf=15.980  diff=162.4% ***
    NWS      ours=2.000  yf=0.790  diff=153.2% ***
    NWSA     ours=2.000  yf=0.790  diff=153.2% ***
    DD       ours=-0.210  yf=1.140  diff=118.4% ***
    NBIS     ours=0.330  yf=2.600  diff=87.3% ***
    JCI      ours=5.530  yf=3.270  diff=69.1% ***
