Tiingo vs yfinance comparison — 2026-07-11
Threshold: >10% for all metrics
262 flagged diffs above threshold

============================================================
KNOWN EXPECTED DIFFERENCES (not bugs)
============================================================

EPS / PE — hardcoded adjustments (our side intentional):
  BRK-B   EDGAR EPS ÷ 1500  (Class A→B conversion)
  BKNG    EDGAR EPS ÷ 25    (25-for-1 split Apr 2026; auto-disables after Q2 2026 10-Q)
  CVNA    EDGAR EPS ÷ 5     (5-for-1 split May 2026; auto-disables after Q2 2026 10-Q)
  KLAC    EDGAR EPS ÷ 10    (10-for-1 split Jun 2026; auto-disables after Q2 2026 10-Q)
  DD      EDGAR EPS × 3     (1-for-3 reverse split Jun 2026; pre-split EPS ~-0.07; auto-disables when EDGAR EPS abs > 0.20 after Q2 2026 10-Q)
  HON     EDGAR EPS × 2     (1-for-2 reverse split Jun 29 2026; pre-split EPS ~$3.21; auto-disables when EDGAR EPS abs > 4.0 after Q2/Q3 2026 10-Q)

EPS / PE — inline XBRL fallback (company_facts has no data; we parse filing HTML):
  V ERIE KKR STZ HSY BRK-B   US 10-Q/10-K  USD   TTM = quarters since last 10-K
                                                  + Q4 derived (annual − 9M YTD).
                                                  Fixed 2026-06-30 (commit 973b985):
                                                  naive 4-quarter sum used to run
                                                  before the Q4-derivation path and
                                                  silently skipped the real Q4 (never
                                                  filed as its own 10-Q), substituting
                                                  a stale year-ago quarter instead.
                                                  KKR 1.56→2.93, BRK-B 26.83→33.59,
                                                  V 11.18→11.47, ERIE 12.37→10.93,
                                                  STZ 11.82→9.61, HSY 4.90→5.37 — all
                                                  now match yfinance.
  ARM ASML CCEP FER PDD      20-F          —      annual only (no 10-Q filed; not
                                                  affected by the bug above). ASML/
                                                  CCEP/FER convert EUR→USD via daily
                                                  ECB rate; PDD uses
                                                  EarningsPerShareBasicAndDiluted.
  NBIS                       6-K           USD    annual only (foreign private issuer,
                                                  furnishes 6-K instead of 10-Q).
  Diffs vs YF expected: foreign EPS is annual-only (no TTM); FX rate differs by fetch time.

EPS / PE — null (still unavailable):
  ARES TRI    Filed Form 25-NSE May 2026 — being removed from exchange listing.
              Will drop out of S&P 500 / Nasdaq-100 universe on next rebalance.
  FDXF        FedEx Freight spinoff (2026-06); only 8-K/Form 4 filed so far, no
              10-Q/10-K yet — EPS unavailable until first quarterly filing.

EPS / PE — TTM window vs YF annual anchor:
  Large diffs (e.g. CI 23.61 vs YF 113.71) often mean YF is anchored to an older
  annual 10-K that included a one-time gain/charge now outside our rolling TTM.
  Our TTM = sum of 4 most recent quarters from EDGAR 10-Q/10-K filings.
  YF trailingEps sources from data vendors and may reflect a different period.

MKTCAP — shares outstanding overrides (SHARES_OUTSTANDING_OVERRIDE, our side intentional):
  IBKR   1,697,000,000  (Class A 445M + IBG LLC membership units; EDGAR under-reports)
  BX     1,222,000,000  (Class A 742M + Blackstone Holdings LP units)
  DVN    1,153,000,000  (Coterra merger May 2026 doubled shares; EDGAR XBRL lags until Q2 2026 10-Q ~Aug 2026)
  CVNA   shares × 5    (5-for-1 split May 2026; EDGAR pre-split ~219M Class A; heals after Q2 2026 10-Q ~Aug 2026)
  KLAC   shares × 10   (10-for-1 split Jun 2026; EDGAR pre-split ~130.6M; heals after Q2 2026 10-Q ~Aug 2026)
  DD     shares ÷ 3    (1-for-3 reverse split Jun 2026; EDGAR pre-split ~410M; heals after Q2 2026 10-Q ~Aug 2026)

VOLUME — systematic offset:
  Tiingo EOD volume includes extended-hours (pre/after market).
  YF typically reports regular-session only. Expect ours ~1.5-2x YF across the board.
============================================================

------------------------------------------------------------
PRICE  -- 0 flagged (>10%)
  TOP 10 LARGEST DIFF:
    CPRT     ours=27.52  yf=27.52  diff=0.0%
    ODFL     ours=227.62  yf=227.62  diff=0.0%
    WDC      ours=582.59  yf=582.59  diff=0.0%
    A        ours=134.29  yf=134.29  diff=0.0%
    AAPL     ours=315.32  yf=315.32  diff=0.0%
    ABBV     ours=248.08  yf=248.08  diff=0.0%
    ABNB     ours=148.62  yf=148.62  diff=0.0%
    ABT      ours=93.93  yf=93.93  diff=0.0%
    ACGL     ours=101.06  yf=101.06  diff=0.0%
    ACN      ours=135.23  yf=135.23  diff=0.0%

------------------------------------------------------------
VOLUME  -- 207 flagged (>10%)
  FLAGGED (top 20 of 207):
    WFC      ours=14.05  yf=5.36  diff=162.0% ***
    CPAY     ours=0.42  yf=0.19  diff=121.6% ***
    GPC      ours=2.52  yf=1.17  diff=116.3% ***
    CVS      ours=9.36  yf=4.44  diff=110.6% ***
    COP      ours=6.98  yf=3.43  diff=103.6% ***
    SYK      ours=2.72  yf=1.36  diff=99.6% ***
    SW       ours=4.14  yf=2.08  diff=98.9% ***
    VTR      ours=3.08  yf=1.57  diff=95.9% ***
    PPL      ours=5.88  yf=3.06  diff=91.9% ***
    CL       ours=4.26  yf=2.30  diff=85.4% ***
    PPG      ours=1.83  yf=1.00  diff=83.2% ***
    AIG      ours=2.02  yf=1.12  diff=80.8% ***
    OTIS     ours=2.74  yf=1.52  diff=80.0% ***
    WSM      ours=1.00  yf=0.56  diff=79.6% ***
    SO       ours=3.10  yf=1.73  diff=78.8% ***
    DD       ours=1.05  yf=0.59  diff=78.0% ***
    HUM      ours=1.79  yf=1.01  diff=77.1% ***
    PNC      ours=2.89  yf=1.66  diff=73.7% ***
    MAA      ours=1.39  yf=0.80  diff=73.0% ***
    NVR      ours=0.02  yf=0.01  diff=72.7% ***
  TOP 10 LARGEST DIFF:
    WFC      ours=14.05  yf=5.36  diff=162.0% ***
    CPAY     ours=0.42  yf=0.19  diff=121.6% ***
    GPC      ours=2.52  yf=1.17  diff=116.3% ***
    CVS      ours=9.36  yf=4.44  diff=110.6% ***
    COP      ours=6.98  yf=3.43  diff=103.6% ***
    SYK      ours=2.72  yf=1.36  diff=99.6% ***
    SW       ours=4.14  yf=2.08  diff=98.9% ***
    VTR      ours=3.08  yf=1.57  diff=95.9% ***
    PPL      ours=5.88  yf=3.06  diff=91.9% ***
    CL       ours=4.26  yf=2.30  diff=85.4% ***

------------------------------------------------------------
MKTCAP  -- 6 flagged (>10%)
  FLAGGED (top 6 of 6):
    PCG      ours=$46.02B  yf=$37.81B  diff=21.7% ***
    CHTR     ours=$16.08B  yf=$20.48B  diff=21.5% ***
    SPG      ours=$70.94B  yf=$83.13B  diff=14.7% ***
    UDR      ours=$12.91B  yf=$14.72B  diff=12.3% ***
    ERIE     ours=$11.63B  yf=$13.17B  diff=11.7% ***
    BXP      ours=$10.66B  yf=$11.91B  diff=10.5% ***
  TOP 10 LARGEST DIFF:
    PCG      ours=$46.02B  yf=$37.81B  diff=21.7% ***
    CHTR     ours=$16.08B  yf=$20.48B  diff=21.5% ***
    SPG      ours=$70.94B  yf=$83.13B  diff=14.7% ***
    UDR      ours=$12.91B  yf=$14.72B  diff=12.3% ***
    ERIE     ours=$11.63B  yf=$13.17B  diff=11.7% ***
    BXP      ours=$10.66B  yf=$11.91B  diff=10.5% ***
    ACN      ours=$90.27B  yf=$82.75B  diff=9.1%
    WDAY     ours=$37.03B  yf=$34.32B  diff=7.9%
    RKLB     ours=$46.90B  yf=$50.64B  diff=7.4%
    SMCI     ours=$17.03B  yf=$18.31B  diff=7.0%

------------------------------------------------------------
PE  -- 20 flagged (>10%)
  FLAGGED (top 20 of 20):
    NBIS     ours=665.610  yf=84.807  diff=684.9% ***
    OXY      ours=13.320  yf=70.520  diff=81.1% ***
    ALNY     ours=131.610  yf=78.829  diff=67.0% ***
    MLM      ours=13.780  yf=35.839  diff=61.5% ***
    NWS      ours=15.460  yf=39.152  diff=60.5% ***
    NWSA     ours=13.690  yf=34.646  diff=60.5% ***
    BDX      ours=38.470  yf=26.333  diff=46.1% ***
    NKE      ours=29.380  yf=20.353  diff=44.4% ***
    JCI      ours=25.820  yf=42.886  diff=39.8% ***
    TXT      ours=11.090  yf=17.283  diff=35.8% ***
    HAL      ours=25.290  yf=18.896  diff=33.8% ***
    LEN      ours=9.900  yf=13.229  diff=25.2% ***
    AMCR     ours=41.800  yf=34.270  diff=22.0% ***
    WEC      ours=18.220  yf=23.038  diff=20.9% ***
    KMB      ours=17.650  yf=21.743  diff=18.8% ***
    C        ours=20.140  yf=17.233  diff=16.9% ***
    COF      ours=51.410  yf=61.816  diff=16.8% ***
    BKNG     ours=26.780  yf=23.137  diff=15.7% ***
    DRI      ours=21.640  yf=19.342  diff=11.9% ***
    DAL      ours=14.490  yf=12.985  diff=11.6% ***
  TOP 10 LARGEST DIFF:
    NBIS     ours=665.610  yf=84.807  diff=684.9% ***
    OXY      ours=13.320  yf=70.520  diff=81.1% ***
    ALNY     ours=131.610  yf=78.829  diff=67.0% ***
    MLM      ours=13.780  yf=35.839  diff=61.5% ***
    NWS      ours=15.460  yf=39.152  diff=60.5% ***
    NWSA     ours=13.690  yf=34.646  diff=60.5% ***
    BDX      ours=38.470  yf=26.333  diff=46.1% ***
    NKE      ours=29.380  yf=20.353  diff=44.4% ***
    JCI      ours=25.820  yf=42.886  diff=39.8% ***
    TXT      ours=11.090  yf=17.283  diff=35.8% ***

------------------------------------------------------------
EPS  -- 29 flagged (>10%)
  FLAGGED (top 20 of 29):
    PSKY     ours=-0.600  yf=0.030  diff=2100.0% ***
    OXY      ours=3.970  yf=0.750  diff=429.3% ***
    CRWD     ours=-0.120  yf=-0.040  diff=200.0% ***
    GPN      ours=-2.050  yf=2.780  diff=173.7% ***
    MLM      ours=41.930  yf=16.120  diff=160.1% ***
    NWS      ours=2.000  yf=0.790  diff=153.2% ***
    NWSA     ours=2.000  yf=0.790  diff=153.2% ***
    DD       ours=-0.210  yf=1.140  diff=118.4% ***
    NBIS     ours=0.330  yf=2.590  diff=87.3% ***
    JCI      ours=5.530  yf=3.330  diff=66.1% ***
    TXT      ours=8.200  yf=5.260  diff=55.9% ***
    ALNY     ours=2.270  yf=3.790  diff=40.1% ***
    LEN      ours=8.510  yf=6.370  diff=33.6% ***
    BDX      ours=3.950  yf=5.770  diff=31.5% ***
    NKE      ours=1.510  yf=2.180  diff=30.7% ***
    WEC      ours=6.310  yf=4.990  diff=26.5% ***
    HAL      ours=1.360  yf=1.820  diff=25.3% ***
    IP       ours=-6.600  yf=-5.300  diff=24.5% ***
    KMB      ours=6.370  yf=5.170  diff=23.2% ***
    COF      ours=3.920  yf=3.260  diff=20.2% ***
  TOP 10 LARGEST DIFF:
    PSKY     ours=-0.600  yf=0.030  diff=2100.0% ***
    OXY      ours=3.970  yf=0.750  diff=429.3% ***
    CRWD     ours=-0.120  yf=-0.040  diff=200.0% ***
    GPN      ours=-2.050  yf=2.780  diff=173.7% ***
    MLM      ours=41.930  yf=16.120  diff=160.1% ***
    NWS      ours=2.000  yf=0.790  diff=153.2% ***
    NWSA     ours=2.000  yf=0.790  diff=153.2% ***
    DD       ours=-0.210  yf=1.140  diff=118.4% ***
    NBIS     ours=0.330  yf=2.590  diff=87.3% ***
    JCI      ours=5.530  yf=3.330  diff=66.1% ***
