Tiingo vs yfinance comparison — 2026-07-22
Threshold: >10% for all metrics
228 flagged diffs above threshold

============================================================
KNOWN EXPECTED DIFFERENCES (not bugs)
============================================================

EPS / PE — hardcoded adjustments (our side intentional):
  BRK-B   EDGAR EPS ÷ 1500  (Class A→B conversion)
  BKNG    EDGAR EPS ÷ 25    (25-for-1 split Apr 2026; auto-disables after Q2 2026 10-Q)
  CVNA    EDGAR EPS ÷ 5     (5-for-1 split May 2026; auto-disables after Q2 2026 10-Q)
  KLAC    EDGAR EPS ÷ 10    (10-for-1 split Jun 2026; auto-disables after Q2 2026 10-Q)
  DD      EDGAR EPS × 3     (1-for-3 reverse split Jun 2026; pre-split EPS ~-0.07; auto-disables when EDGAR EPS abs > 0.20 after Q2 2026 10-Q)
  HON     EDGAR EPS × 2     (1-for-2 reverse split Jun 29 2026; pre-split EPS ~$3.21; auto-disables when EDGAR EPS abs > 4.0 after Q2/Q3 2026 10-Q)

EPS / PE — inline XBRL fallback (company_facts has no data; we parse filing HTML):
  V ERIE KKR STZ HSY BRK-B   US 10-Q/10-K  USD   TTM = quarters since last 10-K
                                                  + Q4 derived (annual − 9M YTD).
                                                  Fixed 2026-06-30 (commit 973b985):
                                                  naive 4-quarter sum used to run
                                                  before the Q4-derivation path and
                                                  silently skipped the real Q4 (never
                                                  filed as its own 10-Q), substituting
                                                  a stale year-ago quarter instead.
                                                  KKR 1.56→2.93, BRK-B 26.83→33.59,
                                                  V 11.18→11.47, ERIE 12.37→10.93,
                                                  STZ 11.82→9.61, HSY 4.90→5.37 — all
                                                  now match yfinance.
  ARM ASML CCEP FER PDD      20-F          —      annual only (no 10-Q filed; not
                                                  affected by the bug above). ASML/
                                                  CCEP/FER convert EUR→USD via daily
                                                  ECB rate; PDD uses
                                                  EarningsPerShareBasicAndDiluted.
  NBIS                       6-K           USD    annual only (foreign private issuer,
                                                  furnishes 6-K instead of 10-Q).
  Diffs vs YF expected: foreign EPS is annual-only (no TTM); FX rate differs by fetch time.

EPS / PE — null (still unavailable):
  ARES TRI    Filed Form 25-NSE May 2026 — being removed from exchange listing.
              Will drop out of S&P 500 / Nasdaq-100 universe on next rebalance.
  FDXF        FedEx Freight spinoff (2026-06); only 8-K/Form 4 filed so far, no
              10-Q/10-K yet — EPS unavailable until first quarterly filing.

EPS / PE — TTM window vs YF annual anchor:
  Large diffs (e.g. CI 23.61 vs YF 113.71) often mean YF is anchored to an older
  annual 10-K that included a one-time gain/charge now outside our rolling TTM.
  Our TTM = sum of 4 most recent quarters from EDGAR 10-Q/10-K filings.
  YF trailingEps sources from data vendors and may reflect a different period.

MKTCAP — shares outstanding overrides (SHARES_OUTSTANDING_OVERRIDE, our side intentional):
  IBKR   1,697,000,000  (Class A 445M + IBG LLC membership units; EDGAR under-reports)
  BX     1,222,000,000  (Class A 742M + Blackstone Holdings LP units)
  DVN    1,153,000,000  (Coterra merger May 2026 doubled shares; EDGAR XBRL lags until Q2 2026 10-Q ~Aug 2026)
  CVNA   shares × 5    (5-for-1 split May 2026; EDGAR pre-split ~219M Class A; heals after Q2 2026 10-Q ~Aug 2026)
  KLAC   shares × 10   (10-for-1 split Jun 2026; EDGAR pre-split ~130.6M; heals after Q2 2026 10-Q ~Aug 2026)
  DD     shares ÷ 3    (1-for-3 reverse split Jun 2026; EDGAR pre-split ~410M; heals after Q2 2026 10-Q ~Aug 2026)

VOLUME — systematic offset:
  Tiingo EOD volume includes extended-hours (pre/after market).
  YF typically reports regular-session only. Expect ours ~1.5-2x YF across the board.
============================================================

------------------------------------------------------------
PRICE  -- 0 flagged (>10%)
  TOP 10 LARGEST DIFF:
    JKHY     ours=146.16  yf=146.16  diff=0.0%
    ALAB     ours=330.89  yf=330.89  diff=0.0%
    A        ours=133.46  yf=133.46  diff=0.0%
    AAPL     ours=325.89  yf=325.89  diff=0.0%
    ABBV     ours=253.30  yf=253.30  diff=0.0%
    ABNB     ours=140.05  yf=140.05  diff=0.0%
    ABT      ours=100.57  yf=100.57  diff=0.0%
    ACGL     ours=98.63  yf=98.63  diff=0.0%
    ACN      ours=140.09  yf=140.09  diff=0.0%
    ADBE     ours=218.36  yf=218.36  diff=0.0%

------------------------------------------------------------
VOLUME  -- 158 flagged (>10%)
  FLAGGED (top 20 of 158):
    GD       ours=0.96  yf=0.48  diff=99.1% ***
    ETR      ours=2.18  yf=1.15  diff=90.1% ***
    GPN      ours=2.34  yf=1.27  diff=84.3% ***
    WEC      ours=1.73  yf=1.05  diff=65.0% ***
    DTE      ours=1.66  yf=1.02  diff=62.5% ***
    L        ours=0.77  yf=0.48  diff=59.4% ***
    NSC      ours=0.98  yf=0.62  diff=58.4% ***
    ZBH      ours=1.18  yf=0.75  diff=57.2% ***
    BALL     ours=1.54  yf=0.98  diff=56.6% ***
    STE      ours=0.69  yf=0.45  diff=54.5% ***
    J        ours=0.46  yf=0.30  diff=53.1% ***
    CVS      ours=8.93  yf=5.89  diff=51.5% ***
    CAH      ours=2.52  yf=1.66  diff=51.5% ***
    PH       ours=0.33  yf=0.22  diff=49.8% ***
    DOC      ours=3.68  yf=2.46  diff=49.8% ***
    SNA      ours=0.47  yf=0.32  diff=46.6% ***
    ATO      ours=0.79  yf=0.54  diff=46.3% ***
    GRMN     ours=0.60  yf=0.41  diff=45.5% ***
    AME      ours=0.86  yf=0.59  diff=44.9% ***
    ALL      ours=1.28  yf=0.89  diff=43.9% ***
  TOP 10 LARGEST DIFF:
    GD       ours=0.96  yf=0.48  diff=99.1% ***
    ETR      ours=2.18  yf=1.15  diff=90.1% ***
    GPN      ours=2.34  yf=1.27  diff=84.3% ***
    WEC      ours=1.73  yf=1.05  diff=65.0% ***
    DTE      ours=1.66  yf=1.02  diff=62.5% ***
    L        ours=0.77  yf=0.48  diff=59.4% ***
    NSC      ours=0.98  yf=0.62  diff=58.4% ***
    ZBH      ours=1.18  yf=0.75  diff=57.2% ***
    BALL     ours=1.54  yf=0.98  diff=56.6% ***
    STE      ours=0.69  yf=0.45  diff=54.5% ***

------------------------------------------------------------
MKTCAP  -- 6 flagged (>10%)
  FLAGGED (top 6 of 6):
    PCG      ours=$48.53B  yf=$39.88B  diff=21.7% ***
    CHTR     ours=$15.89B  yf=$20.25B  diff=21.5% ***
    SPG      ours=$73.36B  yf=$85.96B  diff=14.7% ***
    UDR      ours=$12.85B  yf=$14.65B  diff=12.3% ***
    ERIE     ours=$9.74B  yf=$11.03B  diff=11.7% ***
    BXP      ours=$10.75B  yf=$12.02B  diff=10.6% ***
  TOP 10 LARGEST DIFF:
    PCG      ours=$48.53B  yf=$39.88B  diff=21.7% ***
    CHTR     ours=$15.89B  yf=$20.25B  diff=21.5% ***
    SPG      ours=$73.36B  yf=$85.96B  diff=14.7% ***
    UDR      ours=$12.85B  yf=$14.65B  diff=12.3% ***
    ERIE     ours=$9.74B  yf=$11.03B  diff=11.7% ***
    BXP      ours=$10.75B  yf=$12.02B  diff=10.6% ***
    ACN      ours=$93.51B  yf=$85.73B  diff=9.1%
    WDAY     ours=$35.29B  yf=$32.70B  diff=7.9%
    RKLB     ours=$40.37B  yf=$43.58B  diff=7.4%
    SMCI     ours=$18.38B  yf=$19.77B  diff=7.0%

------------------------------------------------------------
PE  -- 28 flagged (>10%)
  FLAGGED (top 20 of 28):
    NBIS     ours=661.090  yf=84.558  diff=681.8% ***
    OXY      ours=14.480  yf=77.703  diff=81.4% ***
    ALNY     ours=117.620  yf=66.915  diff=75.8% ***
    GPC      ours=462.960  yf=273.568  diff=69.2% ***
    MLM      ours=13.130  yf=34.567  diff=62.0% ***
    NWS      ours=15.470  yf=39.177  diff=60.5% ***
    NWSA     ours=13.670  yf=34.608  diff=60.5% ***
    BDX      ours=38.770  yf=26.776  diff=44.8% ***
    JCI      ours=25.770  yf=43.575  diff=40.9% ***
    TXT      ours=11.180  yf=17.502  diff=36.1% ***
    HAL      ours=24.290  yf=18.249  diff=33.1% ***
    C        ours=18.920  yf=14.236  diff=32.9% ***
    LEN      ours=9.650  yf=12.876  diff=25.1% ***
    GM       ours=37.160  yf=29.974  diff=24.0% ***
    EQT      ours=12.530  yf=10.249  diff=22.3% ***
    AMCR     ours=41.830  yf=34.568  diff=21.0% ***
    WEC      ours=17.980  yf=22.737  diff=20.9% ***
    KMB      ours=17.090  yf=21.101  diff=19.0% ***
    GS       ours=20.060  yf=16.945  diff=18.4% ***
    COF      ours=51.370  yf=61.767  diff=16.8% ***
  TOP 10 LARGEST DIFF:
    NBIS     ours=661.090  yf=84.558  diff=681.8% ***
    OXY      ours=14.480  yf=77.703  diff=81.4% ***
    ALNY     ours=117.620  yf=66.915  diff=75.8% ***
    GPC      ours=462.960  yf=273.568  diff=69.2% ***
    MLM      ours=13.130  yf=34.567  diff=62.0% ***
    NWS      ours=15.470  yf=39.177  diff=60.5% ***
    NWSA     ours=13.670  yf=34.608  diff=60.5% ***
    BDX      ours=38.770  yf=26.776  diff=44.8% ***
    JCI      ours=25.770  yf=43.575  diff=40.9% ***
    TXT      ours=11.180  yf=17.502  diff=36.1% ***

------------------------------------------------------------
EPS  -- 36 flagged (>10%)
  FLAGGED (top 20 of 36):
    PSKY     ours=-0.600  yf=0.020  diff=3100.0% ***
    OXY      ours=3.970  yf=0.740  diff=436.5% ***
    NFLX     ours=-9.240  yf=3.180  diff=390.6% ***
    CRWD     ours=-0.120  yf=-0.040  diff=200.0% ***
    GPN      ours=-2.050  yf=2.640  diff=177.7% ***
    MLM      ours=41.930  yf=15.930  diff=163.2% ***
    NWS      ours=2.000  yf=0.790  diff=153.2% ***
    NWSA     ours=2.000  yf=0.790  diff=153.2% ***
    DD       ours=-0.210  yf=1.140  diff=118.4% ***
    NBIS     ours=0.330  yf=2.580  diff=87.2% ***
    JCI      ours=5.530  yf=3.270  diff=69.1% ***
    TXT      ours=8.200  yf=5.240  diff=56.5% ***
    ALNY     ours=2.270  yf=3.990  diff=43.1% ***
    GPC      ours=0.260  yf=0.440  diff=40.9% ***
    LEN      ours=8.510  yf=6.380  diff=33.4% ***
    BDX      ours=3.950  yf=5.720  diff=30.9% ***
    IP       ours=-6.600  yf=-5.190  diff=27.2% ***
    WEC      ours=6.310  yf=4.990  diff=26.5% ***
    HAL      ours=1.360  yf=1.810  diff=24.9% ***
    C        ours=6.990  yf=9.290  diff=24.8% ***
  TOP 10 LARGEST DIFF:
    PSKY     ours=-0.600  yf=0.020  diff=3100.0% ***
    OXY      ours=3.970  yf=0.740  diff=436.5% ***
    NFLX     ours=-9.240  yf=3.180  diff=390.6% ***
    CRWD     ours=-0.120  yf=-0.040  diff=200.0% ***
    GPN      ours=-2.050  yf=2.640  diff=177.7% ***
    MLM      ours=41.930  yf=15.930  diff=163.2% ***
    NWS      ours=2.000  yf=0.790  diff=153.2% ***
    NWSA     ours=2.000  yf=0.790  diff=153.2% ***
    DD       ours=-0.210  yf=1.140  diff=118.4% ***
    NBIS     ours=0.330  yf=2.580  diff=87.2% ***
