Tiingo vs yfinance comparison — 2026-09-17
Threshold: >10% for all metrics
496 flagged diffs above threshold

============================================================
KNOWN EXPECTED DIFFERENCES (not bugs)
============================================================

EPS / PE — hardcoded adjustments (our side intentional):
  BRK-B   EDGAR EPS ÷ 1500  (Class A→B conversion)
  BKNG    EDGAR EPS ÷ 25    (25-for-1 split Apr 2026; auto-disables after Q2 2026 10-Q)
  CVNA    EDGAR EPS ÷ 5     (5-for-1 split May 2026; auto-disables after Q2 2026 10-Q)
  KLAC    EDGAR EPS ÷ 10    (10-for-1 split Jun 2026; auto-disables after Q2 2026 10-Q)
  DD      EDGAR EPS × 3     (1-for-3 reverse split Jun 2026; pre-split EPS ~-0.07; auto-disables when EDGAR EPS abs > 0.20 after Q2 2026 10-Q)
  HON     EDGAR EPS × 2     (1-for-2 reverse split Jun 29 2026; pre-split EPS ~$3.21; auto-disables when EDGAR EPS abs > 4.0 after Q2/Q3 2026 10-Q)

EPS / PE — inline XBRL fallback (company_facts has no data; we parse filing HTML):
  V ERIE KKR STZ HSY BRK-B   US 10-Q/10-K  USD   TTM = quarters since last 10-K
                                                  + Q4 derived (annual − 9M YTD).
                                                  Fixed 2026-06-30 (commit 973b985):
                                                  naive 4-quarter sum used to run
                                                  before the Q4-derivation path and
                                                  silently skipped the real Q4 (never
                                                  filed as its own 10-Q), substituting
                                                  a stale year-ago quarter instead.
                                                  KKR 1.56→2.93, BRK-B 26.83→33.59,
                                                  V 11.18→11.47, ERIE 12.37→10.93,
                                                  STZ 11.82→9.61, HSY 4.90→5.37 — all
                                                  now match yfinance.
  ARM ASML CCEP FER PDD      20-F          —      annual only (no 10-Q filed; not
                                                  affected by the bug above). ASML/
                                                  CCEP/FER convert EUR→USD via daily
                                                  ECB rate; PDD uses
                                                  EarningsPerShareBasicAndDiluted.
  NBIS                       6-K           USD    annual only (foreign private issuer,
                                                  furnishes 6-K instead of 10-Q).
  Diffs vs YF expected: foreign EPS is annual-only (no TTM); FX rate differs by fetch time.

EPS / PE — null (still unavailable):
  ARES TRI    Filed Form 25-NSE May 2026 — being removed from exchange listing.
              Will drop out of S&P 500 / Nasdaq-100 universe on next rebalance.
  FDXF        FedEx Freight spinoff (2026-06); only 8-K/Form 4 filed so far, no
              10-Q/10-K yet — EPS unavailable until first quarterly filing.

EPS / PE — TTM window vs YF annual anchor:
  Large diffs (e.g. CI 23.61 vs YF 113.71) often mean YF is anchored to an older
  annual 10-K that included a one-time gain/charge now outside our rolling TTM.
  Our TTM = sum of 4 most recent quarters from EDGAR 10-Q/10-K filings.
  YF trailingEps sources from data vendors and may reflect a different period.

MKTCAP — shares outstanding overrides (SHARES_OUTSTANDING_OVERRIDE, our side intentional):
  IBKR   1,697,000,000  (Class A 445M + IBG LLC membership units; EDGAR under-reports)
  BX     1,222,000,000  (Class A 742M + Blackstone Holdings LP units)
  DVN    1,153,000,000  (Coterra merger May 2026 doubled shares; EDGAR XBRL lags until Q2 2026 10-Q ~Aug 2026)
  CVNA   shares × 5    (5-for-1 split May 2026; EDGAR pre-split ~219M Class A; heals after Q2 2026 10-Q ~Aug 2026)
  KLAC   shares × 10   (10-for-1 split Jun 2026; EDGAR pre-split ~130.6M; heals after Q2 2026 10-Q ~Aug 2026)
  DD     shares ÷ 3    (1-for-3 reverse split Jun 2026; EDGAR pre-split ~410M; heals after Q2 2026 10-Q ~Aug 2026)

VOLUME — systematic offset:
  Tiingo EOD volume includes extended-hours (pre/after market).
  YF typically reports regular-session only. Expect ours ~1.5-2x YF across the board.
============================================================

------------------------------------------------------------
PRICE  -- 1 flagged (>10%)
  FLAGGED (top 1 of 1):
    GNRC     ours=175.11  yf=207.23  diff=15.5% ***
  TOP 10 LARGEST DIFF:
    GNRC     ours=175.11  yf=207.23  diff=15.5% ***
    SMCI     ours=36.85  yf=40.35  diff=8.7%
    ALAB     ours=269.18  yf=293.56  diff=8.3%
    ARM      ours=243.98  yf=264.90  diff=7.9%
    MRNA     ours=145.62  yf=158.07  diff=7.9%
    HPE      ours=56.68  yf=61.04  diff=7.1%
    INTC     ours=101.05  yf=108.80  diff=7.1%
    ILMN     ours=228.93  yf=245.18  diff=6.6%
    SWKS     ours=85.59  yf=91.32  diff=6.3%
    RKLB     ours=63.70  yf=67.82  diff=6.1%

------------------------------------------------------------
VOLUME  -- 376 flagged (>10%)
  FLAGGED (top 20 of 376):
    FANG     ours=15.40  yf=4.77  diff=222.9% ***
    AXON     ours=2.62  yf=0.95  diff=176.2% ***
    JBHT     ours=4.81  yf=1.79  diff=168.6% ***
    WY       ours=13.13  yf=5.45  diff=141.1% ***
    SLB      ours=21.32  yf=9.20  diff=131.7% ***
    LDOS     ours=1.72  yf=0.79  diff=117.3% ***
    USB      ours=17.45  yf=8.10  diff=115.6% ***
    KEY      ours=27.33  yf=12.92  diff=111.5% ***
    HBAN     ours=77.46  yf=36.72  diff=111.0% ***
    GLD      ours=15.77  yf=7.58  diff=108.0% ***
    PRU      ours=2.22  yf=1.19  diff=86.2% ***
    ODFL     ours=2.76  yf=1.51  diff=83.3% ***
    APA      ours=9.16  yf=5.07  diff=80.5% ***
    GNRC     ours=1.66  yf=8.02  diff=79.3% ***
    FBTC     ours=4.48  yf=2.50  diff=79.2% ***
    MSI      ours=1.00  yf=0.56  diff=77.2% ***
    EXE      ours=5.02  yf=2.84  diff=76.8% ***
    DLR      ours=2.63  yf=1.49  diff=76.6% ***
    CRWV     ours=18.79  yf=79.17  diff=76.3% ***
    ACGL     ours=5.30  yf=3.08  diff=72.3% ***
  TOP 10 LARGEST DIFF:
    FANG     ours=15.40  yf=4.77  diff=222.9% ***
    AXON     ours=2.62  yf=0.95  diff=176.2% ***
    JBHT     ours=4.81  yf=1.79  diff=168.6% ***
    WY       ours=13.13  yf=5.45  diff=141.1% ***
    SLB      ours=21.32  yf=9.20  diff=131.7% ***
    LDOS     ours=1.72  yf=0.79  diff=117.3% ***
    USB      ours=17.45  yf=8.10  diff=115.6% ***
    KEY      ours=27.33  yf=12.92  diff=111.5% ***
    HBAN     ours=77.46  yf=36.72  diff=111.0% ***
    GLD      ours=15.77  yf=7.58  diff=108.0% ***

------------------------------------------------------------
MKTCAP  -- 14 flagged (>10%)
  FLAGGED (top 14 of 14):
    VMRK     ours=$23.62B  yf=$48.76B  diff=51.6% ***
    APH      ours=$95.26B  yf=$193.26B  diff=50.7% ***
    MNST     ours=$43.66B  yf=$87.20B  diff=49.9% ***
    PCG      ours=$35.78B  yf=$29.47B  diff=21.4% ***
    GNRC     ours=$10.33B  yf=$12.23B  diff=15.5% ***
    SPG      ours=$65.66B  yf=$77.62B  diff=15.4% ***
    MLM      ours=$29.84B  yf=$35.11B  diff=15.0% ***
    CPT      ours=$10.18B  yf=$11.68B  diff=12.8% ***
    RKLB     ours=$38.11B  yf=$43.36B  diff=12.1% ***
    BXP      ours=$10.22B  yf=$11.56B  diff=11.6% ***
    INTC     ours=$509.70B  yf=$575.13B  diff=11.4% ***
    ERIE     ours=$11.34B  yf=$12.78B  diff=11.3% ***
    UDR      ours=$11.18B  yf=$12.57B  diff=11.0% ***
    NBIS     ours=$52.97B  yf=$59.26B  diff=10.6% ***
  TOP 10 LARGEST DIFF:
    VMRK     ours=$23.62B  yf=$48.76B  diff=51.6% ***
    APH      ours=$95.26B  yf=$193.26B  diff=50.7% ***
    MNST     ours=$43.66B  yf=$87.20B  diff=49.9% ***
    PCG      ours=$35.78B  yf=$29.47B  diff=21.4% ***
    GNRC     ours=$10.33B  yf=$12.23B  diff=15.5% ***
    SPG      ours=$65.66B  yf=$77.62B  diff=15.4% ***
    MLM      ours=$29.84B  yf=$35.11B  diff=15.0% ***
    CPT      ours=$10.18B  yf=$11.68B  diff=12.8% ***
    RKLB     ours=$38.11B  yf=$43.36B  diff=12.1% ***
    BXP      ours=$10.22B  yf=$11.56B  diff=11.6% ***

------------------------------------------------------------
PE  -- 46 flagged (>10%)
  FLAGGED (top 20 of 46):
    TPL      ours=355.680  yf=44.286  diff=703.1% ***
    DD       ours=150.080  yf=55.133  diff=172.2% ***
    APTV     ours=41.280  yf=19.738  diff=109.1% ***
    CRWD     ours=1097.090  yf=4914.000  diff=77.7% ***
    BDX      ours=54.770  yf=31.381  diff=74.5% ***
    BKNG     ours=32.340  yf=18.947  diff=70.7% ***
    MLM      ours=12.210  yf=32.106  diff=62.0% ***
    APH      ours=19.360  yf=39.185  diff=50.6% ***
    MNST     ours=20.630  yf=41.213  diff=49.9% ***
    OXY      ours=9.190  yf=17.490  diff=47.5% ***
    DLR      ours=48.030  yf=89.883  diff=46.6% ***
    ALNY     ours=61.690  yf=42.772  diff=44.2% ***
    BIIB     ours=23.230  yf=38.839  diff=40.2% ***
    TXT      ours=9.160  yf=15.237  diff=39.9% ***
    JCI      ours=25.400  yf=39.735  diff=36.1% ***
    MDLZ     ours=30.870  yf=22.725  diff=35.8% ***
    C        ours=19.020  yf=14.300  diff=33.0% ***
    FER      ours=38.720  yf=56.927  diff=32.0% ***
    LEN      ours=9.210  yf=12.492  diff=26.3% ***
    CCI      ours=37.170  yf=30.098  diff=23.5% ***
  TOP 10 LARGEST DIFF:
    TPL      ours=355.680  yf=44.286  diff=703.1% ***
    DD       ours=150.080  yf=55.133  diff=172.2% ***
    APTV     ours=41.280  yf=19.738  diff=109.1% ***
    CRWD     ours=1097.090  yf=4914.000  diff=77.7% ***
    BDX      ours=54.770  yf=31.381  diff=74.5% ***
    BKNG     ours=32.340  yf=18.947  diff=70.7% ***
    MLM      ours=12.210  yf=32.106  diff=62.0% ***
    APH      ours=19.360  yf=39.185  diff=50.6% ***
    MNST     ours=20.630  yf=41.213  diff=49.9% ***
    OXY      ours=9.190  yf=17.490  diff=47.5% ***

------------------------------------------------------------
EPS  -- 59 flagged (>10%)
  FLAGGED (top 20 of 59):
    PSKY     ours=-0.300  yf=0.030  diff=1100.0% ***
    NBIS     ours=0.330  yf=-0.060  diff=650.0% ***
    NFLX     ours=-9.240  yf=3.180  diff=390.6% ***
    CRWD     ours=0.220  yf=0.050  diff=340.0% ***
    GPN      ours=-2.970  yf=2.110  diff=240.8% ***
    NOW      ours=-1.620  yf=1.590  diff=201.9% ***
    OMC      ours=-0.370  yf=0.370  diff=200.0% ***
    MLM      ours=40.700  yf=15.400  diff=164.3% ***
    IFF      ours=1.140  yf=-3.090  diff=136.9% ***
    DOW      ours=-4.000  yf=-1.830  diff=118.6% ***
    BE       ours=-0.040  yf=0.780  diff=105.1% ***
    MNST     ours=2.160  yf=1.080  diff=100.0% ***
    APH      ours=3.990  yf=2.000  diff=99.5% ***
    OXY      ours=6.460  yf=3.390  diff=90.6% ***
    TPL      ours=0.980  yf=7.840  diff=87.5% ***
    DLR      ours=3.770  yf=2.050  diff=83.9% ***
    TXT      ours=8.810  yf=5.310  diff=65.9% ***
    BIIB     ours=9.300  yf=5.640  diff=64.9% ***
    DD       ours=0.850  yf=2.330  diff=63.5% ***
    JCI      ours=5.530  yf=3.550  diff=55.8% ***
  TOP 10 LARGEST DIFF:
    PSKY     ours=-0.300  yf=0.030  diff=1100.0% ***
    NBIS     ours=0.330  yf=-0.060  diff=650.0% ***
    NFLX     ours=-9.240  yf=3.180  diff=390.6% ***
    CRWD     ours=0.220  yf=0.050  diff=340.0% ***
    GPN      ours=-2.970  yf=2.110  diff=240.8% ***
    NOW      ours=-1.620  yf=1.590  diff=201.9% ***
    OMC      ours=-0.370  yf=0.370  diff=200.0% ***
    MLM      ours=40.700  yf=15.400  diff=164.3% ***
    IFF      ours=1.140  yf=-3.090  diff=136.9% ***
    DOW      ours=-4.000  yf=-1.830  diff=118.6% ***
