Tiingo vs yfinance comparison — 2026-06-13
Threshold: >10% for all metrics
328 flagged diffs above threshold

============================================================
KNOWN EXPECTED DIFFERENCES (not bugs)
============================================================

EPS / PE — hardcoded adjustments (our side intentional):
  BRK-B   EDGAR EPS ÷ 1500  (Class A→B conversion)
  BKNG    EDGAR EPS ÷ 25    (25-for-1 split Apr 2026; auto-disables after Q2 2026 10-Q)
  CVNA    EDGAR EPS ÷ 5     (5-for-1 split May 2026; auto-disables after Q2 2026 10-Q)
  KLAC    EDGAR EPS ÷ 10    (10-for-1 split Jun 2026; auto-disables after Q2 2026 10-Q)

EPS / PE — inline XBRL fallback (company_facts has no data; we parse filing HTML):
  V                    US 10-Q/10-K  USD        EPS ~11.18
  ERIE KKR STZ ARM     US 10-Q/10-K  USD        populated via fallback
  ASML CCEP FER        20-F          EUR→USD    converted via daily ECB rate
  PDD                  20-F          USD        EarningsPerShareBasicAndDiluted
  Diffs vs YF expected: foreign EPS is annual-only (no TTM); FX rate differs by fetch time.

EPS / PE — null (still unavailable):
  ARES TRI    Filed Form 25-NSE May 2026 — being removed from exchange listing.
              Will drop out of S&P 500 / Nasdaq-100 universe on next rebalance.

EPS / PE — TTM window vs YF annual anchor:
  Large diffs (e.g. CI 23.61 vs YF 113.71) often mean YF is anchored to an older
  annual 10-K that included a one-time gain/charge now outside our rolling TTM.
  Our TTM = sum of 4 most recent quarters from EDGAR 10-Q/10-K filings.
  YF trailingEps sources from data vendors and may reflect a different period.

MKTCAP — shares outstanding overrides (SHARES_OUTSTANDING_OVERRIDE, our side intentional):
  IBKR   1,697,000,000  (Class A 445M + IBG LLC membership units; EDGAR under-reports)
  BX     1,222,000,000  (Class A 742M + Blackstone Holdings LP units)
  DVN    1,153,000,000  (Coterra merger May 2026 doubled shares; EDGAR XBRL lags until Q2 2026 10-Q ~Aug 2026)
  CVNA   shares × 5    (5-for-1 split May 2026; EDGAR pre-split ~219M Class A; heals after Q2 2026 10-Q ~Aug 2026)
  KLAC   shares × 10   (10-for-1 split Jun 2026; EDGAR pre-split ~130.6M; heals after Q2 2026 10-Q ~Aug 2026)

VOLUME — systematic offset:
  Tiingo EOD volume includes extended-hours (pre/after market).
  YF typically reports regular-session only. Expect ours ~1.5-2x YF across the board.
============================================================

------------------------------------------------------------
PRICE  -- 0 flagged (>10%)
  TOP 10 LARGEST DIFF:
    FITB     ours=54.73  yf=53.42  diff=2.5%
    PFG      ours=111.11  yf=111.11  diff=0.0%
    VRTX     ours=444.93  yf=444.93  diff=0.0%
    WDC      ours=562.92  yf=562.92  diff=0.0%
    A        ours=129.84  yf=129.84  diff=0.0%
    AAPL     ours=291.13  yf=291.13  diff=0.0%
    ABBV     ours=227.73  yf=227.73  diff=0.0%
    ABNB     ours=132.28  yf=132.28  diff=0.0%
    ABT      ours=88.18  yf=88.18  diff=0.0%
    ACGL     ours=91.66  yf=91.66  diff=0.0%

------------------------------------------------------------
VOLUME  -- 265 flagged (>10%)
  FLAGGED (top 20 of 265):
    FDS      ours=2.06  yf=0.43  diff=380.0% ***
    APH      ours=9.39  yf=4.74  diff=98.0% ***
    SO       ours=8.75  yf=4.58  diff=91.2% ***
    IRM      ours=0.93  yf=0.49  diff=88.9% ***
    TMO      ours=2.39  yf=1.31  diff=83.0% ***
    A        ours=2.29  yf=1.26  diff=81.4% ***
    SPG      ours=1.97  yf=1.10  diff=79.5% ***
    PH       ours=0.55  yf=0.32  diff=73.3% ***
    L        ours=0.76  yf=0.44  diff=73.1% ***
    DOV      ours=1.30  yf=0.76  diff=70.9% ***
    CCI      ours=4.40  yf=2.58  diff=70.7% ***
    WRB      ours=1.80  yf=1.06  diff=69.9% ***
    AMP      ours=0.68  yf=0.40  diff=69.6% ***
    MO       ours=8.41  yf=4.97  diff=69.2% ***
    MSI      ours=0.60  yf=0.36  diff=68.3% ***
    WELL     ours=2.26  yf=1.39  diff=62.5% ***
    AWK      ours=2.38  yf=1.47  diff=62.1% ***
    PEG      ours=2.56  yf=1.58  diff=61.7% ***
    TAP      ours=3.60  yf=2.26  diff=59.4% ***
    DHR      ours=3.13  yf=2.04  diff=53.4% ***
  TOP 10 LARGEST DIFF:
    FDS      ours=2.06  yf=0.43  diff=380.0% ***
    APH      ours=9.39  yf=4.74  diff=98.0% ***
    SO       ours=8.75  yf=4.58  diff=91.2% ***
    IRM      ours=0.93  yf=0.49  diff=88.9% ***
    TMO      ours=2.39  yf=1.31  diff=83.0% ***
    A        ours=2.29  yf=1.26  diff=81.4% ***
    SPG      ours=1.97  yf=1.10  diff=79.5% ***
    PH       ours=0.55  yf=0.32  diff=73.3% ***
    L        ours=0.76  yf=0.44  diff=73.1% ***
    DOV      ours=1.30  yf=0.76  diff=70.9% ***

------------------------------------------------------------
MKTCAP  -- 7 flagged (>10%)
  FLAGGED (top 7 of 7):
    PCG      ours=$45.43B  yf=$37.33B  diff=21.7% ***
    CHTR     ours=$17.93B  yf=$22.85B  diff=21.5% ***
    SPG      ours=$71.03B  yf=$83.23B  diff=14.7% ***
    UDR      ours=$12.80B  yf=$14.60B  diff=12.3% ***
    ERIE     ours=$10.47B  yf=$11.85B  diff=11.7% ***
    BXP      ours=$10.57B  yf=$11.82B  diff=10.6% ***
    CCL      ours=$36.15B  yf=$40.42B  diff=10.6% ***
  TOP 10 LARGEST DIFF:
    PCG      ours=$45.43B  yf=$37.33B  diff=21.7% ***
    CHTR     ours=$17.93B  yf=$22.85B  diff=21.5% ***
    SPG      ours=$71.03B  yf=$83.23B  diff=14.7% ***
    UDR      ours=$12.80B  yf=$14.60B  diff=12.3% ***
    ERIE     ours=$10.47B  yf=$11.85B  diff=11.7% ***
    BXP      ours=$10.57B  yf=$11.82B  diff=10.6% ***
    CCL      ours=$36.15B  yf=$40.42B  diff=10.6% ***
    ACN      ours=$113.26B  yf=$104.80B  diff=8.1%
    WDAY     ours=$34.86B  yf=$32.30B  diff=7.9%
    ESS      ours=$18.23B  yf=$19.56B  diff=6.8%

------------------------------------------------------------
PE  -- 22 flagged (>10%)
  FLAGGED (top 20 of 22):
    TPL      ours=99.710  yf=52.048  diff=91.6% ***
    KKR      ours=61.690  yf=32.735  diff=88.5% ***
    OXY      ours=14.240  yf=76.405  diff=81.4% ***
    ALNY     ours=124.600  yf=70.890  diff=75.8% ***
    MLM      ours=13.760  yf=36.242  diff=62.0% ***
    NWSA     ours=12.840  yf=32.506  diff=60.5% ***
    NWS      ours=14.630  yf=37.038  diff=60.5% ***
    BDX      ours=37.020  yf=25.522  diff=45.1% ***
    JCI      ours=26.210  yf=44.195  diff=40.7% ***
    TXT      ours=11.320  yf=17.714  diff=36.1% ***
    HAL      ours=29.120  yf=21.878  diff=33.1% ***
    LEN      ours=9.940  yf=14.154  diff=29.8% ***
    BRK-B    ours=18.240  yf=14.557  diff=25.3% ***
    AMCR     ours=39.300  yf=32.480  diff=21.0% ***
    WEC      ours=17.980  yf=22.733  diff=20.9% ***
    BKNG     ours=26.200  yf=21.731  diff=20.6% ***
    KMB      ours=16.060  yf=19.785  diff=18.8% ***
    STZ      ours=12.560  yf=15.470  diff=18.8% ***
    CSGP     ours=547.330  yf=469.143  diff=16.7% ***
    C        ours=20.000  yf=17.284  diff=15.7% ***
  TOP 10 LARGEST DIFF:
    TPL      ours=99.710  yf=52.048  diff=91.6% ***
    KKR      ours=61.690  yf=32.735  diff=88.5% ***
    OXY      ours=14.240  yf=76.405  diff=81.4% ***
    ALNY     ours=124.600  yf=70.890  diff=75.8% ***
    MLM      ours=13.760  yf=36.242  diff=62.0% ***
    NWSA     ours=12.840  yf=32.506  diff=60.5% ***
    NWS      ours=14.630  yf=37.038  diff=60.5% ***
    BDX      ours=37.020  yf=25.522  diff=45.1% ***
    JCI      ours=26.210  yf=44.195  diff=40.7% ***
    TXT      ours=11.320  yf=17.714  diff=36.1% ***

------------------------------------------------------------
EPS  -- 34 flagged (>10%)
  FLAGGED (top 20 of 34):
    PSKY     ours=-0.700  yf=0.030  diff=2433.3% ***
    OXY      ours=3.970  yf=0.740  diff=436.5% ***
    NFLX     ours=-2.850  yf=3.100  diff=191.9% ***
    GPN      ours=-2.030  yf=2.720  diff=174.6% ***
    MLM      ours=41.960  yf=15.930  diff=163.4% ***
    NWS      ours=2.000  yf=0.790  diff=153.2% ***
    NWSA     ours=2.000  yf=0.790  diff=153.2% ***
    DD       ours=-0.060  yf=0.380  diff=115.8% ***
    NOW      ours=-0.070  yf=1.680  diff=104.2% ***
    SJM      ours=-1.300  yf=-11.790  diff=89.0% ***
    JCI      ours=5.530  yf=3.280  diff=68.6% ***
    TXT      ours=8.200  yf=5.240  diff=56.5% ***
    TPL      ours=3.800  yf=7.280  diff=47.8% ***
    KKR      ours=1.560  yf=2.940  diff=46.9% ***
    ALNY     ours=2.270  yf=3.990  diff=43.1% ***
    LEN      ours=9.080  yf=6.380  diff=42.3% ***
    BDX      ours=3.950  yf=5.730  diff=31.1% ***
    CRWD     ours=-0.100  yf=-0.140  diff=28.6% ***
    WEC      ours=6.310  yf=4.990  diff=26.5% ***
    IP       ours=-6.520  yf=-5.190  diff=25.6% ***
  TOP 10 LARGEST DIFF:
    PSKY     ours=-0.700  yf=0.030  diff=2433.3% ***
    OXY      ours=3.970  yf=0.740  diff=436.5% ***
    NFLX     ours=-2.850  yf=3.100  diff=191.9% ***
    GPN      ours=-2.030  yf=2.720  diff=174.6% ***
    MLM      ours=41.960  yf=15.930  diff=163.4% ***
    NWS      ours=2.000  yf=0.790  diff=153.2% ***
    NWSA     ours=2.000  yf=0.790  diff=153.2% ***
    DD       ours=-0.060  yf=0.380  diff=115.8% ***
    NOW      ours=-0.070  yf=1.680  diff=104.2% ***
    SJM      ours=-1.300  yf=-11.790  diff=89.0% ***
