Tiingo vs yfinance comparison — 2026-09-28
Threshold: >10% for all metrics
492 flagged diffs above threshold

============================================================
KNOWN EXPECTED DIFFERENCES (not bugs)
============================================================

EPS / PE — hardcoded adjustments (our side intentional):
  BRK-B   EDGAR EPS ÷ 1500  (Class A→B conversion)
  BKNG    EDGAR EPS ÷ 25    (25-for-1 split Apr 2026; auto-disables after Q2 2026 10-Q)
  CVNA    EDGAR EPS ÷ 5     (5-for-1 split May 2026; auto-disables after Q2 2026 10-Q)
  KLAC    EDGAR EPS ÷ 10    (10-for-1 split Jun 2026; auto-disables after Q2 2026 10-Q)
  DD      EDGAR EPS × 3     (1-for-3 reverse split Jun 2026; pre-split EPS ~-0.07; auto-disables when EDGAR EPS abs > 0.20 after Q2 2026 10-Q)
  HON     EDGAR EPS × 2     (1-for-2 reverse split Jun 29 2026; pre-split EPS ~$3.21; auto-disables when EDGAR EPS abs > 4.0 after Q2/Q3 2026 10-Q)

EPS / PE — inline XBRL fallback (company_facts has no data; we parse filing HTML):
  V ERIE KKR STZ HSY BRK-B   US 10-Q/10-K  USD   TTM = quarters since last 10-K
                                                  + Q4 derived (annual − 9M YTD).
                                                  Fixed 2026-06-30 (commit 973b985):
                                                  naive 4-quarter sum used to run
                                                  before the Q4-derivation path and
                                                  silently skipped the real Q4 (never
                                                  filed as its own 10-Q), substituting
                                                  a stale year-ago quarter instead.
                                                  KKR 1.56→2.93, BRK-B 26.83→33.59,
                                                  V 11.18→11.47, ERIE 12.37→10.93,
                                                  STZ 11.82→9.61, HSY 4.90→5.37 — all
                                                  now match yfinance.
  ARM ASML CCEP FER PDD      20-F          —      annual only (no 10-Q filed; not
                                                  affected by the bug above). ASML/
                                                  CCEP/FER convert EUR→USD via daily
                                                  ECB rate; PDD uses
                                                  EarningsPerShareBasicAndDiluted.
  NBIS                       6-K           USD    annual only (foreign private issuer,
                                                  furnishes 6-K instead of 10-Q).
  Diffs vs YF expected: foreign EPS is annual-only (no TTM); FX rate differs by fetch time.

EPS / PE — null (still unavailable):
  ARES TRI    Filed Form 25-NSE May 2026 — being removed from exchange listing.
              Will drop out of S&P 500 / Nasdaq-100 universe on next rebalance.
  FDXF        FedEx Freight spinoff (2026-06); only 8-K/Form 4 filed so far, no
              10-Q/10-K yet — EPS unavailable until first quarterly filing.

EPS / PE — TTM window vs YF annual anchor:
  Large diffs (e.g. CI 23.61 vs YF 113.71) often mean YF is anchored to an older
  annual 10-K that included a one-time gain/charge now outside our rolling TTM.
  Our TTM = sum of 4 most recent quarters from EDGAR 10-Q/10-K filings.
  YF trailingEps sources from data vendors and may reflect a different period.

MKTCAP — shares outstanding overrides (SHARES_OUTSTANDING_OVERRIDE, our side intentional):
  IBKR   1,697,000,000  (Class A 445M + IBG LLC membership units; EDGAR under-reports)
  BX     1,222,000,000  (Class A 742M + Blackstone Holdings LP units)
  DVN    1,153,000,000  (Coterra merger May 2026 doubled shares; EDGAR XBRL lags until Q2 2026 10-Q ~Aug 2026)
  CVNA   shares × 5    (5-for-1 split May 2026; EDGAR pre-split ~219M Class A; heals after Q2 2026 10-Q ~Aug 2026)
  KLAC   shares × 10   (10-for-1 split Jun 2026; EDGAR pre-split ~130.6M; heals after Q2 2026 10-Q ~Aug 2026)
  DD     shares ÷ 3    (1-for-3 reverse split Jun 2026; EDGAR pre-split ~410M; heals after Q2 2026 10-Q ~Aug 2026)

VOLUME — systematic offset:
  Tiingo EOD volume includes extended-hours (pre/after market).
  YF typically reports regular-session only. Expect ours ~1.5-2x YF across the board.
============================================================

------------------------------------------------------------
PRICE  -- 0 flagged (>10%)
  TOP 10 LARGEST DIFF:
    BE       ours=288.70  yf=262.87  diff=9.8%
    ARM      ours=310.32  yf=283.33  diff=9.5%
    DASH     ours=193.36  yf=178.39  diff=8.4%
    QCOM     ours=201.97  yf=187.48  diff=7.7%
    CVNA     ours=65.06  yf=60.47  diff=7.6%
    BA       ours=198.07  yf=184.39  diff=7.4%
    INTC     ours=123.00  yf=116.03  diff=6.0%
    SLV      ours=58.14  yf=54.95  diff=5.8%
    META     ours=751.66  yf=715.62  diff=5.0%
    REGN     ours=788.04  yf=752.25  diff=4.8%

------------------------------------------------------------
VOLUME  -- 376 flagged (>10%)
  FLAGGED (top 20 of 376):
    AKAM     ours=31.87  yf=8.05  diff=295.8% ***
    PYPL     ours=20.38  yf=9.86  diff=106.7% ***
    CVS      ours=15.77  yf=7.90  diff=99.6% ***
    MSFT     ours=38.15  yf=19.55  diff=95.2% ***
    COST     ours=4.63  yf=2.41  diff=92.5% ***
    EQIX     ours=0.88  yf=0.47  diff=88.4% ***
    IVV      ours=9.71  yf=5.51  diff=76.4% ***
    CVNA     ours=4.22  yf=15.47  diff=72.7% ***
    GEN      ours=29.87  yf=17.55  diff=70.2% ***
    BA       ours=5.38  yf=17.85  diff=69.9% ***
    ILMN     ours=5.03  yf=2.97  diff=69.2% ***
    EQT      ours=8.83  yf=5.26  diff=67.9% ***
    SMCI     ours=49.24  yf=29.34  diff=67.8% ***
    CME      ours=2.20  yf=1.32  diff=67.0% ***
    MRSH     ours=3.15  yf=1.92  diff=64.1% ***
    CBOE     ours=1.31  yf=0.82  diff=60.0% ***
    PNW      ours=1.49  yf=0.94  diff=59.2% ***
    JBHT     ours=1.52  yf=0.96  diff=58.6% ***
    VLTO     ours=1.85  yf=1.17  diff=58.6% ***
    DASH     ours=2.87  yf=6.85  diff=58.1% ***
  TOP 10 LARGEST DIFF:
    AKAM     ours=31.87  yf=8.05  diff=295.8% ***
    PYPL     ours=20.38  yf=9.86  diff=106.7% ***
    CVS      ours=15.77  yf=7.90  diff=99.6% ***
    MSFT     ours=38.15  yf=19.55  diff=95.2% ***
    COST     ours=4.63  yf=2.41  diff=92.5% ***
    EQIX     ours=0.88  yf=0.47  diff=88.4% ***
    IVV      ours=9.71  yf=5.51  diff=76.4% ***
    CVNA     ours=4.22  yf=15.47  diff=72.7% ***
    GEN      ours=29.87  yf=17.55  diff=70.2% ***
    BA       ours=5.38  yf=17.85  diff=69.9% ***

------------------------------------------------------------
MKTCAP  -- 10 flagged (>10%)
  FLAGGED (top 10 of 10):
    VMRK     ours=$23.06B  yf=$47.49B  diff=51.4% ***
    APH      ours=$103.68B  yf=$208.67B  diff=50.3% ***
    MNST     ours=$42.23B  yf=$82.01B  diff=48.5% ***
    MLM      ours=$29.09B  yf=$34.85B  diff=16.5% ***
    SPG      ours=$66.27B  yf=$77.64B  diff=14.6% ***
    UDR      ours=$11.00B  yf=$12.53B  diff=12.2% ***
    ERIE     ours=$10.29B  yf=$11.60B  diff=11.3% ***
    WDAY     ours=$50.52B  yf=$45.45B  diff=11.1% ***
    BXP      ours=$10.12B  yf=$11.29B  diff=10.4% ***
    ACN      ours=$117.56B  yf=$106.77B  diff=10.1% ***
  TOP 10 LARGEST DIFF:
    VMRK     ours=$23.06B  yf=$47.49B  diff=51.4% ***
    APH      ours=$103.68B  yf=$208.67B  diff=50.3% ***
    MNST     ours=$42.23B  yf=$82.01B  diff=48.5% ***
    MLM      ours=$29.09B  yf=$34.85B  diff=16.5% ***
    SPG      ours=$66.27B  yf=$77.64B  diff=14.6% ***
    UDR      ours=$11.00B  yf=$12.53B  diff=12.2% ***
    ERIE     ours=$10.29B  yf=$11.60B  diff=11.3% ***
    WDAY     ours=$50.52B  yf=$45.45B  diff=11.1% ***
    BXP      ours=$10.12B  yf=$11.29B  diff=10.4% ***
    ACN      ours=$117.56B  yf=$106.77B  diff=10.1% ***

------------------------------------------------------------
PE  -- 48 flagged (>10%)
  FLAGGED (top 20 of 48):
    TPL      ours=348.030  yf=43.131  diff=706.9% ***
    DD       ours=154.950  yf=56.215  diff=175.6% ***
    APTV     ours=42.660  yf=19.747  diff=116.0% ***
    CRWD     ours=1146.050  yf=8641.667  diff=86.7% ***
    BDX      ours=55.370  yf=31.860  diff=73.8% ***
    BKNG     ours=30.940  yf=18.208  diff=69.9% ***
    MLM      ours=11.900  yf=31.868  diff=62.7% ***
    APH      ours=21.080  yf=42.310  diff=50.2% ***
    MNST     ours=19.960  yf=38.759  diff=48.5% ***
    ALNY     ours=65.970  yf=44.643  diff=47.8% ***
    OXY      ours=8.800  yf=16.549  diff=46.8% ***
    DLR      ours=47.380  yf=86.429  diff=45.2% ***
    TXT      ours=8.690  yf=14.571  diff=40.4% ***
    BIIB     ours=24.470  yf=40.692  diff=39.9% ***
    LEN      ours=9.650  yf=15.536  diff=37.9% ***
    C        ours=19.210  yf=14.150  diff=35.8% ***
    JCI      ours=27.160  yf=42.059  diff=35.4% ***
    MDLZ     ours=29.830  yf=22.044  diff=35.3% ***
    FER      ours=39.570  yf=59.330  diff=33.3% ***
    ARM      ours=365.080  yf=286.192  diff=27.6% ***
  TOP 10 LARGEST DIFF:
    TPL      ours=348.030  yf=43.131  diff=706.9% ***
    DD       ours=154.950  yf=56.215  diff=175.6% ***
    APTV     ours=42.660  yf=19.747  diff=116.0% ***
    CRWD     ours=1146.050  yf=8641.667  diff=86.7% ***
    BDX      ours=55.370  yf=31.860  diff=73.8% ***
    BKNG     ours=30.940  yf=18.208  diff=69.9% ***
    MLM      ours=11.900  yf=31.868  diff=62.7% ***
    APH      ours=21.080  yf=42.310  diff=50.2% ***
    MNST     ours=19.960  yf=38.759  diff=48.5% ***
    ALNY     ours=65.970  yf=44.643  diff=47.8% ***

------------------------------------------------------------
EPS  -- 58 flagged (>10%)
  FLAGGED (top 20 of 58):
    PSKY     ours=-0.300  yf=0.030  diff=1100.0% ***
    CRWD     ours=0.220  yf=0.030  diff=633.3% ***
    NBIS     ours=0.330  yf=-0.070  diff=571.4% ***
    NFLX     ours=-9.240  yf=3.180  diff=390.6% ***
    GPN      ours=-2.970  yf=2.110  diff=240.8% ***
    NOW      ours=-1.620  yf=1.600  diff=201.3% ***
    OMC      ours=-0.370  yf=0.370  diff=200.0% ***
    MLM      ours=40.700  yf=15.400  diff=164.3% ***
    IFF      ours=1.140  yf=-3.090  diff=136.9% ***
    DOW      ours=-4.000  yf=-1.830  diff=118.6% ***
    BE       ours=-0.040  yf=0.780  diff=105.1% ***
    MNST     ours=2.160  yf=1.080  diff=100.0% ***
    APH      ours=3.990  yf=2.000  diff=99.5% ***
    OXY      ours=6.460  yf=3.390  diff=90.6% ***
    TPL      ours=0.980  yf=7.840  diff=87.5% ***
    DLR      ours=3.770  yf=2.050  diff=83.9% ***
    TXT      ours=8.810  yf=5.310  diff=65.9% ***
    BIIB     ours=9.300  yf=5.620  diff=65.5% ***
    DD       ours=0.850  yf=2.330  diff=63.5% ***
    LEN      ours=8.510  yf=5.280  diff=61.2% ***
  TOP 10 LARGEST DIFF:
    PSKY     ours=-0.300  yf=0.030  diff=1100.0% ***
    CRWD     ours=0.220  yf=0.030  diff=633.3% ***
    NBIS     ours=0.330  yf=-0.070  diff=571.4% ***
    NFLX     ours=-9.240  yf=3.180  diff=390.6% ***
    GPN      ours=-2.970  yf=2.110  diff=240.8% ***
    NOW      ours=-1.620  yf=1.600  diff=201.3% ***
    OMC      ours=-0.370  yf=0.370  diff=200.0% ***
    MLM      ours=40.700  yf=15.400  diff=164.3% ***
    IFF      ours=1.140  yf=-3.090  diff=136.9% ***
    DOW      ours=-4.000  yf=-1.830  diff=118.6% ***
