Tiingo vs yfinance comparison — 2026-07-16
Threshold: >10% for all metrics
241 flagged diffs above threshold

============================================================
KNOWN EXPECTED DIFFERENCES (not bugs)
============================================================

EPS / PE — hardcoded adjustments (our side intentional):
  BRK-B   EDGAR EPS ÷ 1500  (Class A→B conversion)
  BKNG    EDGAR EPS ÷ 25    (25-for-1 split Apr 2026; auto-disables after Q2 2026 10-Q)
  CVNA    EDGAR EPS ÷ 5     (5-for-1 split May 2026; auto-disables after Q2 2026 10-Q)
  KLAC    EDGAR EPS ÷ 10    (10-for-1 split Jun 2026; auto-disables after Q2 2026 10-Q)
  DD      EDGAR EPS × 3     (1-for-3 reverse split Jun 2026; pre-split EPS ~-0.07; auto-disables when EDGAR EPS abs > 0.20 after Q2 2026 10-Q)
  HON     EDGAR EPS × 2     (1-for-2 reverse split Jun 29 2026; pre-split EPS ~$3.21; auto-disables when EDGAR EPS abs > 4.0 after Q2/Q3 2026 10-Q)

EPS / PE — inline XBRL fallback (company_facts has no data; we parse filing HTML):
  V ERIE KKR STZ HSY BRK-B   US 10-Q/10-K  USD   TTM = quarters since last 10-K
                                                  + Q4 derived (annual − 9M YTD).
                                                  Fixed 2026-06-30 (commit 973b985):
                                                  naive 4-quarter sum used to run
                                                  before the Q4-derivation path and
                                                  silently skipped the real Q4 (never
                                                  filed as its own 10-Q), substituting
                                                  a stale year-ago quarter instead.
                                                  KKR 1.56→2.93, BRK-B 26.83→33.59,
                                                  V 11.18→11.47, ERIE 12.37→10.93,
                                                  STZ 11.82→9.61, HSY 4.90→5.37 — all
                                                  now match yfinance.
  ARM ASML CCEP FER PDD      20-F          —      annual only (no 10-Q filed; not
                                                  affected by the bug above). ASML/
                                                  CCEP/FER convert EUR→USD via daily
                                                  ECB rate; PDD uses
                                                  EarningsPerShareBasicAndDiluted.
  NBIS                       6-K           USD    annual only (foreign private issuer,
                                                  furnishes 6-K instead of 10-Q).
  Diffs vs YF expected: foreign EPS is annual-only (no TTM); FX rate differs by fetch time.

EPS / PE — null (still unavailable):
  ARES TRI    Filed Form 25-NSE May 2026 — being removed from exchange listing.
              Will drop out of S&P 500 / Nasdaq-100 universe on next rebalance.
  FDXF        FedEx Freight spinoff (2026-06); only 8-K/Form 4 filed so far, no
              10-Q/10-K yet — EPS unavailable until first quarterly filing.

EPS / PE — TTM window vs YF annual anchor:
  Large diffs (e.g. CI 23.61 vs YF 113.71) often mean YF is anchored to an older
  annual 10-K that included a one-time gain/charge now outside our rolling TTM.
  Our TTM = sum of 4 most recent quarters from EDGAR 10-Q/10-K filings.
  YF trailingEps sources from data vendors and may reflect a different period.

MKTCAP — shares outstanding overrides (SHARES_OUTSTANDING_OVERRIDE, our side intentional):
  IBKR   1,697,000,000  (Class A 445M + IBG LLC membership units; EDGAR under-reports)
  BX     1,222,000,000  (Class A 742M + Blackstone Holdings LP units)
  DVN    1,153,000,000  (Coterra merger May 2026 doubled shares; EDGAR XBRL lags until Q2 2026 10-Q ~Aug 2026)
  CVNA   shares × 5    (5-for-1 split May 2026; EDGAR pre-split ~219M Class A; heals after Q2 2026 10-Q ~Aug 2026)
  KLAC   shares × 10   (10-for-1 split Jun 2026; EDGAR pre-split ~130.6M; heals after Q2 2026 10-Q ~Aug 2026)
  DD     shares ÷ 3    (1-for-3 reverse split Jun 2026; EDGAR pre-split ~410M; heals after Q2 2026 10-Q ~Aug 2026)

VOLUME — systematic offset:
  Tiingo EOD volume includes extended-hours (pre/after market).
  YF typically reports regular-session only. Expect ours ~1.5-2x YF across the board.
============================================================

------------------------------------------------------------
PRICE  -- 0 flagged (>10%)
  TOP 10 LARGEST DIFF:
    NWSA     ours=28.68  yf=28.68  diff=0.0%
    A        ours=136.10  yf=136.10  diff=0.0%
    AAPL     ours=333.26  yf=333.26  diff=0.0%
    ABBV     ours=254.39  yf=254.39  diff=0.0%
    ABNB     ours=147.80  yf=147.80  diff=0.0%
    ABT      ours=98.83  yf=98.83  diff=0.0%
    ACGL     ours=100.04  yf=100.04  diff=0.0%
    ACN      ours=144.61  yf=144.61  diff=0.0%
    ADBE     ours=235.31  yf=235.31  diff=0.0%
    ADI      ours=380.53  yf=380.53  diff=0.0%

------------------------------------------------------------
VOLUME  -- 183 flagged (>10%)
  FLAGGED (top 20 of 183):
    V        ours=8.69  yf=4.98  diff=74.3% ***
    SHW      ours=1.63  yf=0.95  diff=72.4% ***
    MET      ours=3.05  yf=1.78  diff=70.9% ***
    SRE      ours=1.79  yf=1.07  diff=67.9% ***
    ETR      ours=1.49  yf=0.91  diff=63.9% ***
    LVS      ours=4.50  yf=2.76  diff=62.9% ***
    FDXF     ours=1.51  yf=0.93  diff=62.5% ***
    EQR      ours=2.01  yf=1.24  diff=61.9% ***
    SO       ours=3.58  yf=2.21  diff=61.7% ***
    CAH      ours=2.59  yf=1.61  diff=60.7% ***
    VLTO     ours=1.39  yf=0.87  diff=59.9% ***
    TSN      ours=2.90  yf=1.83  diff=58.8% ***
    TRGP     ours=1.22  yf=0.77  diff=58.1% ***
    PPG      ours=1.29  yf=0.82  diff=57.7% ***
    EG       ours=0.27  yf=0.17  diff=56.6% ***
    ADM      ours=2.15  yf=1.37  diff=56.5% ***
    DTE      ours=1.00  yf=0.64  diff=56.1% ***
    WELL     ours=2.60  yf=1.68  diff=54.4% ***
    CTVA     ours=3.80  yf=2.46  diff=54.4% ***
    INVH     ours=4.10  yf=2.70  diff=52.0% ***
  TOP 10 LARGEST DIFF:
    V        ours=8.69  yf=4.98  diff=74.3% ***
    SHW      ours=1.63  yf=0.95  diff=72.4% ***
    MET      ours=3.05  yf=1.78  diff=70.9% ***
    SRE      ours=1.79  yf=1.07  diff=67.9% ***
    ETR      ours=1.49  yf=0.91  diff=63.9% ***
    LVS      ours=4.50  yf=2.76  diff=62.9% ***
    FDXF     ours=1.51  yf=0.93  diff=62.5% ***
    EQR      ours=2.01  yf=1.24  diff=61.9% ***
    SO       ours=3.58  yf=2.21  diff=61.7% ***
    CAH      ours=2.59  yf=1.61  diff=60.7% ***

------------------------------------------------------------
MKTCAP  -- 7 flagged (>10%)
  FLAGGED (top 7 of 7):
    AVB      ours=$27.20B  yf=$73.30B  diff=62.9% ***
    PCG      ours=$46.98B  yf=$38.61B  diff=21.7% ***
    CHTR     ours=$16.40B  yf=$20.89B  diff=21.5% ***
    SPG      ours=$74.10B  yf=$86.82B  diff=14.7% ***
    UDR      ours=$13.18B  yf=$15.03B  diff=12.3% ***
    ERIE     ours=$10.44B  yf=$11.81B  diff=11.6% ***
    BXP      ours=$11.27B  yf=$12.60B  diff=10.5% ***
  TOP 10 LARGEST DIFF:
    AVB      ours=$27.20B  yf=$73.30B  diff=62.9% ***
    PCG      ours=$46.98B  yf=$38.61B  diff=21.7% ***
    CHTR     ours=$16.40B  yf=$20.89B  diff=21.5% ***
    SPG      ours=$74.10B  yf=$86.82B  diff=14.7% ***
    UDR      ours=$13.18B  yf=$15.03B  diff=12.3% ***
    ERIE     ours=$10.44B  yf=$11.81B  diff=11.6% ***
    BXP      ours=$11.27B  yf=$12.60B  diff=10.5% ***
    ACN      ours=$96.53B  yf=$88.49B  diff=9.1%
    WDAY     ours=$38.76B  yf=$35.92B  diff=7.9%
    RKLB     ours=$38.98B  yf=$42.08B  diff=7.4%

------------------------------------------------------------
PE  -- 23 flagged (>10%)
  FLAGGED (top 20 of 23):
    NBIS     ours=520.520  yf=66.320  diff=684.9% ***
    OXY      ours=13.510  yf=72.500  diff=81.4% ***
    ALNY     ours=124.740  yf=70.965  diff=75.8% ***
    MLM      ours=13.760  yf=36.194  diff=62.0% ***
    NWSA     ours=14.340  yf=36.310  diff=60.5% ***
    NWS      ours=16.270  yf=41.190  diff=60.5% ***
    BDX      ours=40.490  yf=27.911  diff=45.1% ***
    JCI      ours=25.540  yf=43.199  diff=40.9% ***
    TXT      ours=11.050  yf=17.298  diff=36.1% ***
    HAL      ours=25.760  yf=19.359  diff=33.1% ***
    C        ours=18.840  yf=14.193  diff=32.7% ***
    LEN      ours=10.150  yf=13.542  diff=25.0% ***
    AMCR     ours=43.410  yf=35.872  diff=21.0% ***
    WEC      ours=18.140  yf=22.944  diff=20.9% ***
    KMB      ours=17.110  yf=21.081  diff=18.8% ***
    GS       ours=20.010  yf=16.918  diff=18.3% ***
    COF      ours=54.060  yf=65.009  diff=16.8% ***
    BKNG     ours=27.710  yf=24.323  diff=13.9% ***
    MS       ours=19.780  yf=17.625  diff=12.2% ***
    JPM      ours=16.430  yf=14.696  diff=11.8% ***
  TOP 10 LARGEST DIFF:
    NBIS     ours=520.520  yf=66.320  diff=684.9% ***
    OXY      ours=13.510  yf=72.500  diff=81.4% ***
    ALNY     ours=124.740  yf=70.965  diff=75.8% ***
    MLM      ours=13.760  yf=36.194  diff=62.0% ***
    NWSA     ours=14.340  yf=36.310  diff=60.5% ***
    NWS      ours=16.270  yf=41.190  diff=60.5% ***
    BDX      ours=40.490  yf=27.911  diff=45.1% ***
    JCI      ours=25.540  yf=43.199  diff=40.9% ***
    TXT      ours=11.050  yf=17.298  diff=36.1% ***
    HAL      ours=25.760  yf=19.359  diff=33.1% ***

------------------------------------------------------------
EPS  -- 28 flagged (>10%)
  FLAGGED (top 20 of 28):
    PSKY     ours=-0.600  yf=0.020  diff=3100.0% ***
    CRWD     ours=-0.120  yf=-0.020  diff=500.0% ***
    OXY      ours=3.970  yf=0.740  diff=436.5% ***
    GPN      ours=-2.050  yf=2.720  diff=175.4% ***
    MLM      ours=41.930  yf=15.940  diff=163.0% ***
    NWS      ours=2.000  yf=0.790  diff=153.2% ***
    NWSA     ours=2.000  yf=0.790  diff=153.2% ***
    DD       ours=-0.210  yf=1.150  diff=118.3% ***
    NBIS     ours=0.330  yf=2.590  diff=87.3% ***
    JCI      ours=5.530  yf=3.270  diff=69.1% ***
    TXT      ours=8.200  yf=5.240  diff=56.5% ***
    ALNY     ours=2.270  yf=3.990  diff=43.1% ***
    LEN      ours=8.510  yf=6.380  diff=33.4% ***
    BDX      ours=3.950  yf=5.730  diff=31.1% ***
    IP       ours=-6.600  yf=-5.190  diff=27.2% ***
    WEC      ours=6.310  yf=4.990  diff=26.5% ***
    HAL      ours=1.360  yf=1.810  diff=24.9% ***
    C        ours=6.990  yf=9.280  diff=24.7% ***
    KMB      ours=6.370  yf=5.170  diff=23.2% ***
    COF      ours=3.920  yf=3.260  diff=20.2% ***
  TOP 10 LARGEST DIFF:
    PSKY     ours=-0.600  yf=0.020  diff=3100.0% ***
    CRWD     ours=-0.120  yf=-0.020  diff=500.0% ***
    OXY      ours=3.970  yf=0.740  diff=436.5% ***
    GPN      ours=-2.050  yf=2.720  diff=175.4% ***
    MLM      ours=41.930  yf=15.940  diff=163.0% ***
    NWS      ours=2.000  yf=0.790  diff=153.2% ***
    NWSA     ours=2.000  yf=0.790  diff=153.2% ***
    DD       ours=-0.210  yf=1.150  diff=118.3% ***
    NBIS     ours=0.330  yf=2.590  diff=87.3% ***
    JCI      ours=5.530  yf=3.270  diff=69.1% ***
