Tiingo vs yfinance comparison — 2026-08-28
Threshold: >10% for all metrics
124 flagged diffs above threshold

============================================================
KNOWN EXPECTED DIFFERENCES (not bugs)
============================================================

EPS / PE — hardcoded adjustments (our side intentional):
  BRK-B   EDGAR EPS ÷ 1500  (Class A→B conversion)
  BKNG    EDGAR EPS ÷ 25    (25-for-1 split Apr 2026; auto-disables after Q2 2026 10-Q)
  CVNA    EDGAR EPS ÷ 5     (5-for-1 split May 2026; auto-disables after Q2 2026 10-Q)
  KLAC    EDGAR EPS ÷ 10    (10-for-1 split Jun 2026; auto-disables after Q2 2026 10-Q)
  DD      EDGAR EPS × 3     (1-for-3 reverse split Jun 2026; pre-split EPS ~-0.07; auto-disables when EDGAR EPS abs > 0.20 after Q2 2026 10-Q)
  HON     EDGAR EPS × 2     (1-for-2 reverse split Jun 29 2026; pre-split EPS ~$3.21; auto-disables when EDGAR EPS abs > 4.0 after Q2/Q3 2026 10-Q)

EPS / PE — inline XBRL fallback (company_facts has no data; we parse filing HTML):
  V ERIE KKR STZ HSY BRK-B   US 10-Q/10-K  USD   TTM = quarters since last 10-K
                                                  + Q4 derived (annual − 9M YTD).
                                                  Fixed 2026-06-30 (commit 973b985):
                                                  naive 4-quarter sum used to run
                                                  before the Q4-derivation path and
                                                  silently skipped the real Q4 (never
                                                  filed as its own 10-Q), substituting
                                                  a stale year-ago quarter instead.
                                                  KKR 1.56→2.93, BRK-B 26.83→33.59,
                                                  V 11.18→11.47, ERIE 12.37→10.93,
                                                  STZ 11.82→9.61, HSY 4.90→5.37 — all
                                                  now match yfinance.
  ARM ASML CCEP FER PDD      20-F          —      annual only (no 10-Q filed; not
                                                  affected by the bug above). ASML/
                                                  CCEP/FER convert EUR→USD via daily
                                                  ECB rate; PDD uses
                                                  EarningsPerShareBasicAndDiluted.
  NBIS                       6-K           USD    annual only (foreign private issuer,
                                                  furnishes 6-K instead of 10-Q).
  Diffs vs YF expected: foreign EPS is annual-only (no TTM); FX rate differs by fetch time.

EPS / PE — null (still unavailable):
  ARES TRI    Filed Form 25-NSE May 2026 — being removed from exchange listing.
              Will drop out of S&P 500 / Nasdaq-100 universe on next rebalance.
  FDXF        FedEx Freight spinoff (2026-06); only 8-K/Form 4 filed so far, no
              10-Q/10-K yet — EPS unavailable until first quarterly filing.

EPS / PE — TTM window vs YF annual anchor:
  Large diffs (e.g. CI 23.61 vs YF 113.71) often mean YF is anchored to an older
  annual 10-K that included a one-time gain/charge now outside our rolling TTM.
  Our TTM = sum of 4 most recent quarters from EDGAR 10-Q/10-K filings.
  YF trailingEps sources from data vendors and may reflect a different period.

MKTCAP — shares outstanding overrides (SHARES_OUTSTANDING_OVERRIDE, our side intentional):
  IBKR   1,697,000,000  (Class A 445M + IBG LLC membership units; EDGAR under-reports)
  BX     1,222,000,000  (Class A 742M + Blackstone Holdings LP units)
  DVN    1,153,000,000  (Coterra merger May 2026 doubled shares; EDGAR XBRL lags until Q2 2026 10-Q ~Aug 2026)
  CVNA   shares × 5    (5-for-1 split May 2026; EDGAR pre-split ~219M Class A; heals after Q2 2026 10-Q ~Aug 2026)
  KLAC   shares × 10   (10-for-1 split Jun 2026; EDGAR pre-split ~130.6M; heals after Q2 2026 10-Q ~Aug 2026)
  DD     shares ÷ 3    (1-for-3 reverse split Jun 2026; EDGAR pre-split ~410M; heals after Q2 2026 10-Q ~Aug 2026)

VOLUME — systematic offset:
  Tiingo EOD volume includes extended-hours (pre/after market).
  YF typically reports regular-session only. Expect ours ~1.5-2x YF across the board.
============================================================

------------------------------------------------------------
PRICE  -- 0 flagged (>10%)
  TOP 10 LARGEST DIFF:
    GEHC     ours=71.72  yf=71.72  diff=0.0%
    TRI      ours=106.22  yf=106.22  diff=0.0%
    STLD     ours=234.66  yf=234.66  diff=0.0%
    A        ours=153.84  yf=153.84  diff=0.0%
    AAPL     ours=319.70  yf=319.70  diff=0.0%
    ABBV     ours=255.48  yf=255.48  diff=0.0%
    ABNB     ours=189.43  yf=189.43  diff=0.0%
    ABT      ours=112.47  yf=112.47  diff=0.0%
    ACGL     ours=98.84  yf=98.84  diff=0.0%
    ACN      ours=189.61  yf=189.61  diff=0.0%

------------------------------------------------------------
VOLUME  -- 1 flagged (>10%)
  FLAGGED (top 1 of 1):
    NVR      ours=0.02  yf=0.02  diff=15.8% ***
  TOP 10 LARGEST DIFF:
    NVR      ours=0.02  yf=0.02  diff=15.8% ***
    ERIE     ours=0.22  yf=0.22  diff=1.9%
    TDY      ours=0.19  yf=0.19  diff=1.6%
    EG       ours=0.27  yf=0.27  diff=1.6%
    FICO     ours=0.16  yf=0.16  diff=1.6%
    SNA      ours=0.19  yf=0.19  diff=1.4%
    TDG      ours=0.19  yf=0.19  diff=1.3%
    AZO      ours=0.32  yf=0.32  diff=1.2%
    FFIV     ours=0.34  yf=0.34  diff=1.2%
    WAT      ours=0.44  yf=0.44  diff=1.1%

------------------------------------------------------------
MKTCAP  -- 8 flagged (>10%)
  FLAGGED (top 8 of 8):
    MNST     ours=$45.90B  yf=$91.80B  diff=50.0% ***
    PCG      ours=$44.49B  yf=$36.56B  diff=21.7% ***
    MLM      ours=$31.90B  yf=$37.71B  diff=15.4% ***
    SPG      ours=$69.42B  yf=$81.45B  diff=14.8% ***
    UDR      ours=$12.06B  yf=$13.75B  diff=12.3% ***
    BXP      ours=$11.07B  yf=$12.54B  diff=11.7% ***
    ERIE     ours=$12.03B  yf=$13.62B  diff=11.6% ***
    CHTR     ours=$18.32B  yf=$20.70B  diff=11.5% ***
  TOP 10 LARGEST DIFF:
    MNST     ours=$45.90B  yf=$91.80B  diff=50.0% ***
    PCG      ours=$44.49B  yf=$36.56B  diff=21.7% ***
    MLM      ours=$31.90B  yf=$37.71B  diff=15.4% ***
    SPG      ours=$69.42B  yf=$81.45B  diff=14.8% ***
    UDR      ours=$12.06B  yf=$13.75B  diff=12.3% ***
    BXP      ours=$11.07B  yf=$12.54B  diff=11.7% ***
    ERIE     ours=$12.03B  yf=$13.62B  diff=11.6% ***
    CHTR     ours=$18.32B  yf=$20.70B  diff=11.5% ***
    ACN      ours=$126.57B  yf=$116.03B  diff=9.1%
    WDAY     ours=$54.59B  yf=$50.56B  diff=8.0%

------------------------------------------------------------
PE  -- 53 flagged (>10%)
  FLAGGED (top 20 of 53):
    TPL      ours=371.820  yf=46.477  diff=700.0% ***
    COF      ours=55.020  yf=11.876  diff=363.3% ***
    DD       ours=161.150  yf=58.790  diff=174.1% ***
    APTV     ours=43.570  yf=20.701  diff=110.5% ***
    CRWD     ours=992.730  yf=4368.000  diff=77.3% ***
    BDX      ours=57.080  yf=32.789  diff=74.1% ***
    SMCI     ours=19.620  yf=11.374  diff=72.5% ***
    BKNG     ours=38.800  yf=22.873  diff=69.6% ***
    MLM      ours=13.050  yf=34.529  diff=62.2% ***
    MNST     ours=21.690  yf=43.389  diff=50.0% ***
    ALNY     ours=61.110  yf=41.235  diff=48.2% ***
    OXY      ours=9.150  yf=17.434  diff=47.5% ***
    DLR      ours=49.200  yf=90.034  diff=45.4% ***
    TXT      ours=9.430  yf=15.638  diff=39.7% ***
    BIIB     ours=23.490  yf=38.810  diff=39.5% ***
    JCI      ours=25.240  yf=39.211  diff=35.6% ***
    MDLZ     ours=30.870  yf=22.842  diff=35.1% ***
    FER      ours=40.680  yf=60.546  diff=32.8% ***
    C        ours=19.010  yf=14.337  diff=32.6% ***
    LEN      ours=10.140  yf=13.531  diff=25.1% ***
  TOP 10 LARGEST DIFF:
    TPL      ours=371.820  yf=46.477  diff=700.0% ***
    COF      ours=55.020  yf=11.876  diff=363.3% ***
    DD       ours=161.150  yf=58.790  diff=174.1% ***
    APTV     ours=43.570  yf=20.701  diff=110.5% ***
    CRWD     ours=992.730  yf=4368.000  diff=77.3% ***
    BDX      ours=57.080  yf=32.789  diff=74.1% ***
    SMCI     ours=19.620  yf=11.374  diff=72.5% ***
    BKNG     ours=38.800  yf=22.873  diff=69.6% ***
    MLM      ours=13.050  yf=34.529  diff=62.2% ***
    MNST     ours=21.690  yf=43.389  diff=50.0% ***

------------------------------------------------------------
EPS  -- 62 flagged (>10%)
  FLAGGED (top 20 of 62):
    PSKY     ours=-0.300  yf=0.030  diff=1100.0% ***
    NBIS     ours=0.330  yf=-0.070  diff=571.4% ***
    NFLX     ours=-9.240  yf=3.180  diff=390.6% ***
    CRWD     ours=0.220  yf=0.050  diff=340.0% ***
    GPN      ours=-2.970  yf=2.110  diff=240.8% ***
    NOW      ours=-1.620  yf=1.610  diff=200.6% ***
    OMC      ours=-0.370  yf=0.370  diff=200.0% ***
    MLM      ours=40.700  yf=15.380  diff=164.6% ***
    IFF      ours=1.140  yf=-3.090  diff=136.9% ***
    DOW      ours=-4.000  yf=-1.830  diff=118.6% ***
    MNST     ours=2.160  yf=1.080  diff=100.0% ***
    OXY      ours=6.460  yf=3.390  diff=90.6% ***
    TPL      ours=0.980  yf=7.840  diff=87.5% ***
    DLR      ours=3.770  yf=2.060  diff=83.0% ***
    COF      ours=3.920  yf=18.160  diff=78.4% ***
    TXT      ours=8.810  yf=5.310  diff=65.9% ***
    BIIB     ours=9.300  yf=5.630  diff=65.2% ***
    DD       ours=0.850  yf=2.330  diff=63.5% ***
    JCI      ours=5.530  yf=3.560  diff=55.3% ***
    APTV     ours=1.050  yf=2.210  diff=52.5% ***
  TOP 10 LARGEST DIFF:
    PSKY     ours=-0.300  yf=0.030  diff=1100.0% ***
    NBIS     ours=0.330  yf=-0.070  diff=571.4% ***
    NFLX     ours=-9.240  yf=3.180  diff=390.6% ***
    CRWD     ours=0.220  yf=0.050  diff=340.0% ***
    GPN      ours=-2.970  yf=2.110  diff=240.8% ***
    NOW      ours=-1.620  yf=1.610  diff=200.6% ***
    OMC      ours=-0.370  yf=0.370  diff=200.0% ***
    MLM      ours=40.700  yf=15.380  diff=164.6% ***
    IFF      ours=1.140  yf=-3.090  diff=136.9% ***
    DOW      ours=-4.000  yf=-1.830  diff=118.6% ***
