Tiingo vs yfinance comparison — 2026-08-04
Threshold: >10% for all metrics
154 flagged diffs above threshold

============================================================
KNOWN EXPECTED DIFFERENCES (not bugs)
============================================================

EPS / PE — hardcoded adjustments (our side intentional):
  BRK-B   EDGAR EPS ÷ 1500  (Class A→B conversion)
  BKNG    EDGAR EPS ÷ 25    (25-for-1 split Apr 2026; auto-disables after Q2 2026 10-Q)
  CVNA    EDGAR EPS ÷ 5     (5-for-1 split May 2026; auto-disables after Q2 2026 10-Q)
  KLAC    EDGAR EPS ÷ 10    (10-for-1 split Jun 2026; auto-disables after Q2 2026 10-Q)
  DD      EDGAR EPS × 3     (1-for-3 reverse split Jun 2026; pre-split EPS ~-0.07; auto-disables when EDGAR EPS abs > 0.20 after Q2 2026 10-Q)
  HON     EDGAR EPS × 2     (1-for-2 reverse split Jun 29 2026; pre-split EPS ~$3.21; auto-disables when EDGAR EPS abs > 4.0 after Q2/Q3 2026 10-Q)

EPS / PE — inline XBRL fallback (company_facts has no data; we parse filing HTML):
  V ERIE KKR STZ HSY BRK-B   US 10-Q/10-K  USD   TTM = quarters since last 10-K
                                                  + Q4 derived (annual − 9M YTD).
                                                  Fixed 2026-06-30 (commit 973b985):
                                                  naive 4-quarter sum used to run
                                                  before the Q4-derivation path and
                                                  silently skipped the real Q4 (never
                                                  filed as its own 10-Q), substituting
                                                  a stale year-ago quarter instead.
                                                  KKR 1.56→2.93, BRK-B 26.83→33.59,
                                                  V 11.18→11.47, ERIE 12.37→10.93,
                                                  STZ 11.82→9.61, HSY 4.90→5.37 — all
                                                  now match yfinance.
  ARM ASML CCEP FER PDD      20-F          —      annual only (no 10-Q filed; not
                                                  affected by the bug above). ASML/
                                                  CCEP/FER convert EUR→USD via daily
                                                  ECB rate; PDD uses
                                                  EarningsPerShareBasicAndDiluted.
  NBIS                       6-K           USD    annual only (foreign private issuer,
                                                  furnishes 6-K instead of 10-Q).
  Diffs vs YF expected: foreign EPS is annual-only (no TTM); FX rate differs by fetch time.

EPS / PE — null (still unavailable):
  ARES TRI    Filed Form 25-NSE May 2026 — being removed from exchange listing.
              Will drop out of S&P 500 / Nasdaq-100 universe on next rebalance.
  FDXF        FedEx Freight spinoff (2026-06); only 8-K/Form 4 filed so far, no
              10-Q/10-K yet — EPS unavailable until first quarterly filing.

EPS / PE — TTM window vs YF annual anchor:
  Large diffs (e.g. CI 23.61 vs YF 113.71) often mean YF is anchored to an older
  annual 10-K that included a one-time gain/charge now outside our rolling TTM.
  Our TTM = sum of 4 most recent quarters from EDGAR 10-Q/10-K filings.
  YF trailingEps sources from data vendors and may reflect a different period.

MKTCAP — shares outstanding overrides (SHARES_OUTSTANDING_OVERRIDE, our side intentional):
  IBKR   1,697,000,000  (Class A 445M + IBG LLC membership units; EDGAR under-reports)
  BX     1,222,000,000  (Class A 742M + Blackstone Holdings LP units)
  DVN    1,153,000,000  (Coterra merger May 2026 doubled shares; EDGAR XBRL lags until Q2 2026 10-Q ~Aug 2026)
  CVNA   shares × 5    (5-for-1 split May 2026; EDGAR pre-split ~219M Class A; heals after Q2 2026 10-Q ~Aug 2026)
  KLAC   shares × 10   (10-for-1 split Jun 2026; EDGAR pre-split ~130.6M; heals after Q2 2026 10-Q ~Aug 2026)
  DD     shares ÷ 3    (1-for-3 reverse split Jun 2026; EDGAR pre-split ~410M; heals after Q2 2026 10-Q ~Aug 2026)

VOLUME — systematic offset:
  Tiingo EOD volume includes extended-hours (pre/after market).
  YF typically reports regular-session only. Expect ours ~1.5-2x YF across the board.
============================================================

------------------------------------------------------------
PRICE  -- 0 flagged (>10%)
  TOP 10 LARGEST DIFF:
    CSGP     ours=29.82  yf=29.82  diff=0.0%
    ISRG     ours=368.26  yf=368.26  diff=0.0%
    VRTX     ours=478.70  yf=478.70  diff=0.0%
    A        ours=139.20  yf=139.20  diff=0.0%
    AAPL     ours=309.38  yf=309.38  diff=0.0%
    ABBV     ours=243.80  yf=243.80  diff=0.0%
    ABNB     ours=149.92  yf=149.92  diff=0.0%
    ABT      ours=105.46  yf=105.46  diff=0.0%
    ACGL     ours=99.52  yf=99.52  diff=0.0%
    ACN      ours=170.43  yf=170.43  diff=0.0%

------------------------------------------------------------
VOLUME  -- 0 flagged (>10%)
  TOP 10 LARGEST DIFF:
    NVR      ours=0.03  yf=0.03  diff=9.8%
    MTD      ours=0.14  yf=0.14  diff=3.4%
    EG       ours=0.26  yf=0.26  diff=1.6%
    AVB      ours=0.28  yf=0.28  diff=1.5%
    TPL      ours=0.25  yf=0.25  diff=1.4%
    GL       ours=0.31  yf=0.31  diff=1.3%
    ERIE     ours=0.24  yf=0.24  diff=1.3%
    AMP      ours=0.36  yf=0.36  diff=1.1%
    ULTA     ours=0.46  yf=0.46  diff=1.1%
    AIZ      ours=0.43  yf=0.43  diff=1.1%

------------------------------------------------------------
MKTCAP  -- 7 flagged (>10%)
  FLAGGED (top 7 of 7):
    CVNA     ours=$74.86B  yf=$101.23B  diff=26.1% ***
    PCG      ours=$46.77B  yf=$38.43B  diff=21.7% ***
    SPG      ours=$73.26B  yf=$85.84B  diff=14.7% ***
    UDR      ours=$12.53B  yf=$14.28B  diff=12.3% ***
    ERIE     ours=$11.29B  yf=$12.79B  diff=11.7% ***
    CHTR     ours=$18.26B  yf=$20.63B  diff=11.5% ***
    BXP      ours=$11.27B  yf=$12.60B  diff=10.6% ***
  TOP 10 LARGEST DIFF:
    CVNA     ours=$74.86B  yf=$101.23B  diff=26.1% ***
    PCG      ours=$46.77B  yf=$38.43B  diff=21.7% ***
    SPG      ours=$73.26B  yf=$85.84B  diff=14.7% ***
    UDR      ours=$12.53B  yf=$14.28B  diff=12.3% ***
    ERIE     ours=$11.29B  yf=$12.79B  diff=11.7% ***
    CHTR     ours=$18.26B  yf=$20.63B  diff=11.5% ***
    BXP      ours=$11.27B  yf=$12.60B  diff=10.6% ***
    ACN      ours=$113.76B  yf=$104.29B  diff=9.1%
    WDAY     ours=$45.65B  yf=$42.30B  diff=7.9%
    RKLB     ours=$43.11B  yf=$46.54B  diff=7.4%

------------------------------------------------------------
PE  -- 68 flagged (>10%)
  FLAGGED (top 20 of 68):
    NBIS     ours=684.060  yf=87.158  diff=684.8% ***
    COF      ours=56.610  yf=11.747  diff=381.9% ***
    IFF      ours=70.960  yf=25.043  diff=183.3% ***
    OXY      ours=13.880  yf=74.446  diff=81.4% ***
    CVX      ours=33.170  yf=18.325  diff=81.0% ***
    DLR      ours=51.430  yf=248.577  diff=79.3% ***
    NRG      ours=30.720  yf=128.615  diff=76.1% ***
    PFE      ours=33.430  yf=19.397  diff=72.3% ***
    APTV     ours=45.450  yf=27.906  diff=62.9% ***
    MLM      ours=13.660  yf=36.092  diff=62.2% ***
    NWSA     ours=14.290  yf=36.190  diff=60.5% ***
    NWS      ours=16.360  yf=41.418  diff=60.5% ***
    NXPI     ours=22.740  yf=47.331  diff=52.0% ***
    ALNY     ours=56.440  yf=38.087  diff=48.2% ***
    MPC      ours=10.760  yf=20.566  diff=47.7% ***
    WM       ours=31.910  yf=59.276  diff=46.2% ***
    BDX      ours=43.070  yf=29.638  diff=45.3% ***
    BKNG     ours=36.660  yf=25.663  diff=42.9% ***
    TXT      ours=10.120  yf=16.783  diff=39.7% ***
    FSLR     ours=15.020  yf=24.860  diff=39.6% ***
  TOP 10 LARGEST DIFF:
    NBIS     ours=684.060  yf=87.158  diff=684.8% ***
    COF      ours=56.610  yf=11.747  diff=381.9% ***
    IFF      ours=70.960  yf=25.043  diff=183.3% ***
    OXY      ours=13.880  yf=74.446  diff=81.4% ***
    CVX      ours=33.170  yf=18.325  diff=81.0% ***
    DLR      ours=51.430  yf=248.577  diff=79.3% ***
    NRG      ours=30.720  yf=128.615  diff=76.1% ***
    PFE      ours=33.430  yf=19.397  diff=72.3% ***
    APTV     ours=45.450  yf=27.906  diff=62.9% ***
    MLM      ours=13.660  yf=36.092  diff=62.2% ***

------------------------------------------------------------
EPS  -- 79 flagged (>10%)
  FLAGGED (top 20 of 79):
    PSKY     ours=-0.300  yf=0.020  diff=1600.0% ***
    CRWD     ours=-0.120  yf=-0.020  diff=500.0% ***
    OXY      ours=3.970  yf=0.740  diff=436.5% ***
    NFLX     ours=-9.240  yf=3.180  diff=390.6% ***
    DLR      ours=3.770  yf=0.780  diff=383.3% ***
    NRG      ours=3.810  yf=0.910  diff=318.7% ***
    OMC      ours=-0.370  yf=0.370  diff=200.0% ***
    NOW      ours=-1.620  yf=1.640  diff=198.8% ***
    GPN      ours=-2.050  yf=2.720  diff=175.4% ***
    MLM      ours=40.700  yf=15.400  diff=164.3% ***
    NWS      ours=2.000  yf=0.790  diff=153.2% ***
    NWSA     ours=2.000  yf=0.790  diff=153.2% ***
    DOW      ours=-4.000  yf=-1.810  diff=121.0% ***
    NXPI     ours=10.450  yf=5.020  diff=108.2% ***
    MPC      ours=29.040  yf=15.200  diff=91.1% ***
    NBIS     ours=0.330  yf=2.590  diff=87.3% ***
    WM       ours=7.060  yf=3.800  diff=85.8% ***
    COF      ours=3.920  yf=18.890  diff=79.2% ***
    TXT      ours=8.810  yf=5.310  diff=65.9% ***
    FSLR     ours=16.220  yf=9.800  diff=65.5% ***
  TOP 10 LARGEST DIFF:
    PSKY     ours=-0.300  yf=0.020  diff=1600.0% ***
    CRWD     ours=-0.120  yf=-0.020  diff=500.0% ***
    OXY      ours=3.970  yf=0.740  diff=436.5% ***
    NFLX     ours=-9.240  yf=3.180  diff=390.6% ***
    DLR      ours=3.770  yf=0.780  diff=383.3% ***
    NRG      ours=3.810  yf=0.910  diff=318.7% ***
    OMC      ours=-0.370  yf=0.370  diff=200.0% ***
    NOW      ours=-1.620  yf=1.640  diff=198.8% ***
    GPN      ours=-2.050  yf=2.720  diff=175.4% ***
    MLM      ours=40.700  yf=15.400  diff=164.3% ***
