Tiingo vs yfinance comparison — 2026-06-15
Threshold: >10% for all metrics
337 flagged diffs above threshold

============================================================
KNOWN EXPECTED DIFFERENCES (not bugs)
============================================================

EPS / PE — hardcoded adjustments (our side intentional):
  BRK-B   EDGAR EPS ÷ 1500  (Class A→B conversion)
  BKNG    EDGAR EPS ÷ 25    (25-for-1 split Apr 2026; auto-disables after Q2 2026 10-Q)
  CVNA    EDGAR EPS ÷ 5     (5-for-1 split May 2026; auto-disables after Q2 2026 10-Q)
  KLAC    EDGAR EPS ÷ 10    (10-for-1 split Jun 2026; auto-disables after Q2 2026 10-Q)

EPS / PE — inline XBRL fallback (company_facts has no data; we parse filing HTML):
  V                    US 10-Q/10-K  USD        EPS ~11.18
  ERIE KKR STZ ARM     US 10-Q/10-K  USD        populated via fallback
  ASML CCEP FER        20-F          EUR→USD    converted via daily ECB rate
  PDD                  20-F          USD        EarningsPerShareBasicAndDiluted
  Diffs vs YF expected: foreign EPS is annual-only (no TTM); FX rate differs by fetch time.

EPS / PE — null (still unavailable):
  ARES TRI    Filed Form 25-NSE May 2026 — being removed from exchange listing.
              Will drop out of S&P 500 / Nasdaq-100 universe on next rebalance.

EPS / PE — TTM window vs YF annual anchor:
  Large diffs (e.g. CI 23.61 vs YF 113.71) often mean YF is anchored to an older
  annual 10-K that included a one-time gain/charge now outside our rolling TTM.
  Our TTM = sum of 4 most recent quarters from EDGAR 10-Q/10-K filings.
  YF trailingEps sources from data vendors and may reflect a different period.

MKTCAP — shares outstanding overrides (SHARES_OUTSTANDING_OVERRIDE, our side intentional):
  IBKR   1,697,000,000  (Class A 445M + IBG LLC membership units; EDGAR under-reports)
  BX     1,222,000,000  (Class A 742M + Blackstone Holdings LP units)
  DVN    1,153,000,000  (Coterra merger May 2026 doubled shares; EDGAR XBRL lags until Q2 2026 10-Q ~Aug 2026)
  CVNA   shares × 5    (5-for-1 split May 2026; EDGAR pre-split ~219M Class A; heals after Q2 2026 10-Q ~Aug 2026)
  KLAC   shares × 10   (10-for-1 split Jun 2026; EDGAR pre-split ~130.6M; heals after Q2 2026 10-Q ~Aug 2026)

VOLUME — systematic offset:
  Tiingo EOD volume includes extended-hours (pre/after market).
  YF typically reports regular-session only. Expect ours ~1.5-2x YF across the board.
============================================================

------------------------------------------------------------
PRICE  -- 0 flagged (>10%)
  TOP 10 LARGEST DIFF:
    FOX      ours=49.95  yf=49.95  diff=0.0%
    SATS     ours=117.86  yf=117.86  diff=0.0%
    A        ours=130.59  yf=130.59  diff=0.0%
    AAPL     ours=296.42  yf=296.42  diff=0.0%
    ABBV     ours=221.59  yf=221.59  diff=0.0%
    ABNB     ours=138.96  yf=138.96  diff=0.0%
    ABT      ours=88.67  yf=88.67  diff=0.0%
    ACGL     ours=91.50  yf=91.50  diff=0.0%
    ACN      ours=165.36  yf=165.36  diff=0.0%
    ADBE     ours=206.36  yf=206.36  diff=0.0%

------------------------------------------------------------
VOLUME  -- 274 flagged (>10%)
  FLAGGED (top 20 of 274):
    SRE      ours=4.52  yf=1.78  diff=153.8% ***
    PSA      ours=1.20  yf=0.57  diff=110.6% ***
    PM       ours=6.01  yf=2.90  diff=107.5% ***
    EQR      ours=3.97  yf=1.98  diff=100.7% ***
    OTIS     ours=4.27  yf=2.24  diff=90.9% ***
    AWK      ours=3.09  yf=1.64  diff=88.4% ***
    DUK      ours=3.99  yf=2.17  diff=83.4% ***
    DD       ours=4.09  yf=2.24  diff=82.3% ***
    WELL     ours=4.37  yf=2.45  diff=78.4% ***
    IRM      ours=1.26  yf=0.71  diff=78.1% ***
    ES       ours=2.45  yf=1.38  diff=77.9% ***
    AIG      ours=2.46  yf=1.39  diff=77.6% ***
    NSC      ours=0.90  yf=0.51  diff=76.3% ***
    WRB      ours=1.57  yf=0.90  diff=75.2% ***
    SO       ours=6.84  yf=3.92  diff=74.3% ***
    MAA      ours=0.93  yf=0.54  diff=73.5% ***
    ATO      ours=1.29  yf=0.75  diff=71.3% ***
    VTR      ours=4.14  yf=2.42  diff=71.2% ***
    ICE      ours=3.52  yf=2.09  diff=68.2% ***
    PLD      ours=4.17  yf=2.48  diff=67.9% ***
  TOP 10 LARGEST DIFF:
    SRE      ours=4.52  yf=1.78  diff=153.8% ***
    PSA      ours=1.20  yf=0.57  diff=110.6% ***
    PM       ours=6.01  yf=2.90  diff=107.5% ***
    EQR      ours=3.97  yf=1.98  diff=100.7% ***
    OTIS     ours=4.27  yf=2.24  diff=90.9% ***
    AWK      ours=3.09  yf=1.64  diff=88.4% ***
    DUK      ours=3.99  yf=2.17  diff=83.4% ***
    DD       ours=4.09  yf=2.24  diff=82.3% ***
    WELL     ours=4.37  yf=2.45  diff=78.4% ***
    IRM      ours=1.26  yf=0.71  diff=78.1% ***

------------------------------------------------------------
MKTCAP  -- 7 flagged (>10%)
  FLAGGED (top 7 of 7):
    PCG      ours=$44.43B  yf=$36.51B  diff=21.7% ***
    CHTR     ours=$17.67B  yf=$22.52B  diff=21.5% ***
    SPG      ours=$69.93B  yf=$81.95B  diff=14.7% ***
    UDR      ours=$12.64B  yf=$14.41B  diff=12.3% ***
    ERIE     ours=$10.35B  yf=$11.72B  diff=11.7% ***
    BXP      ours=$10.52B  yf=$11.76B  diff=10.6% ***
    CCL      ours=$37.32B  yf=$41.72B  diff=10.5% ***
  TOP 10 LARGEST DIFF:
    PCG      ours=$44.43B  yf=$36.51B  diff=21.7% ***
    CHTR     ours=$17.67B  yf=$22.52B  diff=21.5% ***
    SPG      ours=$69.93B  yf=$81.95B  diff=14.7% ***
    UDR      ours=$12.64B  yf=$14.41B  diff=12.3% ***
    ERIE     ours=$10.35B  yf=$11.72B  diff=11.7% ***
    BXP      ours=$10.52B  yf=$11.76B  diff=10.6% ***
    CCL      ours=$37.32B  yf=$41.72B  diff=10.5% ***
    ACN      ours=$109.99B  yf=$101.77B  diff=8.1%
    WDAY     ours=$34.54B  yf=$32.01B  diff=7.9%
    ESS      ours=$18.08B  yf=$19.40B  diff=6.8%

------------------------------------------------------------
PE  -- 22 flagged (>10%)
  FLAGGED (top 20 of 22):
    TPL      ours=95.470  yf=49.832  diff=91.6% ***
    KKR      ours=62.870  yf=33.361  diff=88.5% ***
    OXY      ours=13.720  yf=73.595  diff=81.4% ***
    ALNY     ours=126.780  yf=72.130  diff=75.8% ***
    MLM      ours=14.030  yf=36.967  diff=62.0% ***
    NWS      ours=14.620  yf=37.025  diff=60.5% ***
    NWSA     ours=12.850  yf=32.532  diff=60.5% ***
    BDX      ours=36.840  yf=25.396  diff=45.1% ***
    JCI      ours=26.410  yf=44.530  diff=40.7% ***
    TXT      ours=11.430  yf=17.891  diff=36.1% ***
    HAL      ours=28.070  yf=21.094  diff=33.1% ***
    LEN      ours=9.880  yf=14.067  diff=29.8% ***
    BRK-B    ours=18.470  yf=14.743  diff=25.3% ***
    AMCR     ours=39.800  yf=32.888  diff=21.0% ***
    WEC      ours=18.070  yf=22.846  diff=20.9% ***
    BKNG     ours=27.740  yf=23.009  diff=20.6% ***
    KMB      ours=16.190  yf=19.950  diff=18.8% ***
    STZ      ours=12.530  yf=15.414  diff=18.7% ***
    CSGP     ours=534.000  yf=457.714  diff=16.7% ***
    C        ours=20.200  yf=17.433  diff=15.9% ***
  TOP 10 LARGEST DIFF:
    TPL      ours=95.470  yf=49.832  diff=91.6% ***
    KKR      ours=62.870  yf=33.361  diff=88.5% ***
    OXY      ours=13.720  yf=73.595  diff=81.4% ***
    ALNY     ours=126.780  yf=72.130  diff=75.8% ***
    MLM      ours=14.030  yf=36.967  diff=62.0% ***
    NWS      ours=14.620  yf=37.025  diff=60.5% ***
    NWSA     ours=12.850  yf=32.532  diff=60.5% ***
    BDX      ours=36.840  yf=25.396  diff=45.1% ***
    JCI      ours=26.410  yf=44.530  diff=40.7% ***
    TXT      ours=11.430  yf=17.891  diff=36.1% ***

------------------------------------------------------------
EPS  -- 34 flagged (>10%)
  FLAGGED (top 20 of 34):
    PSKY     ours=-0.700  yf=0.030  diff=2433.3% ***
    OXY      ours=3.970  yf=0.740  diff=436.5% ***
    NFLX     ours=-2.850  yf=3.100  diff=191.9% ***
    GPN      ours=-2.030  yf=2.720  diff=174.6% ***
    MLM      ours=41.960  yf=15.930  diff=163.4% ***
    NWS      ours=2.000  yf=0.790  diff=153.2% ***
    NWSA     ours=2.000  yf=0.790  diff=153.2% ***
    DD       ours=-0.060  yf=0.380  diff=115.8% ***
    NOW      ours=-0.070  yf=1.680  diff=104.2% ***
    SJM      ours=-1.300  yf=-11.790  diff=89.0% ***
    JCI      ours=5.530  yf=3.280  diff=68.6% ***
    TXT      ours=8.200  yf=5.240  diff=56.5% ***
    TPL      ours=3.800  yf=7.280  diff=47.8% ***
    KKR      ours=1.560  yf=2.940  diff=46.9% ***
    ALNY     ours=2.270  yf=3.990  diff=43.1% ***
    LEN      ours=9.080  yf=6.380  diff=42.3% ***
    BDX      ours=3.950  yf=5.730  diff=31.1% ***
    CRWD     ours=-0.100  yf=-0.140  diff=28.6% ***
    WEC      ours=6.310  yf=4.990  diff=26.5% ***
    IP       ours=-6.520  yf=-5.190  diff=25.6% ***
  TOP 10 LARGEST DIFF:
    PSKY     ours=-0.700  yf=0.030  diff=2433.3% ***
    OXY      ours=3.970  yf=0.740  diff=436.5% ***
    NFLX     ours=-2.850  yf=3.100  diff=191.9% ***
    GPN      ours=-2.030  yf=2.720  diff=174.6% ***
    MLM      ours=41.960  yf=15.930  diff=163.4% ***
    NWS      ours=2.000  yf=0.790  diff=153.2% ***
    NWSA     ours=2.000  yf=0.790  diff=153.2% ***
    DD       ours=-0.060  yf=0.380  diff=115.8% ***
    NOW      ours=-0.070  yf=1.680  diff=104.2% ***
    SJM      ours=-1.300  yf=-11.790  diff=89.0% ***
